20:36:10  === ZAČETEK: Zalogovni cikel | sprožil: razporejevalnik (razporejevalnik) | po razporedu | 2026-09-17 20:36:10
20:36:10  Podjetja: 1, 2, 3, 4 · prevzem: C:\Users\david\Desktop\PIM\NoviPIM\PIM_Solution\data\prevzem · izvoz: ob korenu (register EXPORT_ROOT ni nastavljen) · izvorna koda: C:\Users\david\Desktop\PIM\NoviPIM\PIM_Solution
20:36:10  == Zaloga NW_STOCK ==
20:36:11     [NW_STOCK] preskoceno: Razmik dobavitelja se tece; naslednji prenos po 17. 09. 2026 21:15.
20:36:11     Prevzem koncan: uspesno 0, neuspesno 0, skupaj virov 1.
20:36:12     Prebranih zapisov: 2762; SHA-256: a9949c8d0268b7a86462a81e35eec5b7e4e651a83b46939d71629285af1e289e
20:36:12     Ta posnetek je ze v bazi; vir=NW_STOCK, podjetje=1, cas posnetka=2026-09-17 17:15:16Z, uporabljenih=2762, v karanteni=0, RunId=b3a4118e-59b9-4ada-ab79-e60844329345. Zapisano ni bilo nic.
20:36:13     Prebranih zapisov: 2762; SHA-256: a9949c8d0268b7a86462a81e35eec5b7e4e651a83b46939d71629285af1e289e
20:36:13     Ta posnetek je ze v bazi; vir=NW_STOCK, podjetje=2, cas posnetka=2026-09-17 17:15:16Z, uporabljenih=2762, v karanteni=0, RunId=91cd8b3e-2ebb-417e-b490-ee3ecbc7bc47. Zapisano ni bilo nic.
20:36:15     Prebranih zapisov: 2762; SHA-256: a9949c8d0268b7a86462a81e35eec5b7e4e651a83b46939d71629285af1e289e
20:36:15     Ta posnetek je ze v bazi; vir=NW_STOCK, podjetje=3, cas posnetka=2026-09-17 17:15:16Z, uporabljenih=2762, v karanteni=0, RunId=2b9413ba-2fef-4e60-9fe2-d1434306ee5a. Zapisano ni bilo nic.
20:36:16     Prebranih zapisov: 2762; SHA-256: a9949c8d0268b7a86462a81e35eec5b7e4e651a83b46939d71629285af1e289e
20:36:16     Ta posnetek je ze v bazi; vir=NW_STOCK, podjetje=4, cas posnetka=2026-09-17 17:15:16Z, uporabljenih=2762, v karanteni=0, RunId=9d050312-c012-4986-9325-67e21d009aa7. Zapisano ni bilo nic.
20:36:16     konec: Zaloga NW_STOCK (6 s)
20:36:16  == Zaloga BT_STOCK ==
20:36:17     SOURCE_FETCH: se ni na vrsti po razporedu; preskoceno.
20:36:18     Prebranih zapisov: 1389; SHA-256: 6698019c346705d3b9d19eee8d7a34a628cfee93615acac603b2d6f2cb666cdf
20:36:18     STOCK_FILE pri podjetju 1: se ni na vrsti po razporedu; preskoceno.
20:36:19     Prebranih zapisov: 1389; SHA-256: 6698019c346705d3b9d19eee8d7a34a628cfee93615acac603b2d6f2cb666cdf
20:36:19     STOCK_FILE pri podjetju 2: se ni na vrsti po razporedu; preskoceno.
20:36:20     Prebranih zapisov: 1389; SHA-256: 6698019c346705d3b9d19eee8d7a34a628cfee93615acac603b2d6f2cb666cdf
20:36:20     STOCK_FILE pri podjetju 3: se ni na vrsti po razporedu; preskoceno.
20:36:21     Prebranih zapisov: 1389; SHA-256: 6698019c346705d3b9d19eee8d7a34a628cfee93615acac603b2d6f2cb666cdf
20:36:21     STOCK_FILE pri podjetju 4: se ni na vrsti po razporedu; preskoceno.
20:36:22     konec: Zaloga BT_STOCK (5 s)
20:36:22  == Zaloga iz SAOP (kolicine) ==
20:36:23     [1] SAOP_GETSTOCKS (GetStocks): skladišč=4, zapisov=16, uporabljenih=16, v karanteni=0, RunId=e02d33d0-83ce-4f83-880d-6a204c4363e2.
20:36:29     [2] SAOP_GETSTOCKS (GetStocks): skladišč=1, zapisov=8774, uporabljenih=8774, v karanteni=0, RunId=b9d669b2-2094-4102-8a12-bbef08a99923.
20:36:31     [3] SAOP_REGISTERED_VIEW (RegisteredViewData): skladišč=0, zapisov=3073, uporabljenih=3073, v karanteni=0, RunId=4741ca12-568b-45dc-8ca8-dc54d75df72d.
20:36:33     [4] SAOP_GETSTOCKS (GetStocks): skladišč=14, zapisov=3122, uporabljenih=3122, v karanteni=0, RunId=f5a1932b-df6c-4ca9-aecb-4bac44fa3457.
20:36:33     konec: Zaloga iz SAOP (kolicine) (11 s)
20:36:33  == Osvezitev cen kataloga ==
20:36:33     Živ SAOP zajem: podjetij=4, končnih točk=1, delta zajem, razpored=SAOP_PRICES.
20:36:33     [2] IQLighting (SAOP_IQLIGHTING)
20:36:55       GetPrices: strani=3 zapisov=149 — MEJNIK STOJI (SAOP je vrnil 149 zapisov, a so bili enaki že zajetim (dedup po hashu) — ta zagon nima česa preslikati); zapisi ostanejo v raw.Inbox in jih bo naslednji zagon zajel znova
20:36:55       SKUPAJ strani=3 zapisov=149 RunId=c73e6ebc-3dde-432f-a9dd-4c295366d3bc
20:36:55       OPOZORILO: v raw.Inbox ležijo nepreslikane vrstice iz prejšnjih zagonov: GetPrices=3. Preslikaj jih z --map-run <RunId tistega zagona>; poizvedba: SELECT DISTINCT RunId, EntityType FROM raw.Inbox WHERE Status=N'Pending';
20:36:55       OPOZORILO: pri 1 končnih točkah mejnik stoji. Zajeti podatek leži v raw.Inbox in ga bo naslednji zagon zajel znova; če ga hočeš preslikati brez ponovnega klica, uporabi --map-run c73e6ebc-3dde-432f-a9dd-4c295366d3bc.
20:36:55     [3] Vidadria (SAOP_VIDADRIA)
20:37:19       GetPrices: strani=5 zapisov=206 — MEJNIK STOJI (SAOP je vrnil 206 zapisov, a so bili enaki že zajetim (dedup po hashu) — ta zagon nima česa preslikati); zapisi ostanejo v raw.Inbox in jih bo naslednji zagon zajel znova
20:37:19       SKUPAJ strani=5 zapisov=206 RunId=4960b1e1-bf50-440e-98df-a6ff9ca8c814
20:37:19       OPOZORILO: pri 1 končnih točkah mejnik stoji. Zajeti podatek leži v raw.Inbox in ga bo naslednji zagon zajel znova; če ga hočeš preslikati brez ponovnega klica, uporabi --map-run 4960b1e1-bf50-440e-98df-a6ff9ca8c814.
20:37:19     [4] Ediito (SAOP_EDIITO)
20:37:27       GetPrices: strani=2 zapisov=17 — MEJNIK STOJI (SAOP je vrnil 17 zapisov, a so bili enaki že zajetim (dedup po hashu) — ta zagon nima česa preslikati); zapisi ostanejo v raw.Inbox in jih bo naslednji zagon zajel znova
20:37:27       SKUPAJ strani=2 zapisov=17 RunId=bd2bd992-4bc8-415f-b940-b30db967b1b0
20:37:27       OPOZORILO: pri 1 končnih točkah mejnik stoji. Zajeti podatek leži v raw.Inbox in ga bo naslednji zagon zajel znova; če ga hočeš preslikati brez ponovnega klica, uporabi --map-run bd2bd992-4bc8-415f-b940-b30db967b1b0.
20:37:27     [1] DEMO (SAOP_DEMO)
20:37:32       GetPrices: strani=0 zapisov=0 [4,6 s]
20:37:32       SKUPAJ strani=0 zapisov=0 RunId=b77a7a69-aceb-444c-8b70-59f7db661d00
20:37:32     konec: Osvezitev cen kataloga (59 s)
20:37:32  == Izvoz cen in zaloge za splet ==
20:37:42     Izvoz profila MAGENTO_STOCK_PRICES končan: 11435 vrstic v C:\Users\david\Desktop\PIM\NoviPIM\izvoz\magento\1
20:38:42     Izvoz profila MAGENTO_STOCK_PRICES končan: 89656 vrstic v C:\Users\david\Desktop\PIM\NoviPIM\izvoz\magento\2
20:39:03     Izvoz profila MAGENTO_STOCK_PRICES končan: 18683 vrstic v C:\Users\david\Desktop\PIM\NoviPIM\izvoz\magento\3
20:39:30     Izvoz profila MAGENTO_STOCK_PRICES končan: 35651 vrstic v C:\Users\david\Desktop\PIM\NoviPIM\izvoz\magento\4
20:39:30     konec: Izvoz cen in zaloge za splet (117 s)
20:39:30  == Osvezitev kataloga in strank s cenami in zalogo (podjetje 2) ==
20:41:17     Magento CSV izvoz končan: C:\Users\david\Desktop\PIM\NoviPIM\PIM_Solution\izvoz\magento\2
20:41:18     konec: Osvezitev kataloga in strank s cenami in zalogo (podjetje 2) (107 s)
20:41:18  == Zaloga iz SAOP (datumi prihoda) ==
20:41:19     [1] SAOP_DELIVERY: se ni na vrsti po razporedu; preskoceno.
20:41:19     [2] SAOP_DELIVERY: se ni na vrsti po razporedu; preskoceno.
20:41:19     [3] SAOP_DELIVERY: se ni na vrsti po razporedu; preskoceno.
20:41:19     [4] SAOP_DELIVERY: se ni na vrsti po razporedu; preskoceno.
20:41:19     konec: Zaloga iz SAOP (datumi prihoda) (1 s)
20:41:19  Zaloga in cene koncan; padlih korakov: 0.
20:41:19  === KONEC: izhod 0, trajanje 00:05:08
