20:52:40  === ZAČETEK: Zalogovni cikel | sprožil: razporejevalnik (razporejevalnik) | po razporedu | 2026-09-17 20:52:40
20:52:40  Podjetja: 1, 2, 3, 4 · prevzem: C:\Users\david\Desktop\PIM\NoviPIM\PIM_Solution\data\prevzem · izvoz: ob korenu (register EXPORT_ROOT ni nastavljen) · izvorna koda: C:\Users\david\Desktop\PIM\NoviPIM\PIM_Solution
20:52:40  == Zaloga NW_STOCK ==
20:52:41     [NW_STOCK] preskoceno: Razmik dobavitelja se tece; naslednji prenos po 17. 09. 2026 21:15.
20:52:41     Prevzem koncan: uspesno 0, neuspesno 0, skupaj virov 1.
20:52:42     Prebranih zapisov: 2762; SHA-256: a9949c8d0268b7a86462a81e35eec5b7e4e651a83b46939d71629285af1e289e
20:52:42     STOCK_FILE pri podjetju 1: se ni na vrsti po razporedu; preskoceno.
20:52:43     Prebranih zapisov: 2762; SHA-256: a9949c8d0268b7a86462a81e35eec5b7e4e651a83b46939d71629285af1e289e
20:52:43     STOCK_FILE pri podjetju 2: se ni na vrsti po razporedu; preskoceno.
20:52:44     Prebranih zapisov: 2762; SHA-256: a9949c8d0268b7a86462a81e35eec5b7e4e651a83b46939d71629285af1e289e
20:52:44     STOCK_FILE pri podjetju 3: se ni na vrsti po razporedu; preskoceno.
20:52:45     Prebranih zapisov: 2762; SHA-256: a9949c8d0268b7a86462a81e35eec5b7e4e651a83b46939d71629285af1e289e
20:52:45     STOCK_FILE pri podjetju 4: se ni na vrsti po razporedu; preskoceno.
20:52:46     konec: Zaloga NW_STOCK (5 s)
20:52:46  == Zaloga BT_STOCK ==
20:52:47     SOURCE_FETCH: se ni na vrsti po razporedu; preskoceno.
20:52:48     Prebranih zapisov: 1389; SHA-256: 6698019c346705d3b9d19eee8d7a34a628cfee93615acac603b2d6f2cb666cdf
20:52:48     STOCK_FILE pri podjetju 1: se ni na vrsti po razporedu; preskoceno.
20:52:49     Prebranih zapisov: 1389; SHA-256: 6698019c346705d3b9d19eee8d7a34a628cfee93615acac603b2d6f2cb666cdf
20:52:49     STOCK_FILE pri podjetju 2: se ni na vrsti po razporedu; preskoceno.
20:52:50     Prebranih zapisov: 1389; SHA-256: 6698019c346705d3b9d19eee8d7a34a628cfee93615acac603b2d6f2cb666cdf
20:52:50     STOCK_FILE pri podjetju 3: se ni na vrsti po razporedu; preskoceno.
20:52:51     Prebranih zapisov: 1389; SHA-256: 6698019c346705d3b9d19eee8d7a34a628cfee93615acac603b2d6f2cb666cdf
20:52:51     STOCK_FILE pri podjetju 4: se ni na vrsti po razporedu; preskoceno.
20:52:51     konec: Zaloga BT_STOCK (5 s)
20:52:51  == Zaloga iz SAOP (kolicine) ==
20:52:52     [1] SAOP_STOCK: se ni na vrsti po razporedu; preskoceno.
20:52:52     [2] SAOP_STOCK: se ni na vrsti po razporedu; preskoceno.
20:52:52     [3] SAOP_STOCK: se ni na vrsti po razporedu; preskoceno.
20:52:52     [4] SAOP_STOCK: se ni na vrsti po razporedu; preskoceno.
20:52:52     konec: Zaloga iz SAOP (kolicine) (1 s)
20:52:52  == Osvezitev cen kataloga ==
20:52:53     Živ SAOP zajem: podjetij=4, končnih točk=1, delta zajem, razpored=SAOP_PRICES.
20:52:53     [2] IQLighting (SAOP_IQLIGHTING)
20:53:15       GetPrices: strani=3 zapisov=149 — MEJNIK STOJI (SAOP je vrnil 149 zapisov, a so bili enaki že zajetim (dedup po hashu) — ta zagon nima česa preslikati); zapisi ostanejo v raw.Inbox in jih bo naslednji zagon zajel znova
20:53:15       SKUPAJ strani=3 zapisov=149 RunId=af647aaf-d33b-4144-8874-b25780e85755
20:53:15       OPOZORILO: v raw.Inbox ležijo nepreslikane vrstice iz prejšnjih zagonov: GetPrices=3. Preslikaj jih z --map-run <RunId tistega zagona>; poizvedba: SELECT DISTINCT RunId, EntityType FROM raw.Inbox WHERE Status=N'Pending';
20:53:15       OPOZORILO: pri 1 končnih točkah mejnik stoji. Zajeti podatek leži v raw.Inbox in ga bo naslednji zagon zajel znova; če ga hočeš preslikati brez ponovnega klica, uporabi --map-run af647aaf-d33b-4144-8874-b25780e85755.
20:53:15     [3] Vidadria (SAOP_VIDADRIA)
20:53:38       GetPrices: strani=5 zapisov=206 — MEJNIK STOJI (SAOP je vrnil 206 zapisov, a so bili enaki že zajetim (dedup po hashu) — ta zagon nima česa preslikati); zapisi ostanejo v raw.Inbox in jih bo naslednji zagon zajel znova
20:53:39       SKUPAJ strani=5 zapisov=206 RunId=3fe22651-3fdd-4e82-9dd4-c9584a148631
20:53:39       OPOZORILO: pri 1 končnih točkah mejnik stoji. Zajeti podatek leži v raw.Inbox in ga bo naslednji zagon zajel znova; če ga hočeš preslikati brez ponovnega klica, uporabi --map-run 3fe22651-3fdd-4e82-9dd4-c9584a148631.
20:53:39     [4] Ediito (SAOP_EDIITO)
20:53:47       GetPrices: strani=2 zapisov=17 — MEJNIK STOJI (SAOP je vrnil 17 zapisov, a so bili enaki že zajetim (dedup po hashu) — ta zagon nima česa preslikati); zapisi ostanejo v raw.Inbox in jih bo naslednji zagon zajel znova
20:53:47       SKUPAJ strani=2 zapisov=17 RunId=88d52cc5-edfe-46ca-8733-ab7c9cb63c03
20:53:47       OPOZORILO: pri 1 končnih točkah mejnik stoji. Zajeti podatek leži v raw.Inbox in ga bo naslednji zagon zajel znova; če ga hočeš preslikati brez ponovnega klica, uporabi --map-run 88d52cc5-edfe-46ca-8733-ab7c9cb63c03.
20:53:47     [1] DEMO (SAOP_DEMO)
20:53:52       GetPrices: strani=0 zapisov=0 [4,3 s]
20:53:53       SKUPAJ strani=0 zapisov=0 RunId=8a77eeb9-6d62-48e1-8cf2-91885d2855c8
20:53:53     konec: Osvezitev cen kataloga (60 s)
20:53:53  == Izvoz cen in zaloge za splet ==
20:54:04     Izvoz profila MAGENTO_STOCK_PRICES končan: 11435 vrstic v C:\Users\david\Desktop\PIM\NoviPIM\izvoz\magento\1
20:55:05     Izvoz profila MAGENTO_STOCK_PRICES končan: 89656 vrstic v C:\Users\david\Desktop\PIM\NoviPIM\izvoz\magento\2
