17:00:29  == Nadzornik zastalih obdelav ==
17:00:38     Watchdog pregled je končan.
17:00:39     konec: Nadzornik zastalih obdelav
17:00:39  == Razposiljanje alarmov ==
17:00:51     Dostava opozoril je privzeto izključena; omrežni klic ni bil izveden.
17:00:52     konec: Razposiljanje alarmov
17:00:52  Nadzor koncan; padlih korakov: 0.
17:02:16  == Nadzornik zastalih obdelav ==
17:02:19     Watchdog pregled je končan.
17:02:19     konec: Nadzornik zastalih obdelav
17:02:19  == Razposiljanje alarmov ==
17:02:22     Dostava opozoril je privzeto izključena; omrežni klic ni bil izveden.
17:02:22     konec: Razposiljanje alarmov
17:02:22  Nadzor koncan; padlih korakov: 0.
17:07:16  == Nadzornik zastalih obdelav ==
17:07:18     Watchdog pregled je končan.
17:07:18     konec: Nadzornik zastalih obdelav
17:07:18  == Razposiljanje alarmov ==
17:07:19     Dostava opozoril je privzeto izključena; omrežni klic ni bil izveden.
17:07:20     konec: Razposiljanje alarmov
17:07:20  Nadzor koncan; padlih korakov: 0.
17:12:16  == Nadzornik zastalih obdelav ==
17:12:17     Watchdog pregled je končan.
17:12:17     konec: Nadzornik zastalih obdelav
17:12:17  == Razposiljanje alarmov ==
17:12:19     Dostava opozoril je privzeto izključena; omrežni klic ni bil izveden.
17:12:19     konec: Razposiljanje alarmov
17:12:19  Nadzor koncan; padlih korakov: 0.
17:17:15  == Nadzornik zastalih obdelav ==
17:17:16     Watchdog pregled je končan.
17:17:16     konec: Nadzornik zastalih obdelav
17:17:16  == Razposiljanje alarmov ==
17:17:17     Dostava opozoril je privzeto izključena; omrežni klic ni bil izveden.
17:17:18     konec: Razposiljanje alarmov
17:17:18  Nadzor koncan; padlih korakov: 0.
17:22:15  == Nadzornik zastalih obdelav ==
17:22:16     Watchdog pregled je končan.
17:22:16     konec: Nadzornik zastalih obdelav
17:22:16  == Razposiljanje alarmov ==
17:22:17     Dostava opozoril je privzeto izključena; omrežni klic ni bil izveden.
17:22:17     konec: Razposiljanje alarmov
17:22:17  Nadzor koncan; padlih korakov: 0.
17:27:15  == Nadzornik zastalih obdelav ==
17:27:16     Watchdog pregled je končan.
17:27:16     konec: Nadzornik zastalih obdelav
17:27:16  == Razposiljanje alarmov ==
17:27:17     Dostava opozoril je privzeto izključena; omrežni klic ni bil izveden.
17:27:17     konec: Razposiljanje alarmov
17:27:17  Nadzor koncan; padlih korakov: 0.
17:32:15  == Nadzornik zastalih obdelav ==
17:32:16     Watchdog pregled je končan.
17:32:16     konec: Nadzornik zastalih obdelav
17:32:16  == Razposiljanje alarmov ==
17:32:17     Dostava opozoril je privzeto izključena; omrežni klic ni bil izveden.
17:32:17     konec: Razposiljanje alarmov
17:32:17  Nadzor koncan; padlih korakov: 0.
17:37:15  == Nadzornik zastalih obdelav ==
17:37:16     Watchdog pregled je končan.
17:37:16     konec: Nadzornik zastalih obdelav
17:37:16  == Razposiljanje alarmov ==
17:37:17     Dostava opozoril je privzeto izključena; omrežni klic ni bil izveden.
17:37:17     konec: Razposiljanje alarmov
17:37:17  Nadzor koncan; padlih korakov: 0.
17:42:15  == Nadzornik zastalih obdelav ==
17:42:16     Watchdog pregled je končan.
17:42:16     konec: Nadzornik zastalih obdelav
17:42:16  == Razposiljanje alarmov ==
17:42:17     Dostava opozoril je privzeto izključena; omrežni klic ni bil izveden.
17:42:17     konec: Razposiljanje alarmov
17:42:17  Nadzor koncan; padlih korakov: 0.
17:47:16  == Nadzornik zastalih obdelav ==
17:47:17     Watchdog pregled je končan.
17:47:17     konec: Nadzornik zastalih obdelav
17:47:17  == Razposiljanje alarmov ==
17:47:18     Dostava opozoril je privzeto izključena; omrežni klic ni bil izveden.
17:47:18     konec: Razposiljanje alarmov
17:47:18  Nadzor koncan; padlih korakov: 0.
17:52:15  == Nadzornik zastalih obdelav ==
17:52:16     Watchdog pregled je končan.
17:52:16     konec: Nadzornik zastalih obdelav
17:52:16  == Razposiljanje alarmov ==
17:52:17     Dostava opozoril je privzeto izključena; omrežni klic ni bil izveden.
17:52:17     konec: Razposiljanje alarmov
17:52:17  Nadzor koncan; padlih korakov: 0.
17:57:16  == Nadzornik zastalih obdelav ==
17:57:17     Watchdog pregled je končan.
17:57:17     konec: Nadzornik zastalih obdelav
17:57:17  == Razposiljanje alarmov ==
17:57:18     Dostava opozoril je privzeto izključena; omrežni klic ni bil izveden.
17:57:18     konec: Razposiljanje alarmov
17:57:18  Nadzor koncan; padlih korakov: 0.
18:02:16  == Nadzornik zastalih obdelav ==
18:02:17     Watchdog pregled je končan.
18:02:17     konec: Nadzornik zastalih obdelav
18:02:17  == Razposiljanje alarmov ==
18:02:18     Dostava opozoril je privzeto izključena; omrežni klic ni bil izveden.
18:02:18     konec: Razposiljanje alarmov
18:02:18  Nadzor koncan; padlih korakov: 0.
18:07:16  == Nadzornik zastalih obdelav ==
18:07:17     Watchdog pregled je končan.
18:07:17     konec: Nadzornik zastalih obdelav
18:07:17  == Razposiljanje alarmov ==
18:07:18     Dostava opozoril je privzeto izključena; omrežni klic ni bil izveden.
18:07:18     konec: Razposiljanje alarmov
18:07:18  Nadzor koncan; padlih korakov: 0.
18:12:16  == Nadzornik zastalih obdelav ==
18:12:16     Watchdog pregled je končan.
18:12:16     konec: Nadzornik zastalih obdelav
18:12:16  == Razposiljanje alarmov ==
18:12:17     Dostava opozoril je privzeto izključena; omrežni klic ni bil izveden.
18:12:17     konec: Razposiljanje alarmov
18:12:17  Nadzor koncan; padlih korakov: 0.
18:17:16  == Nadzornik zastalih obdelav ==
18:17:17     Watchdog pregled je končan.
18:17:17     konec: Nadzornik zastalih obdelav
18:17:17  == Razposiljanje alarmov ==
18:17:18     Dostava opozoril je privzeto izključena; omrežni klic ni bil izveden.
18:17:18     konec: Razposiljanje alarmov
18:17:18  Nadzor koncan; padlih korakov: 0.
18:22:16  == Nadzornik zastalih obdelav ==
18:22:17     Watchdog pregled je končan.
18:22:17     konec: Nadzornik zastalih obdelav
18:22:17  == Razposiljanje alarmov ==
18:22:18     Dostava opozoril je privzeto izključena; omrežni klic ni bil izveden.
18:22:18     konec: Razposiljanje alarmov
18:22:18  Nadzor koncan; padlih korakov: 0.
18:27:16  == Nadzornik zastalih obdelav ==
18:27:17     Watchdog pregled je končan.
18:27:17     konec: Nadzornik zastalih obdelav
18:27:17  == Razposiljanje alarmov ==
18:27:18     Dostava opozoril je privzeto izključena; omrežni klic ni bil izveden.
18:27:18     konec: Razposiljanje alarmov
18:27:18  Nadzor koncan; padlih korakov: 0.
18:32:16  == Nadzornik zastalih obdelav ==
18:32:17     Watchdog pregled je končan.
18:32:17     konec: Nadzornik zastalih obdelav
18:32:17  == Razposiljanje alarmov ==
18:32:18     Dostava opozoril je privzeto izključena; omrežni klic ni bil izveden.
18:32:18     konec: Razposiljanje alarmov
18:32:18  Nadzor koncan; padlih korakov: 0.
18:37:16  == Nadzornik zastalih obdelav ==
18:37:17     Watchdog pregled je končan.
18:37:17     konec: Nadzornik zastalih obdelav
18:37:17  == Razposiljanje alarmov ==
18:37:18     Dostava opozoril je privzeto izključena; omrežni klic ni bil izveden.
18:37:18     konec: Razposiljanje alarmov
18:37:18  Nadzor koncan; padlih korakov: 0.
18:42:16  == Nadzornik zastalih obdelav ==
18:42:17     Watchdog pregled je končan.
18:42:17     konec: Nadzornik zastalih obdelav
18:42:17  == Razposiljanje alarmov ==
18:42:18     Dostava opozoril je privzeto izključena; omrežni klic ni bil izveden.
18:42:18     konec: Razposiljanje alarmov
18:42:18  Nadzor koncan; padlih korakov: 0.
18:47:16  == Nadzornik zastalih obdelav ==
18:47:16     Watchdog pregled je končan.
18:47:16     konec: Nadzornik zastalih obdelav
18:47:17  == Razposiljanje alarmov ==
18:47:17     Dostava opozoril je privzeto izključena; omrežni klic ni bil izveden.
18:47:17     konec: Razposiljanje alarmov
18:47:17  Nadzor koncan; padlih korakov: 0.
18:52:16  == Nadzornik zastalih obdelav ==
18:52:17     Watchdog pregled je končan.
18:52:17     konec: Nadzornik zastalih obdelav
18:52:17  == Razposiljanje alarmov ==
18:52:18     Dostava opozoril je privzeto izključena; omrežni klic ni bil izveden.
18:52:18     konec: Razposiljanje alarmov
18:52:18  Nadzor koncan; padlih korakov: 0.
18:57:16  == Nadzornik zastalih obdelav ==
18:57:17     Watchdog pregled je končan.
18:57:17     konec: Nadzornik zastalih obdelav
18:57:17  == Razposiljanje alarmov ==
18:57:18     Dostava opozoril je privzeto izključena; omrežni klic ni bil izveden.
18:57:18     konec: Razposiljanje alarmov
18:57:18  Nadzor koncan; padlih korakov: 0.
19:02:16  == Nadzornik zastalih obdelav ==
19:02:17     Watchdog pregled je končan.
19:02:17     konec: Nadzornik zastalih obdelav
19:02:17  == Razposiljanje alarmov ==
19:02:18     Dostava opozoril je privzeto izključena; omrežni klic ni bil izveden.
19:02:18     konec: Razposiljanje alarmov
19:02:18  Nadzor koncan; padlih korakov: 0.
19:07:16  == Nadzornik zastalih obdelav ==
19:07:16     Watchdog pregled je končan.
19:07:17     konec: Nadzornik zastalih obdelav
19:07:17  == Razposiljanje alarmov ==
19:07:17     Dostava opozoril je privzeto izključena; omrežni klic ni bil izveden.
19:07:18     konec: Razposiljanje alarmov
19:07:18  Nadzor koncan; padlih korakov: 0.
19:12:16  == Nadzornik zastalih obdelav ==
19:12:16     Watchdog pregled je končan.
19:12:17     konec: Nadzornik zastalih obdelav
19:12:17  == Razposiljanje alarmov ==
19:12:17     Dostava opozoril je privzeto izključena; omrežni klic ni bil izveden.
19:12:17     konec: Razposiljanje alarmov
19:12:17  Nadzor koncan; padlih korakov: 0.
19:17:16  == Nadzornik zastalih obdelav ==
19:17:17     Watchdog pregled je končan.
19:17:17     konec: Nadzornik zastalih obdelav
19:17:17  == Razposiljanje alarmov ==
19:17:18     Dostava opozoril je privzeto izključena; omrežni klic ni bil izveden.
19:17:18     konec: Razposiljanje alarmov
19:17:18  Nadzor koncan; padlih korakov: 0.
19:22:16  == Nadzornik zastalih obdelav ==
19:22:17     Watchdog pregled je končan.
19:22:17     konec: Nadzornik zastalih obdelav
19:22:17  == Razposiljanje alarmov ==
19:22:18     Dostava opozoril je privzeto izključena; omrežni klic ni bil izveden.
19:22:18     konec: Razposiljanje alarmov
19:22:18  Nadzor koncan; padlih korakov: 0.
19:27:16  == Nadzornik zastalih obdelav ==
19:27:17     Watchdog pregled je končan.
19:27:17     konec: Nadzornik zastalih obdelav
19:27:17  == Razposiljanje alarmov ==
19:27:18     Dostava opozoril je privzeto izključena; omrežni klic ni bil izveden.
19:27:18     konec: Razposiljanje alarmov
19:27:18  Nadzor koncan; padlih korakov: 0.
19:32:16  == Nadzornik zastalih obdelav ==
19:32:17     Watchdog pregled je končan.
19:32:17     konec: Nadzornik zastalih obdelav
19:32:17  == Razposiljanje alarmov ==
19:32:18     Dostava opozoril je privzeto izključena; omrežni klic ni bil izveden.
19:32:18     konec: Razposiljanje alarmov
19:32:18  Nadzor koncan; padlih korakov: 0.
19:37:16  == Nadzornik zastalih obdelav ==
19:37:17     Watchdog pregled je končan.
19:37:17     konec: Nadzornik zastalih obdelav
19:37:17  == Razposiljanje alarmov ==
19:37:19     Dostava opozoril je privzeto izključena; omrežni klic ni bil izveden.
19:37:19     konec: Razposiljanje alarmov
19:37:19  Nadzor koncan; padlih korakov: 0.
19:42:16  == Nadzornik zastalih obdelav ==
19:42:17     Watchdog pregled je končan.
19:42:17     konec: Nadzornik zastalih obdelav
19:42:17  == Razposiljanje alarmov ==
19:42:18     Dostava opozoril je privzeto izključena; omrežni klic ni bil izveden.
19:42:18     konec: Razposiljanje alarmov
19:42:18  Nadzor koncan; padlih korakov: 0.
19:47:16  == Nadzornik zastalih obdelav ==
19:47:17     Watchdog pregled je končan.
19:47:17     konec: Nadzornik zastalih obdelav
19:47:17  == Razposiljanje alarmov ==
19:47:18     Dostava opozoril je privzeto izključena; omrežni klic ni bil izveden.
19:47:18     konec: Razposiljanje alarmov
19:47:18  Nadzor koncan; padlih korakov: 0.
19:52:16  PRESKOCENO: cikel poganja razporejevalnik v aplikaciji (DESKTOP-TONVQHJ:1504:dotnet / dotnet). Windows naloga ni vec potrebna - odstrani jo z scripts\Namesti-opravila.ps1 -Odstrani. Za rocni zagon kljub temu dodaj -Vseeno.
19:57:16  PRESKOCENO: cikel poganja razporejevalnik v aplikaciji (DESKTOP-TONVQHJ:1504:dotnet / dotnet). Windows naloga ni vec potrebna - odstrani jo z scripts\Namesti-opravila.ps1 -Odstrani. Za rocni zagon kljub temu dodaj -Vseeno.
20:02:16  PRESKOCENO: cikel poganja razporejevalnik v aplikaciji (DESKTOP-TONVQHJ:25444:dotnet / dotnet). Windows naloga ni vec potrebna - odstrani jo z scripts\Namesti-opravila.ps1 -Odstrani. Za rocni zagon kljub temu dodaj -Vseeno.
20:07:16  PRESKOCENO: cikel poganja razporejevalnik v aplikaciji (DESKTOP-TONVQHJ:38672:dotnet / dotnet). Windows naloga ni vec potrebna - odstrani jo z scripts\Namesti-opravila.ps1 -Odstrani. Za rocni zagon kljub temu dodaj -Vseeno.
20:12:16  PRESKOCENO: cikel poganja razporejevalnik v aplikaciji (DESKTOP-TONVQHJ:43492:dotnet / dotnet). Windows naloga ni vec potrebna - odstrani jo z scripts\Namesti-opravila.ps1 -Odstrani. Za rocni zagon kljub temu dodaj -Vseeno.
20:17:16  PRESKOCENO: cikel poganja razporejevalnik v aplikaciji (DESKTOP-TONVQHJ:43492:dotnet / dotnet). Windows naloga ni vec potrebna - odstrani jo z scripts\Namesti-opravila.ps1 -Odstrani. Za rocni zagon kljub temu dodaj -Vseeno.
20:22:16  PRESKOCENO: cikel poganja razporejevalnik v aplikaciji (DESKTOP-TONVQHJ:43240:dotnet / dotnet). Windows naloga ni vec potrebna - odstrani jo z scripts\Namesti-opravila.ps1 -Odstrani. Za rocni zagon kljub temu dodaj -Vseeno.
20:27:16  PRESKOCENO: cikel poganja razporejevalnik v aplikaciji (DESKTOP-TONVQHJ:37816:dotnet / dotnet). Windows naloga ni vec potrebna - odstrani jo z scripts\Namesti-opravila.ps1 -Odstrani. Za rocni zagon kljub temu dodaj -Vseeno.
20:32:16  PRESKOCENO: cikel poganja razporejevalnik v aplikaciji (DESKTOP-TONVQHJ:37816:dotnet / dotnet). Windows naloga ni vec potrebna - odstrani jo z scripts\Namesti-opravila.ps1 -Odstrani. Za rocni zagon kljub temu dodaj -Vseeno.
20:37:16  PRESKOCENO: cikel poganja razporejevalnik v aplikaciji (DESKTOP-TONVQHJ:37816:dotnet / dotnet). Windows naloga ni vec potrebna - odstrani jo z scripts\Namesti-opravila.ps1 -Odstrani. Za rocni zagon kljub temu dodaj -Vseeno.
20:42:16  PRESKOCENO: cikel poganja razporejevalnik v aplikaciji (DESKTOP-TONVQHJ:37816:dotnet / dotnet). Windows naloga ni vec potrebna - odstrani jo z scripts\Namesti-opravila.ps1 -Odstrani. Za rocni zagon kljub temu dodaj -Vseeno.
20:47:16  PRESKOCENO: cikel poganja razporejevalnik v aplikaciji (DESKTOP-TONVQHJ:37816:dotnet / dotnet). Windows naloga ni vec potrebna - odstrani jo z scripts\Namesti-opravila.ps1 -Odstrani. Za rocni zagon kljub temu dodaj -Vseeno.
20:52:16  PRESKOCENO: cikel poganja razporejevalnik v aplikaciji (DESKTOP-TONVQHJ:37816:dotnet / dotnet). Windows naloga ni vec potrebna - odstrani jo z scripts\Namesti-opravila.ps1 -Odstrani. Za rocni zagon kljub temu dodaj -Vseeno.
20:57:16  PRESKOCENO: cikel poganja razporejevalnik v aplikaciji (DESKTOP-TONVQHJ:12204:dotnet / dotnet). Windows naloga ni vec potrebna - odstrani jo z scripts\Namesti-opravila.ps1 -Odstrani. Za rocni zagon kljub temu dodaj -Vseeno.
21:02:16  PRESKOCENO: cikel poganja razporejevalnik v aplikaciji (DESKTOP-TONVQHJ:12204:dotnet / dotnet). Windows naloga ni vec potrebna - odstrani jo z scripts\Namesti-opravila.ps1 -Odstrani. Za rocni zagon kljub temu dodaj -Vseeno.
21:07:16  == Nadzornik zastalih obdelav ==
21:07:17     Watchdog pregled je končan.
21:07:17     konec: Nadzornik zastalih obdelav
21:07:17  == Razposiljanje alarmov ==
21:07:18     Dostava opozoril je privzeto izključena (PIM_ALERT_DELIVERY_ENABLED ni true); omrežni klic ni bil izveden.
21:07:18     konec: Razposiljanje alarmov
21:07:18  Nadzor koncan; padlih korakov: 0.
21:12:16  == Nadzornik zastalih obdelav ==
21:12:17     Watchdog pregled je končan.
21:12:17     konec: Nadzornik zastalih obdelav
21:12:17  == Razposiljanje alarmov ==
21:12:18     Dostava opozoril je privzeto izključena (PIM_ALERT_DELIVERY_ENABLED ni true); omrežni klic ni bil izveden.
21:12:18     konec: Razposiljanje alarmov
21:12:18  Nadzor koncan; padlih korakov: 0.
21:17:16  == Nadzornik zastalih obdelav ==
21:17:18     Watchdog pregled je končan.
21:17:18     konec: Nadzornik zastalih obdelav
21:17:18  == Razposiljanje alarmov ==
21:17:19     Dostava opozoril je privzeto izključena (PIM_ALERT_DELIVERY_ENABLED ni true); omrežni klic ni bil izveden.
21:17:19     konec: Razposiljanje alarmov
21:17:19  Nadzor koncan; padlih korakov: 0.
21:22:16  == Nadzornik zastalih obdelav ==
21:22:17     Watchdog pregled je končan.
21:22:17     konec: Nadzornik zastalih obdelav
21:22:17  == Razposiljanje alarmov ==
21:22:18     Dostava opozoril je privzeto izključena (PIM_ALERT_DELIVERY_ENABLED ni true); omrežni klic ni bil izveden.
21:22:18     konec: Razposiljanje alarmov
21:22:18  Nadzor koncan; padlih korakov: 0.
21:27:16  == Nadzornik zastalih obdelav ==
21:27:17     Watchdog pregled je končan.
21:27:17     konec: Nadzornik zastalih obdelav
21:27:17  == Razposiljanje alarmov ==
21:27:18     Dostava opozoril je privzeto izključena (PIM_ALERT_DELIVERY_ENABLED ni true); omrežni klic ni bil izveden.
21:27:18     konec: Razposiljanje alarmov
21:27:18  Nadzor koncan; padlih korakov: 0.
21:32:16  == Nadzornik zastalih obdelav ==
21:32:17     Watchdog pregled je končan.
21:32:17     konec: Nadzornik zastalih obdelav
21:32:17  == Razposiljanje alarmov ==
21:32:18     Dostava opozoril je privzeto izključena (PIM_ALERT_DELIVERY_ENABLED ni true); omrežni klic ni bil izveden.
21:32:18     konec: Razposiljanje alarmov
21:32:18  Nadzor koncan; padlih korakov: 0.
21:37:16  == Nadzornik zastalih obdelav ==
21:37:17     Watchdog pregled je končan.
21:37:17     konec: Nadzornik zastalih obdelav
21:37:17  == Razposiljanje alarmov ==
21:37:18     Dostava opozoril je privzeto izključena (PIM_ALERT_DELIVERY_ENABLED ni true); omrežni klic ni bil izveden.
21:37:18     konec: Razposiljanje alarmov
21:37:18  Nadzor koncan; padlih korakov: 0.
21:42:16  == Nadzornik zastalih obdelav ==
21:42:17     Watchdog pregled je končan.
21:42:17     konec: Nadzornik zastalih obdelav
21:42:17  == Razposiljanje alarmov ==
21:42:18     Dostava opozoril je privzeto izključena (PIM_ALERT_DELIVERY_ENABLED ni true); omrežni klic ni bil izveden.
21:42:18     konec: Razposiljanje alarmov
21:42:18  Nadzor koncan; padlih korakov: 0.
21:47:16  == Nadzornik zastalih obdelav ==
21:47:17     Watchdog pregled je končan.
21:47:17     konec: Nadzornik zastalih obdelav
21:47:17  == Razposiljanje alarmov ==
21:47:18     Dostava opozoril je privzeto izključena (PIM_ALERT_DELIVERY_ENABLED ni true); omrežni klic ni bil izveden.
21:47:18     konec: Razposiljanje alarmov
21:47:18  Nadzor koncan; padlih korakov: 0.
21:52:16  == Nadzornik zastalih obdelav ==
21:52:17     Watchdog pregled je končan.
21:52:17     konec: Nadzornik zastalih obdelav
21:52:17  == Razposiljanje alarmov ==
21:52:18     Dostava opozoril je privzeto izključena (PIM_ALERT_DELIVERY_ENABLED ni true); omrežni klic ni bil izveden.
21:52:18     konec: Razposiljanje alarmov
21:52:18  Nadzor koncan; padlih korakov: 0.
21:57:16  == Nadzornik zastalih obdelav ==
21:57:17     Watchdog pregled je končan.
21:57:17     konec: Nadzornik zastalih obdelav
21:57:17  == Razposiljanje alarmov ==
21:57:18     Dostava opozoril je privzeto izključena (PIM_ALERT_DELIVERY_ENABLED ni true); omrežni klic ni bil izveden.
21:57:18     konec: Razposiljanje alarmov
21:57:18  Nadzor koncan; padlih korakov: 0.
22:02:16  == Nadzornik zastalih obdelav ==
22:02:17     Watchdog pregled je končan.
22:02:17     konec: Nadzornik zastalih obdelav
22:02:17  == Razposiljanje alarmov ==
22:02:18     Dostava opozoril je privzeto izključena (PIM_ALERT_DELIVERY_ENABLED ni true); omrežni klic ni bil izveden.
22:02:18     konec: Razposiljanje alarmov
22:02:18  Nadzor koncan; padlih korakov: 0.
22:07:16  == Nadzornik zastalih obdelav ==
22:07:17     Watchdog pregled je končan.
22:07:17     konec: Nadzornik zastalih obdelav
22:07:17  == Razposiljanje alarmov ==
22:07:18     Dostava opozoril je privzeto izključena (PIM_ALERT_DELIVERY_ENABLED ni true); omrežni klic ni bil izveden.
22:07:18     konec: Razposiljanje alarmov
22:07:18  Nadzor koncan; padlih korakov: 0.
22:12:16  == Nadzornik zastalih obdelav ==
22:12:17     Watchdog pregled je končan.
22:12:17     konec: Nadzornik zastalih obdelav
22:12:17  == Razposiljanje alarmov ==
22:12:18     Dostava opozoril je privzeto izključena (PIM_ALERT_DELIVERY_ENABLED ni true); omrežni klic ni bil izveden.
22:12:18     konec: Razposiljanje alarmov
22:12:18  Nadzor koncan; padlih korakov: 0.
22:17:16  == Nadzornik zastalih obdelav ==
22:17:17     Watchdog pregled je končan.
22:17:17     konec: Nadzornik zastalih obdelav
22:17:17  == Razposiljanje alarmov ==
22:17:18     Dostava opozoril je privzeto izključena (PIM_ALERT_DELIVERY_ENABLED ni true); omrežni klic ni bil izveden.
22:17:18     konec: Razposiljanje alarmov
22:17:18  Nadzor koncan; padlih korakov: 0.
22:22:16  == Nadzornik zastalih obdelav ==
22:22:17     Watchdog pregled je končan.
22:22:17     konec: Nadzornik zastalih obdelav
22:22:17  == Razposiljanje alarmov ==
22:22:18     Dostava opozoril je privzeto izključena (PIM_ALERT_DELIVERY_ENABLED ni true); omrežni klic ni bil izveden.
22:22:18     konec: Razposiljanje alarmov
22:22:18  Nadzor koncan; padlih korakov: 0.
22:27:16  == Nadzornik zastalih obdelav ==
22:27:17     Watchdog pregled je končan.
22:27:17     konec: Nadzornik zastalih obdelav
22:27:17  == Razposiljanje alarmov ==
22:27:18     Dostava opozoril je privzeto izključena (PIM_ALERT_DELIVERY_ENABLED ni true); omrežni klic ni bil izveden.
22:27:18     konec: Razposiljanje alarmov
22:27:18  Nadzor koncan; padlih korakov: 0.
22:32:15  == Nadzornik zastalih obdelav ==
22:32:16     Watchdog pregled je končan.
22:32:16     konec: Nadzornik zastalih obdelav
22:32:16  == Razposiljanje alarmov ==
22:32:17     Dostava opozoril je privzeto izključena (PIM_ALERT_DELIVERY_ENABLED ni true); omrežni klic ni bil izveden.
22:32:17     konec: Razposiljanje alarmov
22:32:17  Nadzor koncan; padlih korakov: 0.
22:37:15  == Nadzornik zastalih obdelav ==
22:37:16     Watchdog pregled je končan.
22:37:16     konec: Nadzornik zastalih obdelav
22:37:16  == Razposiljanje alarmov ==
22:37:17     Dostava opozoril je privzeto izključena (PIM_ALERT_DELIVERY_ENABLED ni true); omrežni klic ni bil izveden.
22:37:17     konec: Razposiljanje alarmov
22:37:17  Nadzor koncan; padlih korakov: 0.
22:42:15  == Nadzornik zastalih obdelav ==
22:42:16     Watchdog pregled je končan.
22:42:16     konec: Nadzornik zastalih obdelav
22:42:16  == Razposiljanje alarmov ==
22:42:17     Dostava opozoril je privzeto izključena (PIM_ALERT_DELIVERY_ENABLED ni true); omrežni klic ni bil izveden.
22:42:17     konec: Razposiljanje alarmov
22:42:17  Nadzor koncan; padlih korakov: 0.
22:47:15  == Nadzornik zastalih obdelav ==
22:47:16     Watchdog pregled je končan.
22:47:16     konec: Nadzornik zastalih obdelav
22:47:16  == Razposiljanje alarmov ==
22:47:17     Dostava opozoril je privzeto izključena (PIM_ALERT_DELIVERY_ENABLED ni true); omrežni klic ni bil izveden.
22:47:17     konec: Razposiljanje alarmov
22:47:17  Nadzor koncan; padlih korakov: 0.
22:52:15  == Nadzornik zastalih obdelav ==
22:52:16     Watchdog pregled je končan.
22:52:16     konec: Nadzornik zastalih obdelav
22:52:16  == Razposiljanje alarmov ==
22:52:17     Dostava opozoril je privzeto izključena (PIM_ALERT_DELIVERY_ENABLED ni true); omrežni klic ni bil izveden.
22:52:17     konec: Razposiljanje alarmov
22:52:17  Nadzor koncan; padlih korakov: 0.
22:57:15  == Nadzornik zastalih obdelav ==
22:57:16     Watchdog pregled je končan.
22:57:16     konec: Nadzornik zastalih obdelav
22:57:16  == Razposiljanje alarmov ==
22:57:17     Dostava opozoril je privzeto izključena (PIM_ALERT_DELIVERY_ENABLED ni true); omrežni klic ni bil izveden.
22:57:17     konec: Razposiljanje alarmov
22:57:17  Nadzor koncan; padlih korakov: 0.
23:02:15  == Nadzornik zastalih obdelav ==
23:02:16     Watchdog pregled je končan.
23:02:16     konec: Nadzornik zastalih obdelav
23:02:16  == Razposiljanje alarmov ==
23:02:17     Dostava opozoril je privzeto izključena (PIM_ALERT_DELIVERY_ENABLED ni true); omrežni klic ni bil izveden.
23:02:17     konec: Razposiljanje alarmov
23:02:17  Nadzor koncan; padlih korakov: 0.
23:07:15  == Nadzornik zastalih obdelav ==
23:07:16     Watchdog pregled je končan.
23:07:16     konec: Nadzornik zastalih obdelav
23:07:16  == Razposiljanje alarmov ==
23:07:17     Dostava opozoril je privzeto izključena (PIM_ALERT_DELIVERY_ENABLED ni true); omrežni klic ni bil izveden.
23:07:17     konec: Razposiljanje alarmov
23:07:17  Nadzor koncan; padlih korakov: 0.
23:12:15  == Nadzornik zastalih obdelav ==
23:12:16     Watchdog pregled je končan.
23:12:16     konec: Nadzornik zastalih obdelav
23:12:16  == Razposiljanje alarmov ==
23:12:17     Dostava opozoril je privzeto izključena (PIM_ALERT_DELIVERY_ENABLED ni true); omrežni klic ni bil izveden.
23:12:17     konec: Razposiljanje alarmov
23:12:17  Nadzor koncan; padlih korakov: 0.
23:17:15  == Nadzornik zastalih obdelav ==
23:17:16     Watchdog pregled je končan.
23:17:16     konec: Nadzornik zastalih obdelav
23:17:16  == Razposiljanje alarmov ==
23:17:17     Dostava opozoril je privzeto izključena (PIM_ALERT_DELIVERY_ENABLED ni true); omrežni klic ni bil izveden.
23:17:17     konec: Razposiljanje alarmov
23:17:17  Nadzor koncan; padlih korakov: 0.
23:22:15  == Nadzornik zastalih obdelav ==
23:22:16     Watchdog pregled je končan.
23:22:16     konec: Nadzornik zastalih obdelav
23:22:16  == Razposiljanje alarmov ==
23:22:17     Dostava opozoril je privzeto izključena (PIM_ALERT_DELIVERY_ENABLED ni true); omrežni klic ni bil izveden.
23:22:17     konec: Razposiljanje alarmov
23:22:17  Nadzor koncan; padlih korakov: 0.
23:27:15  == Nadzornik zastalih obdelav ==
23:27:16     Watchdog pregled je končan.
23:27:16     konec: Nadzornik zastalih obdelav
23:27:16  == Razposiljanje alarmov ==
23:27:17     Dostava opozoril je privzeto izključena (PIM_ALERT_DELIVERY_ENABLED ni true); omrežni klic ni bil izveden.
23:27:17     konec: Razposiljanje alarmov
23:27:17  Nadzor koncan; padlih korakov: 0.
23:32:15  == Nadzornik zastalih obdelav ==
23:32:16     Watchdog pregled je končan.
23:32:16     konec: Nadzornik zastalih obdelav
23:32:16  == Razposiljanje alarmov ==
23:32:17     Dostava opozoril je privzeto izključena (PIM_ALERT_DELIVERY_ENABLED ni true); omrežni klic ni bil izveden.
23:32:17     konec: Razposiljanje alarmov
23:32:17  Nadzor koncan; padlih korakov: 0.
23:37:15  == Nadzornik zastalih obdelav ==
23:37:16     Watchdog pregled je končan.
23:37:16     konec: Nadzornik zastalih obdelav
23:37:16  == Razposiljanje alarmov ==
23:37:17     Dostava opozoril je privzeto izključena (PIM_ALERT_DELIVERY_ENABLED ni true); omrežni klic ni bil izveden.
23:37:17     konec: Razposiljanje alarmov
23:37:17  Nadzor koncan; padlih korakov: 0.
23:42:15  == Nadzornik zastalih obdelav ==
23:42:16     Watchdog pregled je končan.
23:42:16     konec: Nadzornik zastalih obdelav
23:42:16  == Razposiljanje alarmov ==
23:42:17     Dostava opozoril je privzeto izključena (PIM_ALERT_DELIVERY_ENABLED ni true); omrežni klic ni bil izveden.
23:42:17     konec: Razposiljanje alarmov
23:42:17  Nadzor koncan; padlih korakov: 0.
23:47:15  == Nadzornik zastalih obdelav ==
23:47:16     Watchdog pregled je končan.
23:47:16     konec: Nadzornik zastalih obdelav
23:47:16  == Razposiljanje alarmov ==
23:47:17     Dostava opozoril je privzeto izključena (PIM_ALERT_DELIVERY_ENABLED ni true); omrežni klic ni bil izveden.
23:47:17     konec: Razposiljanje alarmov
23:47:17  Nadzor koncan; padlih korakov: 0.
