18:19:41  == Nadzornik zastalih obdelav ==
18:19:43     Watchdog pregled je kon─Źan.
18:19:43     konec: Nadzornik zastalih obdelav
18:19:43  == Razposiljanje alarmov ==
18:19:46     Dostava opozoril je privzeto izklju─Źena; omre┼żni klic ni bil izveden.
18:19:46     konec: Razposiljanje alarmov
18:19:46  Nadzor koncan; padlih korakov: 0.
18:21:47  == Nadzornik zastalih obdelav ==
18:21:48     Watchdog pregled je kon─Źan.
18:21:48     konec: Nadzornik zastalih obdelav
18:21:48  == Razposiljanje alarmov ==
18:21:50     Dostava opozoril je privzeto izklju─Źena; omre┼żni klic ni bil izveden.
18:21:50     konec: Razposiljanje alarmov
18:21:50  Nadzor koncan; padlih korakov: 0.
18:26:47  == Nadzornik zastalih obdelav ==
18:26:49     Watchdog pregled je kon─Źan.
18:26:49     konec: Nadzornik zastalih obdelav
18:26:49  == Razposiljanje alarmov ==
18:26:50     Dostava opozoril je privzeto izklju─Źena; omre┼żni klic ni bil izveden.
18:26:50     konec: Razposiljanje alarmov
18:26:50  Nadzor koncan; padlih korakov: 0.
18:31:50  == Nadzornik zastalih obdelav ==
18:31:51     Watchdog pregled je kon─Źan.
18:31:51     konec: Nadzornik zastalih obdelav
18:31:51  == Razposiljanje alarmov ==
18:31:53     Dostava opozoril je privzeto izklju─Źena; omre┼żni klic ni bil izveden.
18:31:53     konec: Razposiljanje alarmov
18:31:53  Nadzor koncan; padlih korakov: 0.
18:36:47  == Nadzornik zastalih obdelav ==
18:36:48     Watchdog pregled je kon─Źan.
18:36:48     konec: Nadzornik zastalih obdelav
18:36:48  == Razposiljanje alarmov ==
18:36:49     Dostava opozoril je privzeto izklju─Źena; omre┼żni klic ni bil izveden.
18:36:49     konec: Razposiljanje alarmov
18:36:49  Nadzor koncan; padlih korakov: 0.
18:41:47  == Nadzornik zastalih obdelav ==
18:41:49     Watchdog pregled je kon─Źan.
18:41:49     konec: Nadzornik zastalih obdelav
18:41:49  == Razposiljanje alarmov ==
18:41:50     Dostava opozoril je privzeto izklju─Źena; omre┼żni klic ni bil izveden.
18:41:50     konec: Razposiljanje alarmov
18:41:50  Nadzor koncan; padlih korakov: 0.
18:46:46  == Nadzornik zastalih obdelav ==
18:46:47     Watchdog pregled je kon─Źan.
18:46:47     konec: Nadzornik zastalih obdelav
18:46:47  == Razposiljanje alarmov ==
18:46:49     Dostava opozoril je privzeto izklju─Źena; omre┼żni klic ni bil izveden.
18:46:49     konec: Razposiljanje alarmov
18:46:49  Nadzor koncan; padlih korakov: 0.
18:51:46  == Nadzornik zastalih obdelav ==
18:51:47     Watchdog pregled je kon─Źan.
18:51:47     konec: Nadzornik zastalih obdelav
18:51:47  == Razposiljanje alarmov ==
18:51:49     Dostava opozoril je privzeto izklju─Źena; omre┼żni klic ni bil izveden.
18:51:49     konec: Razposiljanje alarmov
18:51:49  Nadzor koncan; padlih korakov: 0.
18:56:46  == Nadzornik zastalih obdelav ==
18:56:47     Watchdog pregled je kon─Źan.
18:56:47     konec: Nadzornik zastalih obdelav
18:56:47  == Razposiljanje alarmov ==
18:56:48     Dostava opozoril je privzeto izklju─Źena; omre┼żni klic ni bil izveden.
18:56:48     konec: Razposiljanje alarmov
18:56:48  Nadzor koncan; padlih korakov: 0.
19:01:46  == Nadzornik zastalih obdelav ==
19:01:47     Watchdog pregled je kon─Źan.
19:01:47     konec: Nadzornik zastalih obdelav
19:01:47  == Razposiljanje alarmov ==
19:01:48     Dostava opozoril je privzeto izklju─Źena; omre┼żni klic ni bil izveden.
19:01:48     konec: Razposiljanje alarmov
19:01:48  Nadzor koncan; padlih korakov: 0.
19:06:46  == Nadzornik zastalih obdelav ==
19:06:47     Watchdog pregled je kon─Źan.
19:06:47     konec: Nadzornik zastalih obdelav
19:06:47  == Razposiljanje alarmov ==
19:06:48     Dostava opozoril je privzeto izklju─Źena; omre┼żni klic ni bil izveden.
19:06:48     konec: Razposiljanje alarmov
19:06:48  Nadzor koncan; padlih korakov: 0.
19:11:46  == Nadzornik zastalih obdelav ==
19:11:47     Watchdog pregled je kon─Źan.
19:11:47     konec: Nadzornik zastalih obdelav
19:11:47  == Razposiljanje alarmov ==
19:11:48     Dostava opozoril je privzeto izklju─Źena; omre┼żni klic ni bil izveden.
19:11:48     konec: Razposiljanje alarmov
19:11:48  Nadzor koncan; padlih korakov: 0.
19:16:46  == Nadzornik zastalih obdelav ==
19:16:47     Watchdog pregled je kon─Źan.
19:16:47     konec: Nadzornik zastalih obdelav
19:16:47  == Razposiljanje alarmov ==
19:16:48     Dostava opozoril je privzeto izklju─Źena; omre┼żni klic ni bil izveden.
19:16:48     konec: Razposiljanje alarmov
19:16:48  Nadzor koncan; padlih korakov: 0.
19:21:46  == Nadzornik zastalih obdelav ==
19:21:47     Watchdog pregled je kon─Źan.
19:21:47     konec: Nadzornik zastalih obdelav
19:21:47  == Razposiljanje alarmov ==
19:21:48     Dostava opozoril je privzeto izklju─Źena; omre┼żni klic ni bil izveden.
19:21:48     konec: Razposiljanje alarmov
19:21:48  Nadzor koncan; padlih korakov: 0.
19:26:46  == Nadzornik zastalih obdelav ==
19:26:47     Watchdog pregled je kon─Źan.
19:26:47     konec: Nadzornik zastalih obdelav
19:26:47  == Razposiljanje alarmov ==
19:26:48     Dostava opozoril je privzeto izklju─Źena; omre┼żni klic ni bil izveden.
19:26:48     konec: Razposiljanje alarmov
19:26:48  Nadzor koncan; padlih korakov: 0.
19:31:46  == Nadzornik zastalih obdelav ==
19:31:47     Watchdog pregled je kon─Źan.
19:31:47     konec: Nadzornik zastalih obdelav
19:31:47  == Razposiljanje alarmov ==
19:31:48     Dostava opozoril je privzeto izklju─Źena; omre┼żni klic ni bil izveden.
19:31:48     konec: Razposiljanje alarmov
19:31:48  Nadzor koncan; padlih korakov: 0.
19:36:46  == Nadzornik zastalih obdelav ==
19:36:47     Watchdog pregled je kon─Źan.
19:36:47     konec: Nadzornik zastalih obdelav
19:36:47  == Razposiljanje alarmov ==
19:36:48     Dostava opozoril je privzeto izklju─Źena; omre┼żni klic ni bil izveden.
19:36:48     konec: Razposiljanje alarmov
19:36:48  Nadzor koncan; padlih korakov: 0.
19:41:46  == Nadzornik zastalih obdelav ==
19:41:47     Watchdog pregled je kon─Źan.
19:41:47     konec: Nadzornik zastalih obdelav
19:41:47  == Razposiljanje alarmov ==
19:41:48     Dostava opozoril je privzeto izklju─Źena; omre┼żni klic ni bil izveden.
19:41:48     konec: Razposiljanje alarmov
19:41:48  Nadzor koncan; padlih korakov: 0.
19:46:46  == Nadzornik zastalih obdelav ==
19:46:47     Watchdog pregled je kon─Źan.
19:46:47     konec: Nadzornik zastalih obdelav
19:46:47  == Razposiljanje alarmov ==
19:46:48     Dostava opozoril je privzeto izklju─Źena; omre┼żni klic ni bil izveden.
19:46:48     konec: Razposiljanje alarmov
19:46:48  Nadzor koncan; padlih korakov: 0.
19:51:46  == Nadzornik zastalih obdelav ==
19:51:47     Watchdog pregled je kon─Źan.
19:51:47     konec: Nadzornik zastalih obdelav
19:51:47  == Razposiljanje alarmov ==
19:51:48     Dostava opozoril je privzeto izklju─Źena; omre┼żni klic ni bil izveden.
19:51:48     konec: Razposiljanje alarmov
19:51:48  Nadzor koncan; padlih korakov: 0.
19:56:46  == Nadzornik zastalih obdelav ==
19:56:47     Watchdog pregled je kon─Źan.
19:56:47     konec: Nadzornik zastalih obdelav
19:56:47  == Razposiljanje alarmov ==
19:56:48     Dostava opozoril je privzeto izklju─Źena; omre┼żni klic ni bil izveden.
19:56:48     konec: Razposiljanje alarmov
19:56:48  Nadzor koncan; padlih korakov: 0.
20:01:46  == Nadzornik zastalih obdelav ==
20:01:47     Watchdog pregled je kon─Źan.
20:01:47     konec: Nadzornik zastalih obdelav
20:01:47  == Razposiljanje alarmov ==
20:01:48     Dostava opozoril je privzeto izklju─Źena; omre┼żni klic ni bil izveden.
20:01:48     konec: Razposiljanje alarmov
20:01:48  Nadzor koncan; padlih korakov: 0.
20:06:46  == Nadzornik zastalih obdelav ==
20:06:47     Watchdog pregled je kon─Źan.
20:06:47     konec: Nadzornik zastalih obdelav
20:06:47  == Razposiljanje alarmov ==
20:06:48     Dostava opozoril je privzeto izklju─Źena; omre┼żni klic ni bil izveden.
20:06:48     konec: Razposiljanje alarmov
20:06:48  Nadzor koncan; padlih korakov: 0.
20:11:46  == Nadzornik zastalih obdelav ==
20:11:47     Watchdog pregled je kon─Źan.
20:11:47     konec: Nadzornik zastalih obdelav
20:11:47  == Razposiljanje alarmov ==
20:11:48     Dostava opozoril je privzeto izklju─Źena; omre┼żni klic ni bil izveden.
20:11:48     konec: Razposiljanje alarmov
20:11:48  Nadzor koncan; padlih korakov: 0.
20:16:46  == Nadzornik zastalih obdelav ==
20:16:47     Watchdog pregled je kon─Źan.
20:16:47     konec: Nadzornik zastalih obdelav
20:16:47  == Razposiljanje alarmov ==
20:16:48     Dostava opozoril je privzeto izklju─Źena; omre┼żni klic ni bil izveden.
20:16:48     konec: Razposiljanje alarmov
20:16:48  Nadzor koncan; padlih korakov: 0.
20:21:46  == Nadzornik zastalih obdelav ==
20:21:47     Watchdog pregled je kon─Źan.
20:21:47     konec: Nadzornik zastalih obdelav
20:21:47  == Razposiljanje alarmov ==
20:21:48     Dostava opozoril je privzeto izklju─Źena; omre┼żni klic ni bil izveden.
20:21:48     konec: Razposiljanje alarmov
20:21:48  Nadzor koncan; padlih korakov: 0.
20:26:46  == Nadzornik zastalih obdelav ==
20:26:47     Watchdog pregled je kon─Źan.
20:26:47     konec: Nadzornik zastalih obdelav
20:26:47  == Razposiljanje alarmov ==
20:26:48     Dostava opozoril je privzeto izklju─Źena; omre┼żni klic ni bil izveden.
20:26:49     konec: Razposiljanje alarmov
20:26:49  Nadzor koncan; padlih korakov: 0.
