06:47:46  == Nadzornik zastalih obdelav ==
06:48:13     Watchdog pregled je končan.
06:48:14     konec: Nadzornik zastalih obdelav
06:48:14  == Razposiljanje alarmov ==
06:48:20     Dostava opozoril je privzeto izključena (PIM_ALERT_DELIVERY_ENABLED ni true); omrežni klic ni bil izveden.
06:48:20     konec: Razposiljanje alarmov
06:48:20  Nadzor koncan; padlih korakov: 0.
06:52:16  == Nadzornik zastalih obdelav ==
06:52:19     Watchdog pregled je končan.
06:52:19     konec: Nadzornik zastalih obdelav
06:52:19  == Razposiljanje alarmov ==
06:52:22     Dostava opozoril je privzeto izključena (PIM_ALERT_DELIVERY_ENABLED ni true); omrežni klic ni bil izveden.
06:52:22     konec: Razposiljanje alarmov
06:52:22  Nadzor koncan; padlih korakov: 0.
06:57:16  == Nadzornik zastalih obdelav ==
06:57:18     Watchdog pregled je končan.
06:57:18     konec: Nadzornik zastalih obdelav
06:57:18  == Razposiljanje alarmov ==
06:57:19     Dostava opozoril je privzeto izključena (PIM_ALERT_DELIVERY_ENABLED ni true); omrežni klic ni bil izveden.
06:57:19     konec: Razposiljanje alarmov
06:57:19  Nadzor koncan; padlih korakov: 0.
07:02:16  == Nadzornik zastalih obdelav ==
07:02:17     Watchdog pregled je končan.
07:02:17     konec: Nadzornik zastalih obdelav
07:02:17  == Razposiljanje alarmov ==
07:02:19     Dostava opozoril je privzeto izključena (PIM_ALERT_DELIVERY_ENABLED ni true); omrežni klic ni bil izveden.
07:02:19     konec: Razposiljanje alarmov
07:02:19  Nadzor koncan; padlih korakov: 0.
07:07:16  == Nadzornik zastalih obdelav ==
07:07:16     Watchdog pregled je končan.
07:07:16     konec: Nadzornik zastalih obdelav
07:07:16  == Razposiljanje alarmov ==
07:07:17     Dostava opozoril je privzeto izključena (PIM_ALERT_DELIVERY_ENABLED ni true); omrežni klic ni bil izveden.
07:07:17     konec: Razposiljanje alarmov
07:07:17  Nadzor koncan; padlih korakov: 0.
07:12:16  == Nadzornik zastalih obdelav ==
07:12:16     Watchdog pregled je končan.
07:12:16     konec: Nadzornik zastalih obdelav
07:12:16  == Razposiljanje alarmov ==
07:12:17     Dostava opozoril je privzeto izključena (PIM_ALERT_DELIVERY_ENABLED ni true); omrežni klic ni bil izveden.
07:12:17     konec: Razposiljanje alarmov
07:12:17  Nadzor koncan; padlih korakov: 0.
07:17:16  == Nadzornik zastalih obdelav ==
07:17:16     Watchdog pregled je končan.
07:17:16     konec: Nadzornik zastalih obdelav
07:17:16  == Razposiljanje alarmov ==
07:17:17     Dostava opozoril je privzeto izključena (PIM_ALERT_DELIVERY_ENABLED ni true); omrežni klic ni bil izveden.
07:17:17     konec: Razposiljanje alarmov
07:17:17  Nadzor koncan; padlih korakov: 0.
07:22:16  == Nadzornik zastalih obdelav ==
07:22:16     Watchdog pregled je končan.
07:22:16     konec: Nadzornik zastalih obdelav
07:22:16  == Razposiljanje alarmov ==
07:22:17     Dostava opozoril je privzeto izključena (PIM_ALERT_DELIVERY_ENABLED ni true); omrežni klic ni bil izveden.
07:22:17     konec: Razposiljanje alarmov
07:22:17  Nadzor koncan; padlih korakov: 0.
07:27:16  == Nadzornik zastalih obdelav ==
07:27:16     Watchdog pregled je končan.
07:27:17     konec: Nadzornik zastalih obdelav
07:27:17  == Razposiljanje alarmov ==
07:27:17     Dostava opozoril je privzeto izključena (PIM_ALERT_DELIVERY_ENABLED ni true); omrežni klic ni bil izveden.
07:27:17     konec: Razposiljanje alarmov
07:27:17  Nadzor koncan; padlih korakov: 0.
07:32:16  == Nadzornik zastalih obdelav ==
07:32:17     Watchdog pregled je končan.
07:32:17     konec: Nadzornik zastalih obdelav
07:32:17  == Razposiljanje alarmov ==
07:32:18     Dostava opozoril je privzeto izključena (PIM_ALERT_DELIVERY_ENABLED ni true); omrežni klic ni bil izveden.
07:32:18     konec: Razposiljanje alarmov
07:32:18  Nadzor koncan; padlih korakov: 0.
07:37:16  == Nadzornik zastalih obdelav ==
07:37:17     Watchdog pregled je končan.
07:37:17     konec: Nadzornik zastalih obdelav
07:37:17  == Razposiljanje alarmov ==
07:37:18     Dostava opozoril je privzeto izključena (PIM_ALERT_DELIVERY_ENABLED ni true); omrežni klic ni bil izveden.
07:37:18     konec: Razposiljanje alarmov
07:37:18  Nadzor koncan; padlih korakov: 0.
07:42:16  == Nadzornik zastalih obdelav ==
07:42:17     Watchdog pregled je končan.
07:42:17     konec: Nadzornik zastalih obdelav
07:42:17  == Razposiljanje alarmov ==
07:42:18     Dostava opozoril je privzeto izključena (PIM_ALERT_DELIVERY_ENABLED ni true); omrežni klic ni bil izveden.
07:42:18     konec: Razposiljanje alarmov
07:42:18  Nadzor koncan; padlih korakov: 0.
07:47:16  == Nadzornik zastalih obdelav ==
07:47:17     Watchdog pregled je končan.
07:47:17     konec: Nadzornik zastalih obdelav
07:47:17  == Razposiljanje alarmov ==
07:47:18     Dostava opozoril je privzeto izključena (PIM_ALERT_DELIVERY_ENABLED ni true); omrežni klic ni bil izveden.
07:47:18     konec: Razposiljanje alarmov
07:47:18  Nadzor koncan; padlih korakov: 0.
07:52:16  == Nadzornik zastalih obdelav ==
07:52:17     Watchdog pregled je končan.
07:52:17     konec: Nadzornik zastalih obdelav
07:52:17  == Razposiljanje alarmov ==
07:52:19     Dostava opozoril je privzeto izključena (PIM_ALERT_DELIVERY_ENABLED ni true); omrežni klic ni bil izveden.
07:52:19     konec: Razposiljanje alarmov
07:52:19  Nadzor koncan; padlih korakov: 0.
07:57:16  == Nadzornik zastalih obdelav ==
07:57:17     Watchdog pregled je končan.
07:57:17     konec: Nadzornik zastalih obdelav
07:57:17  == Razposiljanje alarmov ==
07:57:18     Dostava opozoril je privzeto izključena (PIM_ALERT_DELIVERY_ENABLED ni true); omrežni klic ni bil izveden.
07:57:18     konec: Razposiljanje alarmov
07:57:18  Nadzor koncan; padlih korakov: 0.
08:02:16  == Nadzornik zastalih obdelav ==
08:02:17     Watchdog pregled je končan.
08:02:17     konec: Nadzornik zastalih obdelav
08:02:17  == Razposiljanje alarmov ==
08:02:18     Dostava opozoril je privzeto izključena (PIM_ALERT_DELIVERY_ENABLED ni true); omrežni klic ni bil izveden.
08:02:18     konec: Razposiljanje alarmov
08:02:18  Nadzor koncan; padlih korakov: 0.
08:07:16  == Nadzornik zastalih obdelav ==
08:07:17     Watchdog pregled je končan.
08:07:17     konec: Nadzornik zastalih obdelav
08:07:17  == Razposiljanje alarmov ==
08:07:18     Dostava opozoril je privzeto izključena (PIM_ALERT_DELIVERY_ENABLED ni true); omrežni klic ni bil izveden.
08:07:18     konec: Razposiljanje alarmov
08:07:18  Nadzor koncan; padlih korakov: 0.
08:12:16  == Nadzornik zastalih obdelav ==
08:12:17     Watchdog pregled je končan.
08:12:17     konec: Nadzornik zastalih obdelav
08:12:17  == Razposiljanje alarmov ==
08:12:18     Dostava opozoril je privzeto izključena (PIM_ALERT_DELIVERY_ENABLED ni true); omrežni klic ni bil izveden.
08:12:18     konec: Razposiljanje alarmov
08:12:18  Nadzor koncan; padlih korakov: 0.
08:17:16  == Nadzornik zastalih obdelav ==
08:17:17     Watchdog pregled je končan.
08:17:17     konec: Nadzornik zastalih obdelav
08:17:17  == Razposiljanje alarmov ==
08:17:18     Dostava opozoril je privzeto izključena (PIM_ALERT_DELIVERY_ENABLED ni true); omrežni klic ni bil izveden.
08:17:18     konec: Razposiljanje alarmov
08:17:18  Nadzor koncan; padlih korakov: 0.
08:22:16  == Nadzornik zastalih obdelav ==
08:22:17     Watchdog pregled je končan.
08:22:17     konec: Nadzornik zastalih obdelav
08:22:17  == Razposiljanje alarmov ==
08:22:19     Dostava opozoril je privzeto izključena (PIM_ALERT_DELIVERY_ENABLED ni true); omrežni klic ni bil izveden.
08:22:19     konec: Razposiljanje alarmov
08:22:19  Nadzor koncan; padlih korakov: 0.
08:27:16  == Nadzornik zastalih obdelav ==
08:27:17     Watchdog pregled je končan.
08:27:17     konec: Nadzornik zastalih obdelav
08:27:17  == Razposiljanje alarmov ==
08:27:18     Dostava opozoril je privzeto izključena (PIM_ALERT_DELIVERY_ENABLED ni true); omrežni klic ni bil izveden.
08:27:18     konec: Razposiljanje alarmov
08:27:18  Nadzor koncan; padlih korakov: 0.
08:32:16  == Nadzornik zastalih obdelav ==
08:32:17     Watchdog pregled je končan.
08:32:17     konec: Nadzornik zastalih obdelav
08:32:17  == Razposiljanje alarmov ==
08:32:18     Dostava opozoril je privzeto izključena (PIM_ALERT_DELIVERY_ENABLED ni true); omrežni klic ni bil izveden.
08:32:18     konec: Razposiljanje alarmov
08:32:18  Nadzor koncan; padlih korakov: 0.
08:37:16  == Nadzornik zastalih obdelav ==
08:37:17     Watchdog pregled je končan.
08:37:17     konec: Nadzornik zastalih obdelav
08:37:17  == Razposiljanje alarmov ==
08:37:18     Dostava opozoril je privzeto izključena (PIM_ALERT_DELIVERY_ENABLED ni true); omrežni klic ni bil izveden.
08:37:18     konec: Razposiljanje alarmov
08:37:18  Nadzor koncan; padlih korakov: 0.
08:42:16  == Nadzornik zastalih obdelav ==
08:42:17     Watchdog pregled je končan.
08:42:17     konec: Nadzornik zastalih obdelav
08:42:17  == Razposiljanje alarmov ==
08:42:18     Dostava opozoril je privzeto izključena (PIM_ALERT_DELIVERY_ENABLED ni true); omrežni klic ni bil izveden.
08:42:18     konec: Razposiljanje alarmov
08:42:18  Nadzor koncan; padlih korakov: 0.
08:47:16  == Nadzornik zastalih obdelav ==
08:47:17     Watchdog pregled je končan.
08:47:17     konec: Nadzornik zastalih obdelav
08:47:17  == Razposiljanje alarmov ==
08:47:19     Dostava opozoril je privzeto izključena (PIM_ALERT_DELIVERY_ENABLED ni true); omrežni klic ni bil izveden.
08:47:19     konec: Razposiljanje alarmov
08:47:19  Nadzor koncan; padlih korakov: 0.
08:52:16  == Nadzornik zastalih obdelav ==
08:52:17     Watchdog pregled je končan.
08:52:17     konec: Nadzornik zastalih obdelav
08:52:17  == Razposiljanje alarmov ==
08:52:18     Dostava opozoril je privzeto izključena (PIM_ALERT_DELIVERY_ENABLED ni true); omrežni klic ni bil izveden.
08:52:18     konec: Razposiljanje alarmov
08:52:18  Nadzor koncan; padlih korakov: 0.
08:57:16  == Nadzornik zastalih obdelav ==
08:57:17     Watchdog pregled je končan.
08:57:17     konec: Nadzornik zastalih obdelav
08:57:17  == Razposiljanje alarmov ==
08:57:18     Dostava opozoril je privzeto izključena (PIM_ALERT_DELIVERY_ENABLED ni true); omrežni klic ni bil izveden.
08:57:18     konec: Razposiljanje alarmov
08:57:18  Nadzor koncan; padlih korakov: 0.
09:02:16  == Nadzornik zastalih obdelav ==
09:02:17     Watchdog pregled je končan.
09:02:17     konec: Nadzornik zastalih obdelav
09:02:17  == Razposiljanje alarmov ==
09:02:18     Dostava opozoril je privzeto izključena (PIM_ALERT_DELIVERY_ENABLED ni true); omrežni klic ni bil izveden.
09:02:18     konec: Razposiljanje alarmov
09:02:18  Nadzor koncan; padlih korakov: 0.
09:07:16  == Nadzornik zastalih obdelav ==
09:07:17     Watchdog pregled je končan.
09:07:17     konec: Nadzornik zastalih obdelav
09:07:17  == Razposiljanje alarmov ==
09:07:19     Dostava opozoril je privzeto izključena (PIM_ALERT_DELIVERY_ENABLED ni true); omrežni klic ni bil izveden.
09:07:19     konec: Razposiljanje alarmov
09:07:19  Nadzor koncan; padlih korakov: 0.
09:12:16  == Nadzornik zastalih obdelav ==
09:12:17     Watchdog pregled je končan.
09:12:17     konec: Nadzornik zastalih obdelav
09:12:17  == Razposiljanje alarmov ==
09:12:18     Dostava opozoril je privzeto izključena (PIM_ALERT_DELIVERY_ENABLED ni true); omrežni klic ni bil izveden.
09:12:18     konec: Razposiljanje alarmov
09:12:18  Nadzor koncan; padlih korakov: 0.
09:17:16  == Nadzornik zastalih obdelav ==
09:17:17     Watchdog pregled je končan.
09:17:17     konec: Nadzornik zastalih obdelav
09:17:17  == Razposiljanje alarmov ==
09:17:18     Dostava opozoril je privzeto izključena (PIM_ALERT_DELIVERY_ENABLED ni true); omrežni klic ni bil izveden.
09:17:18     konec: Razposiljanje alarmov
09:17:18  Nadzor koncan; padlih korakov: 0.
09:22:16  == Nadzornik zastalih obdelav ==
09:22:17     Watchdog pregled je končan.
09:22:17     konec: Nadzornik zastalih obdelav
09:22:17  == Razposiljanje alarmov ==
09:22:18     Dostava opozoril je privzeto izključena (PIM_ALERT_DELIVERY_ENABLED ni true); omrežni klic ni bil izveden.
09:22:18     konec: Razposiljanje alarmov
09:22:18  Nadzor koncan; padlih korakov: 0.
09:27:16  == Nadzornik zastalih obdelav ==
09:27:17     Watchdog pregled je končan.
09:27:17     konec: Nadzornik zastalih obdelav
09:27:17  == Razposiljanje alarmov ==
09:27:19     Dostava opozoril je privzeto izključena (PIM_ALERT_DELIVERY_ENABLED ni true); omrežni klic ni bil izveden.
09:27:19     konec: Razposiljanje alarmov
09:27:19  Nadzor koncan; padlih korakov: 0.
09:32:16  == Nadzornik zastalih obdelav ==
09:32:17     Watchdog pregled je končan.
09:32:17     konec: Nadzornik zastalih obdelav
09:32:17  == Razposiljanje alarmov ==
09:32:18     Dostava opozoril je privzeto izključena (PIM_ALERT_DELIVERY_ENABLED ni true); omrežni klic ni bil izveden.
09:32:19     konec: Razposiljanje alarmov
09:32:19  Nadzor koncan; padlih korakov: 0.
09:37:16  == Nadzornik zastalih obdelav ==
09:37:17     Watchdog pregled je končan.
09:37:17     konec: Nadzornik zastalih obdelav
09:37:17  == Razposiljanje alarmov ==
09:37:18     Dostava opozoril je privzeto izključena (PIM_ALERT_DELIVERY_ENABLED ni true); omrežni klic ni bil izveden.
09:37:18     konec: Razposiljanje alarmov
09:37:18  Nadzor koncan; padlih korakov: 0.
09:42:16  == Nadzornik zastalih obdelav ==
09:42:17     Watchdog pregled je končan.
09:42:17     konec: Nadzornik zastalih obdelav
09:42:17  == Razposiljanje alarmov ==
09:42:19     Dostava opozoril je privzeto izključena (PIM_ALERT_DELIVERY_ENABLED ni true); omrežni klic ni bil izveden.
09:42:19     konec: Razposiljanje alarmov
09:42:19  Nadzor koncan; padlih korakov: 0.
09:47:16  == Nadzornik zastalih obdelav ==
09:47:17     Watchdog pregled je končan.
09:47:17     konec: Nadzornik zastalih obdelav
09:47:17  == Razposiljanje alarmov ==
09:47:18     Dostava opozoril je privzeto izključena (PIM_ALERT_DELIVERY_ENABLED ni true); omrežni klic ni bil izveden.
09:47:18     konec: Razposiljanje alarmov
09:47:18  Nadzor koncan; padlih korakov: 0.
09:52:17  == Nadzornik zastalih obdelav ==
09:52:20     Watchdog pregled je končan.
09:52:20     konec: Nadzornik zastalih obdelav
09:52:20  == Razposiljanje alarmov ==
09:52:22     Dostava opozoril je privzeto izključena (PIM_ALERT_DELIVERY_ENABLED ni true); omrežni klic ni bil izveden.
09:52:22     konec: Razposiljanje alarmov
09:52:22  Nadzor koncan; padlih korakov: 0.
09:57:16  == Nadzornik zastalih obdelav ==
09:57:17     Watchdog pregled je končan.
09:57:17     konec: Nadzornik zastalih obdelav
09:57:17  == Razposiljanje alarmov ==
09:57:18     Dostava opozoril je privzeto izključena (PIM_ALERT_DELIVERY_ENABLED ni true); omrežni klic ni bil izveden.
09:57:18     konec: Razposiljanje alarmov
09:57:18  Nadzor koncan; padlih korakov: 0.
10:02:16  == Nadzornik zastalih obdelav ==
10:02:17     Watchdog pregled je končan.
10:02:17     konec: Nadzornik zastalih obdelav
10:02:17  == Razposiljanje alarmov ==
10:02:18     Dostava opozoril je privzeto izključena (PIM_ALERT_DELIVERY_ENABLED ni true); omrežni klic ni bil izveden.
10:02:18     konec: Razposiljanje alarmov
10:02:18  Nadzor koncan; padlih korakov: 0.
10:07:16  == Nadzornik zastalih obdelav ==
10:07:17     Watchdog pregled je končan.
10:07:17     konec: Nadzornik zastalih obdelav
10:07:17  == Razposiljanje alarmov ==
10:07:19     Dostava opozoril je privzeto izključena (PIM_ALERT_DELIVERY_ENABLED ni true); omrežni klic ni bil izveden.
10:07:19     konec: Razposiljanje alarmov
10:07:19  Nadzor koncan; padlih korakov: 0.
10:12:16  == Nadzornik zastalih obdelav ==
10:12:17     Watchdog pregled je končan.
10:12:17     konec: Nadzornik zastalih obdelav
10:12:17  == Razposiljanje alarmov ==
10:12:19     Dostava opozoril je privzeto izključena (PIM_ALERT_DELIVERY_ENABLED ni true); omrežni klic ni bil izveden.
10:12:19     konec: Razposiljanje alarmov
10:12:19  Nadzor koncan; padlih korakov: 0.
10:17:16  == Nadzornik zastalih obdelav ==
10:17:17     Watchdog pregled je končan.
10:17:17     konec: Nadzornik zastalih obdelav
10:17:17  == Razposiljanje alarmov ==
10:17:18     Dostava opozoril je privzeto izključena (PIM_ALERT_DELIVERY_ENABLED ni true); omrežni klic ni bil izveden.
10:17:18     konec: Razposiljanje alarmov
10:17:18  Nadzor koncan; padlih korakov: 0.
10:22:16  == Nadzornik zastalih obdelav ==
10:22:17     Watchdog pregled je končan.
10:22:17     konec: Nadzornik zastalih obdelav
10:22:17  == Razposiljanje alarmov ==
10:22:19     Dostava opozoril je privzeto izključena (PIM_ALERT_DELIVERY_ENABLED ni true); omrežni klic ni bil izveden.
10:22:19     konec: Razposiljanje alarmov
10:22:19  Nadzor koncan; padlih korakov: 0.
10:27:16  == Nadzornik zastalih obdelav ==
10:27:17     Watchdog pregled je končan.
10:27:17     konec: Nadzornik zastalih obdelav
10:27:17  == Razposiljanje alarmov ==
10:27:18     Dostava opozoril je privzeto izključena (PIM_ALERT_DELIVERY_ENABLED ni true); omrežni klic ni bil izveden.
10:27:18     konec: Razposiljanje alarmov
10:27:18  Nadzor koncan; padlih korakov: 0.
10:32:16  == Nadzornik zastalih obdelav ==
10:32:17     Watchdog pregled je končan.
10:32:17     konec: Nadzornik zastalih obdelav
10:32:17  == Razposiljanje alarmov ==
10:32:18     Dostava opozoril je privzeto izključena (PIM_ALERT_DELIVERY_ENABLED ni true); omrežni klic ni bil izveden.
10:32:18     konec: Razposiljanje alarmov
10:32:18  Nadzor koncan; padlih korakov: 0.
10:37:16  == Nadzornik zastalih obdelav ==
10:37:17     Watchdog pregled je končan.
10:37:17     konec: Nadzornik zastalih obdelav
10:37:17  == Razposiljanje alarmov ==
10:37:18     Dostava opozoril je privzeto izključena (PIM_ALERT_DELIVERY_ENABLED ni true); omrežni klic ni bil izveden.
10:37:18     konec: Razposiljanje alarmov
10:37:18  Nadzor koncan; padlih korakov: 0.
10:42:16  == Nadzornik zastalih obdelav ==
10:42:17     Watchdog pregled je končan.
10:42:17     konec: Nadzornik zastalih obdelav
10:42:17  == Razposiljanje alarmov ==
10:42:19     Dostava opozoril je privzeto izključena (PIM_ALERT_DELIVERY_ENABLED ni true); omrežni klic ni bil izveden.
10:42:19     konec: Razposiljanje alarmov
10:42:19  Nadzor koncan; padlih korakov: 0.
10:47:16  == Nadzornik zastalih obdelav ==
10:47:17     Watchdog pregled je končan.
10:47:17     konec: Nadzornik zastalih obdelav
10:47:17  == Razposiljanje alarmov ==
10:47:18     Dostava opozoril je privzeto izključena (PIM_ALERT_DELIVERY_ENABLED ni true); omrežni klic ni bil izveden.
10:47:18     konec: Razposiljanje alarmov
10:47:18  Nadzor koncan; padlih korakov: 0.
10:52:16  == Nadzornik zastalih obdelav ==
10:52:17     Watchdog pregled je končan.
10:52:17     konec: Nadzornik zastalih obdelav
10:52:17  == Razposiljanje alarmov ==
10:52:19     Dostava opozoril je privzeto izključena (PIM_ALERT_DELIVERY_ENABLED ni true); omrežni klic ni bil izveden.
10:52:19     konec: Razposiljanje alarmov
10:52:19  Nadzor koncan; padlih korakov: 0.
10:57:16  == Nadzornik zastalih obdelav ==
10:57:17     Watchdog pregled je končan.
10:57:17     konec: Nadzornik zastalih obdelav
10:57:17  == Razposiljanje alarmov ==
10:57:19     Dostava opozoril je privzeto izključena (PIM_ALERT_DELIVERY_ENABLED ni true); omrežni klic ni bil izveden.
10:57:19     konec: Razposiljanje alarmov
10:57:19  Nadzor koncan; padlih korakov: 0.
11:02:16  == Nadzornik zastalih obdelav ==
11:02:17     Watchdog pregled je končan.
11:02:17     konec: Nadzornik zastalih obdelav
11:02:17  == Razposiljanje alarmov ==
11:02:18     Dostava opozoril je privzeto izključena (PIM_ALERT_DELIVERY_ENABLED ni true); omrežni klic ni bil izveden.
11:02:18     konec: Razposiljanje alarmov
11:02:18  Nadzor koncan; padlih korakov: 0.
11:07:16  == Nadzornik zastalih obdelav ==
11:07:17     Watchdog pregled je končan.
11:07:17     konec: Nadzornik zastalih obdelav
11:07:17  == Razposiljanje alarmov ==
11:07:18     Dostava opozoril je privzeto izključena (PIM_ALERT_DELIVERY_ENABLED ni true); omrežni klic ni bil izveden.
11:07:18     konec: Razposiljanje alarmov
11:07:18  Nadzor koncan; padlih korakov: 0.
11:12:16  == Nadzornik zastalih obdelav ==
11:12:17     Watchdog pregled je končan.
11:12:17     konec: Nadzornik zastalih obdelav
11:12:17  == Razposiljanje alarmov ==
11:12:18     Dostava opozoril je privzeto izključena (PIM_ALERT_DELIVERY_ENABLED ni true); omrežni klic ni bil izveden.
11:12:18     konec: Razposiljanje alarmov
11:12:18  Nadzor koncan; padlih korakov: 0.
11:17:16  == Nadzornik zastalih obdelav ==
11:17:17     Watchdog pregled je končan.
11:17:17     konec: Nadzornik zastalih obdelav
11:17:17  == Razposiljanje alarmov ==
11:17:18     Dostava opozoril je privzeto izključena (PIM_ALERT_DELIVERY_ENABLED ni true); omrežni klic ni bil izveden.
11:17:18     konec: Razposiljanje alarmov
11:17:18  Nadzor koncan; padlih korakov: 0.
11:22:16  == Nadzornik zastalih obdelav ==
11:22:17     Watchdog pregled je končan.
11:22:17     konec: Nadzornik zastalih obdelav
11:22:17  == Razposiljanje alarmov ==
11:22:18     Dostava opozoril je privzeto izključena (PIM_ALERT_DELIVERY_ENABLED ni true); omrežni klic ni bil izveden.
11:22:18     konec: Razposiljanje alarmov
11:22:18  Nadzor koncan; padlih korakov: 0.
11:27:16  == Nadzornik zastalih obdelav ==
11:27:17     Watchdog pregled je končan.
11:27:17     konec: Nadzornik zastalih obdelav
11:27:17  == Razposiljanje alarmov ==
11:27:19     Dostava opozoril je privzeto izključena (PIM_ALERT_DELIVERY_ENABLED ni true); omrežni klic ni bil izveden.
11:27:19     konec: Razposiljanje alarmov
11:27:19  Nadzor koncan; padlih korakov: 0.
11:32:16  == Nadzornik zastalih obdelav ==
11:32:17     Watchdog pregled je končan.
11:32:17     konec: Nadzornik zastalih obdelav
11:32:17  == Razposiljanje alarmov ==
11:32:18     Dostava opozoril je privzeto izključena (PIM_ALERT_DELIVERY_ENABLED ni true); omrežni klic ni bil izveden.
11:32:18     konec: Razposiljanje alarmov
11:32:18  Nadzor koncan; padlih korakov: 0.
11:37:15  == Nadzornik zastalih obdelav ==
11:37:17     Watchdog pregled je končan.
11:37:17     konec: Nadzornik zastalih obdelav
11:37:17  == Razposiljanje alarmov ==
11:37:18     Dostava opozoril je privzeto izključena (PIM_ALERT_DELIVERY_ENABLED ni true); omrežni klic ni bil izveden.
11:37:18     konec: Razposiljanje alarmov
11:37:18  Nadzor koncan; padlih korakov: 0.
11:42:15  == Nadzornik zastalih obdelav ==
11:42:16     Watchdog pregled je končan.
11:42:16     konec: Nadzornik zastalih obdelav
11:42:16  == Razposiljanje alarmov ==
11:42:17     Dostava opozoril je privzeto izključena (PIM_ALERT_DELIVERY_ENABLED ni true); omrežni klic ni bil izveden.
11:42:17     konec: Razposiljanje alarmov
11:42:17  Nadzor koncan; padlih korakov: 0.
11:47:15  == Nadzornik zastalih obdelav ==
11:47:16     Watchdog pregled je končan.
11:47:16     konec: Nadzornik zastalih obdelav
11:47:16  == Razposiljanje alarmov ==
11:47:17     Dostava opozoril je privzeto izključena (PIM_ALERT_DELIVERY_ENABLED ni true); omrežni klic ni bil izveden.
11:47:17     konec: Razposiljanje alarmov
11:47:17  Nadzor koncan; padlih korakov: 0.
11:52:15  == Nadzornik zastalih obdelav ==
11:52:16     Watchdog pregled je končan.
11:52:16     konec: Nadzornik zastalih obdelav
11:52:16  == Razposiljanje alarmov ==
11:52:17     Dostava opozoril je privzeto izključena (PIM_ALERT_DELIVERY_ENABLED ni true); omrežni klic ni bil izveden.
11:52:17     konec: Razposiljanje alarmov
11:52:17  Nadzor koncan; padlih korakov: 0.
11:57:15  == Nadzornik zastalih obdelav ==
11:57:17     Watchdog pregled je končan.
11:57:17     konec: Nadzornik zastalih obdelav
11:57:17  == Razposiljanje alarmov ==
11:57:18     Dostava opozoril je privzeto izključena (PIM_ALERT_DELIVERY_ENABLED ni true); omrežni klic ni bil izveden.
11:57:18     konec: Razposiljanje alarmov
11:57:18  Nadzor koncan; padlih korakov: 0.
12:02:15  == Nadzornik zastalih obdelav ==
12:02:16     Watchdog pregled je končan.
12:02:16     konec: Nadzornik zastalih obdelav
12:02:16  == Razposiljanje alarmov ==
12:02:17     Dostava opozoril je privzeto izključena (PIM_ALERT_DELIVERY_ENABLED ni true); omrežni klic ni bil izveden.
12:02:17     konec: Razposiljanje alarmov
12:02:17  Nadzor koncan; padlih korakov: 0.
12:07:15  == Nadzornik zastalih obdelav ==
12:07:17     Watchdog pregled je končan.
12:07:17     konec: Nadzornik zastalih obdelav
12:07:17  == Razposiljanje alarmov ==
12:07:18     Dostava opozoril je privzeto izključena (PIM_ALERT_DELIVERY_ENABLED ni true); omrežni klic ni bil izveden.
12:07:18     konec: Razposiljanje alarmov
12:07:18  Nadzor koncan; padlih korakov: 0.
12:12:15  == Nadzornik zastalih obdelav ==
12:12:16     Watchdog pregled je končan.
12:12:16     konec: Nadzornik zastalih obdelav
12:12:16  == Razposiljanje alarmov ==
12:12:17     Dostava opozoril je privzeto izključena (PIM_ALERT_DELIVERY_ENABLED ni true); omrežni klic ni bil izveden.
12:12:17     konec: Razposiljanje alarmov
12:12:17  Nadzor koncan; padlih korakov: 0.
12:17:15  == Nadzornik zastalih obdelav ==
12:17:16     Watchdog pregled je končan.
12:17:16     konec: Nadzornik zastalih obdelav
12:17:16  == Razposiljanje alarmov ==
12:17:17     Dostava opozoril je privzeto izključena (PIM_ALERT_DELIVERY_ENABLED ni true); omrežni klic ni bil izveden.
12:17:17     konec: Razposiljanje alarmov
12:17:17  Nadzor koncan; padlih korakov: 0.
12:22:15  == Nadzornik zastalih obdelav ==
12:22:16     Watchdog pregled je končan.
12:22:16     konec: Nadzornik zastalih obdelav
12:22:16  == Razposiljanje alarmov ==
12:22:17     Dostava opozoril je privzeto izključena (PIM_ALERT_DELIVERY_ENABLED ni true); omrežni klic ni bil izveden.
12:22:17     konec: Razposiljanje alarmov
12:22:17  Nadzor koncan; padlih korakov: 0.
12:27:15  == Nadzornik zastalih obdelav ==
12:27:16     Watchdog pregled je končan.
12:27:16     konec: Nadzornik zastalih obdelav
12:27:16  == Razposiljanje alarmov ==
12:27:17     Dostava opozoril je privzeto izključena (PIM_ALERT_DELIVERY_ENABLED ni true); omrežni klic ni bil izveden.
12:27:17     konec: Razposiljanje alarmov
12:27:17  Nadzor koncan; padlih korakov: 0.
12:32:15  == Nadzornik zastalih obdelav ==
12:32:16     Watchdog pregled je končan.
12:32:16     konec: Nadzornik zastalih obdelav
12:32:16  == Razposiljanje alarmov ==
12:32:17     Dostava opozoril je privzeto izključena (PIM_ALERT_DELIVERY_ENABLED ni true); omrežni klic ni bil izveden.
12:32:17     konec: Razposiljanje alarmov
12:32:17  Nadzor koncan; padlih korakov: 0.
12:37:15  == Nadzornik zastalih obdelav ==
12:37:16     Watchdog pregled je končan.
12:37:17     konec: Nadzornik zastalih obdelav
12:37:17  == Razposiljanje alarmov ==
12:37:18     Dostava opozoril je privzeto izključena (PIM_ALERT_DELIVERY_ENABLED ni true); omrežni klic ni bil izveden.
12:37:18     konec: Razposiljanje alarmov
12:37:18  Nadzor koncan; padlih korakov: 0.
12:42:15  == Nadzornik zastalih obdelav ==
12:42:16     Watchdog pregled je končan.
12:42:16     konec: Nadzornik zastalih obdelav
12:42:16  == Razposiljanje alarmov ==
12:42:18     Dostava opozoril je privzeto izključena (PIM_ALERT_DELIVERY_ENABLED ni true); omrežni klic ni bil izveden.
12:42:18     konec: Razposiljanje alarmov
12:42:18  Nadzor koncan; padlih korakov: 0.
12:47:15  == Nadzornik zastalih obdelav ==
12:47:16     Watchdog pregled je končan.
12:47:16     konec: Nadzornik zastalih obdelav
12:47:16  == Razposiljanje alarmov ==
12:47:17     Dostava opozoril je privzeto izključena (PIM_ALERT_DELIVERY_ENABLED ni true); omrežni klic ni bil izveden.
12:47:17     konec: Razposiljanje alarmov
12:47:17  Nadzor koncan; padlih korakov: 0.
12:52:15  == Nadzornik zastalih obdelav ==
12:52:18     Watchdog pregled je končan.
12:52:18     konec: Nadzornik zastalih obdelav
12:52:18  == Razposiljanje alarmov ==
12:52:20     Dostava opozoril je privzeto izključena (PIM_ALERT_DELIVERY_ENABLED ni true); omrežni klic ni bil izveden.
12:52:20     konec: Razposiljanje alarmov
12:52:20  Nadzor koncan; padlih korakov: 0.
12:57:16  == Nadzornik zastalih obdelav ==
12:57:18     Watchdog pregled je končan.
12:57:18     konec: Nadzornik zastalih obdelav
12:57:18  == Razposiljanje alarmov ==
12:57:19     Dostava opozoril je privzeto izključena (PIM_ALERT_DELIVERY_ENABLED ni true); omrežni klic ni bil izveden.
12:57:19     konec: Razposiljanje alarmov
12:57:19  Nadzor koncan; padlih korakov: 0.
13:02:15  == Nadzornik zastalih obdelav ==
13:02:16     Watchdog pregled je končan.
13:02:16     konec: Nadzornik zastalih obdelav
13:02:16  == Razposiljanje alarmov ==
13:02:17     Dostava opozoril je privzeto izključena (PIM_ALERT_DELIVERY_ENABLED ni true); omrežni klic ni bil izveden.
13:02:17     konec: Razposiljanje alarmov
13:02:17  Nadzor koncan; padlih korakov: 0.
13:07:15  == Nadzornik zastalih obdelav ==
13:07:16     Watchdog pregled je končan.
13:07:16     konec: Nadzornik zastalih obdelav
13:07:16  == Razposiljanje alarmov ==
13:07:17     Dostava opozoril je privzeto izključena (PIM_ALERT_DELIVERY_ENABLED ni true); omrežni klic ni bil izveden.
13:07:17     konec: Razposiljanje alarmov
13:07:17  Nadzor koncan; padlih korakov: 0.
13:12:15  == Nadzornik zastalih obdelav ==
13:12:16     Watchdog pregled je končan.
13:12:16     konec: Nadzornik zastalih obdelav
13:12:16  == Razposiljanje alarmov ==
13:12:17     Dostava opozoril je privzeto izključena (PIM_ALERT_DELIVERY_ENABLED ni true); omrežni klic ni bil izveden.
13:12:17     konec: Razposiljanje alarmov
13:12:17  Nadzor koncan; padlih korakov: 0.
13:17:15  == Nadzornik zastalih obdelav ==
13:17:16     Watchdog pregled je končan.
13:17:16     konec: Nadzornik zastalih obdelav
13:17:16  == Razposiljanje alarmov ==
13:17:17     Dostava opozoril je privzeto izključena (PIM_ALERT_DELIVERY_ENABLED ni true); omrežni klic ni bil izveden.
13:17:17     konec: Razposiljanje alarmov
13:17:17  Nadzor koncan; padlih korakov: 0.
13:22:15  == Nadzornik zastalih obdelav ==
13:22:17     Watchdog pregled je končan.
13:22:17     konec: Nadzornik zastalih obdelav
13:22:17  == Razposiljanje alarmov ==
13:22:18     Dostava opozoril je privzeto izključena (PIM_ALERT_DELIVERY_ENABLED ni true); omrežni klic ni bil izveden.
13:22:19     konec: Razposiljanje alarmov
13:22:19  Nadzor koncan; padlih korakov: 0.
13:27:15  == Nadzornik zastalih obdelav ==
13:27:16     Watchdog pregled je končan.
13:27:16     konec: Nadzornik zastalih obdelav
13:27:16  == Razposiljanje alarmov ==
13:27:17     Dostava opozoril je privzeto izključena (PIM_ALERT_DELIVERY_ENABLED ni true); omrežni klic ni bil izveden.
13:27:17     konec: Razposiljanje alarmov
13:27:17  Nadzor koncan; padlih korakov: 0.
13:32:15  == Nadzornik zastalih obdelav ==
13:32:17     Watchdog pregled je končan.
13:32:17     konec: Nadzornik zastalih obdelav
13:32:17  == Razposiljanje alarmov ==
13:32:18     Dostava opozoril je privzeto izključena (PIM_ALERT_DELIVERY_ENABLED ni true); omrežni klic ni bil izveden.
13:32:18     konec: Razposiljanje alarmov
13:32:18  Nadzor koncan; padlih korakov: 0.
13:37:15  == Nadzornik zastalih obdelav ==
13:37:16     Watchdog pregled je končan.
13:37:16     konec: Nadzornik zastalih obdelav
13:37:16  == Razposiljanje alarmov ==
13:37:17     Dostava opozoril je privzeto izključena (PIM_ALERT_DELIVERY_ENABLED ni true); omrežni klic ni bil izveden.
13:37:17     konec: Razposiljanje alarmov
13:37:17  Nadzor koncan; padlih korakov: 0.
13:42:15  == Nadzornik zastalih obdelav ==
13:42:16     Watchdog pregled je končan.
13:42:16     konec: Nadzornik zastalih obdelav
13:42:16  == Razposiljanje alarmov ==
13:42:17     Dostava opozoril je privzeto izključena (PIM_ALERT_DELIVERY_ENABLED ni true); omrežni klic ni bil izveden.
13:42:17     konec: Razposiljanje alarmov
13:42:17  Nadzor koncan; padlih korakov: 0.
13:47:15  == Nadzornik zastalih obdelav ==
13:47:16     Watchdog pregled je končan.
13:47:16     konec: Nadzornik zastalih obdelav
13:47:16  == Razposiljanje alarmov ==
13:47:17     Dostava opozoril je privzeto izključena (PIM_ALERT_DELIVERY_ENABLED ni true); omrežni klic ni bil izveden.
13:47:17     konec: Razposiljanje alarmov
13:47:17  Nadzor koncan; padlih korakov: 0.
13:52:15  == Nadzornik zastalih obdelav ==
13:52:17     Watchdog pregled je končan.
13:52:17     konec: Nadzornik zastalih obdelav
13:52:17  == Razposiljanje alarmov ==
13:52:18     Dostava opozoril je privzeto izključena (PIM_ALERT_DELIVERY_ENABLED ni true); omrežni klic ni bil izveden.
13:52:19     konec: Razposiljanje alarmov
13:52:19  Nadzor koncan; padlih korakov: 0.
13:57:15  == Nadzornik zastalih obdelav ==
13:57:16     Watchdog pregled je končan.
13:57:16     konec: Nadzornik zastalih obdelav
13:57:16  == Razposiljanje alarmov ==
13:57:18     Dostava opozoril je privzeto izključena (PIM_ALERT_DELIVERY_ENABLED ni true); omrežni klic ni bil izveden.
13:57:18     konec: Razposiljanje alarmov
13:57:18  Nadzor koncan; padlih korakov: 0.
14:02:15  == Nadzornik zastalih obdelav ==
14:02:16     Watchdog pregled je končan.
14:02:16     konec: Nadzornik zastalih obdelav
14:02:16  == Razposiljanje alarmov ==
14:02:17     Dostava opozoril je privzeto izključena (PIM_ALERT_DELIVERY_ENABLED ni true); omrežni klic ni bil izveden.
14:02:17     konec: Razposiljanje alarmov
14:02:17  Nadzor koncan; padlih korakov: 0.
14:07:15  == Nadzornik zastalih obdelav ==
14:07:17     Watchdog pregled je končan.
14:07:17     konec: Nadzornik zastalih obdelav
14:07:17  == Razposiljanje alarmov ==
14:07:18     Dostava opozoril je privzeto izključena (PIM_ALERT_DELIVERY_ENABLED ni true); omrežni klic ni bil izveden.
14:07:18     konec: Razposiljanje alarmov
14:07:18  Nadzor koncan; padlih korakov: 0.
14:12:15  == Nadzornik zastalih obdelav ==
14:12:16     Watchdog pregled je končan.
14:12:16     konec: Nadzornik zastalih obdelav
14:12:16  == Razposiljanje alarmov ==
14:12:17     Dostava opozoril je privzeto izključena (PIM_ALERT_DELIVERY_ENABLED ni true); omrežni klic ni bil izveden.
14:12:17     konec: Razposiljanje alarmov
14:12:17  Nadzor koncan; padlih korakov: 0.
14:17:15  == Nadzornik zastalih obdelav ==
14:17:16     Watchdog pregled je končan.
14:17:16     konec: Nadzornik zastalih obdelav
14:17:16  == Razposiljanje alarmov ==
14:17:17     Dostava opozoril je privzeto izključena (PIM_ALERT_DELIVERY_ENABLED ni true); omrežni klic ni bil izveden.
14:17:17     konec: Razposiljanje alarmov
14:17:17  Nadzor koncan; padlih korakov: 0.
14:22:15  == Nadzornik zastalih obdelav ==
14:22:16     Watchdog pregled je končan.
14:22:16     konec: Nadzornik zastalih obdelav
14:22:16  == Razposiljanje alarmov ==
14:22:17     Dostava opozoril je privzeto izključena (PIM_ALERT_DELIVERY_ENABLED ni true); omrežni klic ni bil izveden.
14:22:17     konec: Razposiljanje alarmov
14:22:17  Nadzor koncan; padlih korakov: 0.
14:27:15  == Nadzornik zastalih obdelav ==
14:27:17     Watchdog pregled je končan.
14:27:17     konec: Nadzornik zastalih obdelav
14:27:17  == Razposiljanje alarmov ==
14:27:18     Dostava opozoril je privzeto izključena (PIM_ALERT_DELIVERY_ENABLED ni true); omrežni klic ni bil izveden.
14:27:18     konec: Razposiljanje alarmov
14:27:18  Nadzor koncan; padlih korakov: 0.
14:32:15  == Nadzornik zastalih obdelav ==
14:32:16     Watchdog pregled je končan.
14:32:16     konec: Nadzornik zastalih obdelav
14:32:16  == Razposiljanje alarmov ==
14:32:17     Dostava opozoril je privzeto izključena (PIM_ALERT_DELIVERY_ENABLED ni true); omrežni klic ni bil izveden.
14:32:17     konec: Razposiljanje alarmov
14:32:17  Nadzor koncan; padlih korakov: 0.
14:37:15  == Nadzornik zastalih obdelav ==
14:37:17     Watchdog pregled je končan.
14:37:17     konec: Nadzornik zastalih obdelav
14:37:17  == Razposiljanje alarmov ==
14:37:18     Dostava opozoril je privzeto izključena (PIM_ALERT_DELIVERY_ENABLED ni true); omrežni klic ni bil izveden.
14:37:19     konec: Razposiljanje alarmov
14:37:19  Nadzor koncan; padlih korakov: 0.
14:42:15  == Nadzornik zastalih obdelav ==
14:42:16     Watchdog pregled je končan.
14:42:16     konec: Nadzornik zastalih obdelav
14:42:16  == Razposiljanje alarmov ==
14:42:17     Dostava opozoril je privzeto izključena (PIM_ALERT_DELIVERY_ENABLED ni true); omrežni klic ni bil izveden.
14:42:17     konec: Razposiljanje alarmov
14:42:17  Nadzor koncan; padlih korakov: 0.
14:47:15  == Nadzornik zastalih obdelav ==
14:47:17     Watchdog pregled je končan.
14:47:17     konec: Nadzornik zastalih obdelav
14:47:17  == Razposiljanje alarmov ==
14:47:18     Dostava opozoril je privzeto izključena (PIM_ALERT_DELIVERY_ENABLED ni true); omrežni klic ni bil izveden.
14:47:18     konec: Razposiljanje alarmov
14:47:18  Nadzor koncan; padlih korakov: 0.
14:52:15  == Nadzornik zastalih obdelav ==
14:52:16     Watchdog pregled je končan.
14:52:16     konec: Nadzornik zastalih obdelav
14:52:16  == Razposiljanje alarmov ==
14:52:17     Dostava opozoril je privzeto izključena (PIM_ALERT_DELIVERY_ENABLED ni true); omrežni klic ni bil izveden.
14:52:17     konec: Razposiljanje alarmov
14:52:17  Nadzor koncan; padlih korakov: 0.
14:57:15  == Nadzornik zastalih obdelav ==
14:57:16     Watchdog pregled je končan.
14:57:16     konec: Nadzornik zastalih obdelav
14:57:16  == Razposiljanje alarmov ==
14:57:17     Dostava opozoril je privzeto izključena (PIM_ALERT_DELIVERY_ENABLED ni true); omrežni klic ni bil izveden.
14:57:17     konec: Razposiljanje alarmov
14:57:17  Nadzor koncan; padlih korakov: 0.
15:02:15  == Nadzornik zastalih obdelav ==
15:02:17     Watchdog pregled je končan.
15:02:17     konec: Nadzornik zastalih obdelav
15:02:17  == Razposiljanje alarmov ==
15:02:18     Dostava opozoril je privzeto izključena (PIM_ALERT_DELIVERY_ENABLED ni true); omrežni klic ni bil izveden.
15:02:18     konec: Razposiljanje alarmov
15:02:18  Nadzor koncan; padlih korakov: 0.
15:07:15  == Nadzornik zastalih obdelav ==
15:07:16     Watchdog pregled je končan.
15:07:16     konec: Nadzornik zastalih obdelav
15:07:16  == Razposiljanje alarmov ==
15:07:17     Dostava opozoril je privzeto izključena (PIM_ALERT_DELIVERY_ENABLED ni true); omrežni klic ni bil izveden.
15:07:17     konec: Razposiljanje alarmov
15:07:17  Nadzor koncan; padlih korakov: 0.
15:12:15  == Nadzornik zastalih obdelav ==
15:12:17     Watchdog pregled je končan.
15:12:17     konec: Nadzornik zastalih obdelav
15:12:17  == Razposiljanje alarmov ==
15:12:18     Dostava opozoril je privzeto izključena (PIM_ALERT_DELIVERY_ENABLED ni true); omrežni klic ni bil izveden.
15:12:18     konec: Razposiljanje alarmov
15:12:18  Nadzor koncan; padlih korakov: 0.
15:17:15  == Nadzornik zastalih obdelav ==
15:17:16     Watchdog pregled je končan.
15:17:16     konec: Nadzornik zastalih obdelav
15:17:16  == Razposiljanje alarmov ==
15:17:17     Dostava opozoril je privzeto izključena (PIM_ALERT_DELIVERY_ENABLED ni true); omrežni klic ni bil izveden.
15:17:17     konec: Razposiljanje alarmov
15:17:17  Nadzor koncan; padlih korakov: 0.
15:22:15  == Nadzornik zastalih obdelav ==
15:22:16     Watchdog pregled je končan.
15:22:16     konec: Nadzornik zastalih obdelav
15:22:16  == Razposiljanje alarmov ==
15:22:17     Dostava opozoril je privzeto izključena (PIM_ALERT_DELIVERY_ENABLED ni true); omrežni klic ni bil izveden.
15:22:18     konec: Razposiljanje alarmov
15:22:18  Nadzor koncan; padlih korakov: 0.
15:27:16  == Nadzornik zastalih obdelav ==
15:27:17     Watchdog pregled je končan.
15:27:17     konec: Nadzornik zastalih obdelav
15:27:17  == Razposiljanje alarmov ==
15:27:18     Dostava opozoril je privzeto izključena (PIM_ALERT_DELIVERY_ENABLED ni true); omrežni klic ni bil izveden.
15:27:18     konec: Razposiljanje alarmov
15:27:18  Nadzor koncan; padlih korakov: 0.
15:32:15  == Nadzornik zastalih obdelav ==
15:32:16     Watchdog pregled je končan.
15:32:17     konec: Nadzornik zastalih obdelav
15:32:17  == Razposiljanje alarmov ==
15:32:18     Dostava opozoril je privzeto izključena (PIM_ALERT_DELIVERY_ENABLED ni true); omrežni klic ni bil izveden.
15:32:18     konec: Razposiljanje alarmov
15:32:18  Nadzor koncan; padlih korakov: 0.
15:37:15  == Nadzornik zastalih obdelav ==
15:37:17     Watchdog pregled je končan.
15:37:17     konec: Nadzornik zastalih obdelav
15:37:17  == Razposiljanje alarmov ==
15:37:18     Dostava opozoril je privzeto izključena (PIM_ALERT_DELIVERY_ENABLED ni true); omrežni klic ni bil izveden.
15:37:18     konec: Razposiljanje alarmov
15:37:18  Nadzor koncan; padlih korakov: 0.
15:42:15  == Nadzornik zastalih obdelav ==
15:42:17     Watchdog pregled je končan.
15:42:17     konec: Nadzornik zastalih obdelav
15:42:17  == Razposiljanje alarmov ==
15:42:18     Dostava opozoril je privzeto izključena (PIM_ALERT_DELIVERY_ENABLED ni true); omrežni klic ni bil izveden.
15:42:18     konec: Razposiljanje alarmov
15:42:18  Nadzor koncan; padlih korakov: 0.
15:47:15  == Nadzornik zastalih obdelav ==
15:47:16     Watchdog pregled je končan.
15:47:16     konec: Nadzornik zastalih obdelav
15:47:16  == Razposiljanje alarmov ==
15:47:17     Dostava opozoril je privzeto izključena (PIM_ALERT_DELIVERY_ENABLED ni true); omrežni klic ni bil izveden.
15:47:17     konec: Razposiljanje alarmov
15:47:17  Nadzor koncan; padlih korakov: 0.
15:52:16  == Nadzornik zastalih obdelav ==
15:52:18     Watchdog pregled je končan.
15:52:18     konec: Nadzornik zastalih obdelav
15:52:18  == Razposiljanje alarmov ==
15:52:20     Dostava opozoril je privzeto izključena (PIM_ALERT_DELIVERY_ENABLED ni true); omrežni klic ni bil izveden.
15:52:20     konec: Razposiljanje alarmov
15:52:20  Nadzor koncan; padlih korakov: 0.
15:57:16  == Nadzornik zastalih obdelav ==
15:57:18     Watchdog pregled je končan.
15:57:18     konec: Nadzornik zastalih obdelav
15:57:18  == Razposiljanje alarmov ==
15:57:19     Dostava opozoril je privzeto izključena (PIM_ALERT_DELIVERY_ENABLED ni true); omrežni klic ni bil izveden.
15:57:19     konec: Razposiljanje alarmov
15:57:19  Nadzor koncan; padlih korakov: 0.
16:02:15  == Nadzornik zastalih obdelav ==
16:02:17     Watchdog pregled je končan.
16:02:17     konec: Nadzornik zastalih obdelav
16:02:17  == Razposiljanje alarmov ==
16:02:18     Dostava opozoril je privzeto izključena (PIM_ALERT_DELIVERY_ENABLED ni true); omrežni klic ni bil izveden.
16:02:18     konec: Razposiljanje alarmov
16:02:18  Nadzor koncan; padlih korakov: 0.
16:07:15  == Nadzornik zastalih obdelav ==
16:07:16     Watchdog pregled je končan.
16:07:16     konec: Nadzornik zastalih obdelav
16:07:16  == Razposiljanje alarmov ==
16:07:17     Dostava opozoril je privzeto izključena (PIM_ALERT_DELIVERY_ENABLED ni true); omrežni klic ni bil izveden.
16:07:17     konec: Razposiljanje alarmov
16:07:17  Nadzor koncan; padlih korakov: 0.
16:34:47  == Nadzornik zastalih obdelav ==
16:34:48     Watchdog pregled je končan.
16:34:49     konec: Nadzornik zastalih obdelav
16:34:49  == Razposiljanje alarmov ==
16:34:50     Dostava opozoril je privzeto izključena (PIM_ALERT_DELIVERY_ENABLED ni true); omrežni klic ni bil izveden.
16:34:50     konec: Razposiljanje alarmov
16:34:50  Nadzor koncan; padlih korakov: 0.
16:37:15  == Nadzornik zastalih obdelav ==
16:37:16     Watchdog pregled je končan.
16:37:16     konec: Nadzornik zastalih obdelav
16:37:16  == Razposiljanje alarmov ==
16:37:17     Dostava opozoril je privzeto izključena (PIM_ALERT_DELIVERY_ENABLED ni true); omrežni klic ni bil izveden.
16:37:17     konec: Razposiljanje alarmov
16:37:17  Nadzor koncan; padlih korakov: 0.
16:42:15  == Nadzornik zastalih obdelav ==
16:42:16     Watchdog pregled je končan.
16:42:16     konec: Nadzornik zastalih obdelav
16:42:16  == Razposiljanje alarmov ==
16:42:17     Dostava opozoril je privzeto izključena (PIM_ALERT_DELIVERY_ENABLED ni true); omrežni klic ni bil izveden.
16:42:17     konec: Razposiljanje alarmov
16:42:17  Nadzor koncan; padlih korakov: 0.
16:47:16  == Nadzornik zastalih obdelav ==
16:47:17     Watchdog pregled je končan.
16:47:17     konec: Nadzornik zastalih obdelav
16:47:17  == Razposiljanje alarmov ==
16:47:18     Dostava opozoril je privzeto izključena (PIM_ALERT_DELIVERY_ENABLED ni true); omrežni klic ni bil izveden.
16:47:18     konec: Razposiljanje alarmov
16:47:18  Nadzor koncan; padlih korakov: 0.
16:52:16  == Nadzornik zastalih obdelav ==
16:52:17     Watchdog pregled je končan.
16:52:17     konec: Nadzornik zastalih obdelav
16:52:17  == Razposiljanje alarmov ==
16:52:18     Dostava opozoril je privzeto izključena (PIM_ALERT_DELIVERY_ENABLED ni true); omrežni klic ni bil izveden.
16:52:18     konec: Razposiljanje alarmov
16:52:18  Nadzor koncan; padlih korakov: 0.
16:57:16  == Nadzornik zastalih obdelav ==
16:57:17     Watchdog pregled je končan.
16:57:17     konec: Nadzornik zastalih obdelav
16:57:17  == Razposiljanje alarmov ==
16:57:18     Dostava opozoril je privzeto izključena (PIM_ALERT_DELIVERY_ENABLED ni true); omrežni klic ni bil izveden.
16:57:18     konec: Razposiljanje alarmov
16:57:18  Nadzor koncan; padlih korakov: 0.
17:02:16  == Nadzornik zastalih obdelav ==
17:02:17     Watchdog pregled je končan.
17:02:17     konec: Nadzornik zastalih obdelav
17:02:17  == Razposiljanje alarmov ==
17:02:18     Dostava opozoril je privzeto izključena (PIM_ALERT_DELIVERY_ENABLED ni true); omrežni klic ni bil izveden.
17:02:18     konec: Razposiljanje alarmov
17:02:18  Nadzor koncan; padlih korakov: 0.
17:07:16  == Nadzornik zastalih obdelav ==
17:07:17     Watchdog pregled je končan.
17:07:17     konec: Nadzornik zastalih obdelav
17:07:17  == Razposiljanje alarmov ==
17:07:18     Dostava opozoril je privzeto izključena (PIM_ALERT_DELIVERY_ENABLED ni true); omrežni klic ni bil izveden.
17:07:18     konec: Razposiljanje alarmov
17:07:18  Nadzor koncan; padlih korakov: 0.
