15:42:23  == Nadzornik zastalih obdelav ==
15:42:26     Watchdog pregled je končan.
15:42:26     konec: Nadzornik zastalih obdelav
15:42:26  == Razposiljanje alarmov ==
15:42:28     Dostava opozoril je privzeto izključena (PIM_ALERT_DELIVERY_ENABLED ni true); omrežni klic ni bil izveden.
15:42:28     konec: Razposiljanje alarmov
15:42:28  Nadzor koncan; padlih korakov: 0.
15:47:16  == Nadzornik zastalih obdelav ==
15:47:17     Watchdog pregled je končan.
15:47:17     konec: Nadzornik zastalih obdelav
15:47:17  == Razposiljanje alarmov ==
15:47:19     Dostava opozoril je privzeto izključena (PIM_ALERT_DELIVERY_ENABLED ni true); omrežni klic ni bil izveden.
15:47:19     konec: Razposiljanje alarmov
15:47:19  Nadzor koncan; padlih korakov: 0.
15:52:16  == Nadzornik zastalih obdelav ==
15:52:17     Watchdog pregled je končan.
15:52:17     konec: Nadzornik zastalih obdelav
15:52:17  == Razposiljanje alarmov ==
15:52:18     Dostava opozoril je privzeto izključena (PIM_ALERT_DELIVERY_ENABLED ni true); omrežni klic ni bil izveden.
15:52:18     konec: Razposiljanje alarmov
15:52:18  Nadzor koncan; padlih korakov: 0.
16:04:33  == Nadzornik zastalih obdelav ==
16:04:35     Watchdog pregled je končan.
16:04:35     konec: Nadzornik zastalih obdelav
16:04:35  == Razposiljanje alarmov ==
16:04:36     Dostava opozoril je privzeto izključena (PIM_ALERT_DELIVERY_ENABLED ni true); omrežni klic ni bil izveden.
16:04:36     konec: Razposiljanje alarmov
16:04:36  Nadzor koncan; padlih korakov: 0.
16:07:16  == Nadzornik zastalih obdelav ==
16:07:17     Watchdog pregled je končan.
16:07:17     konec: Nadzornik zastalih obdelav
16:07:17  == Razposiljanje alarmov ==
16:07:18     Dostava opozoril je privzeto izključena (PIM_ALERT_DELIVERY_ENABLED ni true); omrežni klic ni bil izveden.
16:07:18     konec: Razposiljanje alarmov
16:07:18  Nadzor koncan; padlih korakov: 0.
16:12:16  == Nadzornik zastalih obdelav ==
16:12:17     Watchdog pregled je končan.
16:12:17     konec: Nadzornik zastalih obdelav
16:12:17  == Razposiljanje alarmov ==
16:12:19     Dostava opozoril je privzeto izključena (PIM_ALERT_DELIVERY_ENABLED ni true); omrežni klic ni bil izveden.
16:12:19     konec: Razposiljanje alarmov
16:12:19  Nadzor koncan; padlih korakov: 0.
16:17:16  == Nadzornik zastalih obdelav ==
16:17:17     Watchdog pregled je končan.
16:17:17     konec: Nadzornik zastalih obdelav
16:17:17  == Razposiljanje alarmov ==
16:17:18     Dostava opozoril je privzeto izključena (PIM_ALERT_DELIVERY_ENABLED ni true); omrežni klic ni bil izveden.
16:17:18     konec: Razposiljanje alarmov
16:17:18  Nadzor koncan; padlih korakov: 0.
16:22:16  == Nadzornik zastalih obdelav ==
16:22:18     Watchdog pregled je končan.
16:22:18     konec: Nadzornik zastalih obdelav
16:22:18  == Razposiljanje alarmov ==
16:22:19     Dostava opozoril je privzeto izključena (PIM_ALERT_DELIVERY_ENABLED ni true); omrežni klic ni bil izveden.
16:22:20     konec: Razposiljanje alarmov
16:22:20  Nadzor koncan; padlih korakov: 0.
16:27:16  == Nadzornik zastalih obdelav ==
16:27:17     Watchdog pregled je končan.
16:27:18     konec: Nadzornik zastalih obdelav
16:27:18  == Razposiljanje alarmov ==
16:27:19     Dostava opozoril je privzeto izključena (PIM_ALERT_DELIVERY_ENABLED ni true); omrežni klic ni bil izveden.
16:27:19     konec: Razposiljanje alarmov
16:27:19  Nadzor koncan; padlih korakov: 0.
16:32:17  == Nadzornik zastalih obdelav ==
16:32:20     Watchdog pregled je končan.
16:32:20     konec: Nadzornik zastalih obdelav
16:32:20  == Razposiljanje alarmov ==
16:32:22     Dostava opozoril je privzeto izključena (PIM_ALERT_DELIVERY_ENABLED ni true); omrežni klic ni bil izveden.
16:32:22     konec: Razposiljanje alarmov
16:32:22  Nadzor koncan; padlih korakov: 0.
16:37:21  == Nadzornik zastalih obdelav ==
16:37:23     Watchdog pregled je končan.
16:37:23     konec: Nadzornik zastalih obdelav
16:37:23  == Razposiljanje alarmov ==
16:37:25     Dostava opozoril je privzeto izključena (PIM_ALERT_DELIVERY_ENABLED ni true); omrežni klic ni bil izveden.
16:37:25     konec: Razposiljanje alarmov
16:37:25  Nadzor koncan; padlih korakov: 0.
16:42:16  == Nadzornik zastalih obdelav ==
16:42:17     Watchdog pregled je končan.
16:42:17     konec: Nadzornik zastalih obdelav
16:42:17  == Razposiljanje alarmov ==
16:42:18     Dostava opozoril je privzeto izključena (PIM_ALERT_DELIVERY_ENABLED ni true); omrežni klic ni bil izveden.
16:42:18     konec: Razposiljanje alarmov
16:42:18  Nadzor koncan; padlih korakov: 0.
16:47:16  == Nadzornik zastalih obdelav ==
16:47:17     Watchdog pregled je končan.
16:47:17     konec: Nadzornik zastalih obdelav
16:47:17  == Razposiljanje alarmov ==
16:47:18     Dostava opozoril je privzeto izključena (PIM_ALERT_DELIVERY_ENABLED ni true); omrežni klic ni bil izveden.
16:47:18     konec: Razposiljanje alarmov
16:47:18  Nadzor koncan; padlih korakov: 0.
16:52:16  == Nadzornik zastalih obdelav ==
16:52:16     Watchdog pregled je končan.
16:52:16     konec: Nadzornik zastalih obdelav
16:52:16  == Razposiljanje alarmov ==
16:52:17     Dostava opozoril je privzeto izključena (PIM_ALERT_DELIVERY_ENABLED ni true); omrežni klic ni bil izveden.
16:52:18     konec: Razposiljanje alarmov
16:52:18  Nadzor koncan; padlih korakov: 0.
16:57:16  == Nadzornik zastalih obdelav ==
16:57:17     Watchdog pregled je končan.
16:57:17     konec: Nadzornik zastalih obdelav
16:57:17  == Razposiljanje alarmov ==
16:57:18     Dostava opozoril je privzeto izključena (PIM_ALERT_DELIVERY_ENABLED ni true); omrežni klic ni bil izveden.
16:57:18     konec: Razposiljanje alarmov
16:57:18  Nadzor koncan; padlih korakov: 0.
17:02:16  == Nadzornik zastalih obdelav ==
17:02:17     Watchdog pregled je končan.
17:02:17     konec: Nadzornik zastalih obdelav
17:02:17  == Razposiljanje alarmov ==
17:02:18     Dostava opozoril je privzeto izključena (PIM_ALERT_DELIVERY_ENABLED ni true); omrežni klic ni bil izveden.
17:02:18     konec: Razposiljanje alarmov
17:02:18  Nadzor koncan; padlih korakov: 0.
17:07:16  == Nadzornik zastalih obdelav ==
17:07:17     Watchdog pregled je končan.
17:07:17     konec: Nadzornik zastalih obdelav
17:07:17  == Razposiljanje alarmov ==
17:07:19     Dostava opozoril je privzeto izključena (PIM_ALERT_DELIVERY_ENABLED ni true); omrežni klic ni bil izveden.
17:07:19     konec: Razposiljanje alarmov
17:07:19  Nadzor koncan; padlih korakov: 0.
17:12:16  == Nadzornik zastalih obdelav ==
17:12:17     Watchdog pregled je končan.
17:12:17     konec: Nadzornik zastalih obdelav
17:12:17  == Razposiljanje alarmov ==
17:12:18     Dostava opozoril je privzeto izključena (PIM_ALERT_DELIVERY_ENABLED ni true); omrežni klic ni bil izveden.
17:12:18     konec: Razposiljanje alarmov
17:12:18  Nadzor koncan; padlih korakov: 0.
17:17:16  == Nadzornik zastalih obdelav ==
17:17:17     Watchdog pregled je končan.
17:17:17     konec: Nadzornik zastalih obdelav
17:17:17  == Razposiljanje alarmov ==
17:17:18     Dostava opozoril je privzeto izključena (PIM_ALERT_DELIVERY_ENABLED ni true); omrežni klic ni bil izveden.
17:17:18     konec: Razposiljanje alarmov
17:17:18  Nadzor koncan; padlih korakov: 0.
17:22:16  == Nadzornik zastalih obdelav ==
17:22:17     Watchdog pregled je končan.
17:22:17     konec: Nadzornik zastalih obdelav
17:22:17  == Razposiljanje alarmov ==
17:22:18     Dostava opozoril je privzeto izključena (PIM_ALERT_DELIVERY_ENABLED ni true); omrežni klic ni bil izveden.
17:22:18     konec: Razposiljanje alarmov
17:22:18  Nadzor koncan; padlih korakov: 0.
17:27:16  == Nadzornik zastalih obdelav ==
17:27:17     Watchdog pregled je končan.
17:27:17     konec: Nadzornik zastalih obdelav
17:27:17  == Razposiljanje alarmov ==
17:27:18     Dostava opozoril je privzeto izključena (PIM_ALERT_DELIVERY_ENABLED ni true); omrežni klic ni bil izveden.
17:27:18     konec: Razposiljanje alarmov
17:27:18  Nadzor koncan; padlih korakov: 0.
17:32:16  == Nadzornik zastalih obdelav ==
17:32:17     Watchdog pregled je končan.
17:32:17     konec: Nadzornik zastalih obdelav
17:32:17  == Razposiljanje alarmov ==
17:32:18     Dostava opozoril je privzeto izključena (PIM_ALERT_DELIVERY_ENABLED ni true); omrežni klic ni bil izveden.
17:32:18     konec: Razposiljanje alarmov
17:32:18  Nadzor koncan; padlih korakov: 0.
17:37:16  == Nadzornik zastalih obdelav ==
17:37:17     Watchdog pregled je končan.
17:37:17     konec: Nadzornik zastalih obdelav
17:37:17  == Razposiljanje alarmov ==
17:37:18     Dostava opozoril je privzeto izključena (PIM_ALERT_DELIVERY_ENABLED ni true); omrežni klic ni bil izveden.
17:37:18     konec: Razposiljanje alarmov
17:37:18  Nadzor koncan; padlih korakov: 0.
17:42:16  == Nadzornik zastalih obdelav ==
17:42:17     Watchdog pregled je končan.
17:42:17     konec: Nadzornik zastalih obdelav
17:42:17  == Razposiljanje alarmov ==
17:42:18     Dostava opozoril je privzeto izključena (PIM_ALERT_DELIVERY_ENABLED ni true); omrežni klic ni bil izveden.
17:42:18     konec: Razposiljanje alarmov
17:42:18  Nadzor koncan; padlih korakov: 0.
17:47:16  == Nadzornik zastalih obdelav ==
17:47:17     Watchdog pregled je končan.
17:47:17     konec: Nadzornik zastalih obdelav
17:47:17  == Razposiljanje alarmov ==
17:47:18     Dostava opozoril je privzeto izključena (PIM_ALERT_DELIVERY_ENABLED ni true); omrežni klic ni bil izveden.
17:47:18     konec: Razposiljanje alarmov
17:47:18  Nadzor koncan; padlih korakov: 0.
17:52:16  == Nadzornik zastalih obdelav ==
17:52:17     Watchdog pregled je končan.
17:52:17     konec: Nadzornik zastalih obdelav
17:52:17  == Razposiljanje alarmov ==
17:52:19     Dostava opozoril je privzeto izključena (PIM_ALERT_DELIVERY_ENABLED ni true); omrežni klic ni bil izveden.
17:52:19     konec: Razposiljanje alarmov
17:52:19  Nadzor koncan; padlih korakov: 0.
17:57:16  == Nadzornik zastalih obdelav ==
17:57:17     Watchdog pregled je končan.
17:57:17     konec: Nadzornik zastalih obdelav
17:57:17  == Razposiljanje alarmov ==
17:57:19     Dostava opozoril je privzeto izključena (PIM_ALERT_DELIVERY_ENABLED ni true); omrežni klic ni bil izveden.
17:57:19     konec: Razposiljanje alarmov
17:57:19  Nadzor koncan; padlih korakov: 0.
18:02:16  == Nadzornik zastalih obdelav ==
18:02:17     Watchdog pregled je končan.
18:02:17     konec: Nadzornik zastalih obdelav
18:02:17  == Razposiljanje alarmov ==
18:02:18     Dostava opozoril je privzeto izključena (PIM_ALERT_DELIVERY_ENABLED ni true); omrežni klic ni bil izveden.
18:02:18     konec: Razposiljanje alarmov
18:02:18  Nadzor koncan; padlih korakov: 0.
18:07:16  == Nadzornik zastalih obdelav ==
18:07:17     Watchdog pregled je končan.
18:07:17     konec: Nadzornik zastalih obdelav
18:07:17  == Razposiljanje alarmov ==
18:07:18     Dostava opozoril je privzeto izključena (PIM_ALERT_DELIVERY_ENABLED ni true); omrežni klic ni bil izveden.
18:07:18     konec: Razposiljanje alarmov
18:07:18  Nadzor koncan; padlih korakov: 0.
18:12:16  == Nadzornik zastalih obdelav ==
18:12:17     Watchdog pregled je končan.
18:12:17     konec: Nadzornik zastalih obdelav
18:12:17  == Razposiljanje alarmov ==
18:12:18     Dostava opozoril je privzeto izključena (PIM_ALERT_DELIVERY_ENABLED ni true); omrežni klic ni bil izveden.
18:12:18     konec: Razposiljanje alarmov
18:12:18  Nadzor koncan; padlih korakov: 0.
18:17:16  == Nadzornik zastalih obdelav ==
18:17:17     Watchdog pregled je končan.
18:17:17     konec: Nadzornik zastalih obdelav
18:17:17  == Razposiljanje alarmov ==
18:17:18     Dostava opozoril je privzeto izključena (PIM_ALERT_DELIVERY_ENABLED ni true); omrežni klic ni bil izveden.
18:17:18     konec: Razposiljanje alarmov
18:17:18  Nadzor koncan; padlih korakov: 0.
18:22:16  == Nadzornik zastalih obdelav ==
18:22:17     Watchdog pregled je končan.
18:22:17     konec: Nadzornik zastalih obdelav
18:22:17  == Razposiljanje alarmov ==
18:22:18     Dostava opozoril je privzeto izključena (PIM_ALERT_DELIVERY_ENABLED ni true); omrežni klic ni bil izveden.
18:22:18     konec: Razposiljanje alarmov
18:22:18  Nadzor koncan; padlih korakov: 0.
18:27:16  == Nadzornik zastalih obdelav ==
18:27:17     Watchdog pregled je končan.
18:27:17     konec: Nadzornik zastalih obdelav
18:27:17  == Razposiljanje alarmov ==
18:27:18     Dostava opozoril je privzeto izključena (PIM_ALERT_DELIVERY_ENABLED ni true); omrežni klic ni bil izveden.
18:27:18     konec: Razposiljanje alarmov
18:27:18  Nadzor koncan; padlih korakov: 0.
18:32:16  == Nadzornik zastalih obdelav ==
18:32:17     Watchdog pregled je končan.
18:32:17     konec: Nadzornik zastalih obdelav
18:32:17  == Razposiljanje alarmov ==
18:32:18     Dostava opozoril je privzeto izključena (PIM_ALERT_DELIVERY_ENABLED ni true); omrežni klic ni bil izveden.
18:32:18     konec: Razposiljanje alarmov
18:32:18  Nadzor koncan; padlih korakov: 0.
18:37:16  == Nadzornik zastalih obdelav ==
18:37:17     Watchdog pregled je končan.
18:37:17     konec: Nadzornik zastalih obdelav
18:37:17  == Razposiljanje alarmov ==
18:37:18     Dostava opozoril je privzeto izključena (PIM_ALERT_DELIVERY_ENABLED ni true); omrežni klic ni bil izveden.
18:37:18     konec: Razposiljanje alarmov
18:37:18  Nadzor koncan; padlih korakov: 0.
18:42:16  == Nadzornik zastalih obdelav ==
18:42:18     Watchdog pregled je končan.
18:42:18     konec: Nadzornik zastalih obdelav
18:42:18  == Razposiljanje alarmov ==
18:42:19     Dostava opozoril je privzeto izključena (PIM_ALERT_DELIVERY_ENABLED ni true); omrežni klic ni bil izveden.
18:42:19     konec: Razposiljanje alarmov
18:42:19  Nadzor koncan; padlih korakov: 0.
18:47:16  == Nadzornik zastalih obdelav ==
18:47:17     Watchdog pregled je končan.
18:47:17     konec: Nadzornik zastalih obdelav
18:47:17  == Razposiljanje alarmov ==
18:47:18     Dostava opozoril je privzeto izključena (PIM_ALERT_DELIVERY_ENABLED ni true); omrežni klic ni bil izveden.
18:47:18     konec: Razposiljanje alarmov
18:47:18  Nadzor koncan; padlih korakov: 0.
18:52:16  == Nadzornik zastalih obdelav ==
18:52:17     Watchdog pregled je končan.
18:52:17     konec: Nadzornik zastalih obdelav
18:52:17  == Razposiljanje alarmov ==
18:52:18     Dostava opozoril je privzeto izključena (PIM_ALERT_DELIVERY_ENABLED ni true); omrežni klic ni bil izveden.
18:52:18     konec: Razposiljanje alarmov
18:52:18  Nadzor koncan; padlih korakov: 0.
18:57:16  == Nadzornik zastalih obdelav ==
18:57:17     Watchdog pregled je končan.
18:57:17     konec: Nadzornik zastalih obdelav
18:57:17  == Razposiljanje alarmov ==
18:57:18     Dostava opozoril je privzeto izključena (PIM_ALERT_DELIVERY_ENABLED ni true); omrežni klic ni bil izveden.
18:57:18     konec: Razposiljanje alarmov
18:57:18  Nadzor koncan; padlih korakov: 0.
19:02:16  == Nadzornik zastalih obdelav ==
19:02:17     Watchdog pregled je končan.
19:02:17     konec: Nadzornik zastalih obdelav
19:02:17  == Razposiljanje alarmov ==
19:02:18     Dostava opozoril je privzeto izključena (PIM_ALERT_DELIVERY_ENABLED ni true); omrežni klic ni bil izveden.
19:02:18     konec: Razposiljanje alarmov
19:02:18  Nadzor koncan; padlih korakov: 0.
19:07:16  == Nadzornik zastalih obdelav ==
19:07:17     Watchdog pregled je končan.
19:07:17     konec: Nadzornik zastalih obdelav
19:07:17  == Razposiljanje alarmov ==
19:07:18     Dostava opozoril je privzeto izključena (PIM_ALERT_DELIVERY_ENABLED ni true); omrežni klic ni bil izveden.
19:07:18     konec: Razposiljanje alarmov
19:07:18  Nadzor koncan; padlih korakov: 0.
19:12:16  == Nadzornik zastalih obdelav ==
19:12:17     Watchdog pregled je končan.
19:12:17     konec: Nadzornik zastalih obdelav
19:12:17  == Razposiljanje alarmov ==
19:12:18     Dostava opozoril je privzeto izključena (PIM_ALERT_DELIVERY_ENABLED ni true); omrežni klic ni bil izveden.
19:12:18     konec: Razposiljanje alarmov
19:12:18  Nadzor koncan; padlih korakov: 0.
19:17:16  == Nadzornik zastalih obdelav ==
19:17:17     Watchdog pregled je končan.
19:17:17     konec: Nadzornik zastalih obdelav
19:17:17  == Razposiljanje alarmov ==
19:17:18     Dostava opozoril je privzeto izključena (PIM_ALERT_DELIVERY_ENABLED ni true); omrežni klic ni bil izveden.
19:17:18     konec: Razposiljanje alarmov
19:17:18  Nadzor koncan; padlih korakov: 0.
19:22:16  == Nadzornik zastalih obdelav ==
19:22:17     Watchdog pregled je končan.
19:22:17     konec: Nadzornik zastalih obdelav
19:22:17  == Razposiljanje alarmov ==
19:22:19     Dostava opozoril je privzeto izključena (PIM_ALERT_DELIVERY_ENABLED ni true); omrežni klic ni bil izveden.
19:22:19     konec: Razposiljanje alarmov
19:22:19  Nadzor koncan; padlih korakov: 0.
19:27:16  == Nadzornik zastalih obdelav ==
19:27:17     Watchdog pregled je končan.
19:27:17     konec: Nadzornik zastalih obdelav
19:27:17  == Razposiljanje alarmov ==
19:27:18     Dostava opozoril je privzeto izključena (PIM_ALERT_DELIVERY_ENABLED ni true); omrežni klic ni bil izveden.
19:27:18     konec: Razposiljanje alarmov
19:27:18  Nadzor koncan; padlih korakov: 0.
19:32:16  PRESKOCENO: cikel poganja razporejevalnik v aplikaciji (DESKTOP-TONVQHJ:2216:AutomationHost:console / AutomationHost:console). Windows naloga ni vec potrebna - odstrani jo z scripts\Namesti-opravila.ps1 -Odstrani. Za rocni zagon kljub temu dodaj -Vseeno.
19:37:16  PRESKOCENO: cikel poganja razporejevalnik v aplikaciji (DESKTOP-TONVQHJ:2216:AutomationHost:console / AutomationHost:console). Windows naloga ni vec potrebna - odstrani jo z scripts\Namesti-opravila.ps1 -Odstrani. Za rocni zagon kljub temu dodaj -Vseeno.
19:42:16  PRESKOCENO: cikel poganja razporejevalnik v aplikaciji (DESKTOP-TONVQHJ:2216:AutomationHost:console / AutomationHost:console). Windows naloga ni vec potrebna - odstrani jo z scripts\Namesti-opravila.ps1 -Odstrani. Za rocni zagon kljub temu dodaj -Vseeno.
19:47:16  PRESKOCENO: cikel poganja razporejevalnik v aplikaciji (DESKTOP-TONVQHJ:2216:AutomationHost:console / AutomationHost:console). Windows naloga ni vec potrebna - odstrani jo z scripts\Namesti-opravila.ps1 -Odstrani. Za rocni zagon kljub temu dodaj -Vseeno.
19:52:16  PRESKOCENO: cikel poganja razporejevalnik v aplikaciji (DESKTOP-TONVQHJ:2216:AutomationHost:console / AutomationHost:console). Windows naloga ni vec potrebna - odstrani jo z scripts\Namesti-opravila.ps1 -Odstrani. Za rocni zagon kljub temu dodaj -Vseeno.
19:57:16  PRESKOCENO: cikel poganja razporejevalnik v aplikaciji (DESKTOP-TONVQHJ:2216:AutomationHost:console / AutomationHost:console). Windows naloga ni vec potrebna - odstrani jo z scripts\Namesti-opravila.ps1 -Odstrani. Za rocni zagon kljub temu dodaj -Vseeno.
20:02:16  PRESKOCENO: cikel poganja razporejevalnik v aplikaciji (DESKTOP-TONVQHJ:2216:AutomationHost:console / AutomationHost:console). Windows naloga ni vec potrebna - odstrani jo z scripts\Namesti-opravila.ps1 -Odstrani. Za rocni zagon kljub temu dodaj -Vseeno.
20:07:16  PRESKOCENO: cikel poganja razporejevalnik v aplikaciji (DESKTOP-TONVQHJ:2216:AutomationHost:console / AutomationHost:console). Windows naloga ni vec potrebna - odstrani jo z scripts\Namesti-opravila.ps1 -Odstrani. Za rocni zagon kljub temu dodaj -Vseeno.
20:12:16  PRESKOCENO: cikel poganja razporejevalnik v aplikaciji (DESKTOP-TONVQHJ:2216:AutomationHost:console / AutomationHost:console). Windows naloga ni vec potrebna - odstrani jo z scripts\Namesti-opravila.ps1 -Odstrani. Za rocni zagon kljub temu dodaj -Vseeno.
20:17:16  PRESKOCENO: cikel poganja razporejevalnik v aplikaciji (DESKTOP-TONVQHJ:2216:AutomationHost:console / AutomationHost:console). Windows naloga ni vec potrebna - odstrani jo z scripts\Namesti-opravila.ps1 -Odstrani. Za rocni zagon kljub temu dodaj -Vseeno.
20:22:16  PRESKOCENO: cikel poganja razporejevalnik v aplikaciji (DESKTOP-TONVQHJ:2216:AutomationHost:console / AutomationHost:console). Windows naloga ni vec potrebna - odstrani jo z scripts\Namesti-opravila.ps1 -Odstrani. Za rocni zagon kljub temu dodaj -Vseeno.
20:27:16  PRESKOCENO: cikel poganja razporejevalnik v aplikaciji (DESKTOP-TONVQHJ:2216:AutomationHost:console / AutomationHost:console). Windows naloga ni vec potrebna - odstrani jo z scripts\Namesti-opravila.ps1 -Odstrani. Za rocni zagon kljub temu dodaj -Vseeno.
20:32:16  PRESKOCENO: cikel poganja razporejevalnik v aplikaciji (DESKTOP-TONVQHJ:2216:AutomationHost:console / AutomationHost:console). Windows naloga ni vec potrebna - odstrani jo z scripts\Namesti-opravila.ps1 -Odstrani. Za rocni zagon kljub temu dodaj -Vseeno.
20:37:16  PRESKOCENO: cikel poganja razporejevalnik v aplikaciji (DESKTOP-TONVQHJ:2216:AutomationHost:console / AutomationHost:console). Windows naloga ni vec potrebna - odstrani jo z scripts\Namesti-opravila.ps1 -Odstrani. Za rocni zagon kljub temu dodaj -Vseeno.
20:42:16  PRESKOCENO: cikel poganja razporejevalnik v aplikaciji (DESKTOP-TONVQHJ:2216:AutomationHost:console / AutomationHost:console). Windows naloga ni vec potrebna - odstrani jo z scripts\Namesti-opravila.ps1 -Odstrani. Za rocni zagon kljub temu dodaj -Vseeno.
20:47:16  PRESKOCENO: cikel poganja razporejevalnik v aplikaciji (DESKTOP-TONVQHJ:2216:AutomationHost:console / AutomationHost:console). Windows naloga ni vec potrebna - odstrani jo z scripts\Namesti-opravila.ps1 -Odstrani. Za rocni zagon kljub temu dodaj -Vseeno.
20:52:16  PRESKOCENO: cikel poganja razporejevalnik v aplikaciji (DESKTOP-TONVQHJ:2216:AutomationHost:console / AutomationHost:console). Windows naloga ni vec potrebna - odstrani jo z scripts\Namesti-opravila.ps1 -Odstrani. Za rocni zagon kljub temu dodaj -Vseeno.
20:57:16  PRESKOCENO: cikel poganja razporejevalnik v aplikaciji (DESKTOP-TONVQHJ:2216:AutomationHost:console / AutomationHost:console). Windows naloga ni vec potrebna - odstrani jo z scripts\Namesti-opravila.ps1 -Odstrani. Za rocni zagon kljub temu dodaj -Vseeno.
21:02:16  PRESKOCENO: cikel poganja razporejevalnik v aplikaciji (DESKTOP-TONVQHJ:2216:AutomationHost:console / AutomationHost:console). Windows naloga ni vec potrebna - odstrani jo z scripts\Namesti-opravila.ps1 -Odstrani. Za rocni zagon kljub temu dodaj -Vseeno.
21:07:16  PRESKOCENO: cikel poganja razporejevalnik v aplikaciji (DESKTOP-TONVQHJ:2216:AutomationHost:console / AutomationHost:console). Windows naloga ni vec potrebna - odstrani jo z scripts\Namesti-opravila.ps1 -Odstrani. Za rocni zagon kljub temu dodaj -Vseeno.
21:12:16  PRESKOCENO: cikel poganja razporejevalnik v aplikaciji (DESKTOP-TONVQHJ:2216:AutomationHost:console / AutomationHost:console). Windows naloga ni vec potrebna - odstrani jo z scripts\Namesti-opravila.ps1 -Odstrani. Za rocni zagon kljub temu dodaj -Vseeno.
21:17:16  PRESKOCENO: cikel poganja razporejevalnik v aplikaciji (DESKTOP-TONVQHJ:2216:AutomationHost:console / AutomationHost:console). Windows naloga ni vec potrebna - odstrani jo z scripts\Namesti-opravila.ps1 -Odstrani. Za rocni zagon kljub temu dodaj -Vseeno.
21:22:16  PRESKOCENO: cikel poganja razporejevalnik v aplikaciji (DESKTOP-TONVQHJ:2216:AutomationHost:console / AutomationHost:console). Windows naloga ni vec potrebna - odstrani jo z scripts\Namesti-opravila.ps1 -Odstrani. Za rocni zagon kljub temu dodaj -Vseeno.
21:27:17  PRESKOCENO: cikel poganja razporejevalnik v aplikaciji (DESKTOP-TONVQHJ:2216:AutomationHost:console / AutomationHost:console). Windows naloga ni vec potrebna - odstrani jo z scripts\Namesti-opravila.ps1 -Odstrani. Za rocni zagon kljub temu dodaj -Vseeno.
