00:04:26  == Nadzornik zastalih obdelav ==
00:04:27     Watchdog pregled je končan.
00:04:27     konec: Nadzornik zastalih obdelav
00:04:27  == Razposiljanje alarmov ==
00:04:28     Dostava opozoril je privzeto izključena; omrežni klic ni bil izveden.
00:04:28     konec: Razposiljanje alarmov
00:04:28  Nadzor koncan; padlih korakov: 0.
00:09:26  == Nadzornik zastalih obdelav ==
00:09:27     Watchdog pregled je končan.
00:09:27     konec: Nadzornik zastalih obdelav
00:09:27  == Razposiljanje alarmov ==
00:09:28     Dostava opozoril je privzeto izključena; omrežni klic ni bil izveden.
00:09:28     konec: Razposiljanje alarmov
00:09:28  Nadzor koncan; padlih korakov: 0.
00:14:26  == Nadzornik zastalih obdelav ==
00:14:27     Watchdog pregled je končan.
00:14:27     konec: Nadzornik zastalih obdelav
00:14:27  == Razposiljanje alarmov ==
00:14:28     Dostava opozoril je privzeto izključena; omrežni klic ni bil izveden.
00:14:28     konec: Razposiljanje alarmov
00:14:28  Nadzor koncan; padlih korakov: 0.
00:19:26  == Nadzornik zastalih obdelav ==
00:19:27     Watchdog pregled je končan.
00:19:27     konec: Nadzornik zastalih obdelav
00:19:27  == Razposiljanje alarmov ==
00:19:28     Dostava opozoril je privzeto izključena; omrežni klic ni bil izveden.
00:19:28     konec: Razposiljanje alarmov
00:19:28  Nadzor koncan; padlih korakov: 0.
00:24:26  == Nadzornik zastalih obdelav ==
00:24:27     Watchdog pregled je končan.
00:24:27     konec: Nadzornik zastalih obdelav
00:24:27  == Razposiljanje alarmov ==
00:24:28     Dostava opozoril je privzeto izključena; omrežni klic ni bil izveden.
00:24:28     konec: Razposiljanje alarmov
00:24:28  Nadzor koncan; padlih korakov: 0.
00:29:26  == Nadzornik zastalih obdelav ==
00:29:27     Watchdog pregled je končan.
00:29:27     konec: Nadzornik zastalih obdelav
00:29:27  == Razposiljanje alarmov ==
00:29:28     Dostava opozoril je privzeto izključena; omrežni klic ni bil izveden.
00:29:28     konec: Razposiljanje alarmov
00:29:28  Nadzor koncan; padlih korakov: 0.
00:34:26  == Nadzornik zastalih obdelav ==
00:34:27     Watchdog pregled je končan.
00:34:27     konec: Nadzornik zastalih obdelav
00:34:27  == Razposiljanje alarmov ==
00:34:28     Dostava opozoril je privzeto izključena; omrežni klic ni bil izveden.
00:34:28     konec: Razposiljanje alarmov
00:34:28  Nadzor koncan; padlih korakov: 0.
00:39:26  == Nadzornik zastalih obdelav ==
00:39:27     Watchdog pregled je končan.
00:39:27     konec: Nadzornik zastalih obdelav
00:39:27  == Razposiljanje alarmov ==
00:39:28     Dostava opozoril je privzeto izključena; omrežni klic ni bil izveden.
00:39:28     konec: Razposiljanje alarmov
00:39:28  Nadzor koncan; padlih korakov: 0.
00:44:26  == Nadzornik zastalih obdelav ==
00:44:27     Watchdog pregled je končan.
00:44:27     konec: Nadzornik zastalih obdelav
00:44:27  == Razposiljanje alarmov ==
00:44:28     Dostava opozoril je privzeto izključena; omrežni klic ni bil izveden.
00:44:28     konec: Razposiljanje alarmov
00:44:28  Nadzor koncan; padlih korakov: 0.
00:49:26  == Nadzornik zastalih obdelav ==
00:49:27     Watchdog pregled je končan.
00:49:27     konec: Nadzornik zastalih obdelav
00:49:27  == Razposiljanje alarmov ==
00:49:28     Dostava opozoril je privzeto izključena; omrežni klic ni bil izveden.
00:49:28     konec: Razposiljanje alarmov
00:49:28  Nadzor koncan; padlih korakov: 0.
00:54:26  == Nadzornik zastalih obdelav ==
00:54:27     Watchdog pregled je končan.
00:54:27     konec: Nadzornik zastalih obdelav
00:54:27  == Razposiljanje alarmov ==
00:54:28     Dostava opozoril je privzeto izključena; omrežni klic ni bil izveden.
00:54:28     konec: Razposiljanje alarmov
00:54:28  Nadzor koncan; padlih korakov: 0.
00:59:26  == Nadzornik zastalih obdelav ==
00:59:27     Watchdog pregled je končan.
00:59:27     konec: Nadzornik zastalih obdelav
00:59:27  == Razposiljanje alarmov ==
00:59:28     Dostava opozoril je privzeto izključena; omrežni klic ni bil izveden.
00:59:28     konec: Razposiljanje alarmov
00:59:28  Nadzor koncan; padlih korakov: 0.
01:04:26  == Nadzornik zastalih obdelav ==
01:04:27     Watchdog pregled je končan.
01:04:27     konec: Nadzornik zastalih obdelav
01:04:27  == Razposiljanje alarmov ==
01:04:28     Dostava opozoril je privzeto izključena; omrežni klic ni bil izveden.
01:04:28     konec: Razposiljanje alarmov
01:04:28  Nadzor koncan; padlih korakov: 0.
01:09:26  == Nadzornik zastalih obdelav ==
01:09:27     Watchdog pregled je končan.
01:09:27     konec: Nadzornik zastalih obdelav
01:09:27  == Razposiljanje alarmov ==
01:09:28     Dostava opozoril je privzeto izključena; omrežni klic ni bil izveden.
01:09:28     konec: Razposiljanje alarmov
01:09:28  Nadzor koncan; padlih korakov: 0.
01:14:27  == Nadzornik zastalih obdelav ==
01:14:27     Watchdog pregled je končan.
01:14:28     konec: Nadzornik zastalih obdelav
01:14:28  == Razposiljanje alarmov ==
01:14:28     Dostava opozoril je privzeto izključena; omrežni klic ni bil izveden.
01:14:28     konec: Razposiljanje alarmov
01:14:29  Nadzor koncan; padlih korakov: 0.
01:19:26  == Nadzornik zastalih obdelav ==
01:19:27     Watchdog pregled je končan.
01:19:27     konec: Nadzornik zastalih obdelav
01:19:27  == Razposiljanje alarmov ==
01:19:28     Dostava opozoril je privzeto izključena; omrežni klic ni bil izveden.
01:19:28     konec: Razposiljanje alarmov
01:19:28  Nadzor koncan; padlih korakov: 0.
01:24:26  == Nadzornik zastalih obdelav ==
01:24:27     Watchdog pregled je končan.
01:24:27     konec: Nadzornik zastalih obdelav
01:24:27  == Razposiljanje alarmov ==
01:24:28     Dostava opozoril je privzeto izključena; omrežni klic ni bil izveden.
01:24:28     konec: Razposiljanje alarmov
01:24:28  Nadzor koncan; padlih korakov: 0.
01:29:27  == Nadzornik zastalih obdelav ==
01:29:27     Watchdog pregled je končan.
01:29:27     konec: Nadzornik zastalih obdelav
01:29:27  == Razposiljanje alarmov ==
01:29:28     Dostava opozoril je privzeto izključena; omrežni klic ni bil izveden.
01:29:28     konec: Razposiljanje alarmov
01:29:28  Nadzor koncan; padlih korakov: 0.
01:34:27  == Nadzornik zastalih obdelav ==
01:34:27     Watchdog pregled je končan.
01:34:27     konec: Nadzornik zastalih obdelav
01:34:27  == Razposiljanje alarmov ==
01:34:28     Dostava opozoril je privzeto izključena; omrežni klic ni bil izveden.
01:34:28     konec: Razposiljanje alarmov
01:34:28  Nadzor koncan; padlih korakov: 0.
01:39:27  == Nadzornik zastalih obdelav ==
01:39:27     Watchdog pregled je končan.
01:39:27     konec: Nadzornik zastalih obdelav
01:39:27  == Razposiljanje alarmov ==
01:39:28     Dostava opozoril je privzeto izključena; omrežni klic ni bil izveden.
01:39:28     konec: Razposiljanje alarmov
01:39:28  Nadzor koncan; padlih korakov: 0.
01:44:27  == Nadzornik zastalih obdelav ==
01:44:27     Watchdog pregled je končan.
01:44:28     konec: Nadzornik zastalih obdelav
01:44:28  == Razposiljanje alarmov ==
01:44:28     Dostava opozoril je privzeto izključena; omrežni klic ni bil izveden.
01:44:28     konec: Razposiljanje alarmov
01:44:28  Nadzor koncan; padlih korakov: 0.
01:49:27  == Nadzornik zastalih obdelav ==
01:49:27     Watchdog pregled je končan.
01:49:28     konec: Nadzornik zastalih obdelav
01:49:28  == Razposiljanje alarmov ==
01:49:28     Dostava opozoril je privzeto izključena; omrežni klic ni bil izveden.
01:49:28     konec: Razposiljanje alarmov
01:49:28  Nadzor koncan; padlih korakov: 0.
01:54:27  == Nadzornik zastalih obdelav ==
01:54:28     Watchdog pregled je končan.
01:54:28     konec: Nadzornik zastalih obdelav
01:54:28  == Razposiljanje alarmov ==
01:54:28     Dostava opozoril je privzeto izključena; omrežni klic ni bil izveden.
01:54:28     konec: Razposiljanje alarmov
01:54:28  Nadzor koncan; padlih korakov: 0.
01:59:27  == Nadzornik zastalih obdelav ==
01:59:28     Watchdog pregled je končan.
01:59:28     konec: Nadzornik zastalih obdelav
01:59:28  == Razposiljanje alarmov ==
01:59:28     Dostava opozoril je privzeto izključena; omrežni klic ni bil izveden.
01:59:28     konec: Razposiljanje alarmov
01:59:28  Nadzor koncan; padlih korakov: 0.
02:04:27  == Nadzornik zastalih obdelav ==
02:04:28     Watchdog pregled je končan.
02:04:28     konec: Nadzornik zastalih obdelav
02:04:28  == Razposiljanje alarmov ==
02:04:28     Dostava opozoril je privzeto izključena; omrežni klic ni bil izveden.
02:04:28     konec: Razposiljanje alarmov
02:04:29  Nadzor koncan; padlih korakov: 0.
02:09:27  == Nadzornik zastalih obdelav ==
02:09:28     Watchdog pregled je končan.
02:09:28     konec: Nadzornik zastalih obdelav
02:09:28  == Razposiljanje alarmov ==
02:09:28     Dostava opozoril je privzeto izključena; omrežni klic ni bil izveden.
02:09:29     konec: Razposiljanje alarmov
02:09:29  Nadzor koncan; padlih korakov: 0.
02:14:27  == Nadzornik zastalih obdelav ==
02:14:29     Watchdog pregled je končan.
02:14:29     konec: Nadzornik zastalih obdelav
02:14:29  == Razposiljanje alarmov ==
02:14:30     Dostava opozoril je privzeto izključena; omrežni klic ni bil izveden.
02:14:30     konec: Razposiljanje alarmov
02:14:30  Nadzor koncan; padlih korakov: 0.
02:19:27  == Nadzornik zastalih obdelav ==
02:19:28     Watchdog pregled je končan.
02:19:28     konec: Nadzornik zastalih obdelav
02:19:28  == Razposiljanje alarmov ==
02:19:29     Dostava opozoril je privzeto izključena; omrežni klic ni bil izveden.
02:19:29     konec: Razposiljanje alarmov
02:19:29  Nadzor koncan; padlih korakov: 0.
02:24:27  == Nadzornik zastalih obdelav ==
02:24:28     Watchdog pregled je končan.
02:24:28     konec: Nadzornik zastalih obdelav
02:24:28  == Razposiljanje alarmov ==
02:24:29     Dostava opozoril je privzeto izključena; omrežni klic ni bil izveden.
02:24:29     konec: Razposiljanje alarmov
02:24:29  Nadzor koncan; padlih korakov: 0.
02:29:28  == Nadzornik zastalih obdelav ==
02:29:32     Watchdog pregled je končan.
02:29:32     konec: Nadzornik zastalih obdelav
02:29:32  == Razposiljanje alarmov ==
02:29:33     Dostava opozoril je privzeto izključena; omrežni klic ni bil izveden.
02:29:33     konec: Razposiljanje alarmov
02:29:33  Nadzor koncan; padlih korakov: 0.
02:34:27  == Nadzornik zastalih obdelav ==
02:34:29     Watchdog pregled je končan.
02:34:29     konec: Nadzornik zastalih obdelav
02:34:29  == Razposiljanje alarmov ==
02:34:30     Dostava opozoril je privzeto izključena; omrežni klic ni bil izveden.
02:34:30     konec: Razposiljanje alarmov
02:34:30  Nadzor koncan; padlih korakov: 0.
02:39:27  == Nadzornik zastalih obdelav ==
02:39:28     Watchdog pregled je končan.
02:39:28     konec: Nadzornik zastalih obdelav
02:39:28  == Razposiljanje alarmov ==
02:39:29     Dostava opozoril je privzeto izključena; omrežni klic ni bil izveden.
02:39:29     konec: Razposiljanje alarmov
02:39:29  Nadzor koncan; padlih korakov: 0.
02:44:27  == Nadzornik zastalih obdelav ==
02:44:28     Watchdog pregled je končan.
02:44:28     konec: Nadzornik zastalih obdelav
02:44:28  == Razposiljanje alarmov ==
02:44:29     Dostava opozoril je privzeto izključena; omrežni klic ni bil izveden.
02:44:29     konec: Razposiljanje alarmov
02:44:29  Nadzor koncan; padlih korakov: 0.
02:49:27  == Nadzornik zastalih obdelav ==
02:49:28     Watchdog pregled je končan.
02:49:28     konec: Nadzornik zastalih obdelav
02:49:28  == Razposiljanje alarmov ==
02:49:29     Dostava opozoril je privzeto izključena; omrežni klic ni bil izveden.
02:49:29     konec: Razposiljanje alarmov
02:49:29  Nadzor koncan; padlih korakov: 0.
02:54:27  == Nadzornik zastalih obdelav ==
02:54:28     Watchdog pregled je končan.
02:54:28     konec: Nadzornik zastalih obdelav
02:54:28  == Razposiljanje alarmov ==
02:54:29     Dostava opozoril je privzeto izključena; omrežni klic ni bil izveden.
02:54:29     konec: Razposiljanje alarmov
02:54:29  Nadzor koncan; padlih korakov: 0.
02:59:27  == Nadzornik zastalih obdelav ==
02:59:28     Watchdog pregled je končan.
02:59:28     konec: Nadzornik zastalih obdelav
02:59:28  == Razposiljanje alarmov ==
02:59:29     Dostava opozoril je privzeto izključena; omrežni klic ni bil izveden.
02:59:29     konec: Razposiljanje alarmov
02:59:29  Nadzor koncan; padlih korakov: 0.
03:04:27  == Nadzornik zastalih obdelav ==
03:04:28     Watchdog pregled je končan.
03:04:28     konec: Nadzornik zastalih obdelav
03:04:28  == Razposiljanje alarmov ==
03:04:29     Dostava opozoril je privzeto izključena; omrežni klic ni bil izveden.
03:04:29     konec: Razposiljanje alarmov
03:04:29  Nadzor koncan; padlih korakov: 0.
03:09:27  == Nadzornik zastalih obdelav ==
03:09:28     Watchdog pregled je končan.
03:09:28     konec: Nadzornik zastalih obdelav
03:09:28  == Razposiljanje alarmov ==
03:09:29     Dostava opozoril je privzeto izključena; omrežni klic ni bil izveden.
03:09:29     konec: Razposiljanje alarmov
03:09:29  Nadzor koncan; padlih korakov: 0.
03:14:27  == Nadzornik zastalih obdelav ==
03:14:28     Watchdog pregled je končan.
03:14:28     konec: Nadzornik zastalih obdelav
03:14:28  == Razposiljanje alarmov ==
03:14:29     Dostava opozoril je privzeto izključena; omrežni klic ni bil izveden.
03:14:29     konec: Razposiljanje alarmov
03:14:29  Nadzor koncan; padlih korakov: 0.
03:19:27  == Nadzornik zastalih obdelav ==
03:19:28     Watchdog pregled je končan.
03:19:28     konec: Nadzornik zastalih obdelav
03:19:28  == Razposiljanje alarmov ==
03:19:29     Dostava opozoril je privzeto izključena; omrežni klic ni bil izveden.
03:19:29     konec: Razposiljanje alarmov
03:19:29  Nadzor koncan; padlih korakov: 0.
03:24:27  == Nadzornik zastalih obdelav ==
03:24:28     Watchdog pregled je končan.
03:24:28     konec: Nadzornik zastalih obdelav
03:24:28  == Razposiljanje alarmov ==
03:24:29     Dostava opozoril je privzeto izključena; omrežni klic ni bil izveden.
03:24:29     konec: Razposiljanje alarmov
03:24:29  Nadzor koncan; padlih korakov: 0.
03:29:27  == Nadzornik zastalih obdelav ==
03:29:28     Watchdog pregled je končan.
03:29:28     konec: Nadzornik zastalih obdelav
03:29:28  == Razposiljanje alarmov ==
03:29:29     Dostava opozoril je privzeto izključena; omrežni klic ni bil izveden.
03:29:29     konec: Razposiljanje alarmov
03:29:29  Nadzor koncan; padlih korakov: 0.
03:34:27  == Nadzornik zastalih obdelav ==
03:34:28     Watchdog pregled je končan.
03:34:28     konec: Nadzornik zastalih obdelav
03:34:28  == Razposiljanje alarmov ==
03:34:29     Dostava opozoril je privzeto izključena; omrežni klic ni bil izveden.
03:34:29     konec: Razposiljanje alarmov
03:34:29  Nadzor koncan; padlih korakov: 0.
03:39:27  == Nadzornik zastalih obdelav ==
03:39:28     Watchdog pregled je končan.
03:39:28     konec: Nadzornik zastalih obdelav
03:39:28  == Razposiljanje alarmov ==
03:39:29     Dostava opozoril je privzeto izključena; omrežni klic ni bil izveden.
03:39:29     konec: Razposiljanje alarmov
03:39:29  Nadzor koncan; padlih korakov: 0.
03:44:27  == Nadzornik zastalih obdelav ==
03:44:28     Watchdog pregled je končan.
03:44:28     konec: Nadzornik zastalih obdelav
03:44:28  == Razposiljanje alarmov ==
03:44:29     Dostava opozoril je privzeto izključena; omrežni klic ni bil izveden.
03:44:29     konec: Razposiljanje alarmov
03:44:29  Nadzor koncan; padlih korakov: 0.
03:49:26  == Nadzornik zastalih obdelav ==
03:49:27     Watchdog pregled je končan.
03:49:27     konec: Nadzornik zastalih obdelav
03:49:27  == Razposiljanje alarmov ==
03:49:28     Dostava opozoril je privzeto izključena; omrežni klic ni bil izveden.
03:49:28     konec: Razposiljanje alarmov
03:49:28  Nadzor koncan; padlih korakov: 0.
03:54:26  == Nadzornik zastalih obdelav ==
03:54:27     Watchdog pregled je končan.
03:54:27     konec: Nadzornik zastalih obdelav
03:54:27  == Razposiljanje alarmov ==
03:54:28     Dostava opozoril je privzeto izključena; omrežni klic ni bil izveden.
03:54:28     konec: Razposiljanje alarmov
03:54:28  Nadzor koncan; padlih korakov: 0.
03:59:26  == Nadzornik zastalih obdelav ==
03:59:27     Watchdog pregled je končan.
03:59:27     konec: Nadzornik zastalih obdelav
03:59:27  == Razposiljanje alarmov ==
03:59:28     Dostava opozoril je privzeto izključena; omrežni klic ni bil izveden.
03:59:28     konec: Razposiljanje alarmov
03:59:28  Nadzor koncan; padlih korakov: 0.
04:04:26  == Nadzornik zastalih obdelav ==
04:04:27     Watchdog pregled je končan.
04:04:27     konec: Nadzornik zastalih obdelav
04:04:27  == Razposiljanje alarmov ==
04:04:28     Dostava opozoril je privzeto izključena; omrežni klic ni bil izveden.
04:04:28     konec: Razposiljanje alarmov
04:04:28  Nadzor koncan; padlih korakov: 0.
04:09:26  == Nadzornik zastalih obdelav ==
04:09:27     Watchdog pregled je končan.
04:09:27     konec: Nadzornik zastalih obdelav
04:09:27  == Razposiljanje alarmov ==
04:09:28     Dostava opozoril je privzeto izključena; omrežni klic ni bil izveden.
04:09:28     konec: Razposiljanje alarmov
04:09:28  Nadzor koncan; padlih korakov: 0.
04:14:26  == Nadzornik zastalih obdelav ==
04:14:27     Watchdog pregled je končan.
04:14:27     konec: Nadzornik zastalih obdelav
04:14:27  == Razposiljanje alarmov ==
04:14:28     Dostava opozoril je privzeto izključena; omrežni klic ni bil izveden.
04:14:28     konec: Razposiljanje alarmov
04:14:28  Nadzor koncan; padlih korakov: 0.
04:19:26  == Nadzornik zastalih obdelav ==
04:19:27     Watchdog pregled je končan.
04:19:27     konec: Nadzornik zastalih obdelav
04:19:27  == Razposiljanje alarmov ==
04:19:28     Dostava opozoril je privzeto izključena; omrežni klic ni bil izveden.
04:19:28     konec: Razposiljanje alarmov
04:19:28  Nadzor koncan; padlih korakov: 0.
04:24:26  == Nadzornik zastalih obdelav ==
04:24:27     Watchdog pregled je končan.
04:24:27     konec: Nadzornik zastalih obdelav
04:24:27  == Razposiljanje alarmov ==
04:24:28     Dostava opozoril je privzeto izključena; omrežni klic ni bil izveden.
04:24:28     konec: Razposiljanje alarmov
04:24:28  Nadzor koncan; padlih korakov: 0.
04:29:26  == Nadzornik zastalih obdelav ==
04:29:27     Watchdog pregled je končan.
04:29:27     konec: Nadzornik zastalih obdelav
04:29:27  == Razposiljanje alarmov ==
04:29:28     Dostava opozoril je privzeto izključena; omrežni klic ni bil izveden.
04:29:28     konec: Razposiljanje alarmov
04:29:28  Nadzor koncan; padlih korakov: 0.
04:34:26  == Nadzornik zastalih obdelav ==
04:34:27     Watchdog pregled je končan.
04:34:27     konec: Nadzornik zastalih obdelav
04:34:27  == Razposiljanje alarmov ==
04:34:28     Dostava opozoril je privzeto izključena; omrežni klic ni bil izveden.
04:34:28     konec: Razposiljanje alarmov
04:34:28  Nadzor koncan; padlih korakov: 0.
04:39:26  == Nadzornik zastalih obdelav ==
04:39:28     Watchdog pregled je končan.
04:39:28     konec: Nadzornik zastalih obdelav
04:39:28  == Razposiljanje alarmov ==
04:39:29     Dostava opozoril je privzeto izključena; omrežni klic ni bil izveden.
04:39:29     konec: Razposiljanje alarmov
04:39:29  Nadzor koncan; padlih korakov: 0.
04:44:26  == Nadzornik zastalih obdelav ==
04:44:27     Watchdog pregled je končan.
04:44:27     konec: Nadzornik zastalih obdelav
04:44:27  == Razposiljanje alarmov ==
04:44:28     Dostava opozoril je privzeto izključena; omrežni klic ni bil izveden.
04:44:28     konec: Razposiljanje alarmov
04:44:28  Nadzor koncan; padlih korakov: 0.
04:49:26  == Nadzornik zastalih obdelav ==
04:49:27     Watchdog pregled je končan.
04:49:27     konec: Nadzornik zastalih obdelav
04:49:27  == Razposiljanje alarmov ==
04:49:28     Dostava opozoril je privzeto izključena; omrežni klic ni bil izveden.
04:49:28     konec: Razposiljanje alarmov
04:49:28  Nadzor koncan; padlih korakov: 0.
04:54:26  == Nadzornik zastalih obdelav ==
04:54:27     Watchdog pregled je končan.
04:54:27     konec: Nadzornik zastalih obdelav
04:54:27  == Razposiljanje alarmov ==
04:54:28     Dostava opozoril je privzeto izključena; omrežni klic ni bil izveden.
04:54:28     konec: Razposiljanje alarmov
04:54:28  Nadzor koncan; padlih korakov: 0.
04:59:26  == Nadzornik zastalih obdelav ==
04:59:27     Watchdog pregled je končan.
04:59:27     konec: Nadzornik zastalih obdelav
04:59:27  == Razposiljanje alarmov ==
04:59:28     Dostava opozoril je privzeto izključena; omrežni klic ni bil izveden.
04:59:28     konec: Razposiljanje alarmov
04:59:28  Nadzor koncan; padlih korakov: 0.
05:04:26  == Nadzornik zastalih obdelav ==
05:04:27     Watchdog pregled je končan.
05:04:27     konec: Nadzornik zastalih obdelav
05:04:27  == Razposiljanje alarmov ==
05:04:28     Dostava opozoril je privzeto izključena; omrežni klic ni bil izveden.
05:04:28     konec: Razposiljanje alarmov
05:04:28  Nadzor koncan; padlih korakov: 0.
05:09:26  == Nadzornik zastalih obdelav ==
05:09:27     Watchdog pregled je končan.
05:09:27     konec: Nadzornik zastalih obdelav
05:09:27  == Razposiljanje alarmov ==
05:09:28     Dostava opozoril je privzeto izključena; omrežni klic ni bil izveden.
05:09:28     konec: Razposiljanje alarmov
05:09:28  Nadzor koncan; padlih korakov: 0.
05:14:26  == Nadzornik zastalih obdelav ==
05:14:27     Watchdog pregled je končan.
05:14:27     konec: Nadzornik zastalih obdelav
05:14:27  == Razposiljanje alarmov ==
05:14:28     Dostava opozoril je privzeto izključena; omrežni klic ni bil izveden.
05:14:28     konec: Razposiljanje alarmov
05:14:28  Nadzor koncan; padlih korakov: 0.
05:19:26  == Nadzornik zastalih obdelav ==
05:19:27     Watchdog pregled je končan.
05:19:27     konec: Nadzornik zastalih obdelav
05:19:27  == Razposiljanje alarmov ==
05:19:28     Dostava opozoril je privzeto izključena; omrežni klic ni bil izveden.
05:19:28     konec: Razposiljanje alarmov
05:19:28  Nadzor koncan; padlih korakov: 0.
05:24:26  == Nadzornik zastalih obdelav ==
05:24:27     Watchdog pregled je končan.
05:24:27     konec: Nadzornik zastalih obdelav
05:24:27  == Razposiljanje alarmov ==
05:24:28     Dostava opozoril je privzeto izključena; omrežni klic ni bil izveden.
05:24:28     konec: Razposiljanje alarmov
05:24:28  Nadzor koncan; padlih korakov: 0.
05:29:28  == Nadzornik zastalih obdelav ==
05:29:31     Watchdog pregled je končan.
05:29:31     konec: Nadzornik zastalih obdelav
05:29:31  == Razposiljanje alarmov ==
05:29:33     Dostava opozoril je privzeto izključena; omrežni klic ni bil izveden.
05:29:33     konec: Razposiljanje alarmov
05:29:33  Nadzor koncan; padlih korakov: 0.
05:34:27  == Nadzornik zastalih obdelav ==
05:34:29     Watchdog pregled je končan.
05:34:29     konec: Nadzornik zastalih obdelav
05:34:29  == Razposiljanje alarmov ==
05:34:31     Dostava opozoril je privzeto izključena; omrežni klic ni bil izveden.
05:34:31     konec: Razposiljanje alarmov
05:34:31  Nadzor koncan; padlih korakov: 0.
05:39:26  == Nadzornik zastalih obdelav ==
05:39:27     Watchdog pregled je končan.
05:39:27     konec: Nadzornik zastalih obdelav
05:39:27  == Razposiljanje alarmov ==
05:39:28     Dostava opozoril je privzeto izključena; omrežni klic ni bil izveden.
05:39:28     konec: Razposiljanje alarmov
05:39:28  Nadzor koncan; padlih korakov: 0.
05:44:26  == Nadzornik zastalih obdelav ==
05:44:27     Watchdog pregled je končan.
05:44:27     konec: Nadzornik zastalih obdelav
05:44:27  == Razposiljanje alarmov ==
05:44:28     Dostava opozoril je privzeto izključena; omrežni klic ni bil izveden.
05:44:28     konec: Razposiljanje alarmov
05:44:28  Nadzor koncan; padlih korakov: 0.
05:49:26  == Nadzornik zastalih obdelav ==
05:49:27     Watchdog pregled je končan.
05:49:27     konec: Nadzornik zastalih obdelav
05:49:27  == Razposiljanje alarmov ==
05:49:28     Dostava opozoril je privzeto izključena; omrežni klic ni bil izveden.
05:49:28     konec: Razposiljanje alarmov
05:49:28  Nadzor koncan; padlih korakov: 0.
05:54:26  == Nadzornik zastalih obdelav ==
05:54:27     Watchdog pregled je končan.
05:54:27     konec: Nadzornik zastalih obdelav
05:54:27  == Razposiljanje alarmov ==
05:54:28     Dostava opozoril je privzeto izključena; omrežni klic ni bil izveden.
05:54:28     konec: Razposiljanje alarmov
05:54:28  Nadzor koncan; padlih korakov: 0.
05:59:26  == Nadzornik zastalih obdelav ==
05:59:27     Watchdog pregled je končan.
05:59:27     konec: Nadzornik zastalih obdelav
05:59:27  == Razposiljanje alarmov ==
05:59:28     Dostava opozoril je privzeto izključena; omrežni klic ni bil izveden.
05:59:28     konec: Razposiljanje alarmov
05:59:28  Nadzor koncan; padlih korakov: 0.
06:04:26  == Nadzornik zastalih obdelav ==
06:04:27     Watchdog pregled je končan.
06:04:27     konec: Nadzornik zastalih obdelav
06:04:27  == Razposiljanje alarmov ==
06:04:28     Dostava opozoril je privzeto izključena; omrežni klic ni bil izveden.
06:04:28     konec: Razposiljanje alarmov
06:04:28  Nadzor koncan; padlih korakov: 0.
06:09:26  == Nadzornik zastalih obdelav ==
06:09:27     Watchdog pregled je končan.
06:09:27     konec: Nadzornik zastalih obdelav
06:09:27  == Razposiljanje alarmov ==
06:09:28     Dostava opozoril je privzeto izključena; omrežni klic ni bil izveden.
06:09:28     konec: Razposiljanje alarmov
06:09:28  Nadzor koncan; padlih korakov: 0.
06:14:26  == Nadzornik zastalih obdelav ==
06:14:27     Watchdog pregled je končan.
06:14:27     konec: Nadzornik zastalih obdelav
06:14:27  == Razposiljanje alarmov ==
06:14:28     Dostava opozoril je privzeto izključena; omrežni klic ni bil izveden.
06:14:28     konec: Razposiljanje alarmov
06:14:28  Nadzor koncan; padlih korakov: 0.
06:19:27  == Nadzornik zastalih obdelav ==
06:19:28     Watchdog pregled je končan.
06:19:28     konec: Nadzornik zastalih obdelav
06:19:28  == Razposiljanje alarmov ==
06:19:29     Dostava opozoril je privzeto izključena; omrežni klic ni bil izveden.
06:19:29     konec: Razposiljanje alarmov
06:19:29  Nadzor koncan; padlih korakov: 0.
06:24:26  == Nadzornik zastalih obdelav ==
06:24:27     Watchdog pregled je končan.
06:24:27     konec: Nadzornik zastalih obdelav
06:24:27  == Razposiljanje alarmov ==
06:24:28     Dostava opozoril je privzeto izključena; omrežni klic ni bil izveden.
06:24:28     konec: Razposiljanje alarmov
06:24:28  Nadzor koncan; padlih korakov: 0.
06:29:26  == Nadzornik zastalih obdelav ==
06:29:27     Watchdog pregled je končan.
06:29:27     konec: Nadzornik zastalih obdelav
06:29:27  == Razposiljanje alarmov ==
06:29:28     Dostava opozoril je privzeto izključena; omrežni klic ni bil izveden.
06:29:28     konec: Razposiljanje alarmov
06:29:28  Nadzor koncan; padlih korakov: 0.
06:34:26  == Nadzornik zastalih obdelav ==
06:34:27     Watchdog pregled je končan.
06:34:27     konec: Nadzornik zastalih obdelav
06:34:27  == Razposiljanje alarmov ==
06:34:28     Dostava opozoril je privzeto izključena; omrežni klic ni bil izveden.
06:34:28     konec: Razposiljanje alarmov
06:34:28  Nadzor koncan; padlih korakov: 0.
06:39:26  == Nadzornik zastalih obdelav ==
06:39:27     Watchdog pregled je končan.
06:39:27     konec: Nadzornik zastalih obdelav
06:39:27  == Razposiljanje alarmov ==
06:39:28     Dostava opozoril je privzeto izključena; omrežni klic ni bil izveden.
06:39:28     konec: Razposiljanje alarmov
06:39:28  Nadzor koncan; padlih korakov: 0.
06:44:26  == Nadzornik zastalih obdelav ==
06:44:27     Watchdog pregled je končan.
06:44:27     konec: Nadzornik zastalih obdelav
06:44:27  == Razposiljanje alarmov ==
06:44:28     Dostava opozoril je privzeto izključena; omrežni klic ni bil izveden.
06:44:28     konec: Razposiljanje alarmov
06:44:28  Nadzor koncan; padlih korakov: 0.
06:49:26  == Nadzornik zastalih obdelav ==
06:49:27     Watchdog pregled je končan.
06:49:27     konec: Nadzornik zastalih obdelav
06:49:27  == Razposiljanje alarmov ==
06:49:28     Dostava opozoril je privzeto izključena; omrežni klic ni bil izveden.
06:49:28     konec: Razposiljanje alarmov
06:49:28  Nadzor koncan; padlih korakov: 0.
06:54:26  == Nadzornik zastalih obdelav ==
06:54:27     Watchdog pregled je končan.
06:54:27     konec: Nadzornik zastalih obdelav
06:54:27  == Razposiljanje alarmov ==
06:54:28     Dostava opozoril je privzeto izključena; omrežni klic ni bil izveden.
06:54:28     konec: Razposiljanje alarmov
06:54:28  Nadzor koncan; padlih korakov: 0.
06:59:26  == Nadzornik zastalih obdelav ==
06:59:27     Watchdog pregled je končan.
06:59:27     konec: Nadzornik zastalih obdelav
06:59:27  == Razposiljanje alarmov ==
06:59:28     Dostava opozoril je privzeto izključena; omrežni klic ni bil izveden.
06:59:28     konec: Razposiljanje alarmov
06:59:28  Nadzor koncan; padlih korakov: 0.
07:04:26  == Nadzornik zastalih obdelav ==
07:04:27     Watchdog pregled je končan.
07:04:27     konec: Nadzornik zastalih obdelav
07:04:27  == Razposiljanje alarmov ==
07:04:28     Dostava opozoril je privzeto izključena; omrežni klic ni bil izveden.
07:04:28     konec: Razposiljanje alarmov
07:04:28  Nadzor koncan; padlih korakov: 0.
07:09:26  == Nadzornik zastalih obdelav ==
07:09:27     Watchdog pregled je končan.
07:09:27     konec: Nadzornik zastalih obdelav
07:09:27  == Razposiljanje alarmov ==
07:09:28     Dostava opozoril je privzeto izključena; omrežni klic ni bil izveden.
07:09:28     konec: Razposiljanje alarmov
07:09:28  Nadzor koncan; padlih korakov: 0.
07:14:26  == Nadzornik zastalih obdelav ==
07:14:27     Watchdog pregled je končan.
07:14:27     konec: Nadzornik zastalih obdelav
07:14:27  == Razposiljanje alarmov ==
07:14:28     Dostava opozoril je privzeto izključena; omrežni klic ni bil izveden.
07:14:28     konec: Razposiljanje alarmov
07:14:28  Nadzor koncan; padlih korakov: 0.
07:19:26  == Nadzornik zastalih obdelav ==
07:19:27     Watchdog pregled je končan.
07:19:27     konec: Nadzornik zastalih obdelav
07:19:27  == Razposiljanje alarmov ==
07:19:28     Dostava opozoril je privzeto izključena; omrežni klic ni bil izveden.
07:19:28     konec: Razposiljanje alarmov
07:19:28  Nadzor koncan; padlih korakov: 0.
07:24:26  == Nadzornik zastalih obdelav ==
07:24:27     Watchdog pregled je končan.
07:24:27     konec: Nadzornik zastalih obdelav
07:24:27  == Razposiljanje alarmov ==
07:24:28     Dostava opozoril je privzeto izključena; omrežni klic ni bil izveden.
07:24:28     konec: Razposiljanje alarmov
07:24:28  Nadzor koncan; padlih korakov: 0.
07:29:26  == Nadzornik zastalih obdelav ==
07:29:27     Watchdog pregled je končan.
07:29:27     konec: Nadzornik zastalih obdelav
07:29:27  == Razposiljanje alarmov ==
07:29:28     Dostava opozoril je privzeto izključena; omrežni klic ni bil izveden.
07:29:28     konec: Razposiljanje alarmov
07:29:28  Nadzor koncan; padlih korakov: 0.
07:34:26  == Nadzornik zastalih obdelav ==
07:34:27     Watchdog pregled je končan.
07:34:27     konec: Nadzornik zastalih obdelav
07:34:27  == Razposiljanje alarmov ==
07:34:28     Dostava opozoril je privzeto izključena; omrežni klic ni bil izveden.
07:34:28     konec: Razposiljanje alarmov
07:34:28  Nadzor koncan; padlih korakov: 0.
07:39:26  == Nadzornik zastalih obdelav ==
07:39:27     Watchdog pregled je končan.
07:39:27     konec: Nadzornik zastalih obdelav
07:39:27  == Razposiljanje alarmov ==
07:39:28     Dostava opozoril je privzeto izključena; omrežni klic ni bil izveden.
07:39:28     konec: Razposiljanje alarmov
07:39:28  Nadzor koncan; padlih korakov: 0.
07:44:26  == Nadzornik zastalih obdelav ==
07:44:27     Watchdog pregled je končan.
07:44:27     konec: Nadzornik zastalih obdelav
07:44:27  == Razposiljanje alarmov ==
07:44:28     Dostava opozoril je privzeto izključena; omrežni klic ni bil izveden.
07:44:28     konec: Razposiljanje alarmov
07:44:28  Nadzor koncan; padlih korakov: 0.
07:49:26  == Nadzornik zastalih obdelav ==
07:49:27     Watchdog pregled je končan.
07:49:27     konec: Nadzornik zastalih obdelav
07:49:27  == Razposiljanje alarmov ==
07:49:28     Dostava opozoril je privzeto izključena; omrežni klic ni bil izveden.
07:49:28     konec: Razposiljanje alarmov
07:49:28  Nadzor koncan; padlih korakov: 0.
07:54:26  == Nadzornik zastalih obdelav ==
07:54:27     Watchdog pregled je končan.
07:54:27     konec: Nadzornik zastalih obdelav
07:54:27  == Razposiljanje alarmov ==
07:54:28     Dostava opozoril je privzeto izključena; omrežni klic ni bil izveden.
07:54:28     konec: Razposiljanje alarmov
07:54:28  Nadzor koncan; padlih korakov: 0.
07:59:26  == Nadzornik zastalih obdelav ==
07:59:27     Watchdog pregled je končan.
07:59:27     konec: Nadzornik zastalih obdelav
07:59:27  == Razposiljanje alarmov ==
07:59:28     Dostava opozoril je privzeto izključena; omrežni klic ni bil izveden.
07:59:28     konec: Razposiljanje alarmov
07:59:28  Nadzor koncan; padlih korakov: 0.
08:04:26  == Nadzornik zastalih obdelav ==
08:04:27     Watchdog pregled je končan.
08:04:27     konec: Nadzornik zastalih obdelav
08:04:27  == Razposiljanje alarmov ==
08:04:28     Dostava opozoril je privzeto izključena; omrežni klic ni bil izveden.
08:04:28     konec: Razposiljanje alarmov
08:04:28  Nadzor koncan; padlih korakov: 0.
08:09:26  == Nadzornik zastalih obdelav ==
08:09:27     Watchdog pregled je končan.
08:09:27     konec: Nadzornik zastalih obdelav
08:09:27  == Razposiljanje alarmov ==
08:09:28     Dostava opozoril je privzeto izključena; omrežni klic ni bil izveden.
08:09:28     konec: Razposiljanje alarmov
08:09:28  Nadzor koncan; padlih korakov: 0.
08:14:26  == Nadzornik zastalih obdelav ==
08:14:27     Watchdog pregled je končan.
08:14:27     konec: Nadzornik zastalih obdelav
08:14:27  == Razposiljanje alarmov ==
08:14:28     Dostava opozoril je privzeto izključena; omrežni klic ni bil izveden.
08:14:28     konec: Razposiljanje alarmov
08:14:28  Nadzor koncan; padlih korakov: 0.
08:19:26  == Nadzornik zastalih obdelav ==
08:19:27     Watchdog pregled je končan.
08:19:27     konec: Nadzornik zastalih obdelav
08:19:27  == Razposiljanje alarmov ==
08:19:28     Dostava opozoril je privzeto izključena; omrežni klic ni bil izveden.
08:19:28     konec: Razposiljanje alarmov
08:19:28  Nadzor koncan; padlih korakov: 0.
08:24:26  == Nadzornik zastalih obdelav ==
08:24:28     Watchdog pregled je končan.
08:24:28     konec: Nadzornik zastalih obdelav
08:24:28  == Razposiljanje alarmov ==
08:24:29     Dostava opozoril je privzeto izključena; omrežni klic ni bil izveden.
08:24:29     konec: Razposiljanje alarmov
08:24:29  Nadzor koncan; padlih korakov: 0.
08:29:26  == Nadzornik zastalih obdelav ==
08:29:28     Watchdog pregled je končan.
08:29:28     konec: Nadzornik zastalih obdelav
08:29:28  == Razposiljanje alarmov ==
08:29:29     Dostava opozoril je privzeto izključena; omrežni klic ni bil izveden.
08:29:29     konec: Razposiljanje alarmov
08:29:29  Nadzor koncan; padlih korakov: 0.
08:34:26  == Nadzornik zastalih obdelav ==
08:34:27     Watchdog pregled je končan.
08:34:27     konec: Nadzornik zastalih obdelav
08:34:27  == Razposiljanje alarmov ==
08:34:28     Dostava opozoril je privzeto izključena; omrežni klic ni bil izveden.
08:34:28     konec: Razposiljanje alarmov
08:34:28  Nadzor koncan; padlih korakov: 0.
08:39:27  == Nadzornik zastalih obdelav ==
08:39:28     Watchdog pregled je končan.
08:39:28     konec: Nadzornik zastalih obdelav
08:39:28  == Razposiljanje alarmov ==
08:39:29     Dostava opozoril je privzeto izključena; omrežni klic ni bil izveden.
08:39:29     konec: Razposiljanje alarmov
08:39:29  Nadzor koncan; padlih korakov: 0.
08:44:26  == Nadzornik zastalih obdelav ==
08:44:27     Watchdog pregled je končan.
08:44:28     konec: Nadzornik zastalih obdelav
08:44:28  == Razposiljanje alarmov ==
08:44:28     Dostava opozoril je privzeto izključena; omrežni klic ni bil izveden.
08:44:28     konec: Razposiljanje alarmov
08:44:29  Nadzor koncan; padlih korakov: 0.
08:49:26  == Nadzornik zastalih obdelav ==
08:49:27     Watchdog pregled je končan.
08:49:27     konec: Nadzornik zastalih obdelav
08:49:27  == Razposiljanje alarmov ==
08:49:28     Dostava opozoril je privzeto izključena; omrežni klic ni bil izveden.
08:49:28     konec: Razposiljanje alarmov
08:49:28  Nadzor koncan; padlih korakov: 0.
08:54:26  == Nadzornik zastalih obdelav ==
08:54:27     Watchdog pregled je končan.
08:54:27     konec: Nadzornik zastalih obdelav
08:54:27  == Razposiljanje alarmov ==
08:54:28     Dostava opozoril je privzeto izključena; omrežni klic ni bil izveden.
08:54:28     konec: Razposiljanje alarmov
08:54:28  Nadzor koncan; padlih korakov: 0.
08:59:26  == Nadzornik zastalih obdelav ==
08:59:27     Watchdog pregled je končan.
08:59:27     konec: Nadzornik zastalih obdelav
08:59:27  == Razposiljanje alarmov ==
08:59:28     Dostava opozoril je privzeto izključena; omrežni klic ni bil izveden.
08:59:28     konec: Razposiljanje alarmov
08:59:28  Nadzor koncan; padlih korakov: 0.
09:04:26  == Nadzornik zastalih obdelav ==
09:04:27     Watchdog pregled je končan.
09:04:27     konec: Nadzornik zastalih obdelav
09:04:27  == Razposiljanje alarmov ==
09:04:28     Dostava opozoril je privzeto izključena; omrežni klic ni bil izveden.
09:04:28     konec: Razposiljanje alarmov
09:04:28  Nadzor koncan; padlih korakov: 0.
09:09:26  == Nadzornik zastalih obdelav ==
09:09:27     Watchdog pregled je končan.
09:09:27     konec: Nadzornik zastalih obdelav
09:09:27  == Razposiljanje alarmov ==
09:09:28     Dostava opozoril je privzeto izključena; omrežni klic ni bil izveden.
09:09:28     konec: Razposiljanje alarmov
09:09:28  Nadzor koncan; padlih korakov: 0.
09:14:26  == Nadzornik zastalih obdelav ==
09:14:27     Watchdog pregled je končan.
09:14:27     konec: Nadzornik zastalih obdelav
09:14:27  == Razposiljanje alarmov ==
09:14:28     Dostava opozoril je privzeto izključena; omrežni klic ni bil izveden.
09:14:28     konec: Razposiljanje alarmov
09:14:28  Nadzor koncan; padlih korakov: 0.
09:19:26  == Nadzornik zastalih obdelav ==
09:19:27     Watchdog pregled je končan.
09:19:27     konec: Nadzornik zastalih obdelav
09:19:27  == Razposiljanje alarmov ==
09:19:28     Dostava opozoril je privzeto izključena; omrežni klic ni bil izveden.
09:19:28     konec: Razposiljanje alarmov
09:19:28  Nadzor koncan; padlih korakov: 0.
09:24:26  == Nadzornik zastalih obdelav ==
09:24:27     Watchdog pregled je končan.
09:24:27     konec: Nadzornik zastalih obdelav
09:24:27  == Razposiljanje alarmov ==
09:24:28     Dostava opozoril je privzeto izključena; omrežni klic ni bil izveden.
09:24:28     konec: Razposiljanje alarmov
09:24:28  Nadzor koncan; padlih korakov: 0.
09:29:26  == Nadzornik zastalih obdelav ==
09:29:27     Watchdog pregled je končan.
09:29:27     konec: Nadzornik zastalih obdelav
09:29:27  == Razposiljanje alarmov ==
09:29:28     Dostava opozoril je privzeto izključena; omrežni klic ni bil izveden.
09:29:28     konec: Razposiljanje alarmov
09:29:28  Nadzor koncan; padlih korakov: 0.
09:34:26  == Nadzornik zastalih obdelav ==
09:34:27     Watchdog pregled je končan.
09:34:27     konec: Nadzornik zastalih obdelav
09:34:27  == Razposiljanje alarmov ==
09:34:28     Dostava opozoril je privzeto izključena; omrežni klic ni bil izveden.
09:34:28     konec: Razposiljanje alarmov
09:34:28  Nadzor koncan; padlih korakov: 0.
09:39:27  == Nadzornik zastalih obdelav ==
09:39:27     Watchdog pregled je končan.
09:39:27     konec: Nadzornik zastalih obdelav
09:39:27  == Razposiljanje alarmov ==
09:39:28     Dostava opozoril je privzeto izključena; omrežni klic ni bil izveden.
09:39:28     konec: Razposiljanje alarmov
09:39:28  Nadzor koncan; padlih korakov: 0.
09:44:27  == Nadzornik zastalih obdelav ==
09:44:27     Watchdog pregled je končan.
09:44:27     konec: Nadzornik zastalih obdelav
09:44:27  == Razposiljanje alarmov ==
09:44:28     Dostava opozoril je privzeto izključena; omrežni klic ni bil izveden.
09:44:28     konec: Razposiljanje alarmov
09:44:28  Nadzor koncan; padlih korakov: 0.
09:49:27  == Nadzornik zastalih obdelav ==
09:49:28     Watchdog pregled je končan.
09:49:28     konec: Nadzornik zastalih obdelav
09:49:28  == Razposiljanje alarmov ==
09:49:30     Dostava opozoril je privzeto izključena; omrežni klic ni bil izveden.
09:49:30     konec: Razposiljanje alarmov
09:49:30  Nadzor koncan; padlih korakov: 0.
09:54:27  == Nadzornik zastalih obdelav ==
09:54:28     Watchdog pregled je končan.
09:54:28     konec: Nadzornik zastalih obdelav
09:54:28  == Razposiljanje alarmov ==
09:54:29     Dostava opozoril je privzeto izključena; omrežni klic ni bil izveden.
09:54:29     konec: Razposiljanje alarmov
09:54:29  Nadzor koncan; padlih korakov: 0.
09:59:27  == Nadzornik zastalih obdelav ==
09:59:27     Watchdog pregled je končan.
09:59:27     konec: Nadzornik zastalih obdelav
09:59:27  == Razposiljanje alarmov ==
09:59:28     Dostava opozoril je privzeto izključena; omrežni klic ni bil izveden.
09:59:28     konec: Razposiljanje alarmov
09:59:28  Nadzor koncan; padlih korakov: 0.
10:04:27  == Nadzornik zastalih obdelav ==
10:04:27     Watchdog pregled je končan.
10:04:28     konec: Nadzornik zastalih obdelav
10:04:28  == Razposiljanje alarmov ==
10:04:28     Dostava opozoril je privzeto izključena; omrežni klic ni bil izveden.
10:04:28     konec: Razposiljanje alarmov
10:04:28  Nadzor koncan; padlih korakov: 0.
10:09:27  == Nadzornik zastalih obdelav ==
10:09:27     Watchdog pregled je končan.
10:09:27     konec: Nadzornik zastalih obdelav
10:09:28  == Razposiljanje alarmov ==
10:09:28     Dostava opozoril je privzeto izključena; omrežni klic ni bil izveden.
10:09:28     konec: Razposiljanje alarmov
10:09:28  Nadzor koncan; padlih korakov: 0.
10:14:27  == Nadzornik zastalih obdelav ==
10:14:27     Watchdog pregled je končan.
10:14:27     konec: Nadzornik zastalih obdelav
10:14:27  == Razposiljanje alarmov ==
10:14:28     Dostava opozoril je privzeto izključena; omrežni klic ni bil izveden.
10:14:28     konec: Razposiljanje alarmov
10:14:28  Nadzor koncan; padlih korakov: 0.
10:19:27  == Nadzornik zastalih obdelav ==
10:19:27     Watchdog pregled je končan.
10:19:27     konec: Nadzornik zastalih obdelav
10:19:27  == Razposiljanje alarmov ==
10:19:28     Dostava opozoril je privzeto izključena; omrežni klic ni bil izveden.
10:19:28     konec: Razposiljanje alarmov
10:19:28  Nadzor koncan; padlih korakov: 0.
10:24:27  == Nadzornik zastalih obdelav ==
10:24:27     Watchdog pregled je končan.
10:24:28     konec: Nadzornik zastalih obdelav
10:24:28  == Razposiljanje alarmov ==
10:24:28     Dostava opozoril je privzeto izključena; omrežni klic ni bil izveden.
10:24:28     konec: Razposiljanje alarmov
10:24:28  Nadzor koncan; padlih korakov: 0.
10:29:27  == Nadzornik zastalih obdelav ==
10:29:27     Watchdog pregled je končan.
10:29:28     konec: Nadzornik zastalih obdelav
10:29:28  == Razposiljanje alarmov ==
10:29:28     Dostava opozoril je privzeto izključena; omrežni klic ni bil izveden.
10:29:28     konec: Razposiljanje alarmov
10:29:28  Nadzor koncan; padlih korakov: 0.
10:34:27  == Nadzornik zastalih obdelav ==
10:34:27     Watchdog pregled je končan.
10:34:28     konec: Nadzornik zastalih obdelav
10:34:28  == Razposiljanje alarmov ==
10:34:28     Dostava opozoril je privzeto izključena; omrežni klic ni bil izveden.
10:34:28     konec: Razposiljanje alarmov
10:34:28  Nadzor koncan; padlih korakov: 0.
10:39:27  == Nadzornik zastalih obdelav ==
10:39:28     Watchdog pregled je končan.
10:39:28     konec: Nadzornik zastalih obdelav
10:39:28  == Razposiljanje alarmov ==
10:39:29     Dostava opozoril je privzeto izključena; omrežni klic ni bil izveden.
10:39:29     konec: Razposiljanje alarmov
10:39:29  Nadzor koncan; padlih korakov: 0.
10:44:27  == Nadzornik zastalih obdelav ==
10:44:28     Watchdog pregled je končan.
10:44:28     konec: Nadzornik zastalih obdelav
10:44:28  == Razposiljanje alarmov ==
10:44:29     Dostava opozoril je privzeto izključena; omrežni klic ni bil izveden.
10:44:29     konec: Razposiljanje alarmov
10:44:29  Nadzor koncan; padlih korakov: 0.
10:49:27  == Nadzornik zastalih obdelav ==
10:49:28     Watchdog pregled je končan.
10:49:28     konec: Nadzornik zastalih obdelav
10:49:28  == Razposiljanje alarmov ==
10:49:29     Dostava opozoril je privzeto izključena; omrežni klic ni bil izveden.
10:49:29     konec: Razposiljanje alarmov
10:49:29  Nadzor koncan; padlih korakov: 0.
10:54:27  == Nadzornik zastalih obdelav ==
10:54:28     Watchdog pregled je končan.
10:54:28     konec: Nadzornik zastalih obdelav
10:54:28  == Razposiljanje alarmov ==
10:54:28     Dostava opozoril je privzeto izključena; omrežni klic ni bil izveden.
10:54:29     konec: Razposiljanje alarmov
10:54:29  Nadzor koncan; padlih korakov: 0.
10:59:27  == Nadzornik zastalih obdelav ==
10:59:28     Watchdog pregled je končan.
10:59:28     konec: Nadzornik zastalih obdelav
10:59:28  == Razposiljanje alarmov ==
10:59:28     Dostava opozoril je privzeto izključena; omrežni klic ni bil izveden.
10:59:29     konec: Razposiljanje alarmov
10:59:29  Nadzor koncan; padlih korakov: 0.
11:04:27  == Nadzornik zastalih obdelav ==
11:04:28     Watchdog pregled je končan.
11:04:28     konec: Nadzornik zastalih obdelav
11:04:28  == Razposiljanje alarmov ==
11:04:29     Dostava opozoril je privzeto izključena; omrežni klic ni bil izveden.
11:04:29     konec: Razposiljanje alarmov
11:04:29  Nadzor koncan; padlih korakov: 0.
11:09:27  == Nadzornik zastalih obdelav ==
11:09:28     Watchdog pregled je končan.
11:09:28     konec: Nadzornik zastalih obdelav
11:09:28  == Razposiljanje alarmov ==
11:09:29     Dostava opozoril je privzeto izključena; omrežni klic ni bil izveden.
11:09:29     konec: Razposiljanje alarmov
11:09:29  Nadzor koncan; padlih korakov: 0.
11:14:27  == Nadzornik zastalih obdelav ==
11:14:28     Watchdog pregled je končan.
11:14:28     konec: Nadzornik zastalih obdelav
11:14:28  == Razposiljanje alarmov ==
11:14:28     Dostava opozoril je privzeto izključena; omrežni klic ni bil izveden.
11:14:29     konec: Razposiljanje alarmov
11:14:29  Nadzor koncan; padlih korakov: 0.
11:19:27  == Nadzornik zastalih obdelav ==
11:19:28     Watchdog pregled je končan.
11:19:28     konec: Nadzornik zastalih obdelav
11:19:28  == Razposiljanje alarmov ==
11:19:29     Dostava opozoril je privzeto izključena; omrežni klic ni bil izveden.
11:19:29     konec: Razposiljanje alarmov
11:19:29  Nadzor koncan; padlih korakov: 0.
11:24:27  == Nadzornik zastalih obdelav ==
11:24:28     Watchdog pregled je končan.
11:24:28     konec: Nadzornik zastalih obdelav
11:24:28  == Razposiljanje alarmov ==
11:24:29     Dostava opozoril je privzeto izključena; omrežni klic ni bil izveden.
11:24:29     konec: Razposiljanje alarmov
11:24:29  Nadzor koncan; padlih korakov: 0.
11:29:28  == Nadzornik zastalih obdelav ==
11:29:30     Watchdog pregled je končan.
11:29:30     konec: Nadzornik zastalih obdelav
11:29:30  == Razposiljanje alarmov ==
11:29:31     Dostava opozoril je privzeto izključena; omrežni klic ni bil izveden.
11:29:31     konec: Razposiljanje alarmov
11:29:31  Nadzor koncan; padlih korakov: 0.
11:34:28  == Nadzornik zastalih obdelav ==
11:34:29     Watchdog pregled je končan.
11:34:29     konec: Nadzornik zastalih obdelav
11:34:29  == Razposiljanje alarmov ==
11:34:30     Dostava opozoril je privzeto izključena; omrežni klic ni bil izveden.
11:34:30     konec: Razposiljanje alarmov
11:34:30  Nadzor koncan; padlih korakov: 0.
11:39:27  == Nadzornik zastalih obdelav ==
11:39:28     Watchdog pregled je končan.
11:39:28     konec: Nadzornik zastalih obdelav
11:39:28  == Razposiljanje alarmov ==
11:39:29     Dostava opozoril je privzeto izključena; omrežni klic ni bil izveden.
11:39:29     konec: Razposiljanje alarmov
11:39:29  Nadzor koncan; padlih korakov: 0.
11:44:27  == Nadzornik zastalih obdelav ==
11:44:28     Watchdog pregled je končan.
11:44:28     konec: Nadzornik zastalih obdelav
11:44:28  == Razposiljanje alarmov ==
11:44:29     Dostava opozoril je privzeto izključena; omrežni klic ni bil izveden.
11:44:29     konec: Razposiljanje alarmov
11:44:29  Nadzor koncan; padlih korakov: 0.
11:49:27  == Nadzornik zastalih obdelav ==
11:49:28     Watchdog pregled je končan.
11:49:28     konec: Nadzornik zastalih obdelav
11:49:28  == Razposiljanje alarmov ==
11:49:29     Dostava opozoril je privzeto izključena; omrežni klic ni bil izveden.
11:49:29     konec: Razposiljanje alarmov
11:49:29  Nadzor koncan; padlih korakov: 0.
11:54:27  == Nadzornik zastalih obdelav ==
11:54:28     Watchdog pregled je končan.
11:54:28     konec: Nadzornik zastalih obdelav
11:54:28  == Razposiljanje alarmov ==
11:54:29     Dostava opozoril je privzeto izključena; omrežni klic ni bil izveden.
11:54:29     konec: Razposiljanje alarmov
11:54:29  Nadzor koncan; padlih korakov: 0.
11:59:27  == Nadzornik zastalih obdelav ==
11:59:28     Watchdog pregled je končan.
11:59:28     konec: Nadzornik zastalih obdelav
11:59:28  == Razposiljanje alarmov ==
11:59:29     Dostava opozoril je privzeto izključena; omrežni klic ni bil izveden.
11:59:29     konec: Razposiljanje alarmov
11:59:29  Nadzor koncan; padlih korakov: 0.
12:04:27  == Nadzornik zastalih obdelav ==
12:04:28     Watchdog pregled je končan.
12:04:28     konec: Nadzornik zastalih obdelav
12:04:28  == Razposiljanje alarmov ==
12:04:29     Dostava opozoril je privzeto izključena; omrežni klic ni bil izveden.
12:04:29     konec: Razposiljanje alarmov
12:04:29  Nadzor koncan; padlih korakov: 0.
12:09:27  == Nadzornik zastalih obdelav ==
12:09:28     Watchdog pregled je končan.
12:09:28     konec: Nadzornik zastalih obdelav
12:09:28  == Razposiljanje alarmov ==
12:09:29     Dostava opozoril je privzeto izključena; omrežni klic ni bil izveden.
12:09:29     konec: Razposiljanje alarmov
12:09:29  Nadzor koncan; padlih korakov: 0.
12:14:27  == Nadzornik zastalih obdelav ==
12:14:28     Watchdog pregled je končan.
12:14:28     konec: Nadzornik zastalih obdelav
12:14:28  == Razposiljanje alarmov ==
12:14:29     Dostava opozoril je privzeto izključena; omrežni klic ni bil izveden.
12:14:29     konec: Razposiljanje alarmov
12:14:29  Nadzor koncan; padlih korakov: 0.
12:19:27  == Nadzornik zastalih obdelav ==
12:19:28     Watchdog pregled je končan.
12:19:28     konec: Nadzornik zastalih obdelav
12:19:28  == Razposiljanje alarmov ==
12:19:29     Dostava opozoril je privzeto izključena; omrežni klic ni bil izveden.
12:19:29     konec: Razposiljanje alarmov
12:19:29  Nadzor koncan; padlih korakov: 0.
12:24:27  == Nadzornik zastalih obdelav ==
12:24:28     Watchdog pregled je končan.
12:24:28     konec: Nadzornik zastalih obdelav
12:24:28  == Razposiljanje alarmov ==
12:24:29     Dostava opozoril je privzeto izključena; omrežni klic ni bil izveden.
12:24:29     konec: Razposiljanje alarmov
12:24:29  Nadzor koncan; padlih korakov: 0.
12:29:27  == Nadzornik zastalih obdelav ==
12:29:28     Watchdog pregled je končan.
12:29:28     konec: Nadzornik zastalih obdelav
12:29:28  == Razposiljanje alarmov ==
12:29:29     Dostava opozoril je privzeto izključena; omrežni klic ni bil izveden.
12:29:29     konec: Razposiljanje alarmov
12:29:29  Nadzor koncan; padlih korakov: 0.
12:34:27  == Nadzornik zastalih obdelav ==
12:34:28     Watchdog pregled je končan.
12:34:28     konec: Nadzornik zastalih obdelav
12:34:28  == Razposiljanje alarmov ==
12:34:29     Dostava opozoril je privzeto izključena; omrežni klic ni bil izveden.
12:34:29     konec: Razposiljanje alarmov
12:34:29  Nadzor koncan; padlih korakov: 0.
12:39:27  == Nadzornik zastalih obdelav ==
12:39:28     Watchdog pregled je končan.
12:39:28     konec: Nadzornik zastalih obdelav
12:39:28  == Razposiljanje alarmov ==
12:39:29     Dostava opozoril je privzeto izključena; omrežni klic ni bil izveden.
12:39:29     konec: Razposiljanje alarmov
12:39:29  Nadzor koncan; padlih korakov: 0.
12:44:27  == Nadzornik zastalih obdelav ==
12:44:28     Watchdog pregled je končan.
12:44:28     konec: Nadzornik zastalih obdelav
12:44:28  == Razposiljanje alarmov ==
12:44:29     Dostava opozoril je privzeto izključena; omrežni klic ni bil izveden.
12:44:29     konec: Razposiljanje alarmov
12:44:29  Nadzor koncan; padlih korakov: 0.
12:49:27  == Nadzornik zastalih obdelav ==
12:49:28     Watchdog pregled je končan.
12:49:28     konec: Nadzornik zastalih obdelav
12:49:28  == Razposiljanje alarmov ==
12:49:29     Dostava opozoril je privzeto izključena; omrežni klic ni bil izveden.
12:49:29     konec: Razposiljanje alarmov
12:49:29  Nadzor koncan; padlih korakov: 0.
12:54:27  == Nadzornik zastalih obdelav ==
12:54:28     Watchdog pregled je končan.
12:54:28     konec: Nadzornik zastalih obdelav
12:54:28  == Razposiljanje alarmov ==
12:54:29     Dostava opozoril je privzeto izključena; omrežni klic ni bil izveden.
12:54:29     konec: Razposiljanje alarmov
12:54:29  Nadzor koncan; padlih korakov: 0.
12:59:27  == Nadzornik zastalih obdelav ==
12:59:28     Watchdog pregled je končan.
12:59:28     konec: Nadzornik zastalih obdelav
12:59:28  == Razposiljanje alarmov ==
12:59:29     Dostava opozoril je privzeto izključena; omrežni klic ni bil izveden.
12:59:29     konec: Razposiljanje alarmov
12:59:29  Nadzor koncan; padlih korakov: 0.
13:04:27  == Nadzornik zastalih obdelav ==
13:04:28     Watchdog pregled je končan.
13:04:28     konec: Nadzornik zastalih obdelav
13:04:28  == Razposiljanje alarmov ==
13:04:29     Dostava opozoril je privzeto izključena; omrežni klic ni bil izveden.
13:04:29     konec: Razposiljanje alarmov
13:04:29  Nadzor koncan; padlih korakov: 0.
13:09:27  == Nadzornik zastalih obdelav ==
13:09:28     Watchdog pregled je končan.
13:09:28     konec: Nadzornik zastalih obdelav
13:09:28  == Razposiljanje alarmov ==
13:09:29     Dostava opozoril je privzeto izključena; omrežni klic ni bil izveden.
13:09:29     konec: Razposiljanje alarmov
13:09:29  Nadzor koncan; padlih korakov: 0.
13:14:27  == Nadzornik zastalih obdelav ==
13:14:28     Watchdog pregled je končan.
13:14:28     konec: Nadzornik zastalih obdelav
13:14:28  == Razposiljanje alarmov ==
13:14:29     Dostava opozoril je privzeto izključena; omrežni klic ni bil izveden.
13:14:29     konec: Razposiljanje alarmov
13:14:29  Nadzor koncan; padlih korakov: 0.
13:19:27  == Nadzornik zastalih obdelav ==
13:19:28     Watchdog pregled je končan.
13:19:28     konec: Nadzornik zastalih obdelav
13:19:28  == Razposiljanje alarmov ==
13:19:29     Dostava opozoril je privzeto izključena; omrežni klic ni bil izveden.
13:19:29     konec: Razposiljanje alarmov
13:19:29  Nadzor koncan; padlih korakov: 0.
13:24:27  == Nadzornik zastalih obdelav ==
13:24:28     Watchdog pregled je končan.
13:24:28     konec: Nadzornik zastalih obdelav
13:24:28  == Razposiljanje alarmov ==
13:24:29     Dostava opozoril je privzeto izključena; omrežni klic ni bil izveden.
13:24:29     konec: Razposiljanje alarmov
13:24:29  Nadzor koncan; padlih korakov: 0.
13:29:27  == Nadzornik zastalih obdelav ==
13:29:28     Watchdog pregled je končan.
13:29:28     konec: Nadzornik zastalih obdelav
13:29:28  == Razposiljanje alarmov ==
13:29:29     Dostava opozoril je privzeto izključena; omrežni klic ni bil izveden.
13:29:29     konec: Razposiljanje alarmov
13:29:29  Nadzor koncan; padlih korakov: 0.
13:34:27  == Nadzornik zastalih obdelav ==
13:34:28     Watchdog pregled je končan.
13:34:28     konec: Nadzornik zastalih obdelav
13:34:28  == Razposiljanje alarmov ==
13:34:29     Dostava opozoril je privzeto izključena; omrežni klic ni bil izveden.
13:34:29     konec: Razposiljanje alarmov
13:34:29  Nadzor koncan; padlih korakov: 0.
13:39:27  == Nadzornik zastalih obdelav ==
13:39:28     Watchdog pregled je končan.
13:39:28     konec: Nadzornik zastalih obdelav
13:39:28  == Razposiljanje alarmov ==
13:39:29     Dostava opozoril je privzeto izključena; omrežni klic ni bil izveden.
13:39:29     konec: Razposiljanje alarmov
13:39:29  Nadzor koncan; padlih korakov: 0.
13:44:27  == Nadzornik zastalih obdelav ==
13:44:28     Watchdog pregled je končan.
13:44:28     konec: Nadzornik zastalih obdelav
13:44:28  == Razposiljanje alarmov ==
13:44:29     Dostava opozoril je privzeto izključena; omrežni klic ni bil izveden.
13:44:29     konec: Razposiljanje alarmov
13:44:29  Nadzor koncan; padlih korakov: 0.
13:49:26  == Nadzornik zastalih obdelav ==
13:49:27     Watchdog pregled je končan.
13:49:27     konec: Nadzornik zastalih obdelav
13:49:27  == Razposiljanje alarmov ==
13:49:28     Dostava opozoril je privzeto izključena; omrežni klic ni bil izveden.
13:49:28     konec: Razposiljanje alarmov
13:49:28  Nadzor koncan; padlih korakov: 0.
13:54:26  == Nadzornik zastalih obdelav ==
13:54:27     Watchdog pregled je končan.
13:54:27     konec: Nadzornik zastalih obdelav
13:54:27  == Razposiljanje alarmov ==
13:54:28     Dostava opozoril je privzeto izključena; omrežni klic ni bil izveden.
13:54:28     konec: Razposiljanje alarmov
13:54:28  Nadzor koncan; padlih korakov: 0.
13:59:26  == Nadzornik zastalih obdelav ==
13:59:27     Watchdog pregled je končan.
13:59:27     konec: Nadzornik zastalih obdelav
13:59:27  == Razposiljanje alarmov ==
13:59:28     Dostava opozoril je privzeto izključena; omrežni klic ni bil izveden.
13:59:28     konec: Razposiljanje alarmov
13:59:28  Nadzor koncan; padlih korakov: 0.
14:04:26  == Nadzornik zastalih obdelav ==
14:04:27     Watchdog pregled je končan.
14:04:27     konec: Nadzornik zastalih obdelav
14:04:27  == Razposiljanje alarmov ==
14:04:28     Dostava opozoril je privzeto izključena; omrežni klic ni bil izveden.
14:04:28     konec: Razposiljanje alarmov
14:04:28  Nadzor koncan; padlih korakov: 0.
14:09:26  == Nadzornik zastalih obdelav ==
14:09:27     Watchdog pregled je končan.
14:09:27     konec: Nadzornik zastalih obdelav
14:09:27  == Razposiljanje alarmov ==
14:09:28     Dostava opozoril je privzeto izključena; omrežni klic ni bil izveden.
14:09:28     konec: Razposiljanje alarmov
14:09:28  Nadzor koncan; padlih korakov: 0.
14:14:26  == Nadzornik zastalih obdelav ==
14:14:27     Watchdog pregled je končan.
14:14:27     konec: Nadzornik zastalih obdelav
14:14:27  == Razposiljanje alarmov ==
14:14:28     Dostava opozoril je privzeto izključena; omrežni klic ni bil izveden.
14:14:28     konec: Razposiljanje alarmov
14:14:28  Nadzor koncan; padlih korakov: 0.
14:19:26  == Nadzornik zastalih obdelav ==
14:19:27     Watchdog pregled je končan.
14:19:27     konec: Nadzornik zastalih obdelav
14:19:27  == Razposiljanje alarmov ==
14:19:28     Dostava opozoril je privzeto izključena; omrežni klic ni bil izveden.
14:19:28     konec: Razposiljanje alarmov
14:19:28  Nadzor koncan; padlih korakov: 0.
14:24:26  == Nadzornik zastalih obdelav ==
14:24:27     Watchdog pregled je končan.
14:24:27     konec: Nadzornik zastalih obdelav
14:24:27  == Razposiljanje alarmov ==
14:24:28     Dostava opozoril je privzeto izključena; omrežni klic ni bil izveden.
14:24:28     konec: Razposiljanje alarmov
14:24:28  Nadzor koncan; padlih korakov: 0.
14:29:28  == Nadzornik zastalih obdelav ==
14:29:29     Watchdog pregled je končan.
14:29:29     konec: Nadzornik zastalih obdelav
14:29:29  == Razposiljanje alarmov ==
14:29:30     Dostava opozoril je privzeto izključena; omrežni klic ni bil izveden.
14:29:30     konec: Razposiljanje alarmov
14:29:30  Nadzor koncan; padlih korakov: 0.
14:34:27  == Nadzornik zastalih obdelav ==
14:34:28     Watchdog pregled je končan.
14:34:28     konec: Nadzornik zastalih obdelav
14:34:28  == Razposiljanje alarmov ==
14:34:29     Dostava opozoril je privzeto izključena; omrežni klic ni bil izveden.
14:34:29     konec: Razposiljanje alarmov
14:34:30  Nadzor koncan; padlih korakov: 0.
14:39:26  == Nadzornik zastalih obdelav ==
14:39:27     Watchdog pregled je končan.
14:39:27     konec: Nadzornik zastalih obdelav
14:39:27  == Razposiljanje alarmov ==
14:39:28     Dostava opozoril je privzeto izključena; omrežni klic ni bil izveden.
14:39:28     konec: Razposiljanje alarmov
14:39:28  Nadzor koncan; padlih korakov: 0.
14:44:26  == Nadzornik zastalih obdelav ==
14:44:27     Watchdog pregled je končan.
14:44:27     konec: Nadzornik zastalih obdelav
14:44:27  == Razposiljanje alarmov ==
14:44:28     Dostava opozoril je privzeto izključena; omrežni klic ni bil izveden.
14:44:28     konec: Razposiljanje alarmov
14:44:28  Nadzor koncan; padlih korakov: 0.
14:49:26  == Nadzornik zastalih obdelav ==
14:49:27     Watchdog pregled je končan.
14:49:27     konec: Nadzornik zastalih obdelav
14:49:27  == Razposiljanje alarmov ==
14:49:28     Dostava opozoril je privzeto izključena; omrežni klic ni bil izveden.
14:49:28     konec: Razposiljanje alarmov
14:49:28  Nadzor koncan; padlih korakov: 0.
14:54:26  == Nadzornik zastalih obdelav ==
14:54:27     Watchdog pregled je končan.
14:54:27     konec: Nadzornik zastalih obdelav
14:54:27  == Razposiljanje alarmov ==
14:54:28     Dostava opozoril je privzeto izključena; omrežni klic ni bil izveden.
14:54:28     konec: Razposiljanje alarmov
14:54:28  Nadzor koncan; padlih korakov: 0.
14:59:26  == Nadzornik zastalih obdelav ==
14:59:27     Watchdog pregled je končan.
14:59:27     konec: Nadzornik zastalih obdelav
14:59:27  == Razposiljanje alarmov ==
14:59:28     Dostava opozoril je privzeto izključena; omrežni klic ni bil izveden.
14:59:28     konec: Razposiljanje alarmov
14:59:28  Nadzor koncan; padlih korakov: 0.
15:04:26  == Nadzornik zastalih obdelav ==
15:04:27     Watchdog pregled je končan.
15:04:27     konec: Nadzornik zastalih obdelav
15:04:27  == Razposiljanje alarmov ==
15:04:28     Dostava opozoril je privzeto izključena; omrežni klic ni bil izveden.
15:04:28     konec: Razposiljanje alarmov
15:04:28  Nadzor koncan; padlih korakov: 0.
15:09:26  == Nadzornik zastalih obdelav ==
15:09:27     Watchdog pregled je končan.
15:09:27     konec: Nadzornik zastalih obdelav
15:09:27  == Razposiljanje alarmov ==
15:09:28     Dostava opozoril je privzeto izključena; omrežni klic ni bil izveden.
15:09:28     konec: Razposiljanje alarmov
15:09:28  Nadzor koncan; padlih korakov: 0.
15:14:26  == Nadzornik zastalih obdelav ==
15:14:27     Watchdog pregled je končan.
15:14:27     konec: Nadzornik zastalih obdelav
15:14:27  == Razposiljanje alarmov ==
15:14:28     Dostava opozoril je privzeto izključena; omrežni klic ni bil izveden.
15:14:28     konec: Razposiljanje alarmov
15:14:28  Nadzor koncan; padlih korakov: 0.
15:19:27  == Nadzornik zastalih obdelav ==
15:19:28     Watchdog pregled je končan.
15:19:28     konec: Nadzornik zastalih obdelav
15:19:28  == Razposiljanje alarmov ==
15:19:29     Dostava opozoril je privzeto izključena; omrežni klic ni bil izveden.
15:19:29     konec: Razposiljanje alarmov
15:19:29  Nadzor koncan; padlih korakov: 0.
15:24:26  == Nadzornik zastalih obdelav ==
15:24:27     Watchdog pregled je končan.
15:24:27     konec: Nadzornik zastalih obdelav
15:24:27  == Razposiljanje alarmov ==
15:24:28     Dostava opozoril je privzeto izključena; omrežni klic ni bil izveden.
15:24:28     konec: Razposiljanje alarmov
15:24:28  Nadzor koncan; padlih korakov: 0.
15:29:26  == Nadzornik zastalih obdelav ==
15:29:27     Watchdog pregled je končan.
15:29:27     konec: Nadzornik zastalih obdelav
15:29:27  == Razposiljanje alarmov ==
15:29:28     Dostava opozoril je privzeto izključena; omrežni klic ni bil izveden.
15:29:28     konec: Razposiljanje alarmov
15:29:28  Nadzor koncan; padlih korakov: 0.
15:34:26  == Nadzornik zastalih obdelav ==
15:34:27     Watchdog pregled je končan.
15:34:27     konec: Nadzornik zastalih obdelav
15:34:27  == Razposiljanje alarmov ==
15:34:28     Dostava opozoril je privzeto izključena; omrežni klic ni bil izveden.
15:34:28     konec: Razposiljanje alarmov
15:34:28  Nadzor koncan; padlih korakov: 0.
15:39:26  == Nadzornik zastalih obdelav ==
15:39:27     Watchdog pregled je končan.
15:39:27     konec: Nadzornik zastalih obdelav
15:39:27  == Razposiljanje alarmov ==
15:39:28     Dostava opozoril je privzeto izključena; omrežni klic ni bil izveden.
15:39:28     konec: Razposiljanje alarmov
15:39:28  Nadzor koncan; padlih korakov: 0.
15:44:26  == Nadzornik zastalih obdelav ==
15:44:27     Watchdog pregled je končan.
15:44:27     konec: Nadzornik zastalih obdelav
15:44:27  == Razposiljanje alarmov ==
15:44:28     Dostava opozoril je privzeto izključena; omrežni klic ni bil izveden.
15:44:28     konec: Razposiljanje alarmov
15:44:28  Nadzor koncan; padlih korakov: 0.
15:49:26  == Nadzornik zastalih obdelav ==
15:49:27     Watchdog pregled je končan.
15:49:27     konec: Nadzornik zastalih obdelav
15:49:27  == Razposiljanje alarmov ==
15:49:28     Dostava opozoril je privzeto izključena; omrežni klic ni bil izveden.
15:49:28     konec: Razposiljanje alarmov
15:49:28  Nadzor koncan; padlih korakov: 0.
15:54:26  == Nadzornik zastalih obdelav ==
15:54:27     Watchdog pregled je končan.
15:54:27     konec: Nadzornik zastalih obdelav
15:54:27  == Razposiljanje alarmov ==
15:54:28     Dostava opozoril je privzeto izključena; omrežni klic ni bil izveden.
15:54:28     konec: Razposiljanje alarmov
15:54:28  Nadzor koncan; padlih korakov: 0.
15:59:26  == Nadzornik zastalih obdelav ==
15:59:27     Watchdog pregled je končan.
15:59:27     konec: Nadzornik zastalih obdelav
15:59:27  == Razposiljanje alarmov ==
15:59:28     Dostava opozoril je privzeto izključena; omrežni klic ni bil izveden.
15:59:28     konec: Razposiljanje alarmov
15:59:28  Nadzor koncan; padlih korakov: 0.
16:04:26  == Nadzornik zastalih obdelav ==
16:04:27     Watchdog pregled je končan.
16:04:27     konec: Nadzornik zastalih obdelav
16:04:27  == Razposiljanje alarmov ==
16:04:28     Dostava opozoril je privzeto izključena; omrežni klic ni bil izveden.
16:04:28     konec: Razposiljanje alarmov
16:04:28  Nadzor koncan; padlih korakov: 0.
16:09:26  == Nadzornik zastalih obdelav ==
16:09:27     Watchdog pregled je končan.
16:09:27     konec: Nadzornik zastalih obdelav
16:09:27  == Razposiljanje alarmov ==
16:09:28     Dostava opozoril je privzeto izključena; omrežni klic ni bil izveden.
16:09:28     konec: Razposiljanje alarmov
16:09:28  Nadzor koncan; padlih korakov: 0.
16:14:26  == Nadzornik zastalih obdelav ==
16:14:27     Watchdog pregled je končan.
16:14:27     konec: Nadzornik zastalih obdelav
16:14:27  == Razposiljanje alarmov ==
16:14:28     Dostava opozoril je privzeto izključena; omrežni klic ni bil izveden.
16:14:28     konec: Razposiljanje alarmov
16:14:28  Nadzor koncan; padlih korakov: 0.
16:19:26  == Nadzornik zastalih obdelav ==
16:19:27     Watchdog pregled je končan.
16:19:27     konec: Nadzornik zastalih obdelav
16:19:27  == Razposiljanje alarmov ==
16:19:28     Dostava opozoril je privzeto izključena; omrežni klic ni bil izveden.
16:19:28     konec: Razposiljanje alarmov
16:19:28  Nadzor koncan; padlih korakov: 0.
16:24:26  == Nadzornik zastalih obdelav ==
16:24:27     Watchdog pregled je končan.
16:24:27     konec: Nadzornik zastalih obdelav
16:24:27  == Razposiljanje alarmov ==
16:24:28     Dostava opozoril je privzeto izključena; omrežni klic ni bil izveden.
16:24:28     konec: Razposiljanje alarmov
16:24:28  Nadzor koncan; padlih korakov: 0.
16:29:26  == Nadzornik zastalih obdelav ==
16:29:27     Watchdog pregled je končan.
16:29:27     konec: Nadzornik zastalih obdelav
16:29:27  == Razposiljanje alarmov ==
16:29:28     Dostava opozoril je privzeto izključena; omrežni klic ni bil izveden.
16:29:28     konec: Razposiljanje alarmov
16:29:28  Nadzor koncan; padlih korakov: 0.
16:34:26  == Nadzornik zastalih obdelav ==
16:34:27     Watchdog pregled je končan.
16:34:27     konec: Nadzornik zastalih obdelav
16:34:27  == Razposiljanje alarmov ==
16:34:28     Dostava opozoril je privzeto izključena; omrežni klic ni bil izveden.
16:34:28     konec: Razposiljanje alarmov
16:34:28  Nadzor koncan; padlih korakov: 0.
16:39:26  == Nadzornik zastalih obdelav ==
16:39:27     Watchdog pregled je končan.
16:39:27     konec: Nadzornik zastalih obdelav
16:39:27  == Razposiljanje alarmov ==
16:39:28     Dostava opozoril je privzeto izključena; omrežni klic ni bil izveden.
16:39:28     konec: Razposiljanje alarmov
16:39:28  Nadzor koncan; padlih korakov: 0.
16:44:26  == Nadzornik zastalih obdelav ==
16:44:27     Watchdog pregled je končan.
16:44:27     konec: Nadzornik zastalih obdelav
16:44:27  == Razposiljanje alarmov ==
16:44:28     Dostava opozoril je privzeto izključena; omrežni klic ni bil izveden.
16:44:28     konec: Razposiljanje alarmov
16:44:28  Nadzor koncan; padlih korakov: 0.
16:49:26  == Nadzornik zastalih obdelav ==
16:49:27     Watchdog pregled je končan.
16:49:27     konec: Nadzornik zastalih obdelav
16:49:27  == Razposiljanje alarmov ==
16:49:28     Dostava opozoril je privzeto izključena; omrežni klic ni bil izveden.
16:49:28     konec: Razposiljanje alarmov
16:49:28  Nadzor koncan; padlih korakov: 0.
16:54:26  == Nadzornik zastalih obdelav ==
16:54:27     Watchdog pregled je končan.
16:54:27     konec: Nadzornik zastalih obdelav
16:54:27  == Razposiljanje alarmov ==
16:54:28     Dostava opozoril je privzeto izključena; omrežni klic ni bil izveden.
16:54:28     konec: Razposiljanje alarmov
16:54:28  Nadzor koncan; padlih korakov: 0.
16:59:26  == Nadzornik zastalih obdelav ==
16:59:27     Watchdog pregled je končan.
16:59:27     konec: Nadzornik zastalih obdelav
16:59:27  == Razposiljanje alarmov ==
16:59:28     Dostava opozoril je privzeto izključena; omrežni klic ni bil izveden.
16:59:28     konec: Razposiljanje alarmov
16:59:28  Nadzor koncan; padlih korakov: 0.
17:04:26  == Nadzornik zastalih obdelav ==
17:04:27     Watchdog pregled je končan.
17:04:27     konec: Nadzornik zastalih obdelav
17:04:27  == Razposiljanje alarmov ==
17:04:28     Dostava opozoril je privzeto izključena; omrežni klic ni bil izveden.
17:04:28     konec: Razposiljanje alarmov
17:04:28  Nadzor koncan; padlih korakov: 0.
17:09:26  == Nadzornik zastalih obdelav ==
17:09:27     Watchdog pregled je končan.
17:09:27     konec: Nadzornik zastalih obdelav
17:09:27  == Razposiljanje alarmov ==
17:09:28     Dostava opozoril je privzeto izključena; omrežni klic ni bil izveden.
17:09:28     konec: Razposiljanje alarmov
17:09:28  Nadzor koncan; padlih korakov: 0.
17:14:26  == Nadzornik zastalih obdelav ==
17:14:27     Watchdog pregled je končan.
17:14:27     konec: Nadzornik zastalih obdelav
17:14:27  == Razposiljanje alarmov ==
17:14:28     Dostava opozoril je privzeto izključena; omrežni klic ni bil izveden.
17:14:28     konec: Razposiljanje alarmov
17:14:28  Nadzor koncan; padlih korakov: 0.
17:19:26  == Nadzornik zastalih obdelav ==
17:19:27     Watchdog pregled je končan.
17:19:27     konec: Nadzornik zastalih obdelav
17:19:27  == Razposiljanje alarmov ==
17:19:28     Dostava opozoril je privzeto izključena; omrežni klic ni bil izveden.
17:19:28     konec: Razposiljanje alarmov
17:19:28  Nadzor koncan; padlih korakov: 0.
17:24:26  == Nadzornik zastalih obdelav ==
17:24:27     Watchdog pregled je končan.
17:24:27     konec: Nadzornik zastalih obdelav
17:24:27  == Razposiljanje alarmov ==
17:24:28     Dostava opozoril je privzeto izključena; omrežni klic ni bil izveden.
17:24:28     konec: Razposiljanje alarmov
17:24:28  Nadzor koncan; padlih korakov: 0.
17:29:28  == Nadzornik zastalih obdelav ==
17:29:29     Watchdog pregled je končan.
17:29:29     konec: Nadzornik zastalih obdelav
17:29:29  == Razposiljanje alarmov ==
17:29:30     Dostava opozoril je privzeto izključena; omrežni klic ni bil izveden.
17:29:30     konec: Razposiljanje alarmov
17:29:30  Nadzor koncan; padlih korakov: 0.
17:34:28  == Nadzornik zastalih obdelav ==
17:34:29     Watchdog pregled je končan.
17:34:29     konec: Nadzornik zastalih obdelav
17:34:29  == Razposiljanje alarmov ==
17:34:30     Dostava opozoril je privzeto izključena; omrežni klic ni bil izveden.
17:34:30     konec: Razposiljanje alarmov
17:34:30  Nadzor koncan; padlih korakov: 0.
17:39:26  == Nadzornik zastalih obdelav ==
17:39:27     Watchdog pregled je končan.
17:39:27     konec: Nadzornik zastalih obdelav
17:39:27  == Razposiljanje alarmov ==
17:39:28     Dostava opozoril je privzeto izključena; omrežni klic ni bil izveden.
17:39:28     konec: Razposiljanje alarmov
17:39:28  Nadzor koncan; padlih korakov: 0.
17:44:26  == Nadzornik zastalih obdelav ==
17:44:27     Watchdog pregled je končan.
17:44:27     konec: Nadzornik zastalih obdelav
17:44:27  == Razposiljanje alarmov ==
17:44:28     Dostava opozoril je privzeto izključena; omrežni klic ni bil izveden.
17:44:28     konec: Razposiljanje alarmov
17:44:28  Nadzor koncan; padlih korakov: 0.
17:49:26  == Nadzornik zastalih obdelav ==
17:49:27     Watchdog pregled je končan.
17:49:27     konec: Nadzornik zastalih obdelav
17:49:27  == Razposiljanje alarmov ==
17:49:28     Dostava opozoril je privzeto izključena; omrežni klic ni bil izveden.
17:49:28     konec: Razposiljanje alarmov
17:49:28  Nadzor koncan; padlih korakov: 0.
17:54:26  == Nadzornik zastalih obdelav ==
17:54:27     Watchdog pregled je končan.
17:54:27     konec: Nadzornik zastalih obdelav
17:54:27  == Razposiljanje alarmov ==
17:54:28     Dostava opozoril je privzeto izključena; omrežni klic ni bil izveden.
17:54:28     konec: Razposiljanje alarmov
17:54:28  Nadzor koncan; padlih korakov: 0.
17:59:26  == Nadzornik zastalih obdelav ==
17:59:27     Watchdog pregled je končan.
17:59:27     konec: Nadzornik zastalih obdelav
17:59:27  == Razposiljanje alarmov ==
17:59:28     Dostava opozoril je privzeto izključena; omrežni klic ni bil izveden.
17:59:28     konec: Razposiljanje alarmov
17:59:28  Nadzor koncan; padlih korakov: 0.
18:04:26  == Nadzornik zastalih obdelav ==
18:04:27     Watchdog pregled je končan.
18:04:27     konec: Nadzornik zastalih obdelav
18:04:27  == Razposiljanje alarmov ==
18:04:28     Dostava opozoril je privzeto izključena; omrežni klic ni bil izveden.
18:04:28     konec: Razposiljanje alarmov
18:04:28  Nadzor koncan; padlih korakov: 0.
18:09:26  == Nadzornik zastalih obdelav ==
18:09:27     Watchdog pregled je končan.
18:09:27     konec: Nadzornik zastalih obdelav
18:09:27  == Razposiljanje alarmov ==
18:09:28     Dostava opozoril je privzeto izključena; omrežni klic ni bil izveden.
18:09:28     konec: Razposiljanje alarmov
18:09:28  Nadzor koncan; padlih korakov: 0.
18:14:26  == Nadzornik zastalih obdelav ==
18:14:27     Watchdog pregled je končan.
18:14:27     konec: Nadzornik zastalih obdelav
18:14:27  == Razposiljanje alarmov ==
18:14:28     Dostava opozoril je privzeto izključena; omrežni klic ni bil izveden.
18:14:28     konec: Razposiljanje alarmov
18:14:28  Nadzor koncan; padlih korakov: 0.
18:19:26  == Nadzornik zastalih obdelav ==
18:19:27     Watchdog pregled je končan.
18:19:27     konec: Nadzornik zastalih obdelav
18:19:27  == Razposiljanje alarmov ==
18:19:28     Dostava opozoril je privzeto izključena; omrežni klic ni bil izveden.
18:19:28     konec: Razposiljanje alarmov
18:19:28  Nadzor koncan; padlih korakov: 0.
18:24:27  == Nadzornik zastalih obdelav ==
18:24:28     Watchdog pregled je končan.
18:24:28     konec: Nadzornik zastalih obdelav
18:24:28  == Razposiljanje alarmov ==
18:24:29     Dostava opozoril je privzeto izključena; omrežni klic ni bil izveden.
18:24:29     konec: Razposiljanje alarmov
18:24:29  Nadzor koncan; padlih korakov: 0.
18:29:26  == Nadzornik zastalih obdelav ==
18:29:27     Watchdog pregled je končan.
18:29:27     konec: Nadzornik zastalih obdelav
18:29:27  == Razposiljanje alarmov ==
18:29:28     Dostava opozoril je privzeto izključena; omrežni klic ni bil izveden.
18:29:28     konec: Razposiljanje alarmov
18:29:28  Nadzor koncan; padlih korakov: 0.
18:34:26  == Nadzornik zastalih obdelav ==
18:34:27     Watchdog pregled je končan.
18:34:27     konec: Nadzornik zastalih obdelav
18:34:27  == Razposiljanje alarmov ==
18:34:28     Dostava opozoril je privzeto izključena; omrežni klic ni bil izveden.
18:34:28     konec: Razposiljanje alarmov
18:34:28  Nadzor koncan; padlih korakov: 0.
18:39:26  == Nadzornik zastalih obdelav ==
18:39:27     Watchdog pregled je končan.
18:39:27     konec: Nadzornik zastalih obdelav
18:39:27  == Razposiljanje alarmov ==
18:39:28     Dostava opozoril je privzeto izključena; omrežni klic ni bil izveden.
18:39:28     konec: Razposiljanje alarmov
18:39:28  Nadzor koncan; padlih korakov: 0.
18:44:26  == Nadzornik zastalih obdelav ==
18:44:27     Watchdog pregled je končan.
18:44:27     konec: Nadzornik zastalih obdelav
18:44:27  == Razposiljanje alarmov ==
18:44:28     Dostava opozoril je privzeto izključena; omrežni klic ni bil izveden.
18:44:28     konec: Razposiljanje alarmov
18:44:28  Nadzor koncan; padlih korakov: 0.
18:49:26  == Nadzornik zastalih obdelav ==
18:49:27     Watchdog pregled je končan.
18:49:27     konec: Nadzornik zastalih obdelav
18:49:27  == Razposiljanje alarmov ==
18:49:28     Dostava opozoril je privzeto izključena; omrežni klic ni bil izveden.
18:49:28     konec: Razposiljanje alarmov
18:49:28  Nadzor koncan; padlih korakov: 0.
18:54:26  == Nadzornik zastalih obdelav ==
18:54:27     Watchdog pregled je končan.
18:54:27     konec: Nadzornik zastalih obdelav
18:54:27  == Razposiljanje alarmov ==
18:54:28     Dostava opozoril je privzeto izključena; omrežni klic ni bil izveden.
18:54:28     konec: Razposiljanje alarmov
18:54:28  Nadzor koncan; padlih korakov: 0.
18:59:26  == Nadzornik zastalih obdelav ==
18:59:27     Watchdog pregled je končan.
18:59:27     konec: Nadzornik zastalih obdelav
18:59:27  == Razposiljanje alarmov ==
18:59:28     Dostava opozoril je privzeto izključena; omrežni klic ni bil izveden.
18:59:28     konec: Razposiljanje alarmov
18:59:28  Nadzor koncan; padlih korakov: 0.
19:04:26  == Nadzornik zastalih obdelav ==
19:04:27     Watchdog pregled je končan.
19:04:27     konec: Nadzornik zastalih obdelav
19:04:27  == Razposiljanje alarmov ==
19:04:28     Dostava opozoril je privzeto izključena; omrežni klic ni bil izveden.
19:04:28     konec: Razposiljanje alarmov
19:04:28  Nadzor koncan; padlih korakov: 0.
19:09:26  == Nadzornik zastalih obdelav ==
19:09:27     Watchdog pregled je končan.
19:09:27     konec: Nadzornik zastalih obdelav
19:09:27  == Razposiljanje alarmov ==
19:09:28     Dostava opozoril je privzeto izključena; omrežni klic ni bil izveden.
19:09:28     konec: Razposiljanje alarmov
19:09:28  Nadzor koncan; padlih korakov: 0.
19:14:26  == Nadzornik zastalih obdelav ==
19:14:27     Watchdog pregled je končan.
19:14:27     konec: Nadzornik zastalih obdelav
19:14:27  == Razposiljanje alarmov ==
19:14:28     Dostava opozoril je privzeto izključena; omrežni klic ni bil izveden.
19:14:28     konec: Razposiljanje alarmov
19:14:28  Nadzor koncan; padlih korakov: 0.
19:19:26  == Nadzornik zastalih obdelav ==
19:19:27     Watchdog pregled je končan.
19:19:27     konec: Nadzornik zastalih obdelav
19:19:27  == Razposiljanje alarmov ==
19:19:28     Dostava opozoril je privzeto izključena; omrežni klic ni bil izveden.
19:19:28     konec: Razposiljanje alarmov
19:19:28  Nadzor koncan; padlih korakov: 0.
19:24:26  == Nadzornik zastalih obdelav ==
19:24:27     Watchdog pregled je končan.
19:24:27     konec: Nadzornik zastalih obdelav
19:24:27  == Razposiljanje alarmov ==
19:24:28     Dostava opozoril je privzeto izključena; omrežni klic ni bil izveden.
19:24:28     konec: Razposiljanje alarmov
19:24:29  Nadzor koncan; padlih korakov: 0.
19:29:26  == Nadzornik zastalih obdelav ==
19:29:27     Watchdog pregled je končan.
19:29:27     konec: Nadzornik zastalih obdelav
19:29:27  == Razposiljanje alarmov ==
19:29:28     Dostava opozoril je privzeto izključena; omrežni klic ni bil izveden.
19:29:28     konec: Razposiljanje alarmov
19:29:28  Nadzor koncan; padlih korakov: 0.
19:34:26  == Nadzornik zastalih obdelav ==
19:34:27     Watchdog pregled je končan.
19:34:27     konec: Nadzornik zastalih obdelav
19:34:27  == Razposiljanje alarmov ==
19:34:28     Dostava opozoril je privzeto izključena; omrežni klic ni bil izveden.
19:34:28     konec: Razposiljanje alarmov
19:34:28  Nadzor koncan; padlih korakov: 0.
19:39:26  == Nadzornik zastalih obdelav ==
19:39:27     Watchdog pregled je končan.
19:39:27     konec: Nadzornik zastalih obdelav
19:39:27  == Razposiljanje alarmov ==
19:39:28     Dostava opozoril je privzeto izključena; omrežni klic ni bil izveden.
19:39:28     konec: Razposiljanje alarmov
19:39:28  Nadzor koncan; padlih korakov: 0.
19:44:26  == Nadzornik zastalih obdelav ==
19:44:27     Watchdog pregled je končan.
19:44:27     konec: Nadzornik zastalih obdelav
19:44:27  == Razposiljanje alarmov ==
19:44:28     Dostava opozoril je privzeto izključena; omrežni klic ni bil izveden.
19:44:28     konec: Razposiljanje alarmov
19:44:28  Nadzor koncan; padlih korakov: 0.
19:49:26  == Nadzornik zastalih obdelav ==
19:49:27     Watchdog pregled je končan.
19:49:27     konec: Nadzornik zastalih obdelav
19:49:27  == Razposiljanje alarmov ==
19:49:28     Dostava opozoril je privzeto izključena; omrežni klic ni bil izveden.
19:49:28     konec: Razposiljanje alarmov
19:49:28  Nadzor koncan; padlih korakov: 0.
19:54:26  == Nadzornik zastalih obdelav ==
19:54:27     Watchdog pregled je končan.
19:54:27     konec: Nadzornik zastalih obdelav
19:54:27  == Razposiljanje alarmov ==
19:54:28     Dostava opozoril je privzeto izključena; omrežni klic ni bil izveden.
19:54:28     konec: Razposiljanje alarmov
19:54:28  Nadzor koncan; padlih korakov: 0.
19:59:26  == Nadzornik zastalih obdelav ==
19:59:27     Watchdog pregled je končan.
19:59:27     konec: Nadzornik zastalih obdelav
19:59:27  == Razposiljanje alarmov ==
19:59:28     Dostava opozoril je privzeto izključena; omrežni klic ni bil izveden.
19:59:28     konec: Razposiljanje alarmov
19:59:28  Nadzor koncan; padlih korakov: 0.
20:04:27  == Nadzornik zastalih obdelav ==
20:04:27     Watchdog pregled je končan.
20:04:27     konec: Nadzornik zastalih obdelav
20:04:27  == Razposiljanje alarmov ==
20:04:28     Dostava opozoril je privzeto izključena; omrežni klic ni bil izveden.
20:04:28     konec: Razposiljanje alarmov
20:04:28  Nadzor koncan; padlih korakov: 0.
20:09:27  == Nadzornik zastalih obdelav ==
20:09:28     Watchdog pregled je končan.
20:09:28     konec: Nadzornik zastalih obdelav
20:09:28  == Razposiljanje alarmov ==
20:09:29     Dostava opozoril je privzeto izključena; omrežni klic ni bil izveden.
20:09:29     konec: Razposiljanje alarmov
20:09:29  Nadzor koncan; padlih korakov: 0.
20:14:27  == Nadzornik zastalih obdelav ==
20:14:27     Watchdog pregled je končan.
20:14:28     konec: Nadzornik zastalih obdelav
20:14:28  == Razposiljanje alarmov ==
20:14:29     Dostava opozoril je privzeto izključena; omrežni klic ni bil izveden.
20:14:29     konec: Razposiljanje alarmov
20:14:29  Nadzor koncan; padlih korakov: 0.
20:19:27  == Nadzornik zastalih obdelav ==
20:19:28     Watchdog pregled je končan.
20:19:28     konec: Nadzornik zastalih obdelav
20:19:28  == Razposiljanje alarmov ==
20:19:29     Dostava opozoril je privzeto izključena; omrežni klic ni bil izveden.
20:19:29     konec: Razposiljanje alarmov
20:19:29  Nadzor koncan; padlih korakov: 0.
20:24:27  == Nadzornik zastalih obdelav ==
20:24:28     Watchdog pregled je končan.
20:24:28     konec: Nadzornik zastalih obdelav
20:24:28  == Razposiljanje alarmov ==
20:24:29     Dostava opozoril je privzeto izključena; omrežni klic ni bil izveden.
20:24:29     konec: Razposiljanje alarmov
20:24:29  Nadzor koncan; padlih korakov: 0.
20:29:28  == Nadzornik zastalih obdelav ==
20:29:29     Watchdog pregled je končan.
20:29:29     konec: Nadzornik zastalih obdelav
20:29:29  == Razposiljanje alarmov ==
20:29:31     Dostava opozoril je privzeto izključena; omrežni klic ni bil izveden.
20:29:31     konec: Razposiljanje alarmov
20:29:31  Nadzor koncan; padlih korakov: 0.
20:34:28  == Nadzornik zastalih obdelav ==
20:34:29     Watchdog pregled je končan.
20:34:29     konec: Nadzornik zastalih obdelav
20:34:29  == Razposiljanje alarmov ==
20:34:30     Dostava opozoril je privzeto izključena; omrežni klic ni bil izveden.
20:34:30     konec: Razposiljanje alarmov
20:34:30  Nadzor koncan; padlih korakov: 0.
20:39:27  == Nadzornik zastalih obdelav ==
20:39:28     Watchdog pregled je končan.
20:39:28     konec: Nadzornik zastalih obdelav
20:39:28  == Razposiljanje alarmov ==
20:39:29     Dostava opozoril je privzeto izključena; omrežni klic ni bil izveden.
20:39:29     konec: Razposiljanje alarmov
20:39:29  Nadzor koncan; padlih korakov: 0.
20:44:27  == Nadzornik zastalih obdelav ==
20:44:28     Watchdog pregled je končan.
20:44:28     konec: Nadzornik zastalih obdelav
20:44:28  == Razposiljanje alarmov ==
20:44:28     Dostava opozoril je privzeto izključena; omrežni klic ni bil izveden.
20:44:29     konec: Razposiljanje alarmov
20:44:29  Nadzor koncan; padlih korakov: 0.
20:49:27  == Nadzornik zastalih obdelav ==
20:49:27     Watchdog pregled je končan.
20:49:28     konec: Nadzornik zastalih obdelav
20:49:28  == Razposiljanje alarmov ==
20:49:28     Dostava opozoril je privzeto izključena; omrežni klic ni bil izveden.
20:49:28     konec: Razposiljanje alarmov
20:49:28  Nadzor koncan; padlih korakov: 0.
20:54:27  == Nadzornik zastalih obdelav ==
20:54:27     Watchdog pregled je končan.
20:54:28     konec: Nadzornik zastalih obdelav
20:54:28  == Razposiljanje alarmov ==
20:54:28     Dostava opozoril je privzeto izključena; omrežni klic ni bil izveden.
20:54:28     konec: Razposiljanje alarmov
20:54:28  Nadzor koncan; padlih korakov: 0.
20:59:27  == Nadzornik zastalih obdelav ==
20:59:28     Watchdog pregled je končan.
20:59:28     konec: Nadzornik zastalih obdelav
20:59:28  == Razposiljanje alarmov ==
20:59:28     Dostava opozoril je privzeto izključena; omrežni klic ni bil izveden.
20:59:28     konec: Razposiljanje alarmov
20:59:28  Nadzor koncan; padlih korakov: 0.
21:04:27  == Nadzornik zastalih obdelav ==
21:04:28     Watchdog pregled je končan.
21:04:28     konec: Nadzornik zastalih obdelav
21:04:28  == Razposiljanje alarmov ==
21:04:28     Dostava opozoril je privzeto izključena; omrežni klic ni bil izveden.
21:04:29     konec: Razposiljanje alarmov
21:04:29  Nadzor koncan; padlih korakov: 0.
21:09:27  == Nadzornik zastalih obdelav ==
21:09:28     Watchdog pregled je končan.
21:09:28     konec: Nadzornik zastalih obdelav
21:09:28  == Razposiljanje alarmov ==
21:09:28     Dostava opozoril je privzeto izključena; omrežni klic ni bil izveden.
21:09:29     konec: Razposiljanje alarmov
21:09:29  Nadzor koncan; padlih korakov: 0.
21:14:27  == Nadzornik zastalih obdelav ==
21:14:28     Watchdog pregled je končan.
21:14:28     konec: Nadzornik zastalih obdelav
21:14:28  == Razposiljanje alarmov ==
21:14:28     Dostava opozoril je privzeto izključena; omrežni klic ni bil izveden.
21:14:29     konec: Razposiljanje alarmov
21:14:29  Nadzor koncan; padlih korakov: 0.
21:19:27  == Nadzornik zastalih obdelav ==
21:19:28     Watchdog pregled je končan.
21:19:28     konec: Nadzornik zastalih obdelav
21:19:28  == Razposiljanje alarmov ==
21:19:29     Dostava opozoril je privzeto izključena; omrežni klic ni bil izveden.
21:19:29     konec: Razposiljanje alarmov
21:19:29  Nadzor koncan; padlih korakov: 0.
21:24:27  == Nadzornik zastalih obdelav ==
21:24:28     Watchdog pregled je končan.
21:24:28     konec: Nadzornik zastalih obdelav
21:24:28  == Razposiljanje alarmov ==
21:24:28     Dostava opozoril je privzeto izključena; omrežni klic ni bil izveden.
21:24:29     konec: Razposiljanje alarmov
21:24:29  Nadzor koncan; padlih korakov: 0.
21:29:27  == Nadzornik zastalih obdelav ==
21:29:28     Watchdog pregled je končan.
21:29:28     konec: Nadzornik zastalih obdelav
21:29:28  == Razposiljanje alarmov ==
21:29:29     Dostava opozoril je privzeto izključena; omrežni klic ni bil izveden.
21:29:29     konec: Razposiljanje alarmov
21:29:29  Nadzor koncan; padlih korakov: 0.
21:34:27  == Nadzornik zastalih obdelav ==
21:34:28     Watchdog pregled je končan.
21:34:28     konec: Nadzornik zastalih obdelav
21:34:28  == Razposiljanje alarmov ==
21:34:29     Dostava opozoril je privzeto izključena; omrežni klic ni bil izveden.
21:34:29     konec: Razposiljanje alarmov
21:34:29  Nadzor koncan; padlih korakov: 0.
21:39:27  == Nadzornik zastalih obdelav ==
21:39:28     Watchdog pregled je končan.
21:39:28     konec: Nadzornik zastalih obdelav
21:39:28  == Razposiljanje alarmov ==
21:39:29     Dostava opozoril je privzeto izključena; omrežni klic ni bil izveden.
21:39:29     konec: Razposiljanje alarmov
21:39:29  Nadzor koncan; padlih korakov: 0.
21:44:27  == Nadzornik zastalih obdelav ==
21:44:28     Watchdog pregled je končan.
21:44:28     konec: Nadzornik zastalih obdelav
21:44:28  == Razposiljanje alarmov ==
21:44:29     Dostava opozoril je privzeto izključena; omrežni klic ni bil izveden.
21:44:29     konec: Razposiljanje alarmov
21:44:29  Nadzor koncan; padlih korakov: 0.
21:49:27  == Nadzornik zastalih obdelav ==
21:49:28     Watchdog pregled je končan.
21:49:28     konec: Nadzornik zastalih obdelav
21:49:28  == Razposiljanje alarmov ==
21:49:29     Dostava opozoril je privzeto izključena; omrežni klic ni bil izveden.
21:49:29     konec: Razposiljanje alarmov
21:49:29  Nadzor koncan; padlih korakov: 0.
21:54:27  == Nadzornik zastalih obdelav ==
21:54:28     Watchdog pregled je končan.
21:54:28     konec: Nadzornik zastalih obdelav
21:54:28  == Razposiljanje alarmov ==
21:54:29     Dostava opozoril je privzeto izključena; omrežni klic ni bil izveden.
21:54:29     konec: Razposiljanje alarmov
21:54:29  Nadzor koncan; padlih korakov: 0.
21:59:27  == Nadzornik zastalih obdelav ==
21:59:28     Watchdog pregled je končan.
21:59:28     konec: Nadzornik zastalih obdelav
21:59:28  == Razposiljanje alarmov ==
21:59:29     Dostava opozoril je privzeto izključena; omrežni klic ni bil izveden.
21:59:29     konec: Razposiljanje alarmov
21:59:29  Nadzor koncan; padlih korakov: 0.
22:04:27  == Nadzornik zastalih obdelav ==
22:04:28     Watchdog pregled je končan.
22:04:28     konec: Nadzornik zastalih obdelav
22:04:28  == Razposiljanje alarmov ==
22:04:29     Dostava opozoril je privzeto izključena; omrežni klic ni bil izveden.
22:04:29     konec: Razposiljanje alarmov
22:04:29  Nadzor koncan; padlih korakov: 0.
22:09:27  == Nadzornik zastalih obdelav ==
22:09:28     Watchdog pregled je končan.
22:09:28     konec: Nadzornik zastalih obdelav
22:09:28  == Razposiljanje alarmov ==
22:09:29     Dostava opozoril je privzeto izključena; omrežni klic ni bil izveden.
22:09:29     konec: Razposiljanje alarmov
22:09:29  Nadzor koncan; padlih korakov: 0.
22:14:27  == Nadzornik zastalih obdelav ==
22:14:28     Watchdog pregled je končan.
22:14:28     konec: Nadzornik zastalih obdelav
22:14:28  == Razposiljanje alarmov ==
22:14:29     Dostava opozoril je privzeto izključena; omrežni klic ni bil izveden.
22:14:29     konec: Razposiljanje alarmov
22:14:29  Nadzor koncan; padlih korakov: 0.
22:19:27  == Nadzornik zastalih obdelav ==
22:19:28     Watchdog pregled je končan.
22:19:28     konec: Nadzornik zastalih obdelav
22:19:28  == Razposiljanje alarmov ==
22:19:29     Dostava opozoril je privzeto izključena; omrežni klic ni bil izveden.
22:19:29     konec: Razposiljanje alarmov
22:19:29  Nadzor koncan; padlih korakov: 0.
22:24:27  == Nadzornik zastalih obdelav ==
22:24:28     Watchdog pregled je končan.
22:24:28     konec: Nadzornik zastalih obdelav
22:24:28  == Razposiljanje alarmov ==
22:24:29     Dostava opozoril je privzeto izključena; omrežni klic ni bil izveden.
22:24:29     konec: Razposiljanje alarmov
22:24:29  Nadzor koncan; padlih korakov: 0.
22:29:27  == Nadzornik zastalih obdelav ==
22:29:28     Watchdog pregled je končan.
22:29:28     konec: Nadzornik zastalih obdelav
22:29:28  == Razposiljanje alarmov ==
22:29:29     Dostava opozoril je privzeto izključena; omrežni klic ni bil izveden.
22:29:29     konec: Razposiljanje alarmov
22:29:29  Nadzor koncan; padlih korakov: 0.
22:34:27  == Nadzornik zastalih obdelav ==
22:34:28     Watchdog pregled je končan.
22:34:28     konec: Nadzornik zastalih obdelav
22:34:28  == Razposiljanje alarmov ==
22:34:29     Dostava opozoril je privzeto izključena; omrežni klic ni bil izveden.
22:34:29     konec: Razposiljanje alarmov
22:34:29  Nadzor koncan; padlih korakov: 0.
22:39:27  == Nadzornik zastalih obdelav ==
22:39:28     Watchdog pregled je končan.
22:39:28     konec: Nadzornik zastalih obdelav
22:39:28  == Razposiljanje alarmov ==
22:39:29     Dostava opozoril je privzeto izključena; omrežni klic ni bil izveden.
22:39:29     konec: Razposiljanje alarmov
22:39:29  Nadzor koncan; padlih korakov: 0.
22:44:27  == Nadzornik zastalih obdelav ==
22:44:28     Watchdog pregled je končan.
22:44:28     konec: Nadzornik zastalih obdelav
22:44:28  == Razposiljanje alarmov ==
22:44:29     Dostava opozoril je privzeto izključena; omrežni klic ni bil izveden.
22:44:29     konec: Razposiljanje alarmov
22:44:29  Nadzor koncan; padlih korakov: 0.
22:49:27  == Nadzornik zastalih obdelav ==
22:49:29     Watchdog pregled je končan.
22:49:29     konec: Nadzornik zastalih obdelav
22:49:29  == Razposiljanje alarmov ==
22:49:30     Dostava opozoril je privzeto izključena; omrežni klic ni bil izveden.
22:49:30     konec: Razposiljanje alarmov
22:49:30  Nadzor koncan; padlih korakov: 0.
