16:52:32  == Nadzornik zastalih obdelav ==
16:52:37     Watchdog pregled je končan.
16:52:37     konec: Nadzornik zastalih obdelav
16:52:37  == Razposiljanje alarmov ==
16:52:42     Dostava opozoril je privzeto izključena; omrežni klic ni bil izveden.
16:52:42     konec: Razposiljanje alarmov
16:52:43  Nadzor koncan; padlih korakov: 0.
16:54:26  == Nadzornik zastalih obdelav ==
16:54:28     Watchdog pregled je končan.
16:54:28     konec: Nadzornik zastalih obdelav
16:54:28  == Razposiljanje alarmov ==
16:54:29     Dostava opozoril je privzeto izključena; omrežni klic ni bil izveden.
16:54:29     konec: Razposiljanje alarmov
16:54:29  Nadzor koncan; padlih korakov: 0.
16:59:26  == Nadzornik zastalih obdelav ==
16:59:28     Watchdog pregled je končan.
16:59:28     konec: Nadzornik zastalih obdelav
16:59:28  == Razposiljanje alarmov ==
16:59:29     Dostava opozoril je privzeto izključena; omrežni klic ni bil izveden.
16:59:29     konec: Razposiljanje alarmov
16:59:29  Nadzor koncan; padlih korakov: 0.
17:04:26  == Nadzornik zastalih obdelav ==
17:04:27     Watchdog pregled je končan.
17:04:27     konec: Nadzornik zastalih obdelav
17:04:27  == Razposiljanje alarmov ==
17:04:28     Dostava opozoril je privzeto izključena; omrežni klic ni bil izveden.
17:04:28     konec: Razposiljanje alarmov
17:04:28  Nadzor koncan; padlih korakov: 0.
17:09:26  == Nadzornik zastalih obdelav ==
17:09:27     Watchdog pregled je končan.
17:09:27     konec: Nadzornik zastalih obdelav
17:09:27  == Razposiljanje alarmov ==
17:09:28     Dostava opozoril je privzeto izključena; omrežni klic ni bil izveden.
17:09:28     konec: Razposiljanje alarmov
17:09:28  Nadzor koncan; padlih korakov: 0.
17:14:26  == Nadzornik zastalih obdelav ==
17:14:27     Watchdog pregled je končan.
17:14:27     konec: Nadzornik zastalih obdelav
17:14:27  == Razposiljanje alarmov ==
17:14:28     Dostava opozoril je privzeto izključena; omrežni klic ni bil izveden.
17:14:28     konec: Razposiljanje alarmov
17:14:28  Nadzor koncan; padlih korakov: 0.
17:19:26  == Nadzornik zastalih obdelav ==
17:19:27     Watchdog pregled je končan.
17:19:27     konec: Nadzornik zastalih obdelav
17:19:27  == Razposiljanje alarmov ==
17:19:28     Dostava opozoril je privzeto izključena; omrežni klic ni bil izveden.
17:19:28     konec: Razposiljanje alarmov
17:19:28  Nadzor koncan; padlih korakov: 0.
17:24:26  == Nadzornik zastalih obdelav ==
17:24:27     Watchdog pregled je končan.
17:24:27     konec: Nadzornik zastalih obdelav
17:24:27  == Razposiljanje alarmov ==
17:24:28     Dostava opozoril je privzeto izključena; omrežni klic ni bil izveden.
17:24:28     konec: Razposiljanje alarmov
17:24:29  Nadzor koncan; padlih korakov: 0.
17:29:28  == Nadzornik zastalih obdelav ==
17:29:29     Watchdog pregled je končan.
17:29:29     konec: Nadzornik zastalih obdelav
17:29:29  == Razposiljanje alarmov ==
17:29:30     Dostava opozoril je privzeto izključena; omrežni klic ni bil izveden.
17:29:30     konec: Razposiljanje alarmov
17:29:30  Nadzor koncan; padlih korakov: 0.
17:34:26  == Nadzornik zastalih obdelav ==
17:34:28     Watchdog pregled je končan.
17:34:28     konec: Nadzornik zastalih obdelav
17:34:28  == Razposiljanje alarmov ==
17:34:29     Dostava opozoril je privzeto izključena; omrežni klic ni bil izveden.
17:34:29     konec: Razposiljanje alarmov
17:34:29  Nadzor koncan; padlih korakov: 0.
17:39:30  == Nadzornik zastalih obdelav ==
17:39:31     Watchdog pregled je končan.
17:39:31     konec: Nadzornik zastalih obdelav
17:39:31  == Razposiljanje alarmov ==
17:39:32     Dostava opozoril je privzeto izključena; omrežni klic ni bil izveden.
17:39:32     konec: Razposiljanje alarmov
17:39:32  Nadzor koncan; padlih korakov: 0.
17:44:27  == Nadzornik zastalih obdelav ==
17:44:29     Watchdog pregled je končan.
17:44:29     konec: Nadzornik zastalih obdelav
17:44:29  == Razposiljanje alarmov ==
17:44:30     Dostava opozoril je privzeto izključena; omrežni klic ni bil izveden.
17:44:30     konec: Razposiljanje alarmov
17:44:30  Nadzor koncan; padlih korakov: 0.
17:49:27  == Nadzornik zastalih obdelav ==
17:49:28     Watchdog pregled je končan.
17:49:28     konec: Nadzornik zastalih obdelav
17:49:28  == Razposiljanje alarmov ==
17:49:29     Dostava opozoril je privzeto izključena; omrežni klic ni bil izveden.
17:49:29     konec: Razposiljanje alarmov
17:49:29  Nadzor koncan; padlih korakov: 0.
17:54:27  == Nadzornik zastalih obdelav ==
17:54:28     Watchdog pregled je končan.
17:54:28     konec: Nadzornik zastalih obdelav
17:54:28  == Razposiljanje alarmov ==
17:54:29     Dostava opozoril je privzeto izključena; omrežni klic ni bil izveden.
17:54:29     konec: Razposiljanje alarmov
17:54:29  Nadzor koncan; padlih korakov: 0.
17:59:27  == Nadzornik zastalih obdelav ==
17:59:29     Watchdog pregled je končan.
17:59:29     konec: Nadzornik zastalih obdelav
17:59:29  == Razposiljanje alarmov ==
17:59:31     Dostava opozoril je privzeto izključena; omrežni klic ni bil izveden.
17:59:31     konec: Razposiljanje alarmov
17:59:31  Nadzor koncan; padlih korakov: 0.
18:04:27  == Nadzornik zastalih obdelav ==
18:04:29     Watchdog pregled je končan.
18:04:29     konec: Nadzornik zastalih obdelav
18:04:29  == Razposiljanje alarmov ==
18:04:30     Dostava opozoril je privzeto izključena; omrežni klic ni bil izveden.
18:04:30     konec: Razposiljanje alarmov
18:04:30  Nadzor koncan; padlih korakov: 0.
18:09:27  == Nadzornik zastalih obdelav ==
18:09:28     Watchdog pregled je končan.
18:09:28     konec: Nadzornik zastalih obdelav
18:09:28  == Razposiljanje alarmov ==
18:09:29     Dostava opozoril je privzeto izključena; omrežni klic ni bil izveden.
18:09:29     konec: Razposiljanje alarmov
18:09:29  Nadzor koncan; padlih korakov: 0.
18:14:27  == Nadzornik zastalih obdelav ==
18:14:28     Watchdog pregled je končan.
18:14:28     konec: Nadzornik zastalih obdelav
18:14:28  == Razposiljanje alarmov ==
18:14:29     Dostava opozoril je privzeto izključena; omrežni klic ni bil izveden.
18:14:29     konec: Razposiljanje alarmov
18:14:29  Nadzor koncan; padlih korakov: 0.
18:19:27  == Nadzornik zastalih obdelav ==
18:19:28     Watchdog pregled je končan.
18:19:28     konec: Nadzornik zastalih obdelav
18:19:28  == Razposiljanje alarmov ==
18:19:30     Dostava opozoril je privzeto izključena; omrežni klic ni bil izveden.
18:19:30     konec: Razposiljanje alarmov
18:19:30  Nadzor koncan; padlih korakov: 0.
18:24:27  == Nadzornik zastalih obdelav ==
18:24:28     Watchdog pregled je končan.
18:24:28     konec: Nadzornik zastalih obdelav
18:24:28  == Razposiljanje alarmov ==
18:24:29     Dostava opozoril je privzeto izključena; omrežni klic ni bil izveden.
18:24:29     konec: Razposiljanje alarmov
18:24:29  Nadzor koncan; padlih korakov: 0.
18:29:27  == Nadzornik zastalih obdelav ==
18:29:28     Watchdog pregled je končan.
18:29:28     konec: Nadzornik zastalih obdelav
18:29:28  == Razposiljanje alarmov ==
18:29:28     Dostava opozoril je privzeto izključena; omrežni klic ni bil izveden.
18:29:29     konec: Razposiljanje alarmov
18:29:29  Nadzor koncan; padlih korakov: 0.
18:34:27  == Nadzornik zastalih obdelav ==
18:34:28     Watchdog pregled je končan.
18:34:28     konec: Nadzornik zastalih obdelav
18:34:28  == Razposiljanje alarmov ==
18:34:28     Dostava opozoril je privzeto izključena; omrežni klic ni bil izveden.
18:34:29     konec: Razposiljanje alarmov
18:34:29  Nadzor koncan; padlih korakov: 0.
18:39:27  == Nadzornik zastalih obdelav ==
18:39:28     Watchdog pregled je končan.
18:39:28     konec: Nadzornik zastalih obdelav
18:39:28  == Razposiljanje alarmov ==
18:39:29     Dostava opozoril je privzeto izključena; omrežni klic ni bil izveden.
18:39:29     konec: Razposiljanje alarmov
18:39:29  Nadzor koncan; padlih korakov: 0.
18:44:27  == Nadzornik zastalih obdelav ==
18:44:28     Watchdog pregled je končan.
18:44:28     konec: Nadzornik zastalih obdelav
18:44:28  == Razposiljanje alarmov ==
18:44:29     Dostava opozoril je privzeto izključena; omrežni klic ni bil izveden.
18:44:29     konec: Razposiljanje alarmov
18:44:29  Nadzor koncan; padlih korakov: 0.
18:49:27  == Nadzornik zastalih obdelav ==
18:49:28     Watchdog pregled je končan.
18:49:28     konec: Nadzornik zastalih obdelav
18:49:28  == Razposiljanje alarmov ==
18:49:28     Dostava opozoril je privzeto izključena; omrežni klic ni bil izveden.
18:49:29     konec: Razposiljanje alarmov
18:49:29  Nadzor koncan; padlih korakov: 0.
18:54:27  == Nadzornik zastalih obdelav ==
18:54:28     Watchdog pregled je končan.
18:54:28     konec: Nadzornik zastalih obdelav
18:54:28  == Razposiljanje alarmov ==
18:54:29     Dostava opozoril je privzeto izključena; omrežni klic ni bil izveden.
18:54:29     konec: Razposiljanje alarmov
18:54:29  Nadzor koncan; padlih korakov: 0.
18:59:27  == Nadzornik zastalih obdelav ==
18:59:28     Watchdog pregled je končan.
18:59:28     konec: Nadzornik zastalih obdelav
18:59:28  == Razposiljanje alarmov ==
18:59:28     Dostava opozoril je privzeto izključena; omrežni klic ni bil izveden.
18:59:29     konec: Razposiljanje alarmov
18:59:29  Nadzor koncan; padlih korakov: 0.
19:04:27  == Nadzornik zastalih obdelav ==
19:04:28     Watchdog pregled je končan.
19:04:28     konec: Nadzornik zastalih obdelav
19:04:28  == Razposiljanje alarmov ==
19:04:29     Dostava opozoril je privzeto izključena; omrežni klic ni bil izveden.
19:04:29     konec: Razposiljanje alarmov
19:04:29  Nadzor koncan; padlih korakov: 0.
19:09:27  == Nadzornik zastalih obdelav ==
19:09:28     Watchdog pregled je končan.
19:09:28     konec: Nadzornik zastalih obdelav
19:09:28  == Razposiljanje alarmov ==
19:09:29     Dostava opozoril je privzeto izključena; omrežni klic ni bil izveden.
19:09:29     konec: Razposiljanje alarmov
19:09:29  Nadzor koncan; padlih korakov: 0.
19:14:27  == Nadzornik zastalih obdelav ==
19:14:28     Watchdog pregled je končan.
19:14:28     konec: Nadzornik zastalih obdelav
19:14:28  == Razposiljanje alarmov ==
19:14:29     Dostava opozoril je privzeto izključena; omrežni klic ni bil izveden.
19:14:29     konec: Razposiljanje alarmov
19:14:29  Nadzor koncan; padlih korakov: 0.
19:19:27  == Nadzornik zastalih obdelav ==
19:19:28     Watchdog pregled je končan.
19:19:28     konec: Nadzornik zastalih obdelav
19:19:28  == Razposiljanje alarmov ==
19:19:29     Dostava opozoril je privzeto izključena; omrežni klic ni bil izveden.
19:19:29     konec: Razposiljanje alarmov
19:19:29  Nadzor koncan; padlih korakov: 0.
19:24:27  == Nadzornik zastalih obdelav ==
19:24:28     Watchdog pregled je končan.
19:24:28     konec: Nadzornik zastalih obdelav
19:24:28  == Razposiljanje alarmov ==
19:24:29     Dostava opozoril je privzeto izključena; omrežni klic ni bil izveden.
19:24:29     konec: Razposiljanje alarmov
19:24:29  Nadzor koncan; padlih korakov: 0.
19:29:27  == Nadzornik zastalih obdelav ==
19:29:28     Watchdog pregled je končan.
19:29:28     konec: Nadzornik zastalih obdelav
19:29:28  == Razposiljanje alarmov ==
19:29:29     Dostava opozoril je privzeto izključena; omrežni klic ni bil izveden.
19:29:29     konec: Razposiljanje alarmov
19:29:29  Nadzor koncan; padlih korakov: 0.
19:34:27  == Nadzornik zastalih obdelav ==
19:34:28     Watchdog pregled je končan.
19:34:28     konec: Nadzornik zastalih obdelav
19:34:28  == Razposiljanje alarmov ==
19:34:29     Dostava opozoril je privzeto izključena; omrežni klic ni bil izveden.
19:34:29     konec: Razposiljanje alarmov
19:34:29  Nadzor koncan; padlih korakov: 0.
19:39:27  == Nadzornik zastalih obdelav ==
19:39:28     Watchdog pregled je končan.
19:39:28     konec: Nadzornik zastalih obdelav
19:39:28  == Razposiljanje alarmov ==
19:39:29     Dostava opozoril je privzeto izključena; omrežni klic ni bil izveden.
19:39:29     konec: Razposiljanje alarmov
19:39:29  Nadzor koncan; padlih korakov: 0.
19:44:27  == Nadzornik zastalih obdelav ==
19:44:28     Watchdog pregled je končan.
19:44:28     konec: Nadzornik zastalih obdelav
19:44:28  == Razposiljanje alarmov ==
19:44:29     Dostava opozoril je privzeto izključena; omrežni klic ni bil izveden.
19:44:29     konec: Razposiljanje alarmov
19:44:29  Nadzor koncan; padlih korakov: 0.
19:49:27  == Nadzornik zastalih obdelav ==
19:49:28     Watchdog pregled je končan.
19:49:28     konec: Nadzornik zastalih obdelav
19:49:28  == Razposiljanje alarmov ==
19:49:29     Dostava opozoril je privzeto izključena; omrežni klic ni bil izveden.
19:49:29     konec: Razposiljanje alarmov
19:49:29  Nadzor koncan; padlih korakov: 0.
19:54:27  == Nadzornik zastalih obdelav ==
19:54:28     Watchdog pregled je končan.
19:54:28     konec: Nadzornik zastalih obdelav
19:54:28  == Razposiljanje alarmov ==
19:54:29     Dostava opozoril je privzeto izključena; omrežni klic ni bil izveden.
19:54:29     konec: Razposiljanje alarmov
19:54:29  Nadzor koncan; padlih korakov: 0.
19:59:27  == Nadzornik zastalih obdelav ==
19:59:28     Watchdog pregled je končan.
19:59:28     konec: Nadzornik zastalih obdelav
19:59:28  == Razposiljanje alarmov ==
19:59:29     Dostava opozoril je privzeto izključena; omrežni klic ni bil izveden.
19:59:29     konec: Razposiljanje alarmov
19:59:29  Nadzor koncan; padlih korakov: 0.
20:04:27  == Nadzornik zastalih obdelav ==
20:04:28     Watchdog pregled je končan.
20:04:28     konec: Nadzornik zastalih obdelav
20:04:28  == Razposiljanje alarmov ==
20:04:29     Dostava opozoril je privzeto izključena; omrežni klic ni bil izveden.
20:04:29     konec: Razposiljanje alarmov
20:04:29  Nadzor koncan; padlih korakov: 0.
20:09:27  == Nadzornik zastalih obdelav ==
20:09:29     Watchdog pregled je končan.
20:09:29     konec: Nadzornik zastalih obdelav
20:09:29  == Razposiljanje alarmov ==
20:09:30     Dostava opozoril je privzeto izključena; omrežni klic ni bil izveden.
20:09:30     konec: Razposiljanje alarmov
20:09:30  Nadzor koncan; padlih korakov: 0.
20:14:27  == Nadzornik zastalih obdelav ==
20:14:28     Watchdog pregled je končan.
20:14:28     konec: Nadzornik zastalih obdelav
20:14:28  == Razposiljanje alarmov ==
20:14:29     Dostava opozoril je privzeto izključena; omrežni klic ni bil izveden.
20:14:29     konec: Razposiljanje alarmov
20:14:29  Nadzor koncan; padlih korakov: 0.
20:19:27  == Nadzornik zastalih obdelav ==
20:19:28     Watchdog pregled je končan.
20:19:28     konec: Nadzornik zastalih obdelav
20:19:28  == Razposiljanje alarmov ==
20:19:29     Dostava opozoril je privzeto izključena; omrežni klic ni bil izveden.
20:19:29     konec: Razposiljanje alarmov
20:19:29  Nadzor koncan; padlih korakov: 0.
20:24:27  == Nadzornik zastalih obdelav ==
20:24:28     Watchdog pregled je končan.
20:24:28     konec: Nadzornik zastalih obdelav
20:24:28  == Razposiljanje alarmov ==
20:24:29     Dostava opozoril je privzeto izključena; omrežni klic ni bil izveden.
20:24:29     konec: Razposiljanje alarmov
20:24:29  Nadzor koncan; padlih korakov: 0.
20:29:27  == Nadzornik zastalih obdelav ==
20:29:29     Watchdog pregled je končan.
20:29:29     konec: Nadzornik zastalih obdelav
20:29:29  == Razposiljanje alarmov ==
20:29:30     Dostava opozoril je privzeto izključena; omrežni klic ni bil izveden.
20:29:30     konec: Razposiljanje alarmov
20:29:30  Nadzor koncan; padlih korakov: 0.
20:34:28  == Nadzornik zastalih obdelav ==
20:34:29     Watchdog pregled je končan.
20:34:29     konec: Nadzornik zastalih obdelav
20:34:29  == Razposiljanje alarmov ==
20:34:30     Dostava opozoril je privzeto izključena; omrežni klic ni bil izveden.
20:34:30     konec: Razposiljanje alarmov
20:34:30  Nadzor koncan; padlih korakov: 0.
20:39:27  == Nadzornik zastalih obdelav ==
20:39:29     Watchdog pregled je končan.
20:39:29     konec: Nadzornik zastalih obdelav
20:39:29  == Razposiljanje alarmov ==
20:39:30     Dostava opozoril je privzeto izključena; omrežni klic ni bil izveden.
20:39:30     konec: Razposiljanje alarmov
20:39:30  Nadzor koncan; padlih korakov: 0.
20:44:27  == Nadzornik zastalih obdelav ==
20:44:28     Watchdog pregled je končan.
20:44:28     konec: Nadzornik zastalih obdelav
20:44:28  == Razposiljanje alarmov ==
20:44:29     Dostava opozoril je privzeto izključena; omrežni klic ni bil izveden.
20:44:29     konec: Razposiljanje alarmov
20:44:29  Nadzor koncan; padlih korakov: 0.
20:49:27  == Nadzornik zastalih obdelav ==
20:49:28     Watchdog pregled je končan.
20:49:28     konec: Nadzornik zastalih obdelav
20:49:28  == Razposiljanje alarmov ==
20:49:29     Dostava opozoril je privzeto izključena; omrežni klic ni bil izveden.
20:49:29     konec: Razposiljanje alarmov
20:49:29  Nadzor koncan; padlih korakov: 0.
20:54:27  == Nadzornik zastalih obdelav ==
20:54:28     Watchdog pregled je končan.
20:54:28     konec: Nadzornik zastalih obdelav
20:54:28  == Razposiljanje alarmov ==
20:54:29     Dostava opozoril je privzeto izključena; omrežni klic ni bil izveden.
20:54:30     konec: Razposiljanje alarmov
20:54:30  Nadzor koncan; padlih korakov: 0.
20:59:27  == Nadzornik zastalih obdelav ==
20:59:28     Watchdog pregled je končan.
20:59:28     konec: Nadzornik zastalih obdelav
20:59:28  == Razposiljanje alarmov ==
20:59:29     Dostava opozoril je privzeto izključena; omrežni klic ni bil izveden.
20:59:29     konec: Razposiljanje alarmov
20:59:29  Nadzor koncan; padlih korakov: 0.
21:04:27  == Nadzornik zastalih obdelav ==
21:04:28     Watchdog pregled je končan.
21:04:28     konec: Nadzornik zastalih obdelav
21:04:28  == Razposiljanje alarmov ==
21:04:30     Dostava opozoril je privzeto izključena; omrežni klic ni bil izveden.
21:04:30     konec: Razposiljanje alarmov
21:04:30  Nadzor koncan; padlih korakov: 0.
21:09:27  == Nadzornik zastalih obdelav ==
21:09:28     Watchdog pregled je končan.
21:09:28     konec: Nadzornik zastalih obdelav
21:09:28  == Razposiljanje alarmov ==
21:09:29     Dostava opozoril je privzeto izključena; omrežni klic ni bil izveden.
21:09:29     konec: Razposiljanje alarmov
21:09:29  Nadzor koncan; padlih korakov: 0.
21:14:27  == Nadzornik zastalih obdelav ==
21:14:28     Watchdog pregled je končan.
21:14:28     konec: Nadzornik zastalih obdelav
21:14:28  == Razposiljanje alarmov ==
21:14:30     Dostava opozoril je privzeto izključena; omrežni klic ni bil izveden.
21:14:30     konec: Razposiljanje alarmov
21:14:30  Nadzor koncan; padlih korakov: 0.
21:19:27  == Nadzornik zastalih obdelav ==
21:19:28     Watchdog pregled je končan.
21:19:28     konec: Nadzornik zastalih obdelav
21:19:28  == Razposiljanje alarmov ==
21:19:29     Dostava opozoril je privzeto izključena; omrežni klic ni bil izveden.
21:19:29     konec: Razposiljanje alarmov
21:19:29  Nadzor koncan; padlih korakov: 0.
21:24:27  == Nadzornik zastalih obdelav ==
21:24:28     Watchdog pregled je končan.
21:24:28     konec: Nadzornik zastalih obdelav
21:24:28  == Razposiljanje alarmov ==
21:24:29     Dostava opozoril je privzeto izključena; omrežni klic ni bil izveden.
21:24:29     konec: Razposiljanje alarmov
21:24:29  Nadzor koncan; padlih korakov: 0.
21:29:27  == Nadzornik zastalih obdelav ==
21:29:28     Watchdog pregled je končan.
21:29:28     konec: Nadzornik zastalih obdelav
21:29:28  == Razposiljanje alarmov ==
21:29:29     Dostava opozoril je privzeto izključena; omrežni klic ni bil izveden.
21:29:29     konec: Razposiljanje alarmov
21:29:29  Nadzor koncan; padlih korakov: 0.
21:34:27  == Nadzornik zastalih obdelav ==
21:34:28     Watchdog pregled je končan.
21:34:28     konec: Nadzornik zastalih obdelav
21:34:28  == Razposiljanje alarmov ==
21:34:29     Dostava opozoril je privzeto izključena; omrežni klic ni bil izveden.
21:34:29     konec: Razposiljanje alarmov
21:34:29  Nadzor koncan; padlih korakov: 0.
21:39:27  == Nadzornik zastalih obdelav ==
21:39:28     Watchdog pregled je končan.
21:39:28     konec: Nadzornik zastalih obdelav
21:39:28  == Razposiljanje alarmov ==
21:39:29     Dostava opozoril je privzeto izključena; omrežni klic ni bil izveden.
21:39:29     konec: Razposiljanje alarmov
21:39:29  Nadzor koncan; padlih korakov: 0.
21:44:26  == Nadzornik zastalih obdelav ==
21:44:27     Watchdog pregled je končan.
21:44:27     konec: Nadzornik zastalih obdelav
21:44:27  == Razposiljanje alarmov ==
21:44:28     Dostava opozoril je privzeto izključena; omrežni klic ni bil izveden.
21:44:28     konec: Razposiljanje alarmov
21:44:28  Nadzor koncan; padlih korakov: 0.
21:49:26  == Nadzornik zastalih obdelav ==
21:49:27     Watchdog pregled je končan.
21:49:27     konec: Nadzornik zastalih obdelav
21:49:27  == Razposiljanje alarmov ==
21:49:28     Dostava opozoril je privzeto izključena; omrežni klic ni bil izveden.
21:49:28     konec: Razposiljanje alarmov
21:49:28  Nadzor koncan; padlih korakov: 0.
21:54:26  == Nadzornik zastalih obdelav ==
21:54:27     Watchdog pregled je končan.
21:54:27     konec: Nadzornik zastalih obdelav
21:54:27  == Razposiljanje alarmov ==
21:54:28     Dostava opozoril je privzeto izključena; omrežni klic ni bil izveden.
21:54:28     konec: Razposiljanje alarmov
21:54:28  Nadzor koncan; padlih korakov: 0.
21:59:26  == Nadzornik zastalih obdelav ==
21:59:27     Watchdog pregled je končan.
21:59:27     konec: Nadzornik zastalih obdelav
21:59:27  == Razposiljanje alarmov ==
21:59:28     Dostava opozoril je privzeto izključena; omrežni klic ni bil izveden.
21:59:28     konec: Razposiljanje alarmov
21:59:28  Nadzor koncan; padlih korakov: 0.
22:04:26  == Nadzornik zastalih obdelav ==
22:04:27     Watchdog pregled je končan.
22:04:27     konec: Nadzornik zastalih obdelav
22:04:27  == Razposiljanje alarmov ==
22:04:28     Dostava opozoril je privzeto izključena; omrežni klic ni bil izveden.
22:04:28     konec: Razposiljanje alarmov
22:04:28  Nadzor koncan; padlih korakov: 0.
22:09:26  == Nadzornik zastalih obdelav ==
22:09:27     Watchdog pregled je končan.
22:09:27     konec: Nadzornik zastalih obdelav
22:09:27  == Razposiljanje alarmov ==
22:09:28     Dostava opozoril je privzeto izključena; omrežni klic ni bil izveden.
22:09:28     konec: Razposiljanje alarmov
22:09:28  Nadzor koncan; padlih korakov: 0.
22:14:26  == Nadzornik zastalih obdelav ==
22:14:27     Watchdog pregled je končan.
22:14:27     konec: Nadzornik zastalih obdelav
22:14:27  == Razposiljanje alarmov ==
22:14:28     Dostava opozoril je privzeto izključena; omrežni klic ni bil izveden.
22:14:28     konec: Razposiljanje alarmov
22:14:28  Nadzor koncan; padlih korakov: 0.
22:19:26  == Nadzornik zastalih obdelav ==
22:19:27     Watchdog pregled je končan.
22:19:27     konec: Nadzornik zastalih obdelav
22:19:27  == Razposiljanje alarmov ==
22:19:28     Dostava opozoril je privzeto izključena; omrežni klic ni bil izveden.
22:19:28     konec: Razposiljanje alarmov
22:19:28  Nadzor koncan; padlih korakov: 0.
22:24:26  == Nadzornik zastalih obdelav ==
22:24:27     Watchdog pregled je končan.
22:24:27     konec: Nadzornik zastalih obdelav
22:24:27  == Razposiljanje alarmov ==
22:24:28     Dostava opozoril je privzeto izključena; omrežni klic ni bil izveden.
22:24:28     konec: Razposiljanje alarmov
22:24:28  Nadzor koncan; padlih korakov: 0.
22:29:26  == Nadzornik zastalih obdelav ==
22:29:27     Watchdog pregled je končan.
22:29:27     konec: Nadzornik zastalih obdelav
22:29:27  == Razposiljanje alarmov ==
22:29:28     Dostava opozoril je privzeto izključena; omrežni klic ni bil izveden.
22:29:28     konec: Razposiljanje alarmov
22:29:28  Nadzor koncan; padlih korakov: 0.
22:34:26  == Nadzornik zastalih obdelav ==
22:34:27     Watchdog pregled je končan.
22:34:27     konec: Nadzornik zastalih obdelav
22:34:27  == Razposiljanje alarmov ==
22:34:28     Dostava opozoril je privzeto izključena; omrežni klic ni bil izveden.
22:34:28     konec: Razposiljanje alarmov
22:34:28  Nadzor koncan; padlih korakov: 0.
22:39:26  == Nadzornik zastalih obdelav ==
22:39:27     Watchdog pregled je končan.
22:39:27     konec: Nadzornik zastalih obdelav
22:39:27  == Razposiljanje alarmov ==
22:39:28     Dostava opozoril je privzeto izključena; omrežni klic ni bil izveden.
22:39:28     konec: Razposiljanje alarmov
22:39:28  Nadzor koncan; padlih korakov: 0.
22:44:26  == Nadzornik zastalih obdelav ==
22:44:27     Watchdog pregled je končan.
22:44:27     konec: Nadzornik zastalih obdelav
22:44:27  == Razposiljanje alarmov ==
22:44:28     Dostava opozoril je privzeto izključena; omrežni klic ni bil izveden.
22:44:28     konec: Razposiljanje alarmov
22:44:28  Nadzor koncan; padlih korakov: 0.
22:49:26  == Nadzornik zastalih obdelav ==
22:49:27     Watchdog pregled je končan.
22:49:27     konec: Nadzornik zastalih obdelav
22:49:27  == Razposiljanje alarmov ==
22:49:28     Dostava opozoril je privzeto izključena; omrežni klic ni bil izveden.
22:49:28     konec: Razposiljanje alarmov
22:49:28  Nadzor koncan; padlih korakov: 0.
22:54:26  == Nadzornik zastalih obdelav ==
22:54:27     Watchdog pregled je končan.
22:54:27     konec: Nadzornik zastalih obdelav
22:54:27  == Razposiljanje alarmov ==
22:54:28     Dostava opozoril je privzeto izključena; omrežni klic ni bil izveden.
22:54:28     konec: Razposiljanje alarmov
22:54:28  Nadzor koncan; padlih korakov: 0.
22:59:28  == Nadzornik zastalih obdelav ==
22:59:29     Watchdog pregled je končan.
22:59:29     konec: Nadzornik zastalih obdelav
22:59:29  == Razposiljanje alarmov ==
22:59:31     Dostava opozoril je privzeto izključena; omrežni klic ni bil izveden.
22:59:31     konec: Razposiljanje alarmov
22:59:31  Nadzor koncan; padlih korakov: 0.
23:04:26  == Nadzornik zastalih obdelav ==
23:04:27     Watchdog pregled je končan.
23:04:27     konec: Nadzornik zastalih obdelav
23:04:27  == Razposiljanje alarmov ==
23:04:28     Dostava opozoril je privzeto izključena; omrežni klic ni bil izveden.
23:04:28     konec: Razposiljanje alarmov
23:04:28  Nadzor koncan; padlih korakov: 0.
23:09:26  == Nadzornik zastalih obdelav ==
23:09:27     Watchdog pregled je končan.
23:09:27     konec: Nadzornik zastalih obdelav
23:09:27  == Razposiljanje alarmov ==
23:09:28     Dostava opozoril je privzeto izključena; omrežni klic ni bil izveden.
23:09:28     konec: Razposiljanje alarmov
23:09:28  Nadzor koncan; padlih korakov: 0.
23:14:26  == Nadzornik zastalih obdelav ==
23:14:27     Watchdog pregled je končan.
23:14:27     konec: Nadzornik zastalih obdelav
23:14:27  == Razposiljanje alarmov ==
23:14:28     Dostava opozoril je privzeto izključena; omrežni klic ni bil izveden.
23:14:28     konec: Razposiljanje alarmov
23:14:28  Nadzor koncan; padlih korakov: 0.
23:19:26  == Nadzornik zastalih obdelav ==
23:19:28     Watchdog pregled je končan.
23:19:28     konec: Nadzornik zastalih obdelav
23:19:28  == Razposiljanje alarmov ==
23:19:29     Dostava opozoril je privzeto izključena; omrežni klic ni bil izveden.
23:19:29     konec: Razposiljanje alarmov
23:19:29  Nadzor koncan; padlih korakov: 0.
23:24:26  == Nadzornik zastalih obdelav ==
23:24:27     Watchdog pregled je končan.
23:24:27     konec: Nadzornik zastalih obdelav
23:24:27  == Razposiljanje alarmov ==
23:24:28     Dostava opozoril je privzeto izključena; omrežni klic ni bil izveden.
23:24:28     konec: Razposiljanje alarmov
23:24:28  Nadzor koncan; padlih korakov: 0.
23:29:26  == Nadzornik zastalih obdelav ==
23:29:27     Watchdog pregled je končan.
23:29:27     konec: Nadzornik zastalih obdelav
23:29:27  == Razposiljanje alarmov ==
23:29:29     Dostava opozoril je privzeto izključena; omrežni klic ni bil izveden.
23:29:29     konec: Razposiljanje alarmov
23:29:29  Nadzor koncan; padlih korakov: 0.
23:34:27  == Nadzornik zastalih obdelav ==
23:34:28     Watchdog pregled je končan.
23:34:28     konec: Nadzornik zastalih obdelav
23:34:28  == Razposiljanje alarmov ==
23:34:29     Dostava opozoril je privzeto izključena; omrežni klic ni bil izveden.
23:34:29     konec: Razposiljanje alarmov
23:34:29  Nadzor koncan; padlih korakov: 0.
23:39:26  == Nadzornik zastalih obdelav ==
23:39:27     Watchdog pregled je končan.
23:39:27     konec: Nadzornik zastalih obdelav
23:39:27  == Razposiljanje alarmov ==
23:39:28     Dostava opozoril je privzeto izključena; omrežni klic ni bil izveden.
23:39:28     konec: Razposiljanje alarmov
23:39:28  Nadzor koncan; padlih korakov: 0.
23:44:26  == Nadzornik zastalih obdelav ==
23:44:27     Watchdog pregled je končan.
23:44:27     konec: Nadzornik zastalih obdelav
23:44:27  == Razposiljanje alarmov ==
23:44:28     Dostava opozoril je privzeto izključena; omrežni klic ni bil izveden.
23:44:28     konec: Razposiljanje alarmov
23:44:28  Nadzor koncan; padlih korakov: 0.
23:49:26  == Nadzornik zastalih obdelav ==
23:49:27     Watchdog pregled je končan.
23:49:27     konec: Nadzornik zastalih obdelav
23:49:27  == Razposiljanje alarmov ==
23:49:28     Dostava opozoril je privzeto izključena; omrežni klic ni bil izveden.
23:49:28     konec: Razposiljanje alarmov
23:49:28  Nadzor koncan; padlih korakov: 0.
23:54:27  == Nadzornik zastalih obdelav ==
23:54:28     Watchdog pregled je končan.
23:54:28     konec: Nadzornik zastalih obdelav
23:54:28  == Razposiljanje alarmov ==
23:54:29     Dostava opozoril je privzeto izključena; omrežni klic ni bil izveden.
23:54:29     konec: Razposiljanje alarmov
23:54:29  Nadzor koncan; padlih korakov: 0.
23:59:26  == Nadzornik zastalih obdelav ==
23:59:27     Watchdog pregled je končan.
23:59:27     konec: Nadzornik zastalih obdelav
23:59:27  == Razposiljanje alarmov ==
23:59:30     Dostava opozoril je privzeto izključena; omrežni klic ni bil izveden.
23:59:30     konec: Razposiljanje alarmov
23:59:30  Nadzor koncan; padlih korakov: 0.
