06:49:26  == Nadzornik zastalih obdelav ==
06:49:27     Watchdog pregled je končan.
06:49:27     konec: Nadzornik zastalih obdelav
06:49:27  == Razposiljanje alarmov ==
06:49:29     Dostava opozoril je privzeto izključena; omrežni klic ni bil izveden.
06:49:29     konec: Razposiljanje alarmov
06:49:29  Nadzor koncan; padlih korakov: 0.
06:54:26  == Nadzornik zastalih obdelav ==
06:54:27     Watchdog pregled je končan.
06:54:27     konec: Nadzornik zastalih obdelav
06:54:27  == Razposiljanje alarmov ==
06:54:28     Dostava opozoril je privzeto izključena; omrežni klic ni bil izveden.
06:54:28     konec: Razposiljanje alarmov
06:54:28  Nadzor koncan; padlih korakov: 0.
06:59:26  == Nadzornik zastalih obdelav ==
06:59:27     Watchdog pregled je končan.
06:59:27     konec: Nadzornik zastalih obdelav
06:59:27  == Razposiljanje alarmov ==
06:59:28     Dostava opozoril je privzeto izključena; omrežni klic ni bil izveden.
06:59:28     konec: Razposiljanje alarmov
06:59:28  Nadzor koncan; padlih korakov: 0.
07:04:26  == Nadzornik zastalih obdelav ==
07:04:27     Watchdog pregled je končan.
07:04:27     konec: Nadzornik zastalih obdelav
07:04:27  == Razposiljanje alarmov ==
07:04:28     Dostava opozoril je privzeto izključena; omrežni klic ni bil izveden.
07:04:28     konec: Razposiljanje alarmov
07:04:28  Nadzor koncan; padlih korakov: 0.
07:09:26  == Nadzornik zastalih obdelav ==
07:09:27     Watchdog pregled je končan.
07:09:27     konec: Nadzornik zastalih obdelav
07:09:27  == Razposiljanje alarmov ==
07:09:28     Dostava opozoril je privzeto izključena; omrežni klic ni bil izveden.
07:09:28     konec: Razposiljanje alarmov
07:09:28  Nadzor koncan; padlih korakov: 0.
07:14:26  == Nadzornik zastalih obdelav ==
07:14:27     Watchdog pregled je končan.
07:14:27     konec: Nadzornik zastalih obdelav
07:14:27  == Razposiljanje alarmov ==
07:14:28     Dostava opozoril je privzeto izključena; omrežni klic ni bil izveden.
07:14:28     konec: Razposiljanje alarmov
07:14:28  Nadzor koncan; padlih korakov: 0.
07:19:26  == Nadzornik zastalih obdelav ==
07:19:27     Watchdog pregled je končan.
07:19:27     konec: Nadzornik zastalih obdelav
07:19:27  == Razposiljanje alarmov ==
07:19:28     Dostava opozoril je privzeto izključena; omrežni klic ni bil izveden.
07:19:28     konec: Razposiljanje alarmov
07:19:28  Nadzor koncan; padlih korakov: 0.
07:24:26  == Nadzornik zastalih obdelav ==
07:24:27     Watchdog pregled je končan.
07:24:27     konec: Nadzornik zastalih obdelav
07:24:27  == Razposiljanje alarmov ==
07:24:28     Dostava opozoril je privzeto izključena; omrežni klic ni bil izveden.
07:24:28     konec: Razposiljanje alarmov
07:24:28  Nadzor koncan; padlih korakov: 0.
07:29:26  == Nadzornik zastalih obdelav ==
07:29:27     Watchdog pregled je končan.
07:29:27     konec: Nadzornik zastalih obdelav
07:29:27  == Razposiljanje alarmov ==
07:29:28     Dostava opozoril je privzeto izključena; omrežni klic ni bil izveden.
07:29:28     konec: Razposiljanje alarmov
07:29:28  Nadzor koncan; padlih korakov: 0.
07:34:26  == Nadzornik zastalih obdelav ==
07:34:27     Watchdog pregled je končan.
07:34:27     konec: Nadzornik zastalih obdelav
07:34:27  == Razposiljanje alarmov ==
07:34:28     Dostava opozoril je privzeto izključena; omrežni klic ni bil izveden.
07:34:28     konec: Razposiljanje alarmov
07:34:28  Nadzor koncan; padlih korakov: 0.
07:39:26  == Nadzornik zastalih obdelav ==
07:39:27     Watchdog pregled je končan.
07:39:27     konec: Nadzornik zastalih obdelav
07:39:27  == Razposiljanje alarmov ==
07:39:28     Dostava opozoril je privzeto izključena; omrežni klic ni bil izveden.
07:39:28     konec: Razposiljanje alarmov
07:39:28  Nadzor koncan; padlih korakov: 0.
07:44:26  == Nadzornik zastalih obdelav ==
07:44:27     Watchdog pregled je končan.
07:44:27     konec: Nadzornik zastalih obdelav
07:44:27  == Razposiljanje alarmov ==
07:44:28     Dostava opozoril je privzeto izključena; omrežni klic ni bil izveden.
07:44:28     konec: Razposiljanje alarmov
07:44:28  Nadzor koncan; padlih korakov: 0.
07:49:26  == Nadzornik zastalih obdelav ==
07:49:27     Watchdog pregled je končan.
07:49:27     konec: Nadzornik zastalih obdelav
07:49:27  == Razposiljanje alarmov ==
07:49:28     Dostava opozoril je privzeto izključena; omrežni klic ni bil izveden.
07:49:28     konec: Razposiljanje alarmov
07:49:28  Nadzor koncan; padlih korakov: 0.
07:54:26  == Nadzornik zastalih obdelav ==
07:54:27     Watchdog pregled je končan.
07:54:27     konec: Nadzornik zastalih obdelav
07:54:27  == Razposiljanje alarmov ==
07:54:28     Dostava opozoril je privzeto izključena; omrežni klic ni bil izveden.
07:54:28     konec: Razposiljanje alarmov
07:54:28  Nadzor koncan; padlih korakov: 0.
07:59:26  == Nadzornik zastalih obdelav ==
07:59:27     Watchdog pregled je končan.
07:59:27     konec: Nadzornik zastalih obdelav
07:59:27  == Razposiljanje alarmov ==
07:59:28     Dostava opozoril je privzeto izključena; omrežni klic ni bil izveden.
07:59:28     konec: Razposiljanje alarmov
07:59:28  Nadzor koncan; padlih korakov: 0.
08:04:26  == Nadzornik zastalih obdelav ==
08:04:27     Watchdog pregled je končan.
08:04:27     konec: Nadzornik zastalih obdelav
08:04:27  == Razposiljanje alarmov ==
08:04:28     Dostava opozoril je privzeto izključena; omrežni klic ni bil izveden.
08:04:28     konec: Razposiljanje alarmov
08:04:28  Nadzor koncan; padlih korakov: 0.
08:09:26  == Nadzornik zastalih obdelav ==
08:09:27     Watchdog pregled je končan.
08:09:27     konec: Nadzornik zastalih obdelav
08:09:27  == Razposiljanje alarmov ==
08:09:28     Dostava opozoril je privzeto izključena; omrežni klic ni bil izveden.
08:09:28     konec: Razposiljanje alarmov
08:09:28  Nadzor koncan; padlih korakov: 0.
08:14:27  == Nadzornik zastalih obdelav ==
08:14:28     Watchdog pregled je končan.
08:14:28     konec: Nadzornik zastalih obdelav
08:14:28  == Razposiljanje alarmov ==
08:14:29     Dostava opozoril je privzeto izključena; omrežni klic ni bil izveden.
08:14:29     konec: Razposiljanje alarmov
08:14:29  Nadzor koncan; padlih korakov: 0.
08:19:26  == Nadzornik zastalih obdelav ==
08:19:27     Watchdog pregled je končan.
08:19:27     konec: Nadzornik zastalih obdelav
08:19:27  == Razposiljanje alarmov ==
08:19:28     Dostava opozoril je privzeto izključena; omrežni klic ni bil izveden.
08:19:28     konec: Razposiljanje alarmov
08:19:28  Nadzor koncan; padlih korakov: 0.
08:24:26  == Nadzornik zastalih obdelav ==
08:24:27     Watchdog pregled je končan.
08:24:27     konec: Nadzornik zastalih obdelav
08:24:27  == Razposiljanje alarmov ==
08:24:28     Dostava opozoril je privzeto izključena; omrežni klic ni bil izveden.
08:24:28     konec: Razposiljanje alarmov
08:24:28  Nadzor koncan; padlih korakov: 0.
08:29:26  == Nadzornik zastalih obdelav ==
08:29:28     Watchdog pregled je končan.
08:29:28     konec: Nadzornik zastalih obdelav
08:29:28  == Razposiljanje alarmov ==
08:29:29     Dostava opozoril je privzeto izključena; omrežni klic ni bil izveden.
08:29:29     konec: Razposiljanje alarmov
08:29:29  Nadzor koncan; padlih korakov: 0.
