00:04:27  == Nadzornik zastalih obdelav ==
00:04:28     Watchdog pregled je končan.
00:04:28     konec: Nadzornik zastalih obdelav
00:04:28  == Razposiljanje alarmov ==
00:04:29     Dostava opozoril je privzeto izključena; omrežni klic ni bil izveden.
00:04:29     konec: Razposiljanje alarmov
00:04:29  Nadzor koncan; padlih korakov: 0.
00:09:27  == Nadzornik zastalih obdelav ==
00:09:28     Watchdog pregled je končan.
00:09:28     konec: Nadzornik zastalih obdelav
00:09:28  == Razposiljanje alarmov ==
00:09:29     Dostava opozoril je privzeto izključena; omrežni klic ni bil izveden.
00:09:29     konec: Razposiljanje alarmov
00:09:29  Nadzor koncan; padlih korakov: 0.
00:14:27  == Nadzornik zastalih obdelav ==
00:14:28     Watchdog pregled je končan.
00:14:28     konec: Nadzornik zastalih obdelav
00:14:28  == Razposiljanje alarmov ==
00:14:29     Dostava opozoril je privzeto izključena; omrežni klic ni bil izveden.
00:14:29     konec: Razposiljanje alarmov
00:14:29  Nadzor koncan; padlih korakov: 0.
00:19:26  == Nadzornik zastalih obdelav ==
00:19:27     Watchdog pregled je končan.
00:19:27     konec: Nadzornik zastalih obdelav
00:19:27  == Razposiljanje alarmov ==
00:19:28     Dostava opozoril je privzeto izključena; omrežni klic ni bil izveden.
00:19:28     konec: Razposiljanje alarmov
00:19:28  Nadzor koncan; padlih korakov: 0.
00:24:26  == Nadzornik zastalih obdelav ==
00:24:27     Watchdog pregled je končan.
00:24:27     konec: Nadzornik zastalih obdelav
00:24:27  == Razposiljanje alarmov ==
00:24:29     Dostava opozoril je privzeto izključena; omrežni klic ni bil izveden.
00:24:29     konec: Razposiljanje alarmov
00:24:29  Nadzor koncan; padlih korakov: 0.
00:29:26  == Nadzornik zastalih obdelav ==
00:29:27     Watchdog pregled je končan.
00:29:27     konec: Nadzornik zastalih obdelav
00:29:27  == Razposiljanje alarmov ==
00:29:28     Dostava opozoril je privzeto izključena; omrežni klic ni bil izveden.
00:29:28     konec: Razposiljanje alarmov
00:29:28  Nadzor koncan; padlih korakov: 0.
00:34:26  == Nadzornik zastalih obdelav ==
00:34:27     Watchdog pregled je končan.
00:34:27     konec: Nadzornik zastalih obdelav
00:34:27  == Razposiljanje alarmov ==
00:34:28     Dostava opozoril je privzeto izključena; omrežni klic ni bil izveden.
00:34:28     konec: Razposiljanje alarmov
00:34:28  Nadzor koncan; padlih korakov: 0.
00:39:26  == Nadzornik zastalih obdelav ==
00:39:27     Watchdog pregled je končan.
00:39:27     konec: Nadzornik zastalih obdelav
00:39:27  == Razposiljanje alarmov ==
00:39:28     Dostava opozoril je privzeto izključena; omrežni klic ni bil izveden.
00:39:28     konec: Razposiljanje alarmov
00:39:28  Nadzor koncan; padlih korakov: 0.
00:44:26  == Nadzornik zastalih obdelav ==
00:44:27     Watchdog pregled je končan.
00:44:27     konec: Nadzornik zastalih obdelav
00:44:27  == Razposiljanje alarmov ==
00:44:28     Dostava opozoril je privzeto izključena; omrežni klic ni bil izveden.
00:44:28     konec: Razposiljanje alarmov
00:44:28  Nadzor koncan; padlih korakov: 0.
00:49:26  == Nadzornik zastalih obdelav ==
00:49:27     Watchdog pregled je končan.
00:49:28     konec: Nadzornik zastalih obdelav
00:49:28  == Razposiljanje alarmov ==
00:49:29     Dostava opozoril je privzeto izključena; omrežni klic ni bil izveden.
00:49:29     konec: Razposiljanje alarmov
00:49:29  Nadzor koncan; padlih korakov: 0.
00:54:27  == Nadzornik zastalih obdelav ==
00:54:28     Watchdog pregled je končan.
00:54:28     konec: Nadzornik zastalih obdelav
00:54:28  == Razposiljanje alarmov ==
00:54:29     Dostava opozoril je privzeto izključena; omrežni klic ni bil izveden.
00:54:29     konec: Razposiljanje alarmov
00:54:29  Nadzor koncan; padlih korakov: 0.
00:59:26  == Nadzornik zastalih obdelav ==
00:59:27     Watchdog pregled je končan.
00:59:27     konec: Nadzornik zastalih obdelav
00:59:27  == Razposiljanje alarmov ==
00:59:28     Dostava opozoril je privzeto izključena; omrežni klic ni bil izveden.
00:59:28     konec: Razposiljanje alarmov
00:59:28  Nadzor koncan; padlih korakov: 0.
01:04:26  == Nadzornik zastalih obdelav ==
01:04:27     Watchdog pregled je končan.
01:04:27     konec: Nadzornik zastalih obdelav
01:04:27  == Razposiljanje alarmov ==
01:04:29     Dostava opozoril je privzeto izključena; omrežni klic ni bil izveden.
01:04:29     konec: Razposiljanje alarmov
01:04:29  Nadzor koncan; padlih korakov: 0.
01:09:26  == Nadzornik zastalih obdelav ==
01:09:27     Watchdog pregled je končan.
01:09:27     konec: Nadzornik zastalih obdelav
01:09:27  == Razposiljanje alarmov ==
01:09:28     Dostava opozoril je privzeto izključena; omrežni klic ni bil izveden.
01:09:28     konec: Razposiljanje alarmov
01:09:28  Nadzor koncan; padlih korakov: 0.
01:14:28  == Nadzornik zastalih obdelav ==
01:14:30     Watchdog pregled je končan.
01:14:30     konec: Nadzornik zastalih obdelav
01:14:30  == Razposiljanje alarmov ==
01:14:31     Dostava opozoril je privzeto izključena; omrežni klic ni bil izveden.
01:14:32     konec: Razposiljanje alarmov
01:14:32  Nadzor koncan; padlih korakov: 0.
01:19:26  == Nadzornik zastalih obdelav ==
01:19:27     Watchdog pregled je končan.
01:19:27     konec: Nadzornik zastalih obdelav
01:19:27  == Razposiljanje alarmov ==
01:19:28     Dostava opozoril je privzeto izključena; omrežni klic ni bil izveden.
01:19:28     konec: Razposiljanje alarmov
01:19:28  Nadzor koncan; padlih korakov: 0.
01:24:26  == Nadzornik zastalih obdelav ==
01:24:27     Watchdog pregled je končan.
01:24:27     konec: Nadzornik zastalih obdelav
01:24:27  == Razposiljanje alarmov ==
01:24:28     Dostava opozoril je privzeto izključena; omrežni klic ni bil izveden.
01:24:28     konec: Razposiljanje alarmov
01:24:28  Nadzor koncan; padlih korakov: 0.
01:29:26  == Nadzornik zastalih obdelav ==
01:29:27     Watchdog pregled je končan.
01:29:27     konec: Nadzornik zastalih obdelav
01:29:27  == Razposiljanje alarmov ==
01:29:29     Dostava opozoril je privzeto izključena; omrežni klic ni bil izveden.
01:29:29     konec: Razposiljanje alarmov
01:29:29  Nadzor koncan; padlih korakov: 0.
01:34:27  == Nadzornik zastalih obdelav ==
01:34:28     Watchdog pregled je končan.
01:34:28     konec: Nadzornik zastalih obdelav
01:34:28  == Razposiljanje alarmov ==
01:34:29     Dostava opozoril je privzeto izključena; omrežni klic ni bil izveden.
01:34:29     konec: Razposiljanje alarmov
01:34:29  Nadzor koncan; padlih korakov: 0.
01:39:26  == Nadzornik zastalih obdelav ==
01:39:27     Watchdog pregled je končan.
01:39:27     konec: Nadzornik zastalih obdelav
01:39:27  == Razposiljanje alarmov ==
01:39:28     Dostava opozoril je privzeto izključena; omrežni klic ni bil izveden.
01:39:28     konec: Razposiljanje alarmov
01:39:28  Nadzor koncan; padlih korakov: 0.
01:44:26  == Nadzornik zastalih obdelav ==
01:44:28     Watchdog pregled je končan.
01:44:28     konec: Nadzornik zastalih obdelav
01:44:28  == Razposiljanje alarmov ==
01:44:29     Dostava opozoril je privzeto izključena; omrežni klic ni bil izveden.
01:44:29     konec: Razposiljanje alarmov
01:44:29  Nadzor koncan; padlih korakov: 0.
01:49:27  == Nadzornik zastalih obdelav ==
01:49:28     Watchdog pregled je končan.
01:49:28     konec: Nadzornik zastalih obdelav
01:49:28  == Razposiljanje alarmov ==
01:49:29     Dostava opozoril je privzeto izključena; omrežni klic ni bil izveden.
01:49:29     konec: Razposiljanje alarmov
01:49:29  Nadzor koncan; padlih korakov: 0.
01:54:27  == Nadzornik zastalih obdelav ==
01:54:28     Watchdog pregled je končan.
01:54:28     konec: Nadzornik zastalih obdelav
01:54:28  == Razposiljanje alarmov ==
01:54:29     Dostava opozoril je privzeto izključena; omrežni klic ni bil izveden.
01:54:29     konec: Razposiljanje alarmov
01:54:29  Nadzor koncan; padlih korakov: 0.
01:59:27  == Nadzornik zastalih obdelav ==
01:59:28     Watchdog pregled je končan.
01:59:28     konec: Nadzornik zastalih obdelav
01:59:28  == Razposiljanje alarmov ==
01:59:29     Dostava opozoril je privzeto izključena; omrežni klic ni bil izveden.
01:59:29     konec: Razposiljanje alarmov
01:59:29  Nadzor koncan; padlih korakov: 0.
02:04:26  == Nadzornik zastalih obdelav ==
02:04:27     Watchdog pregled je končan.
02:04:27     konec: Nadzornik zastalih obdelav
02:04:27  == Razposiljanje alarmov ==
02:04:29     Dostava opozoril je privzeto izključena; omrežni klic ni bil izveden.
02:04:29     konec: Razposiljanje alarmov
02:04:29  Nadzor koncan; padlih korakov: 0.
02:09:26  == Nadzornik zastalih obdelav ==
02:09:27     Watchdog pregled je končan.
02:09:27     konec: Nadzornik zastalih obdelav
02:09:27  == Razposiljanje alarmov ==
02:09:28     Dostava opozoril je privzeto izključena; omrežni klic ni bil izveden.
02:09:28     konec: Razposiljanje alarmov
02:09:28  Nadzor koncan; padlih korakov: 0.
02:14:27  == Nadzornik zastalih obdelav ==
02:14:28     Watchdog pregled je končan.
02:14:28     konec: Nadzornik zastalih obdelav
02:14:28  == Razposiljanje alarmov ==
02:14:29     Dostava opozoril je privzeto izključena; omrežni klic ni bil izveden.
02:14:29     konec: Razposiljanje alarmov
02:14:29  Nadzor koncan; padlih korakov: 0.
02:19:26  == Nadzornik zastalih obdelav ==
02:19:27     Watchdog pregled je končan.
02:19:27     konec: Nadzornik zastalih obdelav
02:19:27  == Razposiljanje alarmov ==
02:19:28     Dostava opozoril je privzeto izključena; omrežni klic ni bil izveden.
02:19:28     konec: Razposiljanje alarmov
02:19:28  Nadzor koncan; padlih korakov: 0.
02:24:27  == Nadzornik zastalih obdelav ==
02:24:28     Watchdog pregled je končan.
02:24:28     konec: Nadzornik zastalih obdelav
02:24:28  == Razposiljanje alarmov ==
02:24:31     Dostava opozoril je privzeto izključena; omrežni klic ni bil izveden.
02:24:31     konec: Razposiljanje alarmov
02:24:31  Nadzor koncan; padlih korakov: 0.
02:29:27  == Nadzornik zastalih obdelav ==
02:29:29     Watchdog pregled je končan.
02:29:29     konec: Nadzornik zastalih obdelav
02:29:29  == Razposiljanje alarmov ==
02:29:30     Dostava opozoril je privzeto izključena; omrežni klic ni bil izveden.
02:29:30     konec: Razposiljanje alarmov
02:29:30  Nadzor koncan; padlih korakov: 0.
02:34:27  == Nadzornik zastalih obdelav ==
02:34:28     Watchdog pregled je končan.
02:34:28     konec: Nadzornik zastalih obdelav
02:34:28  == Razposiljanje alarmov ==
02:34:29     Dostava opozoril je privzeto izključena; omrežni klic ni bil izveden.
02:34:29     konec: Razposiljanje alarmov
02:34:29  Nadzor koncan; padlih korakov: 0.
02:39:27  == Nadzornik zastalih obdelav ==
02:39:28     Watchdog pregled je končan.
02:39:29     konec: Nadzornik zastalih obdelav
02:39:29  == Razposiljanje alarmov ==
02:39:30     Dostava opozoril je privzeto izključena; omrežni klic ni bil izveden.
02:39:30     konec: Razposiljanje alarmov
02:39:30  Nadzor koncan; padlih korakov: 0.
02:44:26  == Nadzornik zastalih obdelav ==
02:44:28     Watchdog pregled je končan.
02:44:28     konec: Nadzornik zastalih obdelav
02:44:28  == Razposiljanje alarmov ==
02:44:29     Dostava opozoril je privzeto izključena; omrežni klic ni bil izveden.
02:44:29     konec: Razposiljanje alarmov
02:44:29  Nadzor koncan; padlih korakov: 0.
02:49:27  == Nadzornik zastalih obdelav ==
02:49:28     Watchdog pregled je končan.
02:49:28     konec: Nadzornik zastalih obdelav
02:49:28  == Razposiljanje alarmov ==
02:49:29     Dostava opozoril je privzeto izključena; omrežni klic ni bil izveden.
02:49:29     konec: Razposiljanje alarmov
02:49:29  Nadzor koncan; padlih korakov: 0.
02:54:27  == Nadzornik zastalih obdelav ==
02:54:28     Watchdog pregled je končan.
02:54:28     konec: Nadzornik zastalih obdelav
02:54:28  == Razposiljanje alarmov ==
02:54:29     Dostava opozoril je privzeto izključena; omrežni klic ni bil izveden.
02:54:29     konec: Razposiljanje alarmov
02:54:29  Nadzor koncan; padlih korakov: 0.
02:59:27  == Nadzornik zastalih obdelav ==
02:59:30     Watchdog pregled je končan.
02:59:30     konec: Nadzornik zastalih obdelav
02:59:30  == Razposiljanje alarmov ==
02:59:33     Dostava opozoril je privzeto izključena; omrežni klic ni bil izveden.
02:59:33     konec: Razposiljanje alarmov
02:59:33  Nadzor koncan; padlih korakov: 0.
03:04:26  == Nadzornik zastalih obdelav ==
03:04:27     Watchdog pregled je končan.
03:04:27     konec: Nadzornik zastalih obdelav
03:04:27  == Razposiljanje alarmov ==
03:04:28     Dostava opozoril je privzeto izključena; omrežni klic ni bil izveden.
03:04:28     konec: Razposiljanje alarmov
03:04:28  Nadzor koncan; padlih korakov: 0.
03:09:26  == Nadzornik zastalih obdelav ==
03:09:27     Watchdog pregled je končan.
03:09:27     konec: Nadzornik zastalih obdelav
03:09:27  == Razposiljanje alarmov ==
03:09:28     Dostava opozoril je privzeto izključena; omrežni klic ni bil izveden.
03:09:28     konec: Razposiljanje alarmov
03:09:28  Nadzor koncan; padlih korakov: 0.
03:14:26  == Nadzornik zastalih obdelav ==
03:14:27     Watchdog pregled je končan.
03:14:27     konec: Nadzornik zastalih obdelav
03:14:27  == Razposiljanje alarmov ==
03:14:28     Dostava opozoril je privzeto izključena; omrežni klic ni bil izveden.
03:14:28     konec: Razposiljanje alarmov
03:14:28  Nadzor koncan; padlih korakov: 0.
03:19:26  == Nadzornik zastalih obdelav ==
03:19:27     Watchdog pregled je končan.
03:19:27     konec: Nadzornik zastalih obdelav
03:19:27  == Razposiljanje alarmov ==
03:19:28     Dostava opozoril je privzeto izključena; omrežni klic ni bil izveden.
03:19:28     konec: Razposiljanje alarmov
03:19:28  Nadzor koncan; padlih korakov: 0.
03:24:26  == Nadzornik zastalih obdelav ==
03:24:27     Watchdog pregled je končan.
03:24:27     konec: Nadzornik zastalih obdelav
03:24:27  == Razposiljanje alarmov ==
03:24:28     Dostava opozoril je privzeto izključena; omrežni klic ni bil izveden.
03:24:28     konec: Razposiljanje alarmov
03:24:28  Nadzor koncan; padlih korakov: 0.
03:29:26  == Nadzornik zastalih obdelav ==
03:29:27     Watchdog pregled je končan.
03:29:27     konec: Nadzornik zastalih obdelav
03:29:27  == Razposiljanje alarmov ==
03:29:28     Dostava opozoril je privzeto izključena; omrežni klic ni bil izveden.
03:29:28     konec: Razposiljanje alarmov
03:29:28  Nadzor koncan; padlih korakov: 0.
03:34:27  == Nadzornik zastalih obdelav ==
03:34:28     Watchdog pregled je končan.
03:34:28     konec: Nadzornik zastalih obdelav
03:34:28  == Razposiljanje alarmov ==
03:34:29     Dostava opozoril je privzeto izključena; omrežni klic ni bil izveden.
03:34:29     konec: Razposiljanje alarmov
03:34:29  Nadzor koncan; padlih korakov: 0.
03:39:27  == Nadzornik zastalih obdelav ==
03:39:28     Watchdog pregled je končan.
03:39:28     konec: Nadzornik zastalih obdelav
03:39:28  == Razposiljanje alarmov ==
03:39:29     Dostava opozoril je privzeto izključena; omrežni klic ni bil izveden.
03:39:29     konec: Razposiljanje alarmov
03:39:29  Nadzor koncan; padlih korakov: 0.
03:44:27  == Nadzornik zastalih obdelav ==
03:44:27     Watchdog pregled je končan.
03:44:28     konec: Nadzornik zastalih obdelav
03:44:28  == Razposiljanje alarmov ==
03:44:29     Dostava opozoril je privzeto izključena; omrežni klic ni bil izveden.
03:44:29     konec: Razposiljanje alarmov
03:44:29  Nadzor koncan; padlih korakov: 0.
03:49:27  == Nadzornik zastalih obdelav ==
03:49:28     Watchdog pregled je končan.
03:49:28     konec: Nadzornik zastalih obdelav
03:49:28  == Razposiljanje alarmov ==
03:49:28     Dostava opozoril je privzeto izključena; omrežni klic ni bil izveden.
03:49:29     konec: Razposiljanje alarmov
03:49:29  Nadzor koncan; padlih korakov: 0.
03:54:27  == Nadzornik zastalih obdelav ==
03:54:27     Watchdog pregled je končan.
03:54:28     konec: Nadzornik zastalih obdelav
03:54:28  == Razposiljanje alarmov ==
03:54:28     Dostava opozoril je privzeto izključena; omrežni klic ni bil izveden.
03:54:29     konec: Razposiljanje alarmov
03:54:29  Nadzor koncan; padlih korakov: 0.
03:59:27  == Nadzornik zastalih obdelav ==
03:59:28     Watchdog pregled je končan.
03:59:28     konec: Nadzornik zastalih obdelav
03:59:28  == Razposiljanje alarmov ==
03:59:29     Dostava opozoril je privzeto izključena; omrežni klic ni bil izveden.
03:59:29     konec: Razposiljanje alarmov
03:59:29  Nadzor koncan; padlih korakov: 0.
04:04:27  == Nadzornik zastalih obdelav ==
04:04:28     Watchdog pregled je končan.
04:04:28     konec: Nadzornik zastalih obdelav
04:04:28  == Razposiljanje alarmov ==
04:04:29     Dostava opozoril je privzeto izključena; omrežni klic ni bil izveden.
04:04:29     konec: Razposiljanje alarmov
04:04:29  Nadzor koncan; padlih korakov: 0.
04:09:27  == Nadzornik zastalih obdelav ==
04:09:28     Watchdog pregled je končan.
04:09:28     konec: Nadzornik zastalih obdelav
04:09:28  == Razposiljanje alarmov ==
04:09:29     Dostava opozoril je privzeto izključena; omrežni klic ni bil izveden.
04:09:29     konec: Razposiljanje alarmov
04:09:29  Nadzor koncan; padlih korakov: 0.
04:14:27  == Nadzornik zastalih obdelav ==
04:14:28     Watchdog pregled je končan.
04:14:28     konec: Nadzornik zastalih obdelav
04:14:28  == Razposiljanje alarmov ==
04:14:29     Dostava opozoril je privzeto izključena; omrežni klic ni bil izveden.
04:14:29     konec: Razposiljanje alarmov
04:14:29  Nadzor koncan; padlih korakov: 0.
04:19:27  == Nadzornik zastalih obdelav ==
04:19:28     Watchdog pregled je končan.
04:19:28     konec: Nadzornik zastalih obdelav
04:19:28  == Razposiljanje alarmov ==
04:19:29     Dostava opozoril je privzeto izključena; omrežni klic ni bil izveden.
04:19:29     konec: Razposiljanje alarmov
04:19:29  Nadzor koncan; padlih korakov: 0.
04:24:27  == Nadzornik zastalih obdelav ==
04:24:28     Watchdog pregled je končan.
04:24:28     konec: Nadzornik zastalih obdelav
04:24:28  == Razposiljanje alarmov ==
04:24:29     Dostava opozoril je privzeto izključena; omrežni klic ni bil izveden.
04:24:29     konec: Razposiljanje alarmov
04:24:29  Nadzor koncan; padlih korakov: 0.
04:29:27  == Nadzornik zastalih obdelav ==
04:29:28     Watchdog pregled je končan.
04:29:28     konec: Nadzornik zastalih obdelav
04:29:28  == Razposiljanje alarmov ==
04:29:29     Dostava opozoril je privzeto izključena; omrežni klic ni bil izveden.
04:29:29     konec: Razposiljanje alarmov
04:29:29  Nadzor koncan; padlih korakov: 0.
04:34:27  == Nadzornik zastalih obdelav ==
04:34:28     Watchdog pregled je končan.
04:34:28     konec: Nadzornik zastalih obdelav
04:34:28  == Razposiljanje alarmov ==
04:34:29     Dostava opozoril je privzeto izključena; omrežni klic ni bil izveden.
04:34:29     konec: Razposiljanje alarmov
04:34:29  Nadzor koncan; padlih korakov: 0.
04:39:27  == Nadzornik zastalih obdelav ==
04:39:28     Watchdog pregled je končan.
04:39:28     konec: Nadzornik zastalih obdelav
04:39:28  == Razposiljanje alarmov ==
04:39:29     Dostava opozoril je privzeto izključena; omrežni klic ni bil izveden.
04:39:29     konec: Razposiljanje alarmov
04:39:29  Nadzor koncan; padlih korakov: 0.
04:44:27  == Nadzornik zastalih obdelav ==
04:44:28     Watchdog pregled je končan.
04:44:28     konec: Nadzornik zastalih obdelav
04:44:28  == Razposiljanje alarmov ==
04:44:29     Dostava opozoril je privzeto izključena; omrežni klic ni bil izveden.
04:44:29     konec: Razposiljanje alarmov
04:44:29  Nadzor koncan; padlih korakov: 0.
04:49:27  == Nadzornik zastalih obdelav ==
04:49:28     Watchdog pregled je končan.
04:49:28     konec: Nadzornik zastalih obdelav
04:49:28  == Razposiljanje alarmov ==
04:49:29     Dostava opozoril je privzeto izključena; omrežni klic ni bil izveden.
04:49:29     konec: Razposiljanje alarmov
04:49:29  Nadzor koncan; padlih korakov: 0.
04:54:27  == Nadzornik zastalih obdelav ==
04:54:28     Watchdog pregled je končan.
04:54:28     konec: Nadzornik zastalih obdelav
04:54:28  == Razposiljanje alarmov ==
04:54:29     Dostava opozoril je privzeto izključena; omrežni klic ni bil izveden.
04:54:29     konec: Razposiljanje alarmov
04:54:29  Nadzor koncan; padlih korakov: 0.
04:59:27  == Nadzornik zastalih obdelav ==
04:59:28     Watchdog pregled je končan.
04:59:28     konec: Nadzornik zastalih obdelav
04:59:28  == Razposiljanje alarmov ==
04:59:29     Dostava opozoril je privzeto izključena; omrežni klic ni bil izveden.
04:59:29     konec: Razposiljanje alarmov
04:59:29  Nadzor koncan; padlih korakov: 0.
05:04:27  == Nadzornik zastalih obdelav ==
05:04:28     Watchdog pregled je končan.
05:04:28     konec: Nadzornik zastalih obdelav
05:04:28  == Razposiljanje alarmov ==
05:04:29     Dostava opozoril je privzeto izključena; omrežni klic ni bil izveden.
05:04:29     konec: Razposiljanje alarmov
05:04:29  Nadzor koncan; padlih korakov: 0.
05:09:27  == Nadzornik zastalih obdelav ==
05:09:28     Watchdog pregled je končan.
05:09:28     konec: Nadzornik zastalih obdelav
05:09:28  == Razposiljanje alarmov ==
05:09:29     Dostava opozoril je privzeto izključena; omrežni klic ni bil izveden.
05:09:29     konec: Razposiljanje alarmov
05:09:29  Nadzor koncan; padlih korakov: 0.
05:14:27  == Nadzornik zastalih obdelav ==
05:14:28     Watchdog pregled je končan.
05:14:28     konec: Nadzornik zastalih obdelav
05:14:28  == Razposiljanje alarmov ==
05:14:29     Dostava opozoril je privzeto izključena; omrežni klic ni bil izveden.
05:14:29     konec: Razposiljanje alarmov
05:14:29  Nadzor koncan; padlih korakov: 0.
05:19:27  == Nadzornik zastalih obdelav ==
05:19:28     Watchdog pregled je končan.
05:19:28     konec: Nadzornik zastalih obdelav
05:19:28  == Razposiljanje alarmov ==
05:19:29     Dostava opozoril je privzeto izključena; omrežni klic ni bil izveden.
05:19:29     konec: Razposiljanje alarmov
05:19:29  Nadzor koncan; padlih korakov: 0.
05:24:27  == Nadzornik zastalih obdelav ==
05:24:28     Watchdog pregled je končan.
05:24:28     konec: Nadzornik zastalih obdelav
05:24:28  == Razposiljanje alarmov ==
05:24:29     Dostava opozoril je privzeto izključena; omrežni klic ni bil izveden.
05:24:29     konec: Razposiljanje alarmov
05:24:29  Nadzor koncan; padlih korakov: 0.
05:29:27  == Nadzornik zastalih obdelav ==
05:29:28     Watchdog pregled je končan.
05:29:28     konec: Nadzornik zastalih obdelav
05:29:28  == Razposiljanje alarmov ==
05:29:29     Dostava opozoril je privzeto izključena; omrežni klic ni bil izveden.
05:29:29     konec: Razposiljanje alarmov
05:29:29  Nadzor koncan; padlih korakov: 0.
05:34:27  == Nadzornik zastalih obdelav ==
05:34:28     Watchdog pregled je končan.
05:34:28     konec: Nadzornik zastalih obdelav
05:34:28  == Razposiljanje alarmov ==
05:34:29     Dostava opozoril je privzeto izključena; omrežni klic ni bil izveden.
05:34:29     konec: Razposiljanje alarmov
05:34:29  Nadzor koncan; padlih korakov: 0.
05:39:27  == Nadzornik zastalih obdelav ==
05:39:28     Watchdog pregled je končan.
05:39:28     konec: Nadzornik zastalih obdelav
05:39:28  == Razposiljanje alarmov ==
05:39:29     Dostava opozoril je privzeto izključena; omrežni klic ni bil izveden.
05:39:29     konec: Razposiljanje alarmov
05:39:29  Nadzor koncan; padlih korakov: 0.
05:44:27  == Nadzornik zastalih obdelav ==
05:44:28     Watchdog pregled je končan.
05:44:28     konec: Nadzornik zastalih obdelav
05:44:28  == Razposiljanje alarmov ==
05:44:29     Dostava opozoril je privzeto izključena; omrežni klic ni bil izveden.
05:44:29     konec: Razposiljanje alarmov
05:44:29  Nadzor koncan; padlih korakov: 0.
05:49:27  == Nadzornik zastalih obdelav ==
05:49:28     Watchdog pregled je končan.
05:49:28     konec: Nadzornik zastalih obdelav
05:49:28  == Razposiljanje alarmov ==
05:49:29     Dostava opozoril je privzeto izključena; omrežni klic ni bil izveden.
05:49:29     konec: Razposiljanje alarmov
05:49:29  Nadzor koncan; padlih korakov: 0.
05:54:27  == Nadzornik zastalih obdelav ==
05:54:28     Watchdog pregled je končan.
05:54:28     konec: Nadzornik zastalih obdelav
05:54:28  == Razposiljanje alarmov ==
05:54:29     Dostava opozoril je privzeto izključena; omrežni klic ni bil izveden.
05:54:29     konec: Razposiljanje alarmov
05:54:29  Nadzor koncan; padlih korakov: 0.
05:59:27  == Nadzornik zastalih obdelav ==
05:59:28     Watchdog pregled je končan.
05:59:28     konec: Nadzornik zastalih obdelav
05:59:28  == Razposiljanje alarmov ==
05:59:29     Dostava opozoril je privzeto izključena; omrežni klic ni bil izveden.
05:59:29     konec: Razposiljanje alarmov
05:59:29  Nadzor koncan; padlih korakov: 0.
06:04:27  == Nadzornik zastalih obdelav ==
06:04:28     Watchdog pregled je končan.
06:04:28     konec: Nadzornik zastalih obdelav
06:04:28  == Razposiljanje alarmov ==
06:04:29     Dostava opozoril je privzeto izključena; omrežni klic ni bil izveden.
06:04:29     konec: Razposiljanje alarmov
06:04:29  Nadzor koncan; padlih korakov: 0.
06:09:27  == Nadzornik zastalih obdelav ==
06:09:28     Watchdog pregled je končan.
06:09:28     konec: Nadzornik zastalih obdelav
06:09:28  == Razposiljanje alarmov ==
06:09:29     Dostava opozoril je privzeto izključena; omrežni klic ni bil izveden.
06:09:29     konec: Razposiljanje alarmov
06:09:29  Nadzor koncan; padlih korakov: 0.
06:14:27  == Nadzornik zastalih obdelav ==
06:14:28     Watchdog pregled je končan.
06:14:28     konec: Nadzornik zastalih obdelav
06:14:28  == Razposiljanje alarmov ==
06:14:29     Dostava opozoril je privzeto izključena; omrežni klic ni bil izveden.
06:14:29     konec: Razposiljanje alarmov
06:14:29  Nadzor koncan; padlih korakov: 0.
06:19:42  == Nadzornik zastalih obdelav ==
06:19:43     Watchdog pregled je končan.
06:19:43     konec: Nadzornik zastalih obdelav
06:19:43  == Razposiljanje alarmov ==
06:19:44     Dostava opozoril je privzeto izključena; omrežni klic ni bil izveden.
06:19:44     konec: Razposiljanje alarmov
06:19:44  Nadzor koncan; padlih korakov: 0.
06:24:27  == Nadzornik zastalih obdelav ==
06:24:28     Watchdog pregled je končan.
06:24:28     konec: Nadzornik zastalih obdelav
06:24:28  == Razposiljanje alarmov ==
06:24:29     Dostava opozoril je privzeto izključena; omrežni klic ni bil izveden.
06:24:29     konec: Razposiljanje alarmov
06:24:29  Nadzor koncan; padlih korakov: 0.
06:29:27  == Nadzornik zastalih obdelav ==
06:29:28     Watchdog pregled je končan.
06:29:28     konec: Nadzornik zastalih obdelav
06:29:28  == Razposiljanje alarmov ==
06:29:29     Dostava opozoril je privzeto izključena; omrežni klic ni bil izveden.
06:29:30     konec: Razposiljanje alarmov
06:29:30  Nadzor koncan; padlih korakov: 0.
06:34:27  == Nadzornik zastalih obdelav ==
06:34:28     Watchdog pregled je končan.
06:34:28     konec: Nadzornik zastalih obdelav
06:34:28  == Razposiljanje alarmov ==
06:34:29     Dostava opozoril je privzeto izključena; omrežni klic ni bil izveden.
06:34:29     konec: Razposiljanje alarmov
06:34:29  Nadzor koncan; padlih korakov: 0.
06:39:27  == Nadzornik zastalih obdelav ==
06:39:28     Watchdog pregled je končan.
06:39:28     konec: Nadzornik zastalih obdelav
06:39:28  == Razposiljanje alarmov ==
06:39:29     Dostava opozoril je privzeto izključena; omrežni klic ni bil izveden.
06:39:29     konec: Razposiljanje alarmov
06:39:29  Nadzor koncan; padlih korakov: 0.
06:44:27  == Nadzornik zastalih obdelav ==
06:44:28     Watchdog pregled je končan.
06:44:28     konec: Nadzornik zastalih obdelav
06:44:28  == Razposiljanje alarmov ==
06:44:29     Dostava opozoril je privzeto izključena; omrežni klic ni bil izveden.
06:44:29     konec: Razposiljanje alarmov
06:44:29  Nadzor koncan; padlih korakov: 0.
06:49:27  == Nadzornik zastalih obdelav ==
06:49:28     Watchdog pregled je končan.
06:49:28     konec: Nadzornik zastalih obdelav
06:49:28  == Razposiljanje alarmov ==
06:49:29     Dostava opozoril je privzeto izključena; omrežni klic ni bil izveden.
06:49:30     konec: Razposiljanje alarmov
06:49:30  Nadzor koncan; padlih korakov: 0.
06:54:28  == Nadzornik zastalih obdelav ==
06:54:32     Watchdog pregled je končan.
06:54:32     konec: Nadzornik zastalih obdelav
06:54:32  == Razposiljanje alarmov ==
06:54:34     Dostava opozoril je privzeto izključena; omrežni klic ni bil izveden.
06:54:34     konec: Razposiljanje alarmov
06:54:34  Nadzor koncan; padlih korakov: 0.
06:59:31  == Nadzornik zastalih obdelav ==
06:59:31     STDERR: 
06:59:31     STDERR: Welcome to .NET 10.0!
06:59:31     STDERR: ---------------------
06:59:31     STDERR: SDK Version: 10.0.401
06:59:31     STDERR: 
06:59:31     STDERR: Telemetry
06:59:31     STDERR: ---------
06:59:31     STDERR: The .NET tools collect usage data in order to help us improve your experience. It is collected by Microsoft and shared with the community. You can opt-out of telemetry by setting the DOTNET_CLI_TELEMETRY_OPTOUT environment variable to '1' or 'true' using your favorite shell.
06:59:31     STDERR: 
06:59:31     STDERR: Read more about .NET CLI Tools telemetry: https://aka.ms/dotnet-cli-telemetry
06:59:31     STDERR: 
06:59:31     STDERR: ----------------
06:59:31     STDERR: Installed an ASP.NET Core HTTPS development certificate.
06:59:31     STDERR: To trust the certificate, run 'dotnet dev-certs https --trust'
06:59:31     STDERR: Learn about HTTPS: https://aka.ms/dotnet-https
06:59:31     STDERR: 
06:59:31     STDERR: ----------------
06:59:31     STDERR: Write your first app: https://aka.ms/dotnet-hello-world
06:59:31     STDERR: Find out what's new: https://aka.ms/dotnet-whats-new
06:59:31     STDERR: Explore documentation: https://aka.ms/dotnet-docs
06:59:31     STDERR: Report issues and find source on GitHub: https://github.com/dotnet/core
06:59:31     STDERR: Use 'dotnet --help' to see available commands or visit: https://aka.ms/dotnet-cli
06:59:31     STDERR: --------------------------------------------------------------------------------------
06:59:31     STDERR: An issue was encountered verifying workloads. For more information, run "dotnet workload update".
06:59:31     C:\Users\david\Desktop\PIM\NoviPIM\PIM_Solution\workers\PIM.Watchdog\PIM.Watchdog.csproj : error : Could not resolve SDK "Microsoft.NET.Sdk". Exactly one of the probing messages below indicates why we could not resolve the SDK. Investigate and resolve that message to correctly specify the SDK.
06:59:31     C:\Users\david\Desktop\PIM\NoviPIM\PIM_Solution\workers\PIM.Watchdog\PIM.Watchdog.csproj : error :   
06:59:31     C:\Users\david\Desktop\PIM\NoviPIM\PIM_Solution\workers\PIM.Watchdog\PIM.Watchdog.csproj : error MSB4236: The SDK 'Microsoft.NET.Sdk' specified could not be found.
06:59:31     C:\Users\david\Desktop\PIM\NoviPIM\PIM_Solution\workers\PIM.Watchdog\PIM.Watchdog.csproj : error : Could not resolve SDK "Microsoft.NET.Sdk". Exactly one of the probing messages below indicates why we could not resolve the SDK. Investigate and resolve that message to correctly specify the SDK.
06:59:31     C:\Users\david\Desktop\PIM\NoviPIM\PIM_Solution\workers\PIM.Watchdog\PIM.Watchdog.csproj : error :   
06:59:31     C:\Users\david\Desktop\PIM\NoviPIM\PIM_Solution\workers\PIM.Watchdog\PIM.Watchdog.csproj : error MSB4236: The SDK 'Microsoft.NET.Sdk' specified could not be found.
06:59:31     C:\Users\david\Desktop\PIM\NoviPIM\PIM_Solution\workers\PIM.Watchdog\PIM.Watchdog.csproj : error : Could not resolve SDK "Microsoft.NET.Sdk". Exactly one of the probing messages below indicates why we could not resolve the SDK. Investigate and resolve that message to correctly specify the SDK.
06:59:31     C:\Users\david\Desktop\PIM\NoviPIM\PIM_Solution\workers\PIM.Watchdog\PIM.Watchdog.csproj : error :   
06:59:31     C:\Users\david\Desktop\PIM\NoviPIM\PIM_Solution\workers\PIM.Watchdog\PIM.Watchdog.csproj : error MSB4236: The SDK 'Microsoft.NET.Sdk' specified could not be found.
06:59:31     STDERR: 'workers\PIM.Watchdog\PIM.Watchdog.csproj' is not a valid project file.
06:59:32     NAPAKA: worker workers\PIM.Watchdog je koncal z izhodno kodo 1
06:59:32  == Razposiljanje alarmov ==
06:59:32     C:\Users\david\Desktop\PIM\NoviPIM\PIM_Solution\workers\PIM.AlertDispatcher\PIM.AlertDispatcher.csproj : error : Could not resolve SDK "Microsoft.NET.Sdk". Exactly one of the probing messages below indicates why we could not resolve the SDK. Investigate and resolve that message to correctly specify the SDK.
06:59:32     C:\Users\david\Desktop\PIM\NoviPIM\PIM_Solution\workers\PIM.AlertDispatcher\PIM.AlertDispatcher.csproj : error :   SDK resolver "Microsoft.DotNet.MSBuildWorkloadSdkResolver" returned null.
06:59:32     C:\Users\david\Desktop\PIM\NoviPIM\PIM_Solution\workers\PIM.AlertDispatcher\PIM.AlertDispatcher.csproj : error :   The NuGetSdkResolver did not resolve this SDK because there was no version specified in the project or global.json.
06:59:32     C:\Users\david\Desktop\PIM\NoviPIM\PIM_Solution\workers\PIM.AlertDispatcher\PIM.AlertDispatcher.csproj : error MSB4236: The SDK 'Microsoft.NET.Sdk' specified could not be found.
06:59:32     C:\Users\david\Desktop\PIM\NoviPIM\PIM_Solution\workers\PIM.AlertDispatcher\PIM.AlertDispatcher.csproj : error : Could not resolve SDK "Microsoft.NET.Sdk". Exactly one of the probing messages below indicates why we could not resolve the SDK. Investigate and resolve that message to correctly specify the SDK.
06:59:32     C:\Users\david\Desktop\PIM\NoviPIM\PIM_Solution\workers\PIM.AlertDispatcher\PIM.AlertDispatcher.csproj : error :   SDK resolver "Microsoft.DotNet.MSBuildWorkloadSdkResolver" returned null.
06:59:32     C:\Users\david\Desktop\PIM\NoviPIM\PIM_Solution\workers\PIM.AlertDispatcher\PIM.AlertDispatcher.csproj : error :   The NuGetSdkResolver did not resolve this SDK because there was no version specified in the project or global.json.
06:59:32     C:\Users\david\Desktop\PIM\NoviPIM\PIM_Solution\workers\PIM.AlertDispatcher\PIM.AlertDispatcher.csproj : error MSB4236: The SDK 'Microsoft.NET.Sdk' specified could not be found.
06:59:32     C:\Users\david\Desktop\PIM\NoviPIM\PIM_Solution\workers\PIM.AlertDispatcher\PIM.AlertDispatcher.csproj : error : Could not resolve SDK "Microsoft.NET.Sdk". Exactly one of the probing messages below indicates why we could not resolve the SDK. Investigate and resolve that message to correctly specify the SDK.
06:59:32     C:\Users\david\Desktop\PIM\NoviPIM\PIM_Solution\workers\PIM.AlertDispatcher\PIM.AlertDispatcher.csproj : error :   SDK resolver "Microsoft.DotNet.MSBuildWorkloadSdkResolver" returned null.
06:59:32     C:\Users\david\Desktop\PIM\NoviPIM\PIM_Solution\workers\PIM.AlertDispatcher\PIM.AlertDispatcher.csproj : error :   The NuGetSdkResolver did not resolve this SDK because there was no version specified in the project or global.json.
06:59:32     C:\Users\david\Desktop\PIM\NoviPIM\PIM_Solution\workers\PIM.AlertDispatcher\PIM.AlertDispatcher.csproj : error MSB4236: The SDK 'Microsoft.NET.Sdk' specified could not be found.
06:59:32     STDERR: 'workers\PIM.AlertDispatcher\PIM.AlertDispatcher.csproj' is not a valid project file.
06:59:33     NAPAKA: worker workers\PIM.AlertDispatcher je koncal z izhodno kodo 1
06:59:33  Nadzor koncan; padlih korakov: 2.
07:04:35  == Nadzornik zastalih obdelav ==
07:04:36     Watchdog pregled je končan.
07:04:36     konec: Nadzornik zastalih obdelav
07:04:36  == Razposiljanje alarmov ==
07:04:38     Dostava opozoril je privzeto izključena; omrežni klic ni bil izveden.
07:04:38     konec: Razposiljanje alarmov
07:04:38  Nadzor koncan; padlih korakov: 0.
07:09:27  == Nadzornik zastalih obdelav ==
07:09:28     Watchdog pregled je končan.
07:09:28     konec: Nadzornik zastalih obdelav
07:09:28  == Razposiljanje alarmov ==
07:09:30     Dostava opozoril je privzeto izključena; omrežni klic ni bil izveden.
07:09:30     konec: Razposiljanje alarmov
07:09:30  Nadzor koncan; padlih korakov: 0.
07:14:27  == Nadzornik zastalih obdelav ==
07:14:28     Watchdog pregled je končan.
07:14:28     konec: Nadzornik zastalih obdelav
07:14:28  == Razposiljanje alarmov ==
07:14:29     Dostava opozoril je privzeto izključena; omrežni klic ni bil izveden.
07:14:29     konec: Razposiljanje alarmov
07:14:29  Nadzor koncan; padlih korakov: 0.
07:19:27  == Nadzornik zastalih obdelav ==
07:19:28     Watchdog pregled je končan.
07:19:28     konec: Nadzornik zastalih obdelav
07:19:28  == Razposiljanje alarmov ==
07:19:29     Dostava opozoril je privzeto izključena; omrežni klic ni bil izveden.
07:19:29     konec: Razposiljanje alarmov
07:19:29  Nadzor koncan; padlih korakov: 0.
07:24:30  == Nadzornik zastalih obdelav ==
07:24:31     Watchdog pregled je končan.
07:24:31     konec: Nadzornik zastalih obdelav
07:24:31  == Razposiljanje alarmov ==
07:24:32     Dostava opozoril je privzeto izključena; omrežni klic ni bil izveden.
07:24:32     konec: Razposiljanje alarmov
07:24:32  Nadzor koncan; padlih korakov: 0.
07:29:27  == Nadzornik zastalih obdelav ==
07:29:28     Watchdog pregled je končan.
07:29:28     konec: Nadzornik zastalih obdelav
07:29:28  == Razposiljanje alarmov ==
07:29:29     Dostava opozoril je privzeto izključena; omrežni klic ni bil izveden.
07:29:29     konec: Razposiljanje alarmov
07:29:29  Nadzor koncan; padlih korakov: 0.
07:34:27  == Nadzornik zastalih obdelav ==
07:34:28     Watchdog pregled je končan.
07:34:28     konec: Nadzornik zastalih obdelav
07:34:28  == Razposiljanje alarmov ==
07:34:29     Dostava opozoril je privzeto izključena; omrežni klic ni bil izveden.
07:34:29     konec: Razposiljanje alarmov
07:34:29  Nadzor koncan; padlih korakov: 0.
07:39:27  == Nadzornik zastalih obdelav ==
07:39:28     Watchdog pregled je končan.
07:39:28     konec: Nadzornik zastalih obdelav
07:39:28  == Razposiljanje alarmov ==
07:39:29     Dostava opozoril je privzeto izključena; omrežni klic ni bil izveden.
07:39:29     konec: Razposiljanje alarmov
07:39:29  Nadzor koncan; padlih korakov: 0.
07:44:27  == Nadzornik zastalih obdelav ==
07:44:28     Watchdog pregled je končan.
07:44:28     konec: Nadzornik zastalih obdelav
07:44:28  == Razposiljanje alarmov ==
07:44:29     Dostava opozoril je privzeto izključena; omrežni klic ni bil izveden.
07:44:29     konec: Razposiljanje alarmov
07:44:29  Nadzor koncan; padlih korakov: 0.
07:49:27  == Nadzornik zastalih obdelav ==
07:49:28     Watchdog pregled je končan.
07:49:28     konec: Nadzornik zastalih obdelav
07:49:28  == Razposiljanje alarmov ==
07:49:29     Dostava opozoril je privzeto izključena; omrežni klic ni bil izveden.
07:49:29     konec: Razposiljanje alarmov
07:49:29  Nadzor koncan; padlih korakov: 0.
07:54:27  == Nadzornik zastalih obdelav ==
07:54:28     Watchdog pregled je končan.
07:54:28     konec: Nadzornik zastalih obdelav
07:54:28  == Razposiljanje alarmov ==
07:54:29     Dostava opozoril je privzeto izključena; omrežni klic ni bil izveden.
07:54:29     konec: Razposiljanje alarmov
07:54:29  Nadzor koncan; padlih korakov: 0.
07:59:27  == Nadzornik zastalih obdelav ==
07:59:28     Watchdog pregled je končan.
07:59:28     konec: Nadzornik zastalih obdelav
07:59:28  == Razposiljanje alarmov ==
07:59:29     Dostava opozoril je privzeto izključena; omrežni klic ni bil izveden.
07:59:29     konec: Razposiljanje alarmov
07:59:29  Nadzor koncan; padlih korakov: 0.
08:04:27  == Nadzornik zastalih obdelav ==
08:04:28     Watchdog pregled je končan.
08:04:28     konec: Nadzornik zastalih obdelav
08:04:28  == Razposiljanje alarmov ==
08:04:29     Dostava opozoril je privzeto izključena; omrežni klic ni bil izveden.
08:04:29     konec: Razposiljanje alarmov
08:04:29  Nadzor koncan; padlih korakov: 0.
08:09:27  == Nadzornik zastalih obdelav ==
08:09:28     Watchdog pregled je končan.
08:09:28     konec: Nadzornik zastalih obdelav
08:09:28  == Razposiljanje alarmov ==
08:09:29     Dostava opozoril je privzeto izključena; omrežni klic ni bil izveden.
08:09:29     konec: Razposiljanje alarmov
08:09:29  Nadzor koncan; padlih korakov: 0.
08:14:26  == Nadzornik zastalih obdelav ==
08:14:27     Watchdog pregled je končan.
08:14:27     konec: Nadzornik zastalih obdelav
08:14:27  == Razposiljanje alarmov ==
08:14:28     Dostava opozoril je privzeto izključena; omrežni klic ni bil izveden.
08:14:28     konec: Razposiljanje alarmov
08:14:28  Nadzor koncan; padlih korakov: 0.
08:19:26  == Nadzornik zastalih obdelav ==
08:19:27     Watchdog pregled je končan.
08:19:27     konec: Nadzornik zastalih obdelav
08:19:27  == Razposiljanje alarmov ==
08:19:28     Dostava opozoril je privzeto izključena; omrežni klic ni bil izveden.
08:19:28     konec: Razposiljanje alarmov
08:19:28  Nadzor koncan; padlih korakov: 0.
08:24:26  == Nadzornik zastalih obdelav ==
08:24:27     Watchdog pregled je končan.
08:24:27     konec: Nadzornik zastalih obdelav
08:24:27  == Razposiljanje alarmov ==
08:24:28     Dostava opozoril je privzeto izključena; omrežni klic ni bil izveden.
08:24:28     konec: Razposiljanje alarmov
08:24:28  Nadzor koncan; padlih korakov: 0.
08:29:26  == Nadzornik zastalih obdelav ==
08:29:27     Watchdog pregled je končan.
08:29:27     konec: Nadzornik zastalih obdelav
08:29:27  == Razposiljanje alarmov ==
08:29:28     Dostava opozoril je privzeto izključena; omrežni klic ni bil izveden.
08:29:28     konec: Razposiljanje alarmov
08:29:28  Nadzor koncan; padlih korakov: 0.
08:34:26  == Nadzornik zastalih obdelav ==
08:34:27     Watchdog pregled je končan.
08:34:27     konec: Nadzornik zastalih obdelav
08:34:27  == Razposiljanje alarmov ==
08:34:28     Dostava opozoril je privzeto izključena; omrežni klic ni bil izveden.
08:34:28     konec: Razposiljanje alarmov
08:34:28  Nadzor koncan; padlih korakov: 0.
08:39:26  == Nadzornik zastalih obdelav ==
08:39:27     Watchdog pregled je končan.
08:39:27     konec: Nadzornik zastalih obdelav
08:39:27  == Razposiljanje alarmov ==
08:39:28     Dostava opozoril je privzeto izključena; omrežni klic ni bil izveden.
08:39:29     konec: Razposiljanje alarmov
08:39:29  Nadzor koncan; padlih korakov: 0.
08:44:26  == Nadzornik zastalih obdelav ==
08:44:27     Watchdog pregled je končan.
08:44:27     konec: Nadzornik zastalih obdelav
08:44:27  == Razposiljanje alarmov ==
08:44:28     Dostava opozoril je privzeto izključena; omrežni klic ni bil izveden.
08:44:28     konec: Razposiljanje alarmov
08:44:28  Nadzor koncan; padlih korakov: 0.
08:49:26  == Nadzornik zastalih obdelav ==
08:49:27     Watchdog pregled je končan.
08:49:27     konec: Nadzornik zastalih obdelav
08:49:27  == Razposiljanje alarmov ==
08:49:28     Dostava opozoril je privzeto izključena; omrežni klic ni bil izveden.
08:49:28     konec: Razposiljanje alarmov
08:49:28  Nadzor koncan; padlih korakov: 0.
08:54:26  == Nadzornik zastalih obdelav ==
08:54:27     Watchdog pregled je končan.
08:54:27     konec: Nadzornik zastalih obdelav
08:54:27  == Razposiljanje alarmov ==
08:54:28     Dostava opozoril je privzeto izključena; omrežni klic ni bil izveden.
08:54:28     konec: Razposiljanje alarmov
08:54:28  Nadzor koncan; padlih korakov: 0.
08:59:26  == Nadzornik zastalih obdelav ==
08:59:27     Watchdog pregled je končan.
08:59:27     konec: Nadzornik zastalih obdelav
08:59:27  == Razposiljanje alarmov ==
08:59:28     Dostava opozoril je privzeto izključena; omrežni klic ni bil izveden.
08:59:28     konec: Razposiljanje alarmov
08:59:28  Nadzor koncan; padlih korakov: 0.
09:04:26  == Nadzornik zastalih obdelav ==
09:04:27     Watchdog pregled je končan.
09:04:27     konec: Nadzornik zastalih obdelav
09:04:27  == Razposiljanje alarmov ==
09:04:28     Dostava opozoril je privzeto izključena; omrežni klic ni bil izveden.
09:04:28     konec: Razposiljanje alarmov
09:04:28  Nadzor koncan; padlih korakov: 0.
09:09:26  == Nadzornik zastalih obdelav ==
09:09:27     Watchdog pregled je končan.
09:09:27     konec: Nadzornik zastalih obdelav
09:09:27  == Razposiljanje alarmov ==
09:09:28     Dostava opozoril je privzeto izključena; omrežni klic ni bil izveden.
09:09:28     konec: Razposiljanje alarmov
09:09:28  Nadzor koncan; padlih korakov: 0.
09:14:26  == Nadzornik zastalih obdelav ==
09:14:27     Watchdog pregled je končan.
09:14:27     konec: Nadzornik zastalih obdelav
09:14:27  == Razposiljanje alarmov ==
09:14:28     Dostava opozoril je privzeto izključena; omrežni klic ni bil izveden.
09:14:28     konec: Razposiljanje alarmov
09:14:28  Nadzor koncan; padlih korakov: 0.
09:19:26  == Nadzornik zastalih obdelav ==
09:19:27     Watchdog pregled je končan.
09:19:27     konec: Nadzornik zastalih obdelav
09:19:27  == Razposiljanje alarmov ==
09:19:28     Dostava opozoril je privzeto izključena; omrežni klic ni bil izveden.
09:19:28     konec: Razposiljanje alarmov
09:19:28  Nadzor koncan; padlih korakov: 0.
09:24:26  == Nadzornik zastalih obdelav ==
09:24:27     Watchdog pregled je končan.
09:24:27     konec: Nadzornik zastalih obdelav
09:24:27  == Razposiljanje alarmov ==
09:24:28     Dostava opozoril je privzeto izključena; omrežni klic ni bil izveden.
09:24:28     konec: Razposiljanje alarmov
09:24:28  Nadzor koncan; padlih korakov: 0.
09:29:26  == Nadzornik zastalih obdelav ==
09:29:27     Watchdog pregled je končan.
09:29:27     konec: Nadzornik zastalih obdelav
09:29:27  == Razposiljanje alarmov ==
09:29:28     Dostava opozoril je privzeto izključena; omrežni klic ni bil izveden.
09:29:28     konec: Razposiljanje alarmov
09:29:28  Nadzor koncan; padlih korakov: 0.
09:34:26  == Nadzornik zastalih obdelav ==
09:34:27     Watchdog pregled je končan.
09:34:27     konec: Nadzornik zastalih obdelav
09:34:27  == Razposiljanje alarmov ==
09:34:28     Dostava opozoril je privzeto izključena; omrežni klic ni bil izveden.
09:34:28     konec: Razposiljanje alarmov
09:34:28  Nadzor koncan; padlih korakov: 0.
09:39:27  == Nadzornik zastalih obdelav ==
09:39:28     Watchdog pregled je končan.
09:39:28     konec: Nadzornik zastalih obdelav
09:39:28  == Razposiljanje alarmov ==
09:39:29     Dostava opozoril je privzeto izključena; omrežni klic ni bil izveden.
09:39:29     konec: Razposiljanje alarmov
09:39:29  Nadzor koncan; padlih korakov: 0.
09:44:26  == Nadzornik zastalih obdelav ==
09:44:27     Watchdog pregled je končan.
09:44:27     konec: Nadzornik zastalih obdelav
09:44:27  == Razposiljanje alarmov ==
09:44:28     Dostava opozoril je privzeto izključena; omrežni klic ni bil izveden.
09:44:28     konec: Razposiljanje alarmov
09:44:28  Nadzor koncan; padlih korakov: 0.
09:49:28  == Nadzornik zastalih obdelav ==
09:49:29     Watchdog pregled je končan.
09:49:29     konec: Nadzornik zastalih obdelav
09:49:29  == Razposiljanje alarmov ==
09:49:30     Dostava opozoril je privzeto izključena; omrežni klic ni bil izveden.
09:49:30     konec: Razposiljanje alarmov
09:49:30  Nadzor koncan; padlih korakov: 0.
09:54:27  == Nadzornik zastalih obdelav ==
09:54:29     Watchdog pregled je končan.
09:54:29     konec: Nadzornik zastalih obdelav
09:54:29  == Razposiljanje alarmov ==
09:54:30     Dostava opozoril je privzeto izključena; omrežni klic ni bil izveden.
09:54:30     konec: Razposiljanje alarmov
09:54:30  Nadzor koncan; padlih korakov: 0.
09:59:26  == Nadzornik zastalih obdelav ==
09:59:27     Watchdog pregled je končan.
09:59:27     konec: Nadzornik zastalih obdelav
09:59:27  == Razposiljanje alarmov ==
09:59:28     Dostava opozoril je privzeto izključena; omrežni klic ni bil izveden.
09:59:28     konec: Razposiljanje alarmov
09:59:28  Nadzor koncan; padlih korakov: 0.
10:04:26  == Nadzornik zastalih obdelav ==
10:04:27     Watchdog pregled je končan.
10:04:27     konec: Nadzornik zastalih obdelav
10:04:27  == Razposiljanje alarmov ==
10:04:28     Dostava opozoril je privzeto izključena; omrežni klic ni bil izveden.
10:04:28     konec: Razposiljanje alarmov
10:04:28  Nadzor koncan; padlih korakov: 0.
10:09:27  == Nadzornik zastalih obdelav ==
10:09:28     Watchdog pregled je končan.
10:09:28     konec: Nadzornik zastalih obdelav
10:09:28  == Razposiljanje alarmov ==
10:09:29     Dostava opozoril je privzeto izključena; omrežni klic ni bil izveden.
10:09:29     konec: Razposiljanje alarmov
10:09:29  Nadzor koncan; padlih korakov: 0.
10:14:26  == Nadzornik zastalih obdelav ==
10:14:27     Watchdog pregled je končan.
10:14:27     konec: Nadzornik zastalih obdelav
10:14:27  == Razposiljanje alarmov ==
10:14:28     Dostava opozoril je privzeto izključena; omrežni klic ni bil izveden.
10:14:28     konec: Razposiljanje alarmov
10:14:28  Nadzor koncan; padlih korakov: 0.
10:19:26  == Nadzornik zastalih obdelav ==
10:19:27     Watchdog pregled je končan.
10:19:27     konec: Nadzornik zastalih obdelav
10:19:27  == Razposiljanje alarmov ==
10:19:28     Dostava opozoril je privzeto izključena; omrežni klic ni bil izveden.
10:19:28     konec: Razposiljanje alarmov
10:19:28  Nadzor koncan; padlih korakov: 0.
10:24:26  == Nadzornik zastalih obdelav ==
10:24:27     Watchdog pregled je končan.
10:24:27     konec: Nadzornik zastalih obdelav
10:24:27  == Razposiljanje alarmov ==
10:24:28     Dostava opozoril je privzeto izključena; omrežni klic ni bil izveden.
10:24:28     konec: Razposiljanje alarmov
10:24:28  Nadzor koncan; padlih korakov: 0.
10:29:26  == Nadzornik zastalih obdelav ==
10:29:27     Watchdog pregled je končan.
10:29:27     konec: Nadzornik zastalih obdelav
10:29:27  == Razposiljanje alarmov ==
10:29:28     Dostava opozoril je privzeto izključena; omrežni klic ni bil izveden.
10:29:28     konec: Razposiljanje alarmov
10:29:28  Nadzor koncan; padlih korakov: 0.
10:34:26  == Nadzornik zastalih obdelav ==
10:34:27     Watchdog pregled je končan.
10:34:27     konec: Nadzornik zastalih obdelav
10:34:27  == Razposiljanje alarmov ==
10:34:28     Dostava opozoril je privzeto izključena; omrežni klic ni bil izveden.
10:34:28     konec: Razposiljanje alarmov
10:34:28  Nadzor koncan; padlih korakov: 0.
10:39:26  == Nadzornik zastalih obdelav ==
10:39:27     Watchdog pregled je končan.
10:39:27     konec: Nadzornik zastalih obdelav
10:39:27  == Razposiljanje alarmov ==
10:39:28     Dostava opozoril je privzeto izključena; omrežni klic ni bil izveden.
10:39:28     konec: Razposiljanje alarmov
10:39:28  Nadzor koncan; padlih korakov: 0.
10:44:26  == Nadzornik zastalih obdelav ==
10:44:27     Watchdog pregled je končan.
10:44:27     konec: Nadzornik zastalih obdelav
10:44:27  == Razposiljanje alarmov ==
10:44:28     Dostava opozoril je privzeto izključena; omrežni klic ni bil izveden.
10:44:28     konec: Razposiljanje alarmov
10:44:28  Nadzor koncan; padlih korakov: 0.
10:49:26  == Nadzornik zastalih obdelav ==
10:49:27     Watchdog pregled je končan.
10:49:27     konec: Nadzornik zastalih obdelav
10:49:27  == Razposiljanje alarmov ==
10:49:28     Dostava opozoril je privzeto izključena; omrežni klic ni bil izveden.
10:49:28     konec: Razposiljanje alarmov
10:49:28  Nadzor koncan; padlih korakov: 0.
10:54:26  == Nadzornik zastalih obdelav ==
10:54:27     Watchdog pregled je končan.
10:54:27     konec: Nadzornik zastalih obdelav
10:54:27  == Razposiljanje alarmov ==
10:54:28     Dostava opozoril je privzeto izključena; omrežni klic ni bil izveden.
10:54:28     konec: Razposiljanje alarmov
10:54:28  Nadzor koncan; padlih korakov: 0.
10:59:26  == Nadzornik zastalih obdelav ==
10:59:27     Watchdog pregled je končan.
10:59:27     konec: Nadzornik zastalih obdelav
10:59:27  == Razposiljanje alarmov ==
10:59:28     Dostava opozoril je privzeto izključena; omrežni klic ni bil izveden.
10:59:28     konec: Razposiljanje alarmov
10:59:28  Nadzor koncan; padlih korakov: 0.
11:04:26  == Nadzornik zastalih obdelav ==
11:04:27     Watchdog pregled je končan.
11:04:27     konec: Nadzornik zastalih obdelav
11:04:27  == Razposiljanje alarmov ==
11:04:28     Dostava opozoril je privzeto izključena; omrežni klic ni bil izveden.
11:04:28     konec: Razposiljanje alarmov
11:04:28  Nadzor koncan; padlih korakov: 0.
11:09:27  == Nadzornik zastalih obdelav ==
11:09:28     Watchdog pregled je končan.
11:09:28     konec: Nadzornik zastalih obdelav
11:09:28  == Razposiljanje alarmov ==
11:09:29     Dostava opozoril je privzeto izključena; omrežni klic ni bil izveden.
11:09:29     konec: Razposiljanje alarmov
11:09:29  Nadzor koncan; padlih korakov: 0.
11:14:26  == Nadzornik zastalih obdelav ==
11:14:27     Watchdog pregled je končan.
11:14:27     konec: Nadzornik zastalih obdelav
11:14:27  == Razposiljanje alarmov ==
11:14:28     Dostava opozoril je privzeto izključena; omrežni klic ni bil izveden.
11:14:28     konec: Razposiljanje alarmov
11:14:28  Nadzor koncan; padlih korakov: 0.
11:19:26  == Nadzornik zastalih obdelav ==
11:19:27     Watchdog pregled je končan.
11:19:27     konec: Nadzornik zastalih obdelav
11:19:27  == Razposiljanje alarmov ==
11:19:28     Dostava opozoril je privzeto izključena; omrežni klic ni bil izveden.
11:19:28     konec: Razposiljanje alarmov
11:19:28  Nadzor koncan; padlih korakov: 0.
11:24:26  == Nadzornik zastalih obdelav ==
11:24:27     Watchdog pregled je končan.
11:24:27     konec: Nadzornik zastalih obdelav
11:24:27  == Razposiljanje alarmov ==
11:24:28     Dostava opozoril je privzeto izključena; omrežni klic ni bil izveden.
11:24:28     konec: Razposiljanje alarmov
11:24:28  Nadzor koncan; padlih korakov: 0.
11:29:26  == Nadzornik zastalih obdelav ==
11:29:27     Watchdog pregled je končan.
11:29:27     konec: Nadzornik zastalih obdelav
11:29:27  == Razposiljanje alarmov ==
11:29:28     Dostava opozoril je privzeto izključena; omrežni klic ni bil izveden.
11:29:28     konec: Razposiljanje alarmov
11:29:28  Nadzor koncan; padlih korakov: 0.
11:34:26  == Nadzornik zastalih obdelav ==
11:34:27     Watchdog pregled je končan.
11:34:27     konec: Nadzornik zastalih obdelav
11:34:27  == Razposiljanje alarmov ==
11:34:28     Dostava opozoril je privzeto izključena; omrežni klic ni bil izveden.
11:34:28     konec: Razposiljanje alarmov
11:34:28  Nadzor koncan; padlih korakov: 0.
11:39:26  == Nadzornik zastalih obdelav ==
11:39:27     Watchdog pregled je končan.
11:39:27     konec: Nadzornik zastalih obdelav
11:39:27  == Razposiljanje alarmov ==
11:39:28     Dostava opozoril je privzeto izključena; omrežni klic ni bil izveden.
11:39:28     konec: Razposiljanje alarmov
11:39:28  Nadzor koncan; padlih korakov: 0.
11:44:26  == Nadzornik zastalih obdelav ==
11:44:27     Watchdog pregled je končan.
11:44:27     konec: Nadzornik zastalih obdelav
11:44:27  == Razposiljanje alarmov ==
11:44:28     Dostava opozoril je privzeto izključena; omrežni klic ni bil izveden.
11:44:28     konec: Razposiljanje alarmov
11:44:28  Nadzor koncan; padlih korakov: 0.
11:49:26  == Nadzornik zastalih obdelav ==
11:49:27     Watchdog pregled je končan.
11:49:27     konec: Nadzornik zastalih obdelav
11:49:27  == Razposiljanje alarmov ==
11:49:28     Dostava opozoril je privzeto izključena; omrežni klic ni bil izveden.
11:49:28     konec: Razposiljanje alarmov
11:49:28  Nadzor koncan; padlih korakov: 0.
11:54:26  == Nadzornik zastalih obdelav ==
11:54:27     Watchdog pregled je končan.
11:54:27     konec: Nadzornik zastalih obdelav
11:54:27  == Razposiljanje alarmov ==
11:54:28     Dostava opozoril je privzeto izključena; omrežni klic ni bil izveden.
11:54:28     konec: Razposiljanje alarmov
11:54:28  Nadzor koncan; padlih korakov: 0.
11:59:26  == Nadzornik zastalih obdelav ==
11:59:27     Watchdog pregled je končan.
11:59:27     konec: Nadzornik zastalih obdelav
11:59:27  == Razposiljanje alarmov ==
11:59:28     Dostava opozoril je privzeto izključena; omrežni klic ni bil izveden.
11:59:28     konec: Razposiljanje alarmov
11:59:28  Nadzor koncan; padlih korakov: 0.
12:04:26  == Nadzornik zastalih obdelav ==
12:04:27     Watchdog pregled je končan.
12:04:27     konec: Nadzornik zastalih obdelav
12:04:27  == Razposiljanje alarmov ==
12:04:28     Dostava opozoril je privzeto izključena; omrežni klic ni bil izveden.
12:04:28     konec: Razposiljanje alarmov
12:04:28  Nadzor koncan; padlih korakov: 0.
12:09:26  == Nadzornik zastalih obdelav ==
12:09:27     Watchdog pregled je končan.
12:09:27     konec: Nadzornik zastalih obdelav
12:09:27  == Razposiljanje alarmov ==
12:09:28     Dostava opozoril je privzeto izključena; omrežni klic ni bil izveden.
12:09:28     konec: Razposiljanje alarmov
12:09:28  Nadzor koncan; padlih korakov: 0.
12:14:26  == Nadzornik zastalih obdelav ==
12:14:27     Watchdog pregled je končan.
12:14:27     konec: Nadzornik zastalih obdelav
12:14:27  == Razposiljanje alarmov ==
12:14:28     Dostava opozoril je privzeto izključena; omrežni klic ni bil izveden.
12:14:28     konec: Razposiljanje alarmov
12:14:28  Nadzor koncan; padlih korakov: 0.
12:19:26  == Nadzornik zastalih obdelav ==
12:19:27     Watchdog pregled je končan.
12:19:27     konec: Nadzornik zastalih obdelav
12:19:27  == Razposiljanje alarmov ==
12:19:28     Dostava opozoril je privzeto izključena; omrežni klic ni bil izveden.
12:19:28     konec: Razposiljanje alarmov
12:19:28  Nadzor koncan; padlih korakov: 0.
12:24:26  == Nadzornik zastalih obdelav ==
12:24:27     Watchdog pregled je končan.
12:24:27     konec: Nadzornik zastalih obdelav
12:24:27  == Razposiljanje alarmov ==
12:24:28     Dostava opozoril je privzeto izključena; omrežni klic ni bil izveden.
12:24:28     konec: Razposiljanje alarmov
12:24:28  Nadzor koncan; padlih korakov: 0.
12:29:26  == Nadzornik zastalih obdelav ==
12:29:27     Watchdog pregled je končan.
12:29:27     konec: Nadzornik zastalih obdelav
12:29:27  == Razposiljanje alarmov ==
12:29:28     Dostava opozoril je privzeto izključena; omrežni klic ni bil izveden.
12:29:28     konec: Razposiljanje alarmov
12:29:28  Nadzor koncan; padlih korakov: 0.
12:34:26  == Nadzornik zastalih obdelav ==
12:34:27     Watchdog pregled je končan.
12:34:27     konec: Nadzornik zastalih obdelav
12:34:27  == Razposiljanje alarmov ==
12:34:28     Dostava opozoril je privzeto izključena; omrežni klic ni bil izveden.
12:34:28     konec: Razposiljanje alarmov
12:34:28  Nadzor koncan; padlih korakov: 0.
12:39:26  == Nadzornik zastalih obdelav ==
12:39:27     Watchdog pregled je končan.
12:39:27     konec: Nadzornik zastalih obdelav
12:39:27  == Razposiljanje alarmov ==
12:39:28     Dostava opozoril je privzeto izključena; omrežni klic ni bil izveden.
12:39:28     konec: Razposiljanje alarmov
12:39:28  Nadzor koncan; padlih korakov: 0.
12:44:26  == Nadzornik zastalih obdelav ==
12:44:27     Watchdog pregled je končan.
12:44:27     konec: Nadzornik zastalih obdelav
12:44:27  == Razposiljanje alarmov ==
12:44:28     Dostava opozoril je privzeto izključena; omrežni klic ni bil izveden.
12:44:28     konec: Razposiljanje alarmov
12:44:28  Nadzor koncan; padlih korakov: 0.
12:49:26  == Nadzornik zastalih obdelav ==
12:49:27     Watchdog pregled je končan.
12:49:27     konec: Nadzornik zastalih obdelav
12:49:27  == Razposiljanje alarmov ==
12:49:28     Dostava opozoril je privzeto izključena; omrežni klic ni bil izveden.
12:49:28     konec: Razposiljanje alarmov
12:49:28  Nadzor koncan; padlih korakov: 0.
12:54:26  == Nadzornik zastalih obdelav ==
12:54:27     Watchdog pregled je končan.
12:54:27     konec: Nadzornik zastalih obdelav
12:54:27  == Razposiljanje alarmov ==
12:54:28     Dostava opozoril je privzeto izključena; omrežni klic ni bil izveden.
12:54:28     konec: Razposiljanje alarmov
12:54:28  Nadzor koncan; padlih korakov: 0.
12:59:26  == Nadzornik zastalih obdelav ==
12:59:27     Watchdog pregled je končan.
12:59:27     konec: Nadzornik zastalih obdelav
12:59:27  == Razposiljanje alarmov ==
12:59:28     Dostava opozoril je privzeto izključena; omrežni klic ni bil izveden.
12:59:28     konec: Razposiljanje alarmov
12:59:28  Nadzor koncan; padlih korakov: 0.
13:04:26  == Nadzornik zastalih obdelav ==
13:04:27     Watchdog pregled je končan.
13:04:27     konec: Nadzornik zastalih obdelav
13:04:27  == Razposiljanje alarmov ==
13:04:28     Dostava opozoril je privzeto izključena; omrežni klic ni bil izveden.
13:04:28     konec: Razposiljanje alarmov
13:04:28  Nadzor koncan; padlih korakov: 0.
13:09:26  == Nadzornik zastalih obdelav ==
13:09:27     Watchdog pregled je končan.
13:09:27     konec: Nadzornik zastalih obdelav
13:09:27  == Razposiljanje alarmov ==
13:09:28     Dostava opozoril je privzeto izključena; omrežni klic ni bil izveden.
13:09:28     konec: Razposiljanje alarmov
13:09:28  Nadzor koncan; padlih korakov: 0.
13:14:26  == Nadzornik zastalih obdelav ==
13:14:27     Watchdog pregled je končan.
13:14:27     konec: Nadzornik zastalih obdelav
13:14:27  == Razposiljanje alarmov ==
13:14:28     Dostava opozoril je privzeto izključena; omrežni klic ni bil izveden.
13:14:28     konec: Razposiljanje alarmov
13:14:28  Nadzor koncan; padlih korakov: 0.
13:19:26  == Nadzornik zastalih obdelav ==
13:19:27     Watchdog pregled je končan.
13:19:27     konec: Nadzornik zastalih obdelav
13:19:27  == Razposiljanje alarmov ==
13:19:28     Dostava opozoril je privzeto izključena; omrežni klic ni bil izveden.
13:19:28     konec: Razposiljanje alarmov
13:19:28  Nadzor koncan; padlih korakov: 0.
13:24:26  == Nadzornik zastalih obdelav ==
13:24:27     Watchdog pregled je končan.
13:24:27     konec: Nadzornik zastalih obdelav
13:24:27  == Razposiljanje alarmov ==
13:24:28     Dostava opozoril je privzeto izključena; omrežni klic ni bil izveden.
13:24:28     konec: Razposiljanje alarmov
13:24:28  Nadzor koncan; padlih korakov: 0.
13:29:26  == Nadzornik zastalih obdelav ==
13:29:27     Watchdog pregled je končan.
13:29:27     konec: Nadzornik zastalih obdelav
13:29:27  == Razposiljanje alarmov ==
13:29:28     Dostava opozoril je privzeto izključena; omrežni klic ni bil izveden.
13:29:28     konec: Razposiljanje alarmov
13:29:28  Nadzor koncan; padlih korakov: 0.
13:34:26  == Nadzornik zastalih obdelav ==
13:34:27     Watchdog pregled je končan.
13:34:27     konec: Nadzornik zastalih obdelav
13:34:27  == Razposiljanje alarmov ==
13:34:28     Dostava opozoril je privzeto izključena; omrežni klic ni bil izveden.
13:34:28     konec: Razposiljanje alarmov
13:34:28  Nadzor koncan; padlih korakov: 0.
13:39:26  == Nadzornik zastalih obdelav ==
13:39:27     Watchdog pregled je končan.
13:39:27     konec: Nadzornik zastalih obdelav
13:39:27  == Razposiljanje alarmov ==
13:39:28     Dostava opozoril je privzeto izključena; omrežni klic ni bil izveden.
13:39:28     konec: Razposiljanje alarmov
13:39:28  Nadzor koncan; padlih korakov: 0.
13:44:26  == Nadzornik zastalih obdelav ==
13:44:27     Watchdog pregled je končan.
13:44:27     konec: Nadzornik zastalih obdelav
13:44:27  == Razposiljanje alarmov ==
13:44:28     Dostava opozoril je privzeto izključena; omrežni klic ni bil izveden.
13:44:28     konec: Razposiljanje alarmov
13:44:28  Nadzor koncan; padlih korakov: 0.
13:49:26  == Nadzornik zastalih obdelav ==
13:49:27     Watchdog pregled je končan.
13:49:27     konec: Nadzornik zastalih obdelav
13:49:27  == Razposiljanje alarmov ==
13:49:28     Dostava opozoril je privzeto izključena; omrežni klic ni bil izveden.
13:49:28     konec: Razposiljanje alarmov
13:49:28  Nadzor koncan; padlih korakov: 0.
13:54:26  == Nadzornik zastalih obdelav ==
13:54:27     Watchdog pregled je končan.
13:54:27     konec: Nadzornik zastalih obdelav
13:54:27  == Razposiljanje alarmov ==
13:54:28     Dostava opozoril je privzeto izključena; omrežni klic ni bil izveden.
13:54:28     konec: Razposiljanje alarmov
13:54:28  Nadzor koncan; padlih korakov: 0.
13:59:26  == Nadzornik zastalih obdelav ==
13:59:27     Watchdog pregled je končan.
13:59:27     konec: Nadzornik zastalih obdelav
13:59:27  == Razposiljanje alarmov ==
13:59:28     Dostava opozoril je privzeto izključena; omrežni klic ni bil izveden.
13:59:28     konec: Razposiljanje alarmov
13:59:28  Nadzor koncan; padlih korakov: 0.
14:04:26  == Nadzornik zastalih obdelav ==
14:04:27     Watchdog pregled je končan.
14:04:27     konec: Nadzornik zastalih obdelav
14:04:27  == Razposiljanje alarmov ==
14:04:28     Dostava opozoril je privzeto izključena; omrežni klic ni bil izveden.
14:04:28     konec: Razposiljanje alarmov
14:04:28  Nadzor koncan; padlih korakov: 0.
14:09:26  == Nadzornik zastalih obdelav ==
14:09:27     Watchdog pregled je končan.
14:09:27     konec: Nadzornik zastalih obdelav
14:09:27  == Razposiljanje alarmov ==
14:09:28     Dostava opozoril je privzeto izključena; omrežni klic ni bil izveden.
14:09:28     konec: Razposiljanje alarmov
14:09:28  Nadzor koncan; padlih korakov: 0.
14:14:26  == Nadzornik zastalih obdelav ==
14:14:27     Watchdog pregled je končan.
14:14:27     konec: Nadzornik zastalih obdelav
14:14:27  == Razposiljanje alarmov ==
14:14:28     Dostava opozoril je privzeto izključena; omrežni klic ni bil izveden.
14:14:28     konec: Razposiljanje alarmov
14:14:28  Nadzor koncan; padlih korakov: 0.
14:19:27  == Nadzornik zastalih obdelav ==
14:19:27     Watchdog pregled je končan.
14:19:27     konec: Nadzornik zastalih obdelav
14:19:27  == Razposiljanje alarmov ==
14:19:28     Dostava opozoril je privzeto izključena; omrežni klic ni bil izveden.
14:19:28     konec: Razposiljanje alarmov
14:19:28  Nadzor koncan; padlih korakov: 0.
14:24:27  == Nadzornik zastalih obdelav ==
14:24:27     Watchdog pregled je končan.
14:24:28     konec: Nadzornik zastalih obdelav
14:24:28  == Razposiljanje alarmov ==
14:24:28     Dostava opozoril je privzeto izključena; omrežni klic ni bil izveden.
14:24:29     konec: Razposiljanje alarmov
14:24:29  Nadzor koncan; padlih korakov: 0.
14:29:27  == Nadzornik zastalih obdelav ==
14:29:27     Watchdog pregled je končan.
14:29:27     konec: Nadzornik zastalih obdelav
14:29:27  == Razposiljanje alarmov ==
14:29:28     Dostava opozoril je privzeto izključena; omrežni klic ni bil izveden.
14:29:28     konec: Razposiljanje alarmov
14:29:28  Nadzor koncan; padlih korakov: 0.
14:34:27  == Nadzornik zastalih obdelav ==
14:34:27     Watchdog pregled je končan.
14:34:27     konec: Nadzornik zastalih obdelav
14:34:28  == Razposiljanje alarmov ==
14:34:28     Dostava opozoril je privzeto izključena; omrežni klic ni bil izveden.
14:34:28     konec: Razposiljanje alarmov
14:34:28  Nadzor koncan; padlih korakov: 0.
14:39:27  == Nadzornik zastalih obdelav ==
14:39:27     Watchdog pregled je končan.
14:39:28     konec: Nadzornik zastalih obdelav
14:39:28  == Razposiljanje alarmov ==
14:39:28     Dostava opozoril je privzeto izključena; omrežni klic ni bil izveden.
14:39:28     konec: Razposiljanje alarmov
14:39:28  Nadzor koncan; padlih korakov: 0.
14:44:27  == Nadzornik zastalih obdelav ==
14:44:27     Watchdog pregled je končan.
14:44:28     konec: Nadzornik zastalih obdelav
14:44:28  == Razposiljanje alarmov ==
14:44:28     Dostava opozoril je privzeto izključena; omrežni klic ni bil izveden.
14:44:28     konec: Razposiljanje alarmov
14:44:28  Nadzor koncan; padlih korakov: 0.
14:49:27  == Nadzornik zastalih obdelav ==
14:49:28     Watchdog pregled je končan.
14:49:28     konec: Nadzornik zastalih obdelav
14:49:28  == Razposiljanje alarmov ==
14:49:28     Dostava opozoril je privzeto izključena; omrežni klic ni bil izveden.
14:49:29     konec: Razposiljanje alarmov
14:49:29  Nadzor koncan; padlih korakov: 0.
14:54:27  == Nadzornik zastalih obdelav ==
14:54:28     Watchdog pregled je končan.
14:54:28     konec: Nadzornik zastalih obdelav
14:54:28  == Razposiljanje alarmov ==
14:54:28     Dostava opozoril je privzeto izključena; omrežni klic ni bil izveden.
14:54:29     konec: Razposiljanje alarmov
14:54:29  Nadzor koncan; padlih korakov: 0.
14:59:27  == Nadzornik zastalih obdelav ==
14:59:28     Watchdog pregled je končan.
14:59:28     konec: Nadzornik zastalih obdelav
14:59:28  == Razposiljanje alarmov ==
14:59:28     Dostava opozoril je privzeto izključena; omrežni klic ni bil izveden.
14:59:29     konec: Razposiljanje alarmov
14:59:29  Nadzor koncan; padlih korakov: 0.
15:04:27  == Nadzornik zastalih obdelav ==
15:04:28     Watchdog pregled je končan.
15:04:28     konec: Nadzornik zastalih obdelav
15:04:28  == Razposiljanje alarmov ==
15:04:28     Dostava opozoril je privzeto izključena; omrežni klic ni bil izveden.
15:04:29     konec: Razposiljanje alarmov
15:04:29  Nadzor koncan; padlih korakov: 0.
15:09:27  == Nadzornik zastalih obdelav ==
15:09:28     Watchdog pregled je končan.
15:09:28     konec: Nadzornik zastalih obdelav
15:09:28  == Razposiljanje alarmov ==
15:09:29     Dostava opozoril je privzeto izključena; omrežni klic ni bil izveden.
15:09:29     konec: Razposiljanje alarmov
15:09:29  Nadzor koncan; padlih korakov: 0.
15:14:27  == Nadzornik zastalih obdelav ==
15:14:28     Watchdog pregled je končan.
15:14:28     konec: Nadzornik zastalih obdelav
15:14:28  == Razposiljanje alarmov ==
15:14:29     Dostava opozoril je privzeto izključena; omrežni klic ni bil izveden.
15:14:29     konec: Razposiljanje alarmov
15:14:29  Nadzor koncan; padlih korakov: 0.
15:19:27  == Nadzornik zastalih obdelav ==
15:19:28     Watchdog pregled je končan.
15:19:28     konec: Nadzornik zastalih obdelav
15:19:28  == Razposiljanje alarmov ==
15:19:29     Dostava opozoril je privzeto izključena; omrežni klic ni bil izveden.
15:19:29     konec: Razposiljanje alarmov
15:19:29  Nadzor koncan; padlih korakov: 0.
15:24:27  == Nadzornik zastalih obdelav ==
15:24:28     Watchdog pregled je končan.
15:24:28     konec: Nadzornik zastalih obdelav
15:24:28  == Razposiljanje alarmov ==
15:24:29     Dostava opozoril je privzeto izključena; omrežni klic ni bil izveden.
15:24:29     konec: Razposiljanje alarmov
15:24:29  Nadzor koncan; padlih korakov: 0.
15:29:27  == Nadzornik zastalih obdelav ==
15:29:28     Watchdog pregled je končan.
15:29:28     konec: Nadzornik zastalih obdelav
15:29:28  == Razposiljanje alarmov ==
15:29:29     Dostava opozoril je privzeto izključena; omrežni klic ni bil izveden.
15:29:29     konec: Razposiljanje alarmov
15:29:29  Nadzor koncan; padlih korakov: 0.
15:34:27  == Nadzornik zastalih obdelav ==
15:34:28     Watchdog pregled je končan.
15:34:28     konec: Nadzornik zastalih obdelav
15:34:28  == Razposiljanje alarmov ==
15:34:29     Dostava opozoril je privzeto izključena; omrežni klic ni bil izveden.
15:34:29     konec: Razposiljanje alarmov
15:34:29  Nadzor koncan; padlih korakov: 0.
18:46:47  == Nadzornik zastalih obdelav ==
18:46:49     Watchdog pregled je končan.
18:46:49     konec: Nadzornik zastalih obdelav
18:46:49  == Razposiljanje alarmov ==
18:46:50     Dostava opozoril je privzeto izključena; omrežni klic ni bil izveden.
18:46:50     konec: Razposiljanje alarmov
18:46:50  Nadzor koncan; padlih korakov: 0.
18:49:28  == Nadzornik zastalih obdelav ==
18:49:29     Watchdog pregled je končan.
18:49:29     konec: Nadzornik zastalih obdelav
18:49:29  == Razposiljanje alarmov ==
18:49:31     Dostava opozoril je privzeto izključena; omrežni klic ni bil izveden.
18:49:31     konec: Razposiljanje alarmov
18:49:31  Nadzor koncan; padlih korakov: 0.
18:54:27  == Nadzornik zastalih obdelav ==
18:54:28     Watchdog pregled je končan.
18:54:28     konec: Nadzornik zastalih obdelav
18:54:28  == Razposiljanje alarmov ==
18:54:29     Dostava opozoril je privzeto izključena; omrežni klic ni bil izveden.
18:54:29     konec: Razposiljanje alarmov
18:54:29  Nadzor koncan; padlih korakov: 0.
18:59:26  == Nadzornik zastalih obdelav ==
18:59:28     Watchdog pregled je končan.
18:59:28     konec: Nadzornik zastalih obdelav
18:59:28  == Razposiljanje alarmov ==
18:59:29     Dostava opozoril je privzeto izključena; omrežni klic ni bil izveden.
18:59:29     konec: Razposiljanje alarmov
18:59:29  Nadzor koncan; padlih korakov: 0.
19:04:27  == Nadzornik zastalih obdelav ==
19:04:28     Watchdog pregled je končan.
19:04:28     konec: Nadzornik zastalih obdelav
19:04:28  == Razposiljanje alarmov ==
19:04:29     Dostava opozoril je privzeto izključena; omrežni klic ni bil izveden.
19:04:29     konec: Razposiljanje alarmov
19:04:29  Nadzor koncan; padlih korakov: 0.
19:09:26  == Nadzornik zastalih obdelav ==
19:09:28     Watchdog pregled je končan.
19:09:28     konec: Nadzornik zastalih obdelav
19:09:28  == Razposiljanje alarmov ==
19:09:29     Dostava opozoril je privzeto izključena; omrežni klic ni bil izveden.
19:09:29     konec: Razposiljanje alarmov
19:09:29  Nadzor koncan; padlih korakov: 0.
19:14:26  == Nadzornik zastalih obdelav ==
19:14:28     Watchdog pregled je končan.
19:14:28     konec: Nadzornik zastalih obdelav
19:14:28  == Razposiljanje alarmov ==
19:14:29     Dostava opozoril je privzeto izključena; omrežni klic ni bil izveden.
19:14:29     konec: Razposiljanje alarmov
19:14:29  Nadzor koncan; padlih korakov: 0.
19:19:27  == Nadzornik zastalih obdelav ==
19:19:28     Watchdog pregled je končan.
19:19:28     konec: Nadzornik zastalih obdelav
19:19:28  == Razposiljanje alarmov ==
19:19:29     Dostava opozoril je privzeto izključena; omrežni klic ni bil izveden.
19:19:29     konec: Razposiljanje alarmov
19:19:29  Nadzor koncan; padlih korakov: 0.
19:24:26  == Nadzornik zastalih obdelav ==
19:24:28     Watchdog pregled je končan.
19:24:28     konec: Nadzornik zastalih obdelav
19:24:28  == Razposiljanje alarmov ==
19:24:29     Dostava opozoril je privzeto izključena; omrežni klic ni bil izveden.
19:24:29     konec: Razposiljanje alarmov
19:24:29  Nadzor koncan; padlih korakov: 0.
19:29:26  == Nadzornik zastalih obdelav ==
19:29:28     Watchdog pregled je končan.
19:29:28     konec: Nadzornik zastalih obdelav
19:29:28  == Razposiljanje alarmov ==
19:29:29     Dostava opozoril je privzeto izključena; omrežni klic ni bil izveden.
19:29:29     konec: Razposiljanje alarmov
19:29:29  Nadzor koncan; padlih korakov: 0.
19:34:27  == Nadzornik zastalih obdelav ==
19:34:28     Watchdog pregled je končan.
19:34:28     konec: Nadzornik zastalih obdelav
19:34:28  == Razposiljanje alarmov ==
19:34:29     Dostava opozoril je privzeto izključena; omrežni klic ni bil izveden.
19:34:29     konec: Razposiljanje alarmov
19:34:29  Nadzor koncan; padlih korakov: 0.
19:39:26  == Nadzornik zastalih obdelav ==
19:39:27     Watchdog pregled je končan.
19:39:27     konec: Nadzornik zastalih obdelav
19:39:27  == Razposiljanje alarmov ==
19:39:28     Dostava opozoril je privzeto izključena; omrežni klic ni bil izveden.
19:39:28     konec: Razposiljanje alarmov
19:39:28  Nadzor koncan; padlih korakov: 0.
