06:46:34  == Nadzornik zastalih obdelav ==
06:46:37     Watchdog pregled je kon─Źan.
06:46:37     konec: Nadzornik zastalih obdelav
06:46:37  == Razposiljanje alarmov ==
06:46:41     Dostava opozoril je privzeto izklju─Źena; omre┼żni klic ni bil izveden.
06:46:41     konec: Razposiljanje alarmov
06:46:41  Nadzor koncan; padlih korakov: 0.
06:46:49  == Nadzornik zastalih obdelav ==
06:47:00     Watchdog pregled je kon─Źan.
06:47:01     konec: Nadzornik zastalih obdelav
06:47:01  == Razposiljanje alarmov ==
06:47:04     Dostava opozoril je privzeto izklju─Źena; omre┼żni klic ni bil izveden.
06:47:04     konec: Razposiljanje alarmov
06:47:04  Nadzor koncan; padlih korakov: 0.
06:51:48  == Nadzornik zastalih obdelav ==
06:51:50     Watchdog pregled je kon─Źan.
06:51:50     konec: Nadzornik zastalih obdelav
06:51:50  == Razposiljanje alarmov ==
06:51:52     Dostava opozoril je privzeto izklju─Źena; omre┼żni klic ni bil izveden.
06:51:52     konec: Razposiljanje alarmov
06:51:52  Nadzor koncan; padlih korakov: 0.
06:56:48  == Nadzornik zastalih obdelav ==
06:56:49     Watchdog pregled je kon─Źan.
06:56:49     konec: Nadzornik zastalih obdelav
06:56:49  == Razposiljanje alarmov ==
06:56:51     Dostava opozoril je privzeto izklju─Źena; omre┼żni klic ni bil izveden.
06:56:51     konec: Razposiljanje alarmov
06:56:51  Nadzor koncan; padlih korakov: 0.
07:01:47  == Nadzornik zastalih obdelav ==
07:01:48     Watchdog pregled je kon─Źan.
07:01:48     konec: Nadzornik zastalih obdelav
07:01:48  == Razposiljanje alarmov ==
07:01:49     Dostava opozoril je privzeto izklju─Źena; omre┼żni klic ni bil izveden.
07:01:49     konec: Razposiljanje alarmov
07:01:49  Nadzor koncan; padlih korakov: 0.
07:06:47  == Nadzornik zastalih obdelav ==
07:06:48     Watchdog pregled je kon─Źan.
07:06:48     konec: Nadzornik zastalih obdelav
07:06:48  == Razposiljanje alarmov ==
07:06:48     Dostava opozoril je privzeto izklju─Źena; omre┼żni klic ni bil izveden.
07:06:49     konec: Razposiljanje alarmov
07:06:49  Nadzor koncan; padlih korakov: 0.
07:11:47  == Nadzornik zastalih obdelav ==
07:11:48     Watchdog pregled je kon─Źan.
07:11:48     konec: Nadzornik zastalih obdelav
07:11:48  == Razposiljanje alarmov ==
07:11:48     Dostava opozoril je privzeto izklju─Źena; omre┼żni klic ni bil izveden.
07:11:49     konec: Razposiljanje alarmov
07:11:49  Nadzor koncan; padlih korakov: 0.
07:16:47  == Nadzornik zastalih obdelav ==
07:16:48     Watchdog pregled je kon─Źan.
07:16:48     konec: Nadzornik zastalih obdelav
07:16:48  == Razposiljanje alarmov ==
07:16:48     Dostava opozoril je privzeto izklju─Źena; omre┼żni klic ni bil izveden.
07:16:49     konec: Razposiljanje alarmov
07:16:49  Nadzor koncan; padlih korakov: 0.
07:21:47  == Nadzornik zastalih obdelav ==
07:21:48     Watchdog pregled je kon─Źan.
07:21:48     konec: Nadzornik zastalih obdelav
07:21:48  == Razposiljanje alarmov ==
07:21:49     Dostava opozoril je privzeto izklju─Źena; omre┼żni klic ni bil izveden.
07:21:49     konec: Razposiljanje alarmov
07:21:49  Nadzor koncan; padlih korakov: 0.
07:26:47  == Nadzornik zastalih obdelav ==
07:26:48     Watchdog pregled je kon─Źan.
07:26:48     konec: Nadzornik zastalih obdelav
07:26:48  == Razposiljanje alarmov ==
07:26:49     Dostava opozoril je privzeto izklju─Źena; omre┼żni klic ni bil izveden.
07:26:49     konec: Razposiljanje alarmov
07:26:49  Nadzor koncan; padlih korakov: 0.
07:31:47  == Nadzornik zastalih obdelav ==
07:31:48     Watchdog pregled je kon─Źan.
07:31:48     konec: Nadzornik zastalih obdelav
07:31:48  == Razposiljanje alarmov ==
07:31:49     Dostava opozoril je privzeto izklju─Źena; omre┼żni klic ni bil izveden.
07:31:49     konec: Razposiljanje alarmov
07:31:49  Nadzor koncan; padlih korakov: 0.
07:36:47  == Nadzornik zastalih obdelav ==
07:36:48     Watchdog pregled je kon─Źan.
07:36:48     konec: Nadzornik zastalih obdelav
07:36:48  == Razposiljanje alarmov ==
07:36:49     Dostava opozoril je privzeto izklju─Źena; omre┼żni klic ni bil izveden.
07:36:49     konec: Razposiljanje alarmov
07:36:49  Nadzor koncan; padlih korakov: 0.
07:41:47  == Nadzornik zastalih obdelav ==
07:41:48     Watchdog pregled je kon─Źan.
07:41:48     konec: Nadzornik zastalih obdelav
07:41:48  == Razposiljanje alarmov ==
07:41:49     Dostava opozoril je privzeto izklju─Źena; omre┼żni klic ni bil izveden.
07:41:49     konec: Razposiljanje alarmov
07:41:49  Nadzor koncan; padlih korakov: 0.
07:46:47  == Nadzornik zastalih obdelav ==
07:46:48     Watchdog pregled je kon─Źan.
07:46:48     konec: Nadzornik zastalih obdelav
07:46:48  == Razposiljanje alarmov ==
07:46:49     Dostava opozoril je privzeto izklju─Źena; omre┼żni klic ni bil izveden.
07:46:49     konec: Razposiljanje alarmov
07:46:49  Nadzor koncan; padlih korakov: 0.
07:51:47  == Nadzornik zastalih obdelav ==
07:51:48     Watchdog pregled je kon─Źan.
07:51:48     konec: Nadzornik zastalih obdelav
07:51:48  == Razposiljanje alarmov ==
07:51:50     Dostava opozoril je privzeto izklju─Źena; omre┼żni klic ni bil izveden.
07:51:50     konec: Razposiljanje alarmov
07:51:50  Nadzor koncan; padlih korakov: 0.
07:56:47  == Nadzornik zastalih obdelav ==
07:56:48     Watchdog pregled je kon─Źan.
07:56:48     konec: Nadzornik zastalih obdelav
07:56:48  == Razposiljanje alarmov ==
07:56:49     Dostava opozoril je privzeto izklju─Źena; omre┼żni klic ni bil izveden.
07:56:49     konec: Razposiljanje alarmov
07:56:49  Nadzor koncan; padlih korakov: 0.
08:01:47  == Nadzornik zastalih obdelav ==
08:01:48     Watchdog pregled je kon─Źan.
08:01:48     konec: Nadzornik zastalih obdelav
08:01:48  == Razposiljanje alarmov ==
08:01:49     Dostava opozoril je privzeto izklju─Źena; omre┼żni klic ni bil izveden.
08:01:49     konec: Razposiljanje alarmov
08:01:49  Nadzor koncan; padlih korakov: 0.
08:06:47  == Nadzornik zastalih obdelav ==
08:06:48     Watchdog pregled je kon─Źan.
08:06:48     konec: Nadzornik zastalih obdelav
08:06:48  == Razposiljanje alarmov ==
08:06:49     Dostava opozoril je privzeto izklju─Źena; omre┼żni klic ni bil izveden.
08:06:49     konec: Razposiljanje alarmov
08:06:49  Nadzor koncan; padlih korakov: 0.
08:11:47  == Nadzornik zastalih obdelav ==
08:11:48     Watchdog pregled je kon─Źan.
08:11:48     konec: Nadzornik zastalih obdelav
08:11:48  == Razposiljanje alarmov ==
08:11:49     Dostava opozoril je privzeto izklju─Źena; omre┼żni klic ni bil izveden.
08:11:49     konec: Razposiljanje alarmov
08:11:49  Nadzor koncan; padlih korakov: 0.
08:16:47  == Nadzornik zastalih obdelav ==
08:16:48     Watchdog pregled je kon─Źan.
08:16:48     konec: Nadzornik zastalih obdelav
08:16:48  == Razposiljanje alarmov ==
08:16:49     Dostava opozoril je privzeto izklju─Źena; omre┼żni klic ni bil izveden.
08:16:49     konec: Razposiljanje alarmov
08:16:49  Nadzor koncan; padlih korakov: 0.
08:21:47  == Nadzornik zastalih obdelav ==
08:21:48     Watchdog pregled je kon─Źan.
08:21:48     konec: Nadzornik zastalih obdelav
08:21:48  == Razposiljanje alarmov ==
08:21:49     Dostava opozoril je privzeto izklju─Źena; omre┼żni klic ni bil izveden.
08:21:49     konec: Razposiljanje alarmov
08:21:49  Nadzor koncan; padlih korakov: 0.
08:26:47  == Nadzornik zastalih obdelav ==
08:26:48     Watchdog pregled je kon─Źan.
08:26:48     konec: Nadzornik zastalih obdelav
08:26:48  == Razposiljanje alarmov ==
08:26:49     Dostava opozoril je privzeto izklju─Źena; omre┼żni klic ni bil izveden.
08:26:49     konec: Razposiljanje alarmov
08:26:49  Nadzor koncan; padlih korakov: 0.
08:31:47  == Nadzornik zastalih obdelav ==
08:31:48     Watchdog pregled je kon─Źan.
08:31:48     konec: Nadzornik zastalih obdelav
08:31:48  == Razposiljanje alarmov ==
08:31:49     Dostava opozoril je privzeto izklju─Źena; omre┼żni klic ni bil izveden.
08:31:49     konec: Razposiljanje alarmov
08:31:49  Nadzor koncan; padlih korakov: 0.
08:36:47  == Nadzornik zastalih obdelav ==
08:36:48     Watchdog pregled je kon─Źan.
08:36:48     konec: Nadzornik zastalih obdelav
08:36:48  == Razposiljanje alarmov ==
08:36:49     Dostava opozoril je privzeto izklju─Źena; omre┼żni klic ni bil izveden.
08:36:49     konec: Razposiljanje alarmov
08:36:49  Nadzor koncan; padlih korakov: 0.
08:41:47  == Nadzornik zastalih obdelav ==
08:41:48     Watchdog pregled je kon─Źan.
08:41:48     konec: Nadzornik zastalih obdelav
08:41:48  == Razposiljanje alarmov ==
08:41:49     Dostava opozoril je privzeto izklju─Źena; omre┼żni klic ni bil izveden.
08:41:49     konec: Razposiljanje alarmov
08:41:49  Nadzor koncan; padlih korakov: 0.
08:46:47  == Nadzornik zastalih obdelav ==
08:46:48     Watchdog pregled je kon─Źan.
08:46:48     konec: Nadzornik zastalih obdelav
08:46:48  == Razposiljanje alarmov ==
08:46:49     Dostava opozoril je privzeto izklju─Źena; omre┼żni klic ni bil izveden.
08:46:49     konec: Razposiljanje alarmov
08:46:49  Nadzor koncan; padlih korakov: 0.
08:51:47  == Nadzornik zastalih obdelav ==
08:51:48     Watchdog pregled je kon─Źan.
08:51:48     konec: Nadzornik zastalih obdelav
08:51:48  == Razposiljanje alarmov ==
08:51:49     Dostava opozoril je privzeto izklju─Źena; omre┼żni klic ni bil izveden.
08:51:49     konec: Razposiljanje alarmov
08:51:49  Nadzor koncan; padlih korakov: 0.
08:56:47  == Nadzornik zastalih obdelav ==
08:56:48     Watchdog pregled je kon─Źan.
08:56:48     konec: Nadzornik zastalih obdelav
08:56:48  == Razposiljanje alarmov ==
08:56:49     Dostava opozoril je privzeto izklju─Źena; omre┼żni klic ni bil izveden.
08:56:49     konec: Razposiljanje alarmov
08:56:49  Nadzor koncan; padlih korakov: 0.
09:01:46  == Nadzornik zastalih obdelav ==
09:01:47     Watchdog pregled je kon─Źan.
09:01:47     konec: Nadzornik zastalih obdelav
09:01:47  == Razposiljanje alarmov ==
09:01:48     Dostava opozoril je privzeto izklju─Źena; omre┼żni klic ni bil izveden.
09:01:48     konec: Razposiljanje alarmov
09:01:48  Nadzor koncan; padlih korakov: 0.
09:06:46  == Nadzornik zastalih obdelav ==
09:06:47     Watchdog pregled je kon─Źan.
09:06:48     konec: Nadzornik zastalih obdelav
09:06:48  == Razposiljanje alarmov ==
09:06:49     Dostava opozoril je privzeto izklju─Źena; omre┼żni klic ni bil izveden.
09:06:49     konec: Razposiljanje alarmov
09:06:49  Nadzor koncan; padlih korakov: 0.
09:11:48  == Nadzornik zastalih obdelav ==
09:11:50     Watchdog pregled je kon─Źan.
09:11:50     konec: Nadzornik zastalih obdelav
09:11:50  == Razposiljanje alarmov ==
09:11:51     Dostava opozoril je privzeto izklju─Źena; omre┼żni klic ni bil izveden.
09:11:51     konec: Razposiljanje alarmov
09:11:51  Nadzor koncan; padlih korakov: 0.
09:16:46  == Nadzornik zastalih obdelav ==
09:16:48     Watchdog pregled je kon─Źan.
09:16:48     konec: Nadzornik zastalih obdelav
09:16:48  == Razposiljanje alarmov ==
09:16:49     Dostava opozoril je privzeto izklju─Źena; omre┼żni klic ni bil izveden.
09:16:49     konec: Razposiljanje alarmov
09:16:49  Nadzor koncan; padlih korakov: 0.
09:21:47  == Nadzornik zastalih obdelav ==
09:21:48     Watchdog pregled je kon─Źan.
09:21:48     konec: Nadzornik zastalih obdelav
09:21:48  == Razposiljanje alarmov ==
09:21:49     Dostava opozoril je privzeto izklju─Źena; omre┼żni klic ni bil izveden.
09:21:50     konec: Razposiljanje alarmov
09:21:50  Nadzor koncan; padlih korakov: 0.
09:26:46  == Nadzornik zastalih obdelav ==
09:26:48     Watchdog pregled je kon─Źan.
09:26:48     konec: Nadzornik zastalih obdelav
09:26:48  == Razposiljanje alarmov ==
09:26:49     Dostava opozoril je privzeto izklju─Źena; omre┼żni klic ni bil izveden.
09:26:49     konec: Razposiljanje alarmov
09:26:49  Nadzor koncan; padlih korakov: 0.
09:31:46  == Nadzornik zastalih obdelav ==
09:31:47     Watchdog pregled je kon─Źan.
09:31:47     konec: Nadzornik zastalih obdelav
09:31:47  == Razposiljanje alarmov ==
09:31:48     Dostava opozoril je privzeto izklju─Źena; omre┼żni klic ni bil izveden.
09:31:48     konec: Razposiljanje alarmov
09:31:48  Nadzor koncan; padlih korakov: 0.
09:36:46  == Nadzornik zastalih obdelav ==
09:36:47     Watchdog pregled je kon─Źan.
09:36:48     konec: Nadzornik zastalih obdelav
09:36:48  == Razposiljanje alarmov ==
09:36:49     Dostava opozoril je privzeto izklju─Źena; omre┼żni klic ni bil izveden.
09:36:49     konec: Razposiljanje alarmov
09:36:49  Nadzor koncan; padlih korakov: 0.
09:41:46  == Nadzornik zastalih obdelav ==
09:41:47     Watchdog pregled je kon─Źan.
09:41:47     konec: Nadzornik zastalih obdelav
09:41:47  == Razposiljanje alarmov ==
09:41:48     Dostava opozoril je privzeto izklju─Źena; omre┼żni klic ni bil izveden.
09:41:48     konec: Razposiljanje alarmov
09:41:48  Nadzor koncan; padlih korakov: 0.
09:46:46  == Nadzornik zastalih obdelav ==
09:46:47     Watchdog pregled je kon─Źan.
09:46:47     konec: Nadzornik zastalih obdelav
09:46:47  == Razposiljanje alarmov ==
09:46:48     Dostava opozoril je privzeto izklju─Źena; omre┼żni klic ni bil izveden.
09:46:48     konec: Razposiljanje alarmov
09:46:48  Nadzor koncan; padlih korakov: 0.
09:51:46  == Nadzornik zastalih obdelav ==
09:51:47     Watchdog pregled je kon─Źan.
09:51:47     konec: Nadzornik zastalih obdelav
09:51:47  == Razposiljanje alarmov ==
09:51:48     Dostava opozoril je privzeto izklju─Źena; omre┼żni klic ni bil izveden.
09:51:48     konec: Razposiljanje alarmov
09:51:48  Nadzor koncan; padlih korakov: 0.
09:56:46  == Nadzornik zastalih obdelav ==
09:56:47     Watchdog pregled je kon─Źan.
09:56:47     konec: Nadzornik zastalih obdelav
09:56:47  == Razposiljanje alarmov ==
09:56:48     Dostava opozoril je privzeto izklju─Źena; omre┼żni klic ni bil izveden.
09:56:48     konec: Razposiljanje alarmov
09:56:48  Nadzor koncan; padlih korakov: 0.
10:01:46  == Nadzornik zastalih obdelav ==
10:01:47     Watchdog pregled je kon─Źan.
10:01:47     konec: Nadzornik zastalih obdelav
10:01:47  == Razposiljanje alarmov ==
10:01:48     Dostava opozoril je privzeto izklju─Źena; omre┼żni klic ni bil izveden.
10:01:48     konec: Razposiljanje alarmov
10:01:48  Nadzor koncan; padlih korakov: 0.
10:06:46  == Nadzornik zastalih obdelav ==
10:06:47     Watchdog pregled je kon─Źan.
10:06:47     konec: Nadzornik zastalih obdelav
10:06:47  == Razposiljanje alarmov ==
10:06:48     Dostava opozoril je privzeto izklju─Źena; omre┼żni klic ni bil izveden.
10:06:48     konec: Razposiljanje alarmov
10:06:48  Nadzor koncan; padlih korakov: 0.
10:11:46  == Nadzornik zastalih obdelav ==
10:11:47     Watchdog pregled je kon─Źan.
10:11:47     konec: Nadzornik zastalih obdelav
10:11:47  == Razposiljanje alarmov ==
10:11:48     Dostava opozoril je privzeto izklju─Źena; omre┼żni klic ni bil izveden.
10:11:48     konec: Razposiljanje alarmov
10:11:48  Nadzor koncan; padlih korakov: 0.
10:16:46  == Nadzornik zastalih obdelav ==
10:16:47     Watchdog pregled je kon─Źan.
10:16:47     konec: Nadzornik zastalih obdelav
10:16:47  == Razposiljanje alarmov ==
10:16:48     Dostava opozoril je privzeto izklju─Źena; omre┼żni klic ni bil izveden.
10:16:48     konec: Razposiljanje alarmov
10:16:48  Nadzor koncan; padlih korakov: 0.
10:21:46  == Nadzornik zastalih obdelav ==
10:21:47     Watchdog pregled je kon─Źan.
10:21:47     konec: Nadzornik zastalih obdelav
10:21:47  == Razposiljanje alarmov ==
10:21:48     Dostava opozoril je privzeto izklju─Źena; omre┼żni klic ni bil izveden.
10:21:48     konec: Razposiljanje alarmov
10:21:48  Nadzor koncan; padlih korakov: 0.
10:26:46  == Nadzornik zastalih obdelav ==
10:26:47     Watchdog pregled je kon─Źan.
10:26:47     konec: Nadzornik zastalih obdelav
10:26:47  == Razposiljanje alarmov ==
10:26:48     Dostava opozoril je privzeto izklju─Źena; omre┼żni klic ni bil izveden.
10:26:48     konec: Razposiljanje alarmov
10:26:48  Nadzor koncan; padlih korakov: 0.
10:31:46  == Nadzornik zastalih obdelav ==
10:31:47     Watchdog pregled je kon─Źan.
10:31:47     konec: Nadzornik zastalih obdelav
10:31:47  == Razposiljanje alarmov ==
10:31:48     Dostava opozoril je privzeto izklju─Źena; omre┼żni klic ni bil izveden.
10:31:48     konec: Razposiljanje alarmov
10:31:48  Nadzor koncan; padlih korakov: 0.
10:36:46  == Nadzornik zastalih obdelav ==
10:36:47     Watchdog pregled je kon─Źan.
10:36:47     konec: Nadzornik zastalih obdelav
10:36:47  == Razposiljanje alarmov ==
10:36:48     Dostava opozoril je privzeto izklju─Źena; omre┼żni klic ni bil izveden.
10:36:48     konec: Razposiljanje alarmov
10:36:48  Nadzor koncan; padlih korakov: 0.
10:41:46  == Nadzornik zastalih obdelav ==
10:41:47     Watchdog pregled je kon─Źan.
10:41:47     konec: Nadzornik zastalih obdelav
10:41:47  == Razposiljanje alarmov ==
10:41:48     Dostava opozoril je privzeto izklju─Źena; omre┼żni klic ni bil izveden.
10:41:48     konec: Razposiljanje alarmov
10:41:48  Nadzor koncan; padlih korakov: 0.
10:46:46  == Nadzornik zastalih obdelav ==
10:46:47     Watchdog pregled je kon─Źan.
10:46:47     konec: Nadzornik zastalih obdelav
10:46:47  == Razposiljanje alarmov ==
10:46:48     Dostava opozoril je privzeto izklju─Źena; omre┼żni klic ni bil izveden.
10:46:48     konec: Razposiljanje alarmov
10:46:48  Nadzor koncan; padlih korakov: 0.
10:51:46  == Nadzornik zastalih obdelav ==
10:51:47     Watchdog pregled je kon─Źan.
10:51:47     konec: Nadzornik zastalih obdelav
10:51:47  == Razposiljanje alarmov ==
10:51:48     Dostava opozoril je privzeto izklju─Źena; omre┼żni klic ni bil izveden.
10:51:48     konec: Razposiljanje alarmov
10:51:48  Nadzor koncan; padlih korakov: 0.
10:56:46  == Nadzornik zastalih obdelav ==
10:56:47     Watchdog pregled je kon─Źan.
10:56:47     konec: Nadzornik zastalih obdelav
10:56:47  == Razposiljanje alarmov ==
10:56:48     Dostava opozoril je privzeto izklju─Źena; omre┼żni klic ni bil izveden.
10:56:48     konec: Razposiljanje alarmov
10:56:48  Nadzor koncan; padlih korakov: 0.
11:01:46  == Nadzornik zastalih obdelav ==
11:01:47     Watchdog pregled je kon─Źan.
11:01:47     konec: Nadzornik zastalih obdelav
11:01:47  == Razposiljanje alarmov ==
11:01:48     Dostava opozoril je privzeto izklju─Źena; omre┼żni klic ni bil izveden.
11:01:48     konec: Razposiljanje alarmov
11:01:48  Nadzor koncan; padlih korakov: 0.
11:06:46  == Nadzornik zastalih obdelav ==
11:06:47     Watchdog pregled je kon─Źan.
11:06:47     konec: Nadzornik zastalih obdelav
11:06:47  == Razposiljanje alarmov ==
11:06:48     Dostava opozoril je privzeto izklju─Źena; omre┼żni klic ni bil izveden.
11:06:48     konec: Razposiljanje alarmov
11:06:48  Nadzor koncan; padlih korakov: 0.
11:11:46  == Nadzornik zastalih obdelav ==
11:11:47     Watchdog pregled je kon─Źan.
11:11:47     konec: Nadzornik zastalih obdelav
11:11:47  == Razposiljanje alarmov ==
11:11:48     Dostava opozoril je privzeto izklju─Źena; omre┼żni klic ni bil izveden.
11:11:48     konec: Razposiljanje alarmov
11:11:48  Nadzor koncan; padlih korakov: 0.
11:16:46  == Nadzornik zastalih obdelav ==
11:16:47     Watchdog pregled je kon─Źan.
11:16:47     konec: Nadzornik zastalih obdelav
11:16:47  == Razposiljanje alarmov ==
11:16:48     Dostava opozoril je privzeto izklju─Źena; omre┼żni klic ni bil izveden.
11:16:48     konec: Razposiljanje alarmov
11:16:48  Nadzor koncan; padlih korakov: 0.
11:21:46  == Nadzornik zastalih obdelav ==
11:21:47     Watchdog pregled je kon─Źan.
11:21:47     konec: Nadzornik zastalih obdelav
11:21:47  == Razposiljanje alarmov ==
11:21:48     Dostava opozoril je privzeto izklju─Źena; omre┼żni klic ni bil izveden.
11:21:48     konec: Razposiljanje alarmov
11:21:48  Nadzor koncan; padlih korakov: 0.
11:26:46  == Nadzornik zastalih obdelav ==
11:26:47     Watchdog pregled je kon─Źan.
11:26:47     konec: Nadzornik zastalih obdelav
11:26:47  == Razposiljanje alarmov ==
11:26:48     Dostava opozoril je privzeto izklju─Źena; omre┼żni klic ni bil izveden.
11:26:48     konec: Razposiljanje alarmov
11:26:48  Nadzor koncan; padlih korakov: 0.
11:31:46  == Nadzornik zastalih obdelav ==
11:31:47     Watchdog pregled je kon─Źan.
11:31:47     konec: Nadzornik zastalih obdelav
11:31:47  == Razposiljanje alarmov ==
11:31:48     Dostava opozoril je privzeto izklju─Źena; omre┼żni klic ni bil izveden.
11:31:48     konec: Razposiljanje alarmov
11:31:48  Nadzor koncan; padlih korakov: 0.
11:36:46  == Nadzornik zastalih obdelav ==
11:36:47     Watchdog pregled je kon─Źan.
11:36:47     konec: Nadzornik zastalih obdelav
11:36:47  == Razposiljanje alarmov ==
11:36:48     Dostava opozoril je privzeto izklju─Źena; omre┼żni klic ni bil izveden.
11:36:48     konec: Razposiljanje alarmov
11:36:48  Nadzor koncan; padlih korakov: 0.
11:41:46  == Nadzornik zastalih obdelav ==
11:41:47     Watchdog pregled je kon─Źan.
11:41:47     konec: Nadzornik zastalih obdelav
11:41:47  == Razposiljanje alarmov ==
11:41:48     Dostava opozoril je privzeto izklju─Źena; omre┼żni klic ni bil izveden.
11:41:48     konec: Razposiljanje alarmov
11:41:48  Nadzor koncan; padlih korakov: 0.
11:46:46  == Nadzornik zastalih obdelav ==
11:46:47     Watchdog pregled je kon─Źan.
11:46:47     konec: Nadzornik zastalih obdelav
11:46:47  == Razposiljanje alarmov ==
11:46:48     Dostava opozoril je privzeto izklju─Źena; omre┼żni klic ni bil izveden.
11:46:48     konec: Razposiljanje alarmov
11:46:48  Nadzor koncan; padlih korakov: 0.
11:51:46  == Nadzornik zastalih obdelav ==
11:51:47     Watchdog pregled je kon─Źan.
11:51:47     konec: Nadzornik zastalih obdelav
11:51:47  == Razposiljanje alarmov ==
11:51:48     Dostava opozoril je privzeto izklju─Źena; omre┼żni klic ni bil izveden.
11:51:48     konec: Razposiljanje alarmov
11:51:48  Nadzor koncan; padlih korakov: 0.
11:56:46  == Nadzornik zastalih obdelav ==
11:56:47     Watchdog pregled je kon─Źan.
11:56:47     konec: Nadzornik zastalih obdelav
11:56:47  == Razposiljanje alarmov ==
11:56:48     Dostava opozoril je privzeto izklju─Źena; omre┼żni klic ni bil izveden.
11:56:48     konec: Razposiljanje alarmov
11:56:48  Nadzor koncan; padlih korakov: 0.
12:01:46  == Nadzornik zastalih obdelav ==
12:01:47     Watchdog pregled je kon─Źan.
12:01:47     konec: Nadzornik zastalih obdelav
12:01:47  == Razposiljanje alarmov ==
12:01:48     Dostava opozoril je privzeto izklju─Źena; omre┼żni klic ni bil izveden.
12:01:48     konec: Razposiljanje alarmov
12:01:48  Nadzor koncan; padlih korakov: 0.
12:06:46  == Nadzornik zastalih obdelav ==
12:06:47     Watchdog pregled je kon─Źan.
12:06:47     konec: Nadzornik zastalih obdelav
12:06:47  == Razposiljanje alarmov ==
12:06:48     Dostava opozoril je privzeto izklju─Źena; omre┼żni klic ni bil izveden.
12:06:48     konec: Razposiljanje alarmov
12:06:48  Nadzor koncan; padlih korakov: 0.
12:11:46  == Nadzornik zastalih obdelav ==
12:11:47     Watchdog pregled je kon─Źan.
12:11:47     konec: Nadzornik zastalih obdelav
12:11:47  == Razposiljanje alarmov ==
12:11:48     Dostava opozoril je privzeto izklju─Źena; omre┼żni klic ni bil izveden.
12:11:48     konec: Razposiljanje alarmov
12:11:48  Nadzor koncan; padlih korakov: 0.
12:16:46  == Nadzornik zastalih obdelav ==
12:16:47     Watchdog pregled je kon─Źan.
12:16:47     konec: Nadzornik zastalih obdelav
12:16:47  == Razposiljanje alarmov ==
12:16:48     Dostava opozoril je privzeto izklju─Źena; omre┼żni klic ni bil izveden.
12:16:48     konec: Razposiljanje alarmov
12:16:48  Nadzor koncan; padlih korakov: 0.
12:21:46  == Nadzornik zastalih obdelav ==
12:21:47     Watchdog pregled je kon─Źan.
12:21:47     konec: Nadzornik zastalih obdelav
12:21:47  == Razposiljanje alarmov ==
12:21:48     Dostava opozoril je privzeto izklju─Źena; omre┼żni klic ni bil izveden.
12:21:48     konec: Razposiljanje alarmov
12:21:48  Nadzor koncan; padlih korakov: 0.
12:26:46  == Nadzornik zastalih obdelav ==
12:26:47     Watchdog pregled je kon─Źan.
12:26:47     konec: Nadzornik zastalih obdelav
12:26:47  == Razposiljanje alarmov ==
12:26:48     Dostava opozoril je privzeto izklju─Źena; omre┼żni klic ni bil izveden.
12:26:48     konec: Razposiljanje alarmov
12:26:48  Nadzor koncan; padlih korakov: 0.
12:31:46  == Nadzornik zastalih obdelav ==
12:31:47     Watchdog pregled je kon─Źan.
12:31:47     konec: Nadzornik zastalih obdelav
12:31:47  == Razposiljanje alarmov ==
12:31:48     Dostava opozoril je privzeto izklju─Źena; omre┼żni klic ni bil izveden.
12:31:48     konec: Razposiljanje alarmov
12:31:48  Nadzor koncan; padlih korakov: 0.
12:36:46  == Nadzornik zastalih obdelav ==
12:36:47     Watchdog pregled je kon─Źan.
12:36:47     konec: Nadzornik zastalih obdelav
12:36:47  == Razposiljanje alarmov ==
12:36:48     Dostava opozoril je privzeto izklju─Źena; omre┼żni klic ni bil izveden.
12:36:48     konec: Razposiljanje alarmov
12:36:48  Nadzor koncan; padlih korakov: 0.
12:41:46  == Nadzornik zastalih obdelav ==
12:41:47     Watchdog pregled je kon─Źan.
12:41:47     konec: Nadzornik zastalih obdelav
12:41:47  == Razposiljanje alarmov ==
12:41:48     Dostava opozoril je privzeto izklju─Źena; omre┼żni klic ni bil izveden.
12:41:48     konec: Razposiljanje alarmov
12:41:48  Nadzor koncan; padlih korakov: 0.
12:46:46  == Nadzornik zastalih obdelav ==
12:46:47     Watchdog pregled je kon─Źan.
12:46:47     konec: Nadzornik zastalih obdelav
12:46:47  == Razposiljanje alarmov ==
12:46:48     Dostava opozoril je privzeto izklju─Źena; omre┼żni klic ni bil izveden.
12:46:48     konec: Razposiljanje alarmov
12:46:48  Nadzor koncan; padlih korakov: 0.
12:51:46  == Nadzornik zastalih obdelav ==
12:51:47     Watchdog pregled je kon─Źan.
12:51:47     konec: Nadzornik zastalih obdelav
12:51:47  == Razposiljanje alarmov ==
12:51:48     Dostava opozoril je privzeto izklju─Źena; omre┼żni klic ni bil izveden.
12:51:48     konec: Razposiljanje alarmov
12:51:48  Nadzor koncan; padlih korakov: 0.
12:56:46  == Nadzornik zastalih obdelav ==
12:56:47     Watchdog pregled je kon─Źan.
12:56:47     konec: Nadzornik zastalih obdelav
12:56:47  == Razposiljanje alarmov ==
12:56:48     Dostava opozoril je privzeto izklju─Źena; omre┼żni klic ni bil izveden.
12:56:48     konec: Razposiljanje alarmov
12:56:48  Nadzor koncan; padlih korakov: 0.
13:01:46  == Nadzornik zastalih obdelav ==
13:01:47     Watchdog pregled je kon─Źan.
13:01:47     konec: Nadzornik zastalih obdelav
13:01:47  == Razposiljanje alarmov ==
13:01:48     Dostava opozoril je privzeto izklju─Źena; omre┼żni klic ni bil izveden.
13:01:48     konec: Razposiljanje alarmov
13:01:48  Nadzor koncan; padlih korakov: 0.
13:06:46  == Nadzornik zastalih obdelav ==
13:06:47     Watchdog pregled je kon─Źan.
13:06:47     konec: Nadzornik zastalih obdelav
13:06:47  == Razposiljanje alarmov ==
13:06:48     Dostava opozoril je privzeto izklju─Źena; omre┼żni klic ni bil izveden.
13:06:48     konec: Razposiljanje alarmov
13:06:48  Nadzor koncan; padlih korakov: 0.
13:11:46  == Nadzornik zastalih obdelav ==
13:11:47     Watchdog pregled je kon─Źan.
13:11:47     konec: Nadzornik zastalih obdelav
13:11:47  == Razposiljanje alarmov ==
13:11:48     Dostava opozoril je privzeto izklju─Źena; omre┼żni klic ni bil izveden.
13:11:48     konec: Razposiljanje alarmov
13:11:48  Nadzor koncan; padlih korakov: 0.
13:16:46  == Nadzornik zastalih obdelav ==
13:16:47     Watchdog pregled je kon─Źan.
13:16:47     konec: Nadzornik zastalih obdelav
13:16:47  == Razposiljanje alarmov ==
13:16:48     Dostava opozoril je privzeto izklju─Źena; omre┼żni klic ni bil izveden.
13:16:48     konec: Razposiljanje alarmov
13:16:48  Nadzor koncan; padlih korakov: 0.
13:21:46  == Nadzornik zastalih obdelav ==
13:21:47     Watchdog pregled je kon─Źan.
13:21:47     konec: Nadzornik zastalih obdelav
13:21:47  == Razposiljanje alarmov ==
13:21:48     Dostava opozoril je privzeto izklju─Źena; omre┼żni klic ni bil izveden.
13:21:48     konec: Razposiljanje alarmov
13:21:48  Nadzor koncan; padlih korakov: 0.
13:26:46  == Nadzornik zastalih obdelav ==
13:26:47     Watchdog pregled je kon─Źan.
13:26:47     konec: Nadzornik zastalih obdelav
13:26:47  == Razposiljanje alarmov ==
13:26:48     Dostava opozoril je privzeto izklju─Źena; omre┼żni klic ni bil izveden.
13:26:48     konec: Razposiljanje alarmov
13:26:48  Nadzor koncan; padlih korakov: 0.
13:31:46  == Nadzornik zastalih obdelav ==
13:31:47     Watchdog pregled je kon─Źan.
13:31:47     konec: Nadzornik zastalih obdelav
13:31:47  == Razposiljanje alarmov ==
13:31:48     Dostava opozoril je privzeto izklju─Źena; omre┼żni klic ni bil izveden.
13:31:48     konec: Razposiljanje alarmov
13:31:48  Nadzor koncan; padlih korakov: 0.
13:36:46  == Nadzornik zastalih obdelav ==
13:36:47     Watchdog pregled je kon─Źan.
13:36:47     konec: Nadzornik zastalih obdelav
13:36:47  == Razposiljanje alarmov ==
13:36:48     Dostava opozoril je privzeto izklju─Źena; omre┼żni klic ni bil izveden.
13:36:48     konec: Razposiljanje alarmov
13:36:48  Nadzor koncan; padlih korakov: 0.
13:41:46  == Nadzornik zastalih obdelav ==
13:41:47     Watchdog pregled je kon─Źan.
13:41:47     konec: Nadzornik zastalih obdelav
13:41:47  == Razposiljanje alarmov ==
13:41:48     Dostava opozoril je privzeto izklju─Źena; omre┼żni klic ni bil izveden.
13:41:48     konec: Razposiljanje alarmov
13:41:48  Nadzor koncan; padlih korakov: 0.
13:46:46  == Nadzornik zastalih obdelav ==
13:46:47     Watchdog pregled je kon─Źan.
13:46:47     konec: Nadzornik zastalih obdelav
13:46:47  == Razposiljanje alarmov ==
13:46:48     Dostava opozoril je privzeto izklju─Źena; omre┼żni klic ni bil izveden.
13:46:48     konec: Razposiljanje alarmov
13:46:48  Nadzor koncan; padlih korakov: 0.
13:51:46  == Nadzornik zastalih obdelav ==
13:51:47     Watchdog pregled je kon─Źan.
13:51:47     konec: Nadzornik zastalih obdelav
13:51:47  == Razposiljanje alarmov ==
13:51:48     Dostava opozoril je privzeto izklju─Źena; omre┼żni klic ni bil izveden.
13:51:48     konec: Razposiljanje alarmov
13:51:48  Nadzor koncan; padlih korakov: 0.
13:56:46  == Nadzornik zastalih obdelav ==
13:56:47     Watchdog pregled je kon─Źan.
13:56:47     konec: Nadzornik zastalih obdelav
13:56:47  == Razposiljanje alarmov ==
13:56:48     Dostava opozoril je privzeto izklju─Źena; omre┼żni klic ni bil izveden.
13:56:48     konec: Razposiljanje alarmov
13:56:48  Nadzor koncan; padlih korakov: 0.
14:01:46  == Nadzornik zastalih obdelav ==
14:01:47     Watchdog pregled je kon─Źan.
14:01:47     konec: Nadzornik zastalih obdelav
14:01:47  == Razposiljanje alarmov ==
14:01:48     Dostava opozoril je privzeto izklju─Źena; omre┼żni klic ni bil izveden.
14:01:48     konec: Razposiljanje alarmov
14:01:48  Nadzor koncan; padlih korakov: 0.
14:06:46  == Nadzornik zastalih obdelav ==
14:06:47     Watchdog pregled je kon─Źan.
14:06:47     konec: Nadzornik zastalih obdelav
14:06:47  == Razposiljanje alarmov ==
14:06:48     Dostava opozoril je privzeto izklju─Źena; omre┼żni klic ni bil izveden.
14:06:48     konec: Razposiljanje alarmov
14:06:48  Nadzor koncan; padlih korakov: 0.
14:11:46  == Nadzornik zastalih obdelav ==
14:11:47     Watchdog pregled je kon─Źan.
14:11:47     konec: Nadzornik zastalih obdelav
14:11:47  == Razposiljanje alarmov ==
14:11:48     Dostava opozoril je privzeto izklju─Źena; omre┼żni klic ni bil izveden.
14:11:48     konec: Razposiljanje alarmov
14:11:48  Nadzor koncan; padlih korakov: 0.
14:16:46  == Nadzornik zastalih obdelav ==
14:16:47     Watchdog pregled je kon─Źan.
14:16:47     konec: Nadzornik zastalih obdelav
14:16:47  == Razposiljanje alarmov ==
14:16:48     Dostava opozoril je privzeto izklju─Źena; omre┼żni klic ni bil izveden.
14:16:48     konec: Razposiljanje alarmov
14:16:48  Nadzor koncan; padlih korakov: 0.
14:21:46  == Nadzornik zastalih obdelav ==
14:21:47     Watchdog pregled je kon─Źan.
14:21:47     konec: Nadzornik zastalih obdelav
14:21:47  == Razposiljanje alarmov ==
14:21:48     Dostava opozoril je privzeto izklju─Źena; omre┼żni klic ni bil izveden.
14:21:48     konec: Razposiljanje alarmov
14:21:48  Nadzor koncan; padlih korakov: 0.
14:26:46  == Nadzornik zastalih obdelav ==
14:26:47     Watchdog pregled je kon─Źan.
14:26:47     konec: Nadzornik zastalih obdelav
14:26:47  == Razposiljanje alarmov ==
14:26:48     Dostava opozoril je privzeto izklju─Źena; omre┼żni klic ni bil izveden.
14:26:48     konec: Razposiljanje alarmov
14:26:48  Nadzor koncan; padlih korakov: 0.
14:31:46  == Nadzornik zastalih obdelav ==
14:31:47     Watchdog pregled je kon─Źan.
14:31:47     konec: Nadzornik zastalih obdelav
14:31:47  == Razposiljanje alarmov ==
14:31:48     Dostava opozoril je privzeto izklju─Źena; omre┼żni klic ni bil izveden.
14:31:48     konec: Razposiljanje alarmov
14:31:48  Nadzor koncan; padlih korakov: 0.
14:36:46  == Nadzornik zastalih obdelav ==
14:36:47     Watchdog pregled je kon─Źan.
14:36:47     konec: Nadzornik zastalih obdelav
14:36:47  == Razposiljanje alarmov ==
14:36:48     Dostava opozoril je privzeto izklju─Źena; omre┼żni klic ni bil izveden.
14:36:48     konec: Razposiljanje alarmov
14:36:48  Nadzor koncan; padlih korakov: 0.
14:41:46  == Nadzornik zastalih obdelav ==
14:41:47     Watchdog pregled je kon─Źan.
14:41:47     konec: Nadzornik zastalih obdelav
14:41:47  == Razposiljanje alarmov ==
14:41:48     Dostava opozoril je privzeto izklju─Źena; omre┼żni klic ni bil izveden.
14:41:48     konec: Razposiljanje alarmov
14:41:48  Nadzor koncan; padlih korakov: 0.
14:46:46  == Nadzornik zastalih obdelav ==
14:46:47     Watchdog pregled je kon─Źan.
14:46:47     konec: Nadzornik zastalih obdelav
14:46:47  == Razposiljanje alarmov ==
14:46:48     Dostava opozoril je privzeto izklju─Źena; omre┼żni klic ni bil izveden.
14:46:48     konec: Razposiljanje alarmov
14:46:48  Nadzor koncan; padlih korakov: 0.
14:51:46  == Nadzornik zastalih obdelav ==
14:51:47     Watchdog pregled je kon─Źan.
14:51:47     konec: Nadzornik zastalih obdelav
14:51:47  == Razposiljanje alarmov ==
14:51:48     Dostava opozoril je privzeto izklju─Źena; omre┼żni klic ni bil izveden.
14:51:48     konec: Razposiljanje alarmov
14:51:48  Nadzor koncan; padlih korakov: 0.
14:56:46  == Nadzornik zastalih obdelav ==
14:56:47     Watchdog pregled je kon─Źan.
14:56:47     konec: Nadzornik zastalih obdelav
14:56:47  == Razposiljanje alarmov ==
14:56:48     Dostava opozoril je privzeto izklju─Źena; omre┼żni klic ni bil izveden.
14:56:48     konec: Razposiljanje alarmov
14:56:48  Nadzor koncan; padlih korakov: 0.
15:01:46  == Nadzornik zastalih obdelav ==
15:01:47     Watchdog pregled je kon─Źan.
15:01:47     konec: Nadzornik zastalih obdelav
15:01:47  == Razposiljanje alarmov ==
15:01:48     Dostava opozoril je privzeto izklju─Źena; omre┼żni klic ni bil izveden.
15:01:48     konec: Razposiljanje alarmov
15:01:48  Nadzor koncan; padlih korakov: 0.
15:06:46  == Nadzornik zastalih obdelav ==
15:06:47     Watchdog pregled je kon─Źan.
15:06:47     konec: Nadzornik zastalih obdelav
15:06:47  == Razposiljanje alarmov ==
15:06:48     Dostava opozoril je privzeto izklju─Źena; omre┼żni klic ni bil izveden.
15:06:48     konec: Razposiljanje alarmov
15:06:48  Nadzor koncan; padlih korakov: 0.
15:11:46  == Nadzornik zastalih obdelav ==
15:11:47     Watchdog pregled je kon─Źan.
15:11:47     konec: Nadzornik zastalih obdelav
15:11:47  == Razposiljanje alarmov ==
15:11:48     Dostava opozoril je privzeto izklju─Źena; omre┼żni klic ni bil izveden.
15:11:48     konec: Razposiljanje alarmov
15:11:48  Nadzor koncan; padlih korakov: 0.
15:16:46  == Nadzornik zastalih obdelav ==
15:16:47     Watchdog pregled je kon─Źan.
15:16:47     konec: Nadzornik zastalih obdelav
15:16:47  == Razposiljanje alarmov ==
15:16:48     Dostava opozoril je privzeto izklju─Źena; omre┼żni klic ni bil izveden.
15:16:48     konec: Razposiljanje alarmov
15:16:48  Nadzor koncan; padlih korakov: 0.
15:21:46  == Nadzornik zastalih obdelav ==
15:21:47     Watchdog pregled je kon─Źan.
15:21:47     konec: Nadzornik zastalih obdelav
15:21:47  == Razposiljanje alarmov ==
15:21:48     Dostava opozoril je privzeto izklju─Źena; omre┼żni klic ni bil izveden.
15:21:48     konec: Razposiljanje alarmov
15:21:48  Nadzor koncan; padlih korakov: 0.
15:26:47  == Nadzornik zastalih obdelav ==
15:26:47     Watchdog pregled je kon─Źan.
15:26:47     konec: Nadzornik zastalih obdelav
15:26:47  == Razposiljanje alarmov ==
15:26:48     Dostava opozoril je privzeto izklju─Źena; omre┼żni klic ni bil izveden.
15:26:48     konec: Razposiljanje alarmov
15:26:48  Nadzor koncan; padlih korakov: 0.
15:31:47  == Nadzornik zastalih obdelav ==
15:31:47     Watchdog pregled je kon─Źan.
15:31:47     konec: Nadzornik zastalih obdelav
15:31:47  == Razposiljanje alarmov ==
15:31:48     Dostava opozoril je privzeto izklju─Źena; omre┼żni klic ni bil izveden.
15:31:48     konec: Razposiljanje alarmov
15:31:48  Nadzor koncan; padlih korakov: 0.
15:36:47  == Nadzornik zastalih obdelav ==
15:36:47     Watchdog pregled je kon─Źan.
15:36:48     konec: Nadzornik zastalih obdelav
15:36:48  == Razposiljanje alarmov ==
15:36:48     Dostava opozoril je privzeto izklju─Źena; omre┼żni klic ni bil izveden.
15:36:48     konec: Razposiljanje alarmov
15:36:48  Nadzor koncan; padlih korakov: 0.
