06:19:28  == Nadzornik zastalih obdelav ==
06:19:30     Watchdog pregled je končan.
06:19:30     konec: Nadzornik zastalih obdelav
06:19:30  == Razposiljanje alarmov ==
06:19:31     Dostava opozoril je privzeto izključena; omrežni klic ni bil izveden.
06:19:31     konec: Razposiljanje alarmov
06:19:31  Nadzor koncan; padlih korakov: 0.
06:24:27  == Nadzornik zastalih obdelav ==
06:24:28     Watchdog pregled je končan.
06:24:28     konec: Nadzornik zastalih obdelav
06:24:28  == Razposiljanje alarmov ==
06:24:29     Dostava opozoril je privzeto izključena; omrežni klic ni bil izveden.
06:24:29     konec: Razposiljanje alarmov
06:24:29  Nadzor koncan; padlih korakov: 0.
06:29:27  == Nadzornik zastalih obdelav ==
06:29:28     Watchdog pregled je končan.
06:29:28     konec: Nadzornik zastalih obdelav
06:29:28  == Razposiljanje alarmov ==
06:29:29     Dostava opozoril je privzeto izključena; omrežni klic ni bil izveden.
06:29:29     konec: Razposiljanje alarmov
06:29:29  Nadzor koncan; padlih korakov: 0.
06:34:27  == Nadzornik zastalih obdelav ==
06:34:29     Watchdog pregled je končan.
06:34:29     konec: Nadzornik zastalih obdelav
06:34:29  == Razposiljanje alarmov ==
06:34:31     Dostava opozoril je privzeto izključena; omrežni klic ni bil izveden.
06:34:31     konec: Razposiljanje alarmov
06:34:31  Nadzor koncan; padlih korakov: 0.
06:39:27  == Nadzornik zastalih obdelav ==
06:39:28     Watchdog pregled je končan.
06:39:28     konec: Nadzornik zastalih obdelav
06:39:28  == Razposiljanje alarmov ==
06:39:29     Dostava opozoril je privzeto izključena; omrežni klic ni bil izveden.
06:39:29     konec: Razposiljanje alarmov
06:39:29  Nadzor koncan; padlih korakov: 0.
06:44:27  == Nadzornik zastalih obdelav ==
06:44:28     Watchdog pregled je končan.
06:44:28     konec: Nadzornik zastalih obdelav
06:44:28  == Razposiljanje alarmov ==
06:44:29     Dostava opozoril je privzeto izključena; omrežni klic ni bil izveden.
06:44:29     konec: Razposiljanje alarmov
06:44:29  Nadzor koncan; padlih korakov: 0.
06:49:27  == Nadzornik zastalih obdelav ==
06:49:28     Watchdog pregled je končan.
06:49:28     konec: Nadzornik zastalih obdelav
06:49:28  == Razposiljanje alarmov ==
06:49:29     Dostava opozoril je privzeto izključena; omrežni klic ni bil izveden.
06:49:29     konec: Razposiljanje alarmov
06:49:29  Nadzor koncan; padlih korakov: 0.
06:54:27  == Nadzornik zastalih obdelav ==
06:54:28     Watchdog pregled je končan.
06:54:28     konec: Nadzornik zastalih obdelav
06:54:28  == Razposiljanje alarmov ==
06:54:29     Dostava opozoril je privzeto izključena; omrežni klic ni bil izveden.
06:54:29     konec: Razposiljanje alarmov
06:54:29  Nadzor koncan; padlih korakov: 0.
06:59:27  == Nadzornik zastalih obdelav ==
06:59:28     Watchdog pregled je končan.
06:59:28     konec: Nadzornik zastalih obdelav
06:59:28  == Razposiljanje alarmov ==
06:59:29     Dostava opozoril je privzeto izključena; omrežni klic ni bil izveden.
06:59:29     konec: Razposiljanje alarmov
06:59:29  Nadzor koncan; padlih korakov: 0.
07:04:26  == Nadzornik zastalih obdelav ==
07:04:27     Watchdog pregled je končan.
07:04:27     konec: Nadzornik zastalih obdelav
07:04:27  == Razposiljanje alarmov ==
07:04:28     Dostava opozoril je privzeto izključena; omrežni klic ni bil izveden.
07:04:28     konec: Razposiljanje alarmov
07:04:28  Nadzor koncan; padlih korakov: 0.
07:09:26  == Nadzornik zastalih obdelav ==
07:09:27     Watchdog pregled je končan.
07:09:27     konec: Nadzornik zastalih obdelav
07:09:27  == Razposiljanje alarmov ==
07:09:28     Dostava opozoril je privzeto izključena; omrežni klic ni bil izveden.
07:09:28     konec: Razposiljanje alarmov
07:09:28  Nadzor koncan; padlih korakov: 0.
07:14:26  == Nadzornik zastalih obdelav ==
07:14:27     Watchdog pregled je končan.
07:14:27     konec: Nadzornik zastalih obdelav
07:14:27  == Razposiljanje alarmov ==
07:14:28     Dostava opozoril je privzeto izključena; omrežni klic ni bil izveden.
07:14:28     konec: Razposiljanje alarmov
07:14:28  Nadzor koncan; padlih korakov: 0.
07:19:26  == Nadzornik zastalih obdelav ==
07:19:27     Watchdog pregled je končan.
07:19:27     konec: Nadzornik zastalih obdelav
07:19:27  == Razposiljanje alarmov ==
07:19:28     Dostava opozoril je privzeto izključena; omrežni klic ni bil izveden.
07:19:28     konec: Razposiljanje alarmov
07:19:28  Nadzor koncan; padlih korakov: 0.
07:24:26  == Nadzornik zastalih obdelav ==
07:24:27     Watchdog pregled je končan.
07:24:27     konec: Nadzornik zastalih obdelav
07:24:27  == Razposiljanje alarmov ==
07:24:28     Dostava opozoril je privzeto izključena; omrežni klic ni bil izveden.
07:24:28     konec: Razposiljanje alarmov
07:24:28  Nadzor koncan; padlih korakov: 0.
07:29:26  == Nadzornik zastalih obdelav ==
07:29:27     Watchdog pregled je končan.
07:29:27     konec: Nadzornik zastalih obdelav
07:29:27  == Razposiljanje alarmov ==
07:29:28     Dostava opozoril je privzeto izključena; omrežni klic ni bil izveden.
07:29:28     konec: Razposiljanje alarmov
07:29:28  Nadzor koncan; padlih korakov: 0.
07:34:26  == Nadzornik zastalih obdelav ==
07:34:27     Watchdog pregled je končan.
07:34:27     konec: Nadzornik zastalih obdelav
07:34:27  == Razposiljanje alarmov ==
07:34:28     Dostava opozoril je privzeto izključena; omrežni klic ni bil izveden.
07:34:28     konec: Razposiljanje alarmov
07:34:28  Nadzor koncan; padlih korakov: 0.
07:39:26  == Nadzornik zastalih obdelav ==
07:39:27     Watchdog pregled je končan.
07:39:27     konec: Nadzornik zastalih obdelav
07:39:27  == Razposiljanje alarmov ==
07:39:28     Dostava opozoril je privzeto izključena; omrežni klic ni bil izveden.
07:39:28     konec: Razposiljanje alarmov
07:39:28  Nadzor koncan; padlih korakov: 0.
07:44:26  == Nadzornik zastalih obdelav ==
07:44:27     Watchdog pregled je končan.
07:44:27     konec: Nadzornik zastalih obdelav
07:44:27  == Razposiljanje alarmov ==
07:44:28     Dostava opozoril je privzeto izključena; omrežni klic ni bil izveden.
07:44:28     konec: Razposiljanje alarmov
07:44:28  Nadzor koncan; padlih korakov: 0.
07:49:26  == Nadzornik zastalih obdelav ==
07:49:27     Watchdog pregled je končan.
07:49:27     konec: Nadzornik zastalih obdelav
07:49:27  == Razposiljanje alarmov ==
07:49:28     Dostava opozoril je privzeto izključena; omrežni klic ni bil izveden.
07:49:28     konec: Razposiljanje alarmov
07:49:28  Nadzor koncan; padlih korakov: 0.
07:54:26  == Nadzornik zastalih obdelav ==
07:54:27     Watchdog pregled je končan.
07:54:27     konec: Nadzornik zastalih obdelav
07:54:27  == Razposiljanje alarmov ==
07:54:28     Dostava opozoril je privzeto izključena; omrežni klic ni bil izveden.
07:54:28     konec: Razposiljanje alarmov
07:54:28  Nadzor koncan; padlih korakov: 0.
07:59:26  == Nadzornik zastalih obdelav ==
07:59:27     Watchdog pregled je končan.
07:59:27     konec: Nadzornik zastalih obdelav
07:59:27  == Razposiljanje alarmov ==
07:59:28     Dostava opozoril je privzeto izključena; omrežni klic ni bil izveden.
07:59:28     konec: Razposiljanje alarmov
07:59:28  Nadzor koncan; padlih korakov: 0.
08:04:26  == Nadzornik zastalih obdelav ==
08:04:27     Watchdog pregled je končan.
08:04:27     konec: Nadzornik zastalih obdelav
08:04:27  == Razposiljanje alarmov ==
08:04:28     Dostava opozoril je privzeto izključena; omrežni klic ni bil izveden.
08:04:28     konec: Razposiljanje alarmov
08:04:28  Nadzor koncan; padlih korakov: 0.
08:09:26  == Nadzornik zastalih obdelav ==
08:09:27     Watchdog pregled je končan.
08:09:27     konec: Nadzornik zastalih obdelav
08:09:27  == Razposiljanje alarmov ==
08:09:28     Dostava opozoril je privzeto izključena; omrežni klic ni bil izveden.
08:09:28     konec: Razposiljanje alarmov
08:09:28  Nadzor koncan; padlih korakov: 0.
08:14:26  == Nadzornik zastalih obdelav ==
08:14:27     Watchdog pregled je končan.
08:14:27     konec: Nadzornik zastalih obdelav
08:14:27  == Razposiljanje alarmov ==
08:14:28     Dostava opozoril je privzeto izključena; omrežni klic ni bil izveden.
08:14:28     konec: Razposiljanje alarmov
08:14:28  Nadzor koncan; padlih korakov: 0.
08:19:26  == Nadzornik zastalih obdelav ==
08:19:27     Watchdog pregled je končan.
08:19:27     konec: Nadzornik zastalih obdelav
08:19:27  == Razposiljanje alarmov ==
08:19:28     Dostava opozoril je privzeto izključena; omrežni klic ni bil izveden.
08:19:28     konec: Razposiljanje alarmov
08:19:28  Nadzor koncan; padlih korakov: 0.
08:24:26  == Nadzornik zastalih obdelav ==
08:24:27     Watchdog pregled je končan.
08:24:27     konec: Nadzornik zastalih obdelav
08:24:27  == Razposiljanje alarmov ==
08:24:28     Dostava opozoril je privzeto izključena; omrežni klic ni bil izveden.
08:24:28     konec: Razposiljanje alarmov
08:24:28  Nadzor koncan; padlih korakov: 0.
08:29:26  == Nadzornik zastalih obdelav ==
08:29:27     Watchdog pregled je končan.
08:29:27     konec: Nadzornik zastalih obdelav
08:29:27  == Razposiljanje alarmov ==
08:29:28     Dostava opozoril je privzeto izključena; omrežni klic ni bil izveden.
08:29:28     konec: Razposiljanje alarmov
08:29:28  Nadzor koncan; padlih korakov: 0.
08:34:26  == Nadzornik zastalih obdelav ==
08:34:27     Watchdog pregled je končan.
08:34:27     konec: Nadzornik zastalih obdelav
08:34:27  == Razposiljanje alarmov ==
08:34:28     Dostava opozoril je privzeto izključena; omrežni klic ni bil izveden.
08:34:28     konec: Razposiljanje alarmov
08:34:28  Nadzor koncan; padlih korakov: 0.
08:39:26  == Nadzornik zastalih obdelav ==
08:39:27     Watchdog pregled je končan.
08:39:27     konec: Nadzornik zastalih obdelav
08:39:27  == Razposiljanje alarmov ==
08:39:28     Dostava opozoril je privzeto izključena; omrežni klic ni bil izveden.
08:39:28     konec: Razposiljanje alarmov
08:39:28  Nadzor koncan; padlih korakov: 0.
08:44:26  == Nadzornik zastalih obdelav ==
08:44:27     Watchdog pregled je končan.
08:44:27     konec: Nadzornik zastalih obdelav
08:44:27  == Razposiljanje alarmov ==
08:44:28     Dostava opozoril je privzeto izključena; omrežni klic ni bil izveden.
08:44:28     konec: Razposiljanje alarmov
08:44:28  Nadzor koncan; padlih korakov: 0.
08:49:26  == Nadzornik zastalih obdelav ==
08:49:27     Watchdog pregled je končan.
08:49:27     konec: Nadzornik zastalih obdelav
08:49:27  == Razposiljanje alarmov ==
08:49:28     Dostava opozoril je privzeto izključena; omrežni klic ni bil izveden.
08:49:28     konec: Razposiljanje alarmov
08:49:28  Nadzor koncan; padlih korakov: 0.
08:54:26  == Nadzornik zastalih obdelav ==
08:54:27     Watchdog pregled je končan.
08:54:27     konec: Nadzornik zastalih obdelav
08:54:27  == Razposiljanje alarmov ==
08:54:28     Dostava opozoril je privzeto izključena; omrežni klic ni bil izveden.
08:54:28     konec: Razposiljanje alarmov
08:54:28  Nadzor koncan; padlih korakov: 0.
08:59:26  == Nadzornik zastalih obdelav ==
08:59:27     Watchdog pregled je končan.
08:59:27     konec: Nadzornik zastalih obdelav
08:59:27  == Razposiljanje alarmov ==
08:59:28     Dostava opozoril je privzeto izključena; omrežni klic ni bil izveden.
08:59:28     konec: Razposiljanje alarmov
08:59:28  Nadzor koncan; padlih korakov: 0.
09:04:26  == Nadzornik zastalih obdelav ==
09:04:27     Watchdog pregled je končan.
09:04:27     konec: Nadzornik zastalih obdelav
09:04:27  == Razposiljanje alarmov ==
09:04:28     Dostava opozoril je privzeto izključena; omrežni klic ni bil izveden.
09:04:28     konec: Razposiljanje alarmov
09:04:28  Nadzor koncan; padlih korakov: 0.
09:09:26  == Nadzornik zastalih obdelav ==
09:09:27     Watchdog pregled je končan.
09:09:27     konec: Nadzornik zastalih obdelav
09:09:27  == Razposiljanje alarmov ==
09:09:28     Dostava opozoril je privzeto izključena; omrežni klic ni bil izveden.
09:09:28     konec: Razposiljanje alarmov
09:09:28  Nadzor koncan; padlih korakov: 0.
09:14:26  == Nadzornik zastalih obdelav ==
09:14:27     Watchdog pregled je končan.
09:14:27     konec: Nadzornik zastalih obdelav
09:14:27  == Razposiljanje alarmov ==
09:14:28     Dostava opozoril je privzeto izključena; omrežni klic ni bil izveden.
09:14:28     konec: Razposiljanje alarmov
09:14:28  Nadzor koncan; padlih korakov: 0.
09:19:26  == Nadzornik zastalih obdelav ==
09:19:27     Watchdog pregled je končan.
09:19:27     konec: Nadzornik zastalih obdelav
09:19:27  == Razposiljanje alarmov ==
09:19:28     Dostava opozoril je privzeto izključena; omrežni klic ni bil izveden.
09:19:28     konec: Razposiljanje alarmov
09:19:28  Nadzor koncan; padlih korakov: 0.
09:24:26  == Nadzornik zastalih obdelav ==
09:24:27     Watchdog pregled je končan.
09:24:27     konec: Nadzornik zastalih obdelav
09:24:27  == Razposiljanje alarmov ==
09:24:28     Dostava opozoril je privzeto izključena; omrežni klic ni bil izveden.
09:24:28     konec: Razposiljanje alarmov
09:24:28  Nadzor koncan; padlih korakov: 0.
09:29:26  == Nadzornik zastalih obdelav ==
09:29:27     Watchdog pregled je končan.
09:29:27     konec: Nadzornik zastalih obdelav
09:29:27  == Razposiljanje alarmov ==
09:29:28     Dostava opozoril je privzeto izključena; omrežni klic ni bil izveden.
09:29:28     konec: Razposiljanje alarmov
09:29:28  Nadzor koncan; padlih korakov: 0.
09:34:26  == Nadzornik zastalih obdelav ==
09:34:27     Watchdog pregled je končan.
09:34:27     konec: Nadzornik zastalih obdelav
09:34:27  == Razposiljanje alarmov ==
09:34:28     Dostava opozoril je privzeto izključena; omrežni klic ni bil izveden.
09:34:28     konec: Razposiljanje alarmov
09:34:28  Nadzor koncan; padlih korakov: 0.
09:39:26  == Nadzornik zastalih obdelav ==
09:39:27     Watchdog pregled je končan.
09:39:27     konec: Nadzornik zastalih obdelav
09:39:27  == Razposiljanje alarmov ==
09:39:28     Dostava opozoril je privzeto izključena; omrežni klic ni bil izveden.
09:39:28     konec: Razposiljanje alarmov
09:39:28  Nadzor koncan; padlih korakov: 0.
09:44:26  == Nadzornik zastalih obdelav ==
09:44:27     Watchdog pregled je končan.
09:44:27     konec: Nadzornik zastalih obdelav
09:44:27  == Razposiljanje alarmov ==
09:44:28     Dostava opozoril je privzeto izključena; omrežni klic ni bil izveden.
09:44:28     konec: Razposiljanje alarmov
09:44:28  Nadzor koncan; padlih korakov: 0.
09:49:26  == Nadzornik zastalih obdelav ==
09:49:27     Watchdog pregled je končan.
09:49:27     konec: Nadzornik zastalih obdelav
09:49:27  == Razposiljanje alarmov ==
09:49:28     Dostava opozoril je privzeto izključena; omrežni klic ni bil izveden.
09:49:28     konec: Razposiljanje alarmov
09:49:28  Nadzor koncan; padlih korakov: 0.
09:54:26  == Nadzornik zastalih obdelav ==
09:54:27     Watchdog pregled je končan.
09:54:27     konec: Nadzornik zastalih obdelav
09:54:27  == Razposiljanje alarmov ==
09:54:28     Dostava opozoril je privzeto izključena; omrežni klic ni bil izveden.
09:54:28     konec: Razposiljanje alarmov
09:54:28  Nadzor koncan; padlih korakov: 0.
09:59:26  == Nadzornik zastalih obdelav ==
09:59:27     Watchdog pregled je končan.
09:59:27     konec: Nadzornik zastalih obdelav
09:59:27  == Razposiljanje alarmov ==
09:59:28     Dostava opozoril je privzeto izključena; omrežni klic ni bil izveden.
09:59:28     konec: Razposiljanje alarmov
09:59:28  Nadzor koncan; padlih korakov: 0.
10:04:26  == Nadzornik zastalih obdelav ==
10:04:27     Watchdog pregled je končan.
10:04:27     konec: Nadzornik zastalih obdelav
10:04:27  == Razposiljanje alarmov ==
10:04:28     Dostava opozoril je privzeto izključena; omrežni klic ni bil izveden.
10:04:28     konec: Razposiljanje alarmov
10:04:28  Nadzor koncan; padlih korakov: 0.
10:09:26  == Nadzornik zastalih obdelav ==
10:09:27     Watchdog pregled je končan.
10:09:27     konec: Nadzornik zastalih obdelav
10:09:27  == Razposiljanje alarmov ==
10:09:28     Dostava opozoril je privzeto izključena; omrežni klic ni bil izveden.
10:09:28     konec: Razposiljanje alarmov
10:09:28  Nadzor koncan; padlih korakov: 0.
10:14:26  == Nadzornik zastalih obdelav ==
10:14:27     Watchdog pregled je končan.
10:14:27     konec: Nadzornik zastalih obdelav
10:14:27  == Razposiljanje alarmov ==
10:14:28     Dostava opozoril je privzeto izključena; omrežni klic ni bil izveden.
10:14:28     konec: Razposiljanje alarmov
10:14:28  Nadzor koncan; padlih korakov: 0.
10:19:26  == Nadzornik zastalih obdelav ==
10:19:27     Watchdog pregled je končan.
10:19:27     konec: Nadzornik zastalih obdelav
10:19:27  == Razposiljanje alarmov ==
10:19:28     Dostava opozoril je privzeto izključena; omrežni klic ni bil izveden.
10:19:28     konec: Razposiljanje alarmov
10:19:28  Nadzor koncan; padlih korakov: 0.
10:24:26  == Nadzornik zastalih obdelav ==
10:24:27     Watchdog pregled je končan.
10:24:27     konec: Nadzornik zastalih obdelav
10:24:27  == Razposiljanje alarmov ==
10:24:28     Dostava opozoril je privzeto izključena; omrežni klic ni bil izveden.
10:24:28     konec: Razposiljanje alarmov
10:24:28  Nadzor koncan; padlih korakov: 0.
10:29:26  == Nadzornik zastalih obdelav ==
10:29:27     Watchdog pregled je končan.
10:29:27     konec: Nadzornik zastalih obdelav
10:29:27  == Razposiljanje alarmov ==
10:29:28     Dostava opozoril je privzeto izključena; omrežni klic ni bil izveden.
10:29:28     konec: Razposiljanje alarmov
10:29:28  Nadzor koncan; padlih korakov: 0.
10:34:26  == Nadzornik zastalih obdelav ==
10:34:27     Watchdog pregled je končan.
10:34:27     konec: Nadzornik zastalih obdelav
10:34:27  == Razposiljanje alarmov ==
10:34:28     Dostava opozoril je privzeto izključena; omrežni klic ni bil izveden.
10:34:28     konec: Razposiljanje alarmov
10:34:28  Nadzor koncan; padlih korakov: 0.
10:39:26  == Nadzornik zastalih obdelav ==
10:39:27     Watchdog pregled je končan.
10:39:27     konec: Nadzornik zastalih obdelav
10:39:27  == Razposiljanje alarmov ==
10:39:28     Dostava opozoril je privzeto izključena; omrežni klic ni bil izveden.
10:39:28     konec: Razposiljanje alarmov
10:39:28  Nadzor koncan; padlih korakov: 0.
10:44:26  == Nadzornik zastalih obdelav ==
10:44:27     Watchdog pregled je končan.
10:44:27     konec: Nadzornik zastalih obdelav
10:44:27  == Razposiljanje alarmov ==
10:44:28     Dostava opozoril je privzeto izključena; omrežni klic ni bil izveden.
10:44:28     konec: Razposiljanje alarmov
10:44:28  Nadzor koncan; padlih korakov: 0.
10:49:26  == Nadzornik zastalih obdelav ==
10:49:27     Watchdog pregled je končan.
10:49:27     konec: Nadzornik zastalih obdelav
10:49:27  == Razposiljanje alarmov ==
10:49:28     Dostava opozoril je privzeto izključena; omrežni klic ni bil izveden.
10:49:28     konec: Razposiljanje alarmov
10:49:28  Nadzor koncan; padlih korakov: 0.
10:54:26  == Nadzornik zastalih obdelav ==
10:54:27     Watchdog pregled je končan.
10:54:27     konec: Nadzornik zastalih obdelav
10:54:27  == Razposiljanje alarmov ==
10:54:28     Dostava opozoril je privzeto izključena; omrežni klic ni bil izveden.
10:54:28     konec: Razposiljanje alarmov
10:54:28  Nadzor koncan; padlih korakov: 0.
10:59:26  == Nadzornik zastalih obdelav ==
10:59:27     Watchdog pregled je končan.
10:59:27     konec: Nadzornik zastalih obdelav
10:59:27  == Razposiljanje alarmov ==
10:59:28     Dostava opozoril je privzeto izključena; omrežni klic ni bil izveden.
10:59:28     konec: Razposiljanje alarmov
10:59:28  Nadzor koncan; padlih korakov: 0.
11:04:26  == Nadzornik zastalih obdelav ==
11:04:27     Watchdog pregled je končan.
11:04:27     konec: Nadzornik zastalih obdelav
11:04:27  == Razposiljanje alarmov ==
11:04:28     Dostava opozoril je privzeto izključena; omrežni klic ni bil izveden.
11:04:28     konec: Razposiljanje alarmov
11:04:28  Nadzor koncan; padlih korakov: 0.
11:09:26  == Nadzornik zastalih obdelav ==
11:09:27     Watchdog pregled je končan.
11:09:27     konec: Nadzornik zastalih obdelav
11:09:27  == Razposiljanje alarmov ==
11:09:28     Dostava opozoril je privzeto izključena; omrežni klic ni bil izveden.
11:09:28     konec: Razposiljanje alarmov
11:09:28  Nadzor koncan; padlih korakov: 0.
11:14:26  == Nadzornik zastalih obdelav ==
11:14:27     Watchdog pregled je končan.
11:14:27     konec: Nadzornik zastalih obdelav
11:14:27  == Razposiljanje alarmov ==
11:14:28     Dostava opozoril je privzeto izključena; omrežni klic ni bil izveden.
11:14:28     konec: Razposiljanje alarmov
11:14:28  Nadzor koncan; padlih korakov: 0.
11:19:26  == Nadzornik zastalih obdelav ==
11:19:27     Watchdog pregled je končan.
11:19:27     konec: Nadzornik zastalih obdelav
11:19:27  == Razposiljanje alarmov ==
11:19:28     Dostava opozoril je privzeto izključena; omrežni klic ni bil izveden.
11:19:28     konec: Razposiljanje alarmov
11:19:28  Nadzor koncan; padlih korakov: 0.
11:24:26  == Nadzornik zastalih obdelav ==
11:24:27     Watchdog pregled je končan.
11:24:27     konec: Nadzornik zastalih obdelav
11:24:27  == Razposiljanje alarmov ==
11:24:28     Dostava opozoril je privzeto izključena; omrežni klic ni bil izveden.
11:24:28     konec: Razposiljanje alarmov
11:24:28  Nadzor koncan; padlih korakov: 0.
11:29:26  == Nadzornik zastalih obdelav ==
11:29:27     Watchdog pregled je končan.
11:29:27     konec: Nadzornik zastalih obdelav
11:29:27  == Razposiljanje alarmov ==
11:29:28     Dostava opozoril je privzeto izključena; omrežni klic ni bil izveden.
11:29:28     konec: Razposiljanje alarmov
11:29:28  Nadzor koncan; padlih korakov: 0.
11:34:26  == Nadzornik zastalih obdelav ==
11:34:27     Watchdog pregled je končan.
11:34:27     konec: Nadzornik zastalih obdelav
11:34:27  == Razposiljanje alarmov ==
11:34:28     Dostava opozoril je privzeto izključena; omrežni klic ni bil izveden.
11:34:28     konec: Razposiljanje alarmov
11:34:28  Nadzor koncan; padlih korakov: 0.
11:39:26  == Nadzornik zastalih obdelav ==
11:39:27     Watchdog pregled je končan.
11:39:27     konec: Nadzornik zastalih obdelav
11:39:27  == Razposiljanje alarmov ==
11:39:28     Dostava opozoril je privzeto izključena; omrežni klic ni bil izveden.
11:39:28     konec: Razposiljanje alarmov
11:39:28  Nadzor koncan; padlih korakov: 0.
11:44:26  == Nadzornik zastalih obdelav ==
11:44:27     Watchdog pregled je končan.
11:44:27     konec: Nadzornik zastalih obdelav
11:44:27  == Razposiljanje alarmov ==
11:44:28     Dostava opozoril je privzeto izključena; omrežni klic ni bil izveden.
11:44:28     konec: Razposiljanje alarmov
11:44:28  Nadzor koncan; padlih korakov: 0.
11:49:26  == Nadzornik zastalih obdelav ==
11:49:27     Watchdog pregled je končan.
11:49:27     konec: Nadzornik zastalih obdelav
11:49:27  == Razposiljanje alarmov ==
11:49:28     Dostava opozoril je privzeto izključena; omrežni klic ni bil izveden.
11:49:28     konec: Razposiljanje alarmov
11:49:28  Nadzor koncan; padlih korakov: 0.
11:54:26  == Nadzornik zastalih obdelav ==
11:54:27     Watchdog pregled je končan.
11:54:27     konec: Nadzornik zastalih obdelav
11:54:27  == Razposiljanje alarmov ==
11:54:28     Dostava opozoril je privzeto izključena; omrežni klic ni bil izveden.
11:54:28     konec: Razposiljanje alarmov
11:54:28  Nadzor koncan; padlih korakov: 0.
11:59:26  == Nadzornik zastalih obdelav ==
11:59:27     Watchdog pregled je končan.
11:59:27     konec: Nadzornik zastalih obdelav
11:59:27  == Razposiljanje alarmov ==
11:59:28     Dostava opozoril je privzeto izključena; omrežni klic ni bil izveden.
11:59:28     konec: Razposiljanje alarmov
11:59:28  Nadzor koncan; padlih korakov: 0.
12:04:26  == Nadzornik zastalih obdelav ==
12:04:27     Watchdog pregled je končan.
12:04:27     konec: Nadzornik zastalih obdelav
12:04:27  == Razposiljanje alarmov ==
12:04:28     Dostava opozoril je privzeto izključena; omrežni klic ni bil izveden.
12:04:28     konec: Razposiljanje alarmov
12:04:28  Nadzor koncan; padlih korakov: 0.
12:09:26  == Nadzornik zastalih obdelav ==
12:09:27     Watchdog pregled je končan.
12:09:27     konec: Nadzornik zastalih obdelav
12:09:27  == Razposiljanje alarmov ==
12:09:28     Dostava opozoril je privzeto izključena; omrežni klic ni bil izveden.
12:09:28     konec: Razposiljanje alarmov
12:09:28  Nadzor koncan; padlih korakov: 0.
12:14:26  == Nadzornik zastalih obdelav ==
12:14:27     Watchdog pregled je končan.
12:14:27     konec: Nadzornik zastalih obdelav
12:14:27  == Razposiljanje alarmov ==
12:14:28     Dostava opozoril je privzeto izključena; omrežni klic ni bil izveden.
12:14:28     konec: Razposiljanje alarmov
12:14:28  Nadzor koncan; padlih korakov: 0.
12:19:26  == Nadzornik zastalih obdelav ==
12:19:27     Watchdog pregled je končan.
12:19:27     konec: Nadzornik zastalih obdelav
12:19:27  == Razposiljanje alarmov ==
12:19:28     Dostava opozoril je privzeto izključena; omrežni klic ni bil izveden.
12:19:28     konec: Razposiljanje alarmov
12:19:28  Nadzor koncan; padlih korakov: 0.
12:24:26  == Nadzornik zastalih obdelav ==
12:24:27     Watchdog pregled je končan.
12:24:27     konec: Nadzornik zastalih obdelav
12:24:27  == Razposiljanje alarmov ==
12:24:28     Dostava opozoril je privzeto izključena; omrežni klic ni bil izveden.
12:24:28     konec: Razposiljanje alarmov
12:24:28  Nadzor koncan; padlih korakov: 0.
12:29:26  == Nadzornik zastalih obdelav ==
12:29:27     Watchdog pregled je končan.
12:29:27     konec: Nadzornik zastalih obdelav
12:29:27  == Razposiljanje alarmov ==
12:29:28     Dostava opozoril je privzeto izključena; omrežni klic ni bil izveden.
12:29:28     konec: Razposiljanje alarmov
12:29:28  Nadzor koncan; padlih korakov: 0.
12:34:26  == Nadzornik zastalih obdelav ==
12:34:27     Watchdog pregled je končan.
12:34:27     konec: Nadzornik zastalih obdelav
12:34:27  == Razposiljanje alarmov ==
12:34:28     Dostava opozoril je privzeto izključena; omrežni klic ni bil izveden.
12:34:28     konec: Razposiljanje alarmov
12:34:28  Nadzor koncan; padlih korakov: 0.
12:39:26  == Nadzornik zastalih obdelav ==
12:39:27     Watchdog pregled je končan.
12:39:27     konec: Nadzornik zastalih obdelav
12:39:27  == Razposiljanje alarmov ==
12:39:28     Dostava opozoril je privzeto izključena; omrežni klic ni bil izveden.
12:39:28     konec: Razposiljanje alarmov
12:39:28  Nadzor koncan; padlih korakov: 0.
12:44:26  == Nadzornik zastalih obdelav ==
12:44:27     Watchdog pregled je končan.
12:44:27     konec: Nadzornik zastalih obdelav
12:44:27  == Razposiljanje alarmov ==
12:44:28     Dostava opozoril je privzeto izključena; omrežni klic ni bil izveden.
12:44:28     konec: Razposiljanje alarmov
12:44:28  Nadzor koncan; padlih korakov: 0.
12:49:26  == Nadzornik zastalih obdelav ==
12:49:27     Watchdog pregled je končan.
12:49:27     konec: Nadzornik zastalih obdelav
12:49:27  == Razposiljanje alarmov ==
12:49:28     Dostava opozoril je privzeto izključena; omrežni klic ni bil izveden.
12:49:28     konec: Razposiljanje alarmov
12:49:28  Nadzor koncan; padlih korakov: 0.
12:54:27  == Nadzornik zastalih obdelav ==
12:54:27     Watchdog pregled je končan.
12:54:27     konec: Nadzornik zastalih obdelav
12:54:27  == Razposiljanje alarmov ==
12:54:28     Dostava opozoril je privzeto izključena; omrežni klic ni bil izveden.
12:54:28     konec: Razposiljanje alarmov
12:54:28  Nadzor koncan; padlih korakov: 0.
12:59:27  == Nadzornik zastalih obdelav ==
12:59:27     Watchdog pregled je končan.
12:59:27     konec: Nadzornik zastalih obdelav
12:59:27  == Razposiljanje alarmov ==
12:59:28     Dostava opozoril je privzeto izključena; omrežni klic ni bil izveden.
12:59:28     konec: Razposiljanje alarmov
12:59:28  Nadzor koncan; padlih korakov: 0.
13:04:27  == Nadzornik zastalih obdelav ==
13:04:28     Watchdog pregled je končan.
13:04:28     konec: Nadzornik zastalih obdelav
13:04:28  == Razposiljanje alarmov ==
13:04:29     Dostava opozoril je privzeto izključena; omrežni klic ni bil izveden.
13:04:29     konec: Razposiljanje alarmov
13:04:29  Nadzor koncan; padlih korakov: 0.
13:09:27  == Nadzornik zastalih obdelav ==
13:09:27     Watchdog pregled je končan.
13:09:28     konec: Nadzornik zastalih obdelav
13:09:28  == Razposiljanje alarmov ==
13:09:28     Dostava opozoril je privzeto izključena; omrežni klic ni bil izveden.
13:09:28     konec: Razposiljanje alarmov
13:09:28  Nadzor koncan; padlih korakov: 0.
13:14:27  == Nadzornik zastalih obdelav ==
13:14:27     Watchdog pregled je končan.
13:14:28     konec: Nadzornik zastalih obdelav
13:14:28  == Razposiljanje alarmov ==
13:14:28     Dostava opozoril je privzeto izključena; omrežni klic ni bil izveden.
13:14:28     konec: Razposiljanje alarmov
13:14:28  Nadzor koncan; padlih korakov: 0.
13:19:27  == Nadzornik zastalih obdelav ==
13:19:28     Watchdog pregled je končan.
13:19:28     konec: Nadzornik zastalih obdelav
13:19:28  == Razposiljanje alarmov ==
13:19:29     Dostava opozoril je privzeto izključena; omrežni klic ni bil izveden.
13:19:29     konec: Razposiljanje alarmov
13:19:29  Nadzor koncan; padlih korakov: 0.
13:24:27  == Nadzornik zastalih obdelav ==
13:24:28     Watchdog pregled je končan.
13:24:28     konec: Nadzornik zastalih obdelav
13:24:28  == Razposiljanje alarmov ==
13:24:29     Dostava opozoril je privzeto izključena; omrežni klic ni bil izveden.
13:24:29     konec: Razposiljanje alarmov
13:24:29  Nadzor koncan; padlih korakov: 0.
13:29:27  == Nadzornik zastalih obdelav ==
13:29:28     Watchdog pregled je končan.
13:29:28     konec: Nadzornik zastalih obdelav
13:29:28  == Razposiljanje alarmov ==
13:29:29     Dostava opozoril je privzeto izključena; omrežni klic ni bil izveden.
13:29:29     konec: Razposiljanje alarmov
13:29:29  Nadzor koncan; padlih korakov: 0.
13:34:27  == Nadzornik zastalih obdelav ==
13:34:28     Watchdog pregled je končan.
13:34:28     konec: Nadzornik zastalih obdelav
13:34:28  == Razposiljanje alarmov ==
13:34:29     Dostava opozoril je privzeto izključena; omrežni klic ni bil izveden.
13:34:29     konec: Razposiljanje alarmov
13:34:29  Nadzor koncan; padlih korakov: 0.
13:39:27  == Nadzornik zastalih obdelav ==
13:39:28     Watchdog pregled je končan.
13:39:28     konec: Nadzornik zastalih obdelav
13:39:28  == Razposiljanje alarmov ==
13:39:29     Dostava opozoril je privzeto izključena; omrežni klic ni bil izveden.
13:39:29     konec: Razposiljanje alarmov
13:39:29  Nadzor koncan; padlih korakov: 0.
13:44:27  == Nadzornik zastalih obdelav ==
13:44:28     Watchdog pregled je končan.
13:44:28     konec: Nadzornik zastalih obdelav
13:44:28  == Razposiljanje alarmov ==
13:44:29     Dostava opozoril je privzeto izključena; omrežni klic ni bil izveden.
13:44:29     konec: Razposiljanje alarmov
13:44:29  Nadzor koncan; padlih korakov: 0.
13:49:27  == Nadzornik zastalih obdelav ==
13:49:28     Watchdog pregled je končan.
13:49:28     konec: Nadzornik zastalih obdelav
13:49:28  == Razposiljanje alarmov ==
13:49:29     Dostava opozoril je privzeto izključena; omrežni klic ni bil izveden.
13:49:29     konec: Razposiljanje alarmov
13:49:29  Nadzor koncan; padlih korakov: 0.
13:54:27  == Nadzornik zastalih obdelav ==
13:54:28     Watchdog pregled je končan.
13:54:28     konec: Nadzornik zastalih obdelav
13:54:28  == Razposiljanje alarmov ==
13:54:29     Dostava opozoril je privzeto izključena; omrežni klic ni bil izveden.
13:54:29     konec: Razposiljanje alarmov
13:54:29  Nadzor koncan; padlih korakov: 0.
13:59:27  == Nadzornik zastalih obdelav ==
13:59:28     Watchdog pregled je končan.
13:59:28     konec: Nadzornik zastalih obdelav
13:59:28  == Razposiljanje alarmov ==
13:59:29     Dostava opozoril je privzeto izključena; omrežni klic ni bil izveden.
13:59:29     konec: Razposiljanje alarmov
13:59:29  Nadzor koncan; padlih korakov: 0.
14:04:27  == Nadzornik zastalih obdelav ==
14:04:28     Watchdog pregled je končan.
14:04:28     konec: Nadzornik zastalih obdelav
14:04:28  == Razposiljanje alarmov ==
14:04:29     Dostava opozoril je privzeto izključena; omrežni klic ni bil izveden.
14:04:29     konec: Razposiljanje alarmov
14:04:29  Nadzor koncan; padlih korakov: 0.
14:09:27  == Nadzornik zastalih obdelav ==
14:09:28     Watchdog pregled je končan.
14:09:28     konec: Nadzornik zastalih obdelav
14:09:28  == Razposiljanje alarmov ==
14:09:29     Dostava opozoril je privzeto izključena; omrežni klic ni bil izveden.
14:09:29     konec: Razposiljanje alarmov
14:09:29  Nadzor koncan; padlih korakov: 0.
14:14:27  == Nadzornik zastalih obdelav ==
14:14:28     Watchdog pregled je končan.
14:14:28     konec: Nadzornik zastalih obdelav
14:14:28  == Razposiljanje alarmov ==
14:14:29     Dostava opozoril je privzeto izključena; omrežni klic ni bil izveden.
14:14:29     konec: Razposiljanje alarmov
14:14:29  Nadzor koncan; padlih korakov: 0.
14:19:27  == Nadzornik zastalih obdelav ==
14:19:28     Watchdog pregled je končan.
14:19:28     konec: Nadzornik zastalih obdelav
14:19:28  == Razposiljanje alarmov ==
14:19:29     Dostava opozoril je privzeto izključena; omrežni klic ni bil izveden.
14:19:29     konec: Razposiljanje alarmov
14:19:29  Nadzor koncan; padlih korakov: 0.
14:24:27  == Nadzornik zastalih obdelav ==
14:24:28     Watchdog pregled je končan.
14:24:28     konec: Nadzornik zastalih obdelav
14:24:28  == Razposiljanje alarmov ==
14:24:29     Dostava opozoril je privzeto izključena; omrežni klic ni bil izveden.
14:24:29     konec: Razposiljanje alarmov
14:24:29  Nadzor koncan; padlih korakov: 0.
14:29:27  == Nadzornik zastalih obdelav ==
14:29:28     Watchdog pregled je končan.
14:29:28     konec: Nadzornik zastalih obdelav
14:29:28  == Razposiljanje alarmov ==
14:29:29     Dostava opozoril je privzeto izključena; omrežni klic ni bil izveden.
14:29:29     konec: Razposiljanje alarmov
14:29:29  Nadzor koncan; padlih korakov: 0.
14:34:27  == Nadzornik zastalih obdelav ==
14:34:28     Watchdog pregled je končan.
14:34:28     konec: Nadzornik zastalih obdelav
14:34:28  == Razposiljanje alarmov ==
14:34:29     Dostava opozoril je privzeto izključena; omrežni klic ni bil izveden.
14:34:29     konec: Razposiljanje alarmov
14:34:29  Nadzor koncan; padlih korakov: 0.
14:39:27  == Nadzornik zastalih obdelav ==
14:39:28     Watchdog pregled je končan.
14:39:28     konec: Nadzornik zastalih obdelav
14:39:28  == Razposiljanje alarmov ==
14:39:29     Dostava opozoril je privzeto izključena; omrežni klic ni bil izveden.
14:39:29     konec: Razposiljanje alarmov
14:39:29  Nadzor koncan; padlih korakov: 0.
14:44:27  == Nadzornik zastalih obdelav ==
14:44:28     Watchdog pregled je končan.
14:44:28     konec: Nadzornik zastalih obdelav
14:44:28  == Razposiljanje alarmov ==
14:44:29     Dostava opozoril je privzeto izključena; omrežni klic ni bil izveden.
14:44:29     konec: Razposiljanje alarmov
14:44:29  Nadzor koncan; padlih korakov: 0.
14:49:27  == Nadzornik zastalih obdelav ==
14:49:28     Watchdog pregled je končan.
14:49:28     konec: Nadzornik zastalih obdelav
14:49:28  == Razposiljanje alarmov ==
14:49:29     Dostava opozoril je privzeto izključena; omrežni klic ni bil izveden.
14:49:29     konec: Razposiljanje alarmov
14:49:29  Nadzor koncan; padlih korakov: 0.
14:54:27  == Nadzornik zastalih obdelav ==
14:54:28     Watchdog pregled je končan.
14:54:28     konec: Nadzornik zastalih obdelav
14:54:28  == Razposiljanje alarmov ==
14:54:29     Dostava opozoril je privzeto izključena; omrežni klic ni bil izveden.
14:54:29     konec: Razposiljanje alarmov
14:54:29  Nadzor koncan; padlih korakov: 0.
14:59:27  == Nadzornik zastalih obdelav ==
14:59:28     Watchdog pregled je končan.
14:59:28     konec: Nadzornik zastalih obdelav
14:59:28  == Razposiljanje alarmov ==
14:59:29     Dostava opozoril je privzeto izključena; omrežni klic ni bil izveden.
14:59:29     konec: Razposiljanje alarmov
14:59:29  Nadzor koncan; padlih korakov: 0.
15:04:27  == Nadzornik zastalih obdelav ==
15:04:28     Watchdog pregled je končan.
15:04:28     konec: Nadzornik zastalih obdelav
15:04:28  == Razposiljanje alarmov ==
15:04:29     Dostava opozoril je privzeto izključena; omrežni klic ni bil izveden.
15:04:29     konec: Razposiljanje alarmov
15:04:29  Nadzor koncan; padlih korakov: 0.
15:09:27  == Nadzornik zastalih obdelav ==
15:09:28     Watchdog pregled je končan.
15:09:28     konec: Nadzornik zastalih obdelav
15:09:28  == Razposiljanje alarmov ==
15:09:29     Dostava opozoril je privzeto izključena; omrežni klic ni bil izveden.
15:09:29     konec: Razposiljanje alarmov
15:09:29  Nadzor koncan; padlih korakov: 0.
15:14:27  == Nadzornik zastalih obdelav ==
15:14:28     Watchdog pregled je končan.
15:14:28     konec: Nadzornik zastalih obdelav
15:14:28  == Razposiljanje alarmov ==
15:14:29     Dostava opozoril je privzeto izključena; omrežni klic ni bil izveden.
15:14:29     konec: Razposiljanje alarmov
15:14:29  Nadzor koncan; padlih korakov: 0.
15:19:27  == Nadzornik zastalih obdelav ==
15:19:28     Watchdog pregled je končan.
15:19:28     konec: Nadzornik zastalih obdelav
15:19:28  == Razposiljanje alarmov ==
15:19:29     Dostava opozoril je privzeto izključena; omrežni klic ni bil izveden.
15:19:29     konec: Razposiljanje alarmov
15:19:29  Nadzor koncan; padlih korakov: 0.
15:24:27  == Nadzornik zastalih obdelav ==
15:24:28     Watchdog pregled je končan.
15:24:28     konec: Nadzornik zastalih obdelav
15:24:28  == Razposiljanje alarmov ==
15:24:29     Dostava opozoril je privzeto izključena; omrežni klic ni bil izveden.
15:24:29     konec: Razposiljanje alarmov
15:24:29  Nadzor koncan; padlih korakov: 0.
15:29:27  == Nadzornik zastalih obdelav ==
15:29:28     Watchdog pregled je končan.
15:29:28     konec: Nadzornik zastalih obdelav
15:29:28  == Razposiljanje alarmov ==
15:29:29     Dostava opozoril je privzeto izključena; omrežni klic ni bil izveden.
15:29:29     konec: Razposiljanje alarmov
15:29:29  Nadzor koncan; padlih korakov: 0.
15:34:27  == Nadzornik zastalih obdelav ==
15:34:28     Watchdog pregled je končan.
15:34:28     konec: Nadzornik zastalih obdelav
15:34:28  == Razposiljanje alarmov ==
15:34:29     Dostava opozoril je privzeto izključena; omrežni klic ni bil izveden.
15:34:29     konec: Razposiljanje alarmov
15:34:29  Nadzor koncan; padlih korakov: 0.
15:39:27  == Nadzornik zastalih obdelav ==
15:39:28     Watchdog pregled je končan.
15:39:28     konec: Nadzornik zastalih obdelav
15:39:28  == Razposiljanje alarmov ==
15:39:29     Dostava opozoril je privzeto izključena; omrežni klic ni bil izveden.
15:39:29     konec: Razposiljanje alarmov
15:39:29  Nadzor koncan; padlih korakov: 0.
16:19:45  == Nadzornik zastalih obdelav ==
16:19:46     Watchdog pregled je končan.
16:19:46     konec: Nadzornik zastalih obdelav
16:19:46  == Razposiljanje alarmov ==
16:19:47     Dostava opozoril je privzeto izključena; omrežni klic ni bil izveden.
16:19:47     konec: Razposiljanje alarmov
16:19:47  Nadzor koncan; padlih korakov: 0.
19:10:00  == Nadzornik zastalih obdelav ==
19:10:02     Watchdog pregled je končan.
19:10:02     konec: Nadzornik zastalih obdelav
19:10:02  == Razposiljanje alarmov ==
19:10:03     Dostava opozoril je privzeto izključena; omrežni klic ni bil izveden.
19:10:03     konec: Razposiljanje alarmov
19:10:03  Nadzor koncan; padlih korakov: 0.
19:14:26  == Nadzornik zastalih obdelav ==
19:14:27     Watchdog pregled je končan.
19:14:27     konec: Nadzornik zastalih obdelav
19:14:27  == Razposiljanje alarmov ==
19:14:28     Dostava opozoril je privzeto izključena; omrežni klic ni bil izveden.
19:14:28     konec: Razposiljanje alarmov
19:14:28  Nadzor koncan; padlih korakov: 0.
19:19:26  == Nadzornik zastalih obdelav ==
19:19:27     Watchdog pregled je končan.
19:19:27     konec: Nadzornik zastalih obdelav
19:19:27  == Razposiljanje alarmov ==
19:19:28     Dostava opozoril je privzeto izključena; omrežni klic ni bil izveden.
19:19:28     konec: Razposiljanje alarmov
19:19:28  Nadzor koncan; padlih korakov: 0.
19:24:26  == Nadzornik zastalih obdelav ==
19:24:27     Watchdog pregled je končan.
19:24:27     konec: Nadzornik zastalih obdelav
19:24:27  == Razposiljanje alarmov ==
19:24:28     Dostava opozoril je privzeto izključena; omrežni klic ni bil izveden.
19:24:28     konec: Razposiljanje alarmov
19:24:28  Nadzor koncan; padlih korakov: 0.
19:29:26  == Nadzornik zastalih obdelav ==
19:29:27     Watchdog pregled je končan.
19:29:27     konec: Nadzornik zastalih obdelav
19:29:27  == Razposiljanje alarmov ==
19:29:28     Dostava opozoril je privzeto izključena; omrežni klic ni bil izveden.
19:29:28     konec: Razposiljanje alarmov
19:29:28  Nadzor koncan; padlih korakov: 0.
19:34:26  == Nadzornik zastalih obdelav ==
19:34:27     Watchdog pregled je končan.
19:34:27     konec: Nadzornik zastalih obdelav
19:34:27  == Razposiljanje alarmov ==
19:34:28     Dostava opozoril je privzeto izključena; omrežni klic ni bil izveden.
19:34:28     konec: Razposiljanje alarmov
19:34:28  Nadzor koncan; padlih korakov: 0.
19:39:26  == Nadzornik zastalih obdelav ==
19:39:27     Watchdog pregled je končan.
19:39:27     konec: Nadzornik zastalih obdelav
19:39:27  == Razposiljanje alarmov ==
19:39:28     Dostava opozoril je privzeto izključena; omrežni klic ni bil izveden.
19:39:28     konec: Razposiljanje alarmov
19:39:28  Nadzor koncan; padlih korakov: 0.
19:44:26  == Nadzornik zastalih obdelav ==
19:44:27     Watchdog pregled je končan.
19:44:27     konec: Nadzornik zastalih obdelav
19:44:27  == Razposiljanje alarmov ==
19:44:28     Dostava opozoril je privzeto izključena; omrežni klic ni bil izveden.
19:44:28     konec: Razposiljanje alarmov
19:44:28  Nadzor koncan; padlih korakov: 0.
19:49:26  == Nadzornik zastalih obdelav ==
19:49:27     Watchdog pregled je končan.
19:49:27     konec: Nadzornik zastalih obdelav
19:49:27  == Razposiljanje alarmov ==
19:49:28     Dostava opozoril je privzeto izključena; omrežni klic ni bil izveden.
19:49:28     konec: Razposiljanje alarmov
19:49:28  Nadzor koncan; padlih korakov: 0.
19:54:26  == Nadzornik zastalih obdelav ==
19:54:27     Watchdog pregled je končan.
19:54:27     konec: Nadzornik zastalih obdelav
19:54:27  == Razposiljanje alarmov ==
19:54:28     Dostava opozoril je privzeto izključena; omrežni klic ni bil izveden.
19:54:28     konec: Razposiljanje alarmov
19:54:28  Nadzor koncan; padlih korakov: 0.
19:59:26  == Nadzornik zastalih obdelav ==
19:59:27     Watchdog pregled je končan.
19:59:27     konec: Nadzornik zastalih obdelav
19:59:27  == Razposiljanje alarmov ==
19:59:28     Dostava opozoril je privzeto izključena; omrežni klic ni bil izveden.
19:59:28     konec: Razposiljanje alarmov
19:59:28  Nadzor koncan; padlih korakov: 0.
20:04:26  == Nadzornik zastalih obdelav ==
20:04:27     Watchdog pregled je končan.
20:04:27     konec: Nadzornik zastalih obdelav
20:04:27  == Razposiljanje alarmov ==
20:04:28     Dostava opozoril je privzeto izključena; omrežni klic ni bil izveden.
20:04:28     konec: Razposiljanje alarmov
20:04:28  Nadzor koncan; padlih korakov: 0.
20:09:26  == Nadzornik zastalih obdelav ==
20:09:27     Watchdog pregled je končan.
20:09:27     konec: Nadzornik zastalih obdelav
20:09:27  == Razposiljanje alarmov ==
20:09:28     Dostava opozoril je privzeto izključena; omrežni klic ni bil izveden.
20:09:28     konec: Razposiljanje alarmov
20:09:28  Nadzor koncan; padlih korakov: 0.
20:14:26  == Nadzornik zastalih obdelav ==
20:14:27     Watchdog pregled je končan.
20:14:27     konec: Nadzornik zastalih obdelav
20:14:27  == Razposiljanje alarmov ==
20:14:28     Dostava opozoril je privzeto izključena; omrežni klic ni bil izveden.
20:14:28     konec: Razposiljanje alarmov
20:14:28  Nadzor koncan; padlih korakov: 0.
20:19:26  == Nadzornik zastalih obdelav ==
20:19:27     Watchdog pregled je končan.
20:19:27     konec: Nadzornik zastalih obdelav
20:19:27  == Razposiljanje alarmov ==
20:19:28     Dostava opozoril je privzeto izključena; omrežni klic ni bil izveden.
20:19:28     konec: Razposiljanje alarmov
20:19:28  Nadzor koncan; padlih korakov: 0.
20:24:26  == Nadzornik zastalih obdelav ==
20:24:27     Watchdog pregled je končan.
20:24:27     konec: Nadzornik zastalih obdelav
20:24:27  == Razposiljanje alarmov ==
20:24:28     Dostava opozoril je privzeto izključena; omrežni klic ni bil izveden.
20:24:28     konec: Razposiljanje alarmov
20:24:28  Nadzor koncan; padlih korakov: 0.
20:29:26  == Nadzornik zastalih obdelav ==
20:29:27     Watchdog pregled je končan.
20:29:27     konec: Nadzornik zastalih obdelav
20:29:27  == Razposiljanje alarmov ==
20:29:28     Dostava opozoril je privzeto izključena; omrežni klic ni bil izveden.
20:29:28     konec: Razposiljanje alarmov
20:29:28  Nadzor koncan; padlih korakov: 0.
20:34:26  == Nadzornik zastalih obdelav ==
20:34:27     Watchdog pregled je končan.
20:34:27     konec: Nadzornik zastalih obdelav
20:34:27  == Razposiljanje alarmov ==
20:34:29     Dostava opozoril je privzeto izključena; omrežni klic ni bil izveden.
20:34:29     konec: Razposiljanje alarmov
20:34:29  Nadzor koncan; padlih korakov: 0.
20:39:26  == Nadzornik zastalih obdelav ==
20:39:28     Watchdog pregled je končan.
20:39:28     konec: Nadzornik zastalih obdelav
20:39:28  == Razposiljanje alarmov ==
20:39:30     Dostava opozoril je privzeto izključena; omrežni klic ni bil izveden.
20:39:30     konec: Razposiljanje alarmov
20:39:30  Nadzor koncan; padlih korakov: 0.
20:44:26  == Nadzornik zastalih obdelav ==
20:44:27     Watchdog pregled je končan.
20:44:27     konec: Nadzornik zastalih obdelav
20:44:27  == Razposiljanje alarmov ==
20:44:28     Dostava opozoril je privzeto izključena; omrežni klic ni bil izveden.
20:44:29     konec: Razposiljanje alarmov
20:44:29  Nadzor koncan; padlih korakov: 0.
20:49:26  == Nadzornik zastalih obdelav ==
20:49:27     Watchdog pregled je končan.
20:49:27     konec: Nadzornik zastalih obdelav
20:49:27  == Razposiljanje alarmov ==
20:49:28     Dostava opozoril je privzeto izključena; omrežni klic ni bil izveden.
20:49:28     konec: Razposiljanje alarmov
20:49:28  Nadzor koncan; padlih korakov: 0.
20:54:26  == Nadzornik zastalih obdelav ==
20:54:27     Watchdog pregled je končan.
20:54:27     konec: Nadzornik zastalih obdelav
20:54:27  == Razposiljanje alarmov ==
20:54:28     Dostava opozoril je privzeto izključena; omrežni klic ni bil izveden.
20:54:28     konec: Razposiljanje alarmov
20:54:28  Nadzor koncan; padlih korakov: 0.
