2026-09-22 15:42:23  OPOZORILO: v ops.PipelineRun je 14 zagon(ov) v stanju Running brez konca, starejših od ure. Ne blokirajo, so pa rep prejšnjih padcev.
2026-09-22 15:42:23  Začetek nočnega opravila: delta zajem, podjetja: 1, 2, 3, 4.
2026-09-22 15:42:23  Dnevnik: C:\Users\david\Desktop\PIM\NoviPIM\logs\nocno_2026-09-22_1542.log
2026-09-22 15:42:23  == Gradnja ==
2026-09-22 15:43:21     C:\Users\david\Desktop\PIM\NoviPIM\PIM_Solution\src\PIM.Intranet\Services\PimNavigation.cs(67,127): error CS0103: The name 'PimAccessCatalog' does not exist in the current context [C:\Users\david\Desktop\PIM\NoviPIM\PIM_Solution\tests\PIM.F10.IntranetLogicTests\PIM.F10.IntranetLogicTests.csproj]
2026-09-22 15:43:21     C:\Users\david\Desktop\PIM\NoviPIM\PIM_Solution\src\PIM.Intranet\Services\PimNavigation.cs(71,125): error CS0103: The name 'PimAccessCatalog' does not exist in the current context [C:\Users\david\Desktop\PIM\NoviPIM\PIM_Solution\tests\PIM.F10.IntranetLogicTests\PIM.F10.IntranetLogicTests.csproj]
2026-09-22 15:43:21     C:\Users\david\Desktop\PIM\NoviPIM\PIM_Solution\src\PIM.Intranet\Services\PimNavigation.cs(75,106): error CS0103: The name 'PimAccessCatalog' does not exist in the current context [C:\Users\david\Desktop\PIM\NoviPIM\PIM_Solution\tests\PIM.F10.IntranetLogicTests\PIM.F10.IntranetLogicTests.csproj]
2026-09-22 15:43:21     C:\Users\david\Desktop\PIM\NoviPIM\PIM_Solution\src\PIM.Intranet\Services\PimNavigation.cs(76,60): error CS0103: The name 'PimAccessCatalog' does not exist in the current context [C:\Users\david\Desktop\PIM\NoviPIM\PIM_Solution\tests\PIM.F10.IntranetLogicTests\PIM.F10.IntranetLogicTests.csproj]
2026-09-22 15:43:21     C:\Users\david\Desktop\PIM\NoviPIM\PIM_Solution\src\PIM.Intranet\Services\PimNavigation.cs(80,140): error CS0103: The name 'PimAccessCatalog' does not exist in the current context [C:\Users\david\Desktop\PIM\NoviPIM\PIM_Solution\tests\PIM.F10.IntranetLogicTests\PIM.F10.IntranetLogicTests.csproj]
2026-09-22 15:43:21     C:\Users\david\Desktop\PIM\NoviPIM\PIM_Solution\src\PIM.Intranet\Services\PimNavigation.cs(88,192): error CS0103: The name 'PimAccessCatalog' does not exist in the current context [C:\Users\david\Desktop\PIM\NoviPIM\PIM_Solution\tests\PIM.F10.IntranetLogicTests\PIM.F10.IntranetLogicTests.csproj]
2026-09-22 15:43:21     C:\Users\david\Desktop\PIM\NoviPIM\PIM_Solution\src\PIM.Intranet\Services\PimNavigation.cs(89,144): error CS0103: The name 'PimAccessCatalog' does not exist in the current context [C:\Users\david\Desktop\PIM\NoviPIM\PIM_Solution\tests\PIM.F10.IntranetLogicTests\PIM.F10.IntranetLogicTests.csproj]
2026-09-22 15:43:21     C:\Users\david\Desktop\PIM\NoviPIM\PIM_Solution\src\PIM.Intranet\Services\PimNavigation.cs(93,164): error CS0103: The name 'PimAccessCatalog' does not exist in the current context [C:\Users\david\Desktop\PIM\NoviPIM\PIM_Solution\tests\PIM.F10.IntranetLogicTests\PIM.F10.IntranetLogicTests.csproj]
2026-09-22 15:43:21     C:\Users\david\Desktop\PIM\NoviPIM\PIM_Solution\src\PIM.Intranet\Services\PimNavigation.cs(94,60): error CS0103: The name 'PimAccessCatalog' does not exist in the current context [C:\Users\david\Desktop\PIM\NoviPIM\PIM_Solution\tests\PIM.F10.IntranetLogicTests\PIM.F10.IntranetLogicTests.csproj]
2026-09-22 15:43:21     C:\Users\david\Desktop\PIM\NoviPIM\PIM_Solution\src\PIM.Intranet\Services\PimNavigation.cs(95,66): error CS0103: The name 'PimAccessCatalog' does not exist in the current context [C:\Users\david\Desktop\PIM\NoviPIM\PIM_Solution\tests\PIM.F10.IntranetLogicTests\PIM.F10.IntranetLogicTests.csproj]
2026-09-22 15:43:21     C:\Users\david\Desktop\PIM\NoviPIM\PIM_Solution\src\PIM.Intranet\Services\PimNavigation.cs(96,142): error CS0103: The name 'PimAccessCatalog' does not exist in the current context [C:\Users\david\Desktop\PIM\NoviPIM\PIM_Solution\tests\PIM.F10.IntranetLogicTests\PIM.F10.IntranetLogicTests.csproj]
2026-09-22 15:43:21     C:\Users\david\Desktop\PIM\NoviPIM\PIM_Solution\src\PIM.Intranet\Services\PimNavigation.cs(100,199): error CS0103: The name 'PimAccessCatalog' does not exist in the current context [C:\Users\david\Desktop\PIM\NoviPIM\PIM_Solution\tests\PIM.F10.IntranetLogicTests\PIM.F10.IntranetLogicTests.csproj]
2026-09-22 15:43:21     C:\Users\david\Desktop\PIM\NoviPIM\PIM_Solution\src\PIM.Intranet\Services\PimNavigation.cs(101,198): error CS0103: The name 'PimAccessCatalog' does not exist in the current context [C:\Users\david\Desktop\PIM\NoviPIM\PIM_Solution\tests\PIM.F10.IntranetLogicTests\PIM.F10.IntranetLogicTests.csproj]
2026-09-22 15:43:21     C:\Users\david\Desktop\PIM\NoviPIM\PIM_Solution\src\PIM.Intranet\Services\PimNavigation.cs(105,161): error CS0103: The name 'PimAccessCatalog' does not exist in the current context [C:\Users\david\Desktop\PIM\NoviPIM\PIM_Solution\tests\PIM.F10.IntranetLogicTests\PIM.F10.IntranetLogicTests.csproj]
2026-09-22 15:43:21     C:\Users\david\Desktop\PIM\NoviPIM\PIM_Solution\src\PIM.Intranet\Services\PimNavigation.cs(108,153): error CS0103: The name 'PimAccessCatalog' does not exist in the current context [C:\Users\david\Desktop\PIM\NoviPIM\PIM_Solution\tests\PIM.F10.IntranetLogicTests\PIM.F10.IntranetLogicTests.csproj]
2026-09-22 15:43:21     C:\Users\david\Desktop\PIM\NoviPIM\PIM_Solution\src\PIM.Intranet\Services\PimNavigation.cs(141,31): error CS0103: The name 'PimAccessCatalog' does not exist in the current context [C:\Users\david\Desktop\PIM\NoviPIM\PIM_Solution\tests\PIM.F10.IntranetLogicTests\PIM.F10.IntranetLogicTests.csproj]
2026-09-22 15:43:21     C:\Users\david\Desktop\PIM\NoviPIM\PIM_Solution\src\PIM.Intranet\Services\PimNavigation.cs(146,15): error CS0103: The name 'PimAccessCatalog' does not exist in the current context [C:\Users\david\Desktop\PIM\NoviPIM\PIM_Solution\tests\PIM.F10.IntranetLogicTests\PIM.F10.IntranetLogicTests.csproj]
2026-09-22 15:43:24     
2026-09-22 15:43:24     Build FAILED.
2026-09-22 15:43:24     
2026-09-22 15:43:24     C:\Users\david\Desktop\PIM\NoviPIM\PIM_Solution\src\PIM.Intranet\Services\PimNavigation.cs(67,127): error CS0103: The name 'PimAccessCatalog' does not exist in the current context [C:\Users\david\Desktop\PIM\NoviPIM\PIM_Solution\tests\PIM.F10.IntranetLogicTests\PIM.F10.IntranetLogicTests.csproj]
2026-09-22 15:43:24     C:\Users\david\Desktop\PIM\NoviPIM\PIM_Solution\src\PIM.Intranet\Services\PimNavigation.cs(71,125): error CS0103: The name 'PimAccessCatalog' does not exist in the current context [C:\Users\david\Desktop\PIM\NoviPIM\PIM_Solution\tests\PIM.F10.IntranetLogicTests\PIM.F10.IntranetLogicTests.csproj]
2026-09-22 15:43:24     C:\Users\david\Desktop\PIM\NoviPIM\PIM_Solution\src\PIM.Intranet\Services\PimNavigation.cs(75,106): error CS0103: The name 'PimAccessCatalog' does not exist in the current context [C:\Users\david\Desktop\PIM\NoviPIM\PIM_Solution\tests\PIM.F10.IntranetLogicTests\PIM.F10.IntranetLogicTests.csproj]
2026-09-22 15:43:24     C:\Users\david\Desktop\PIM\NoviPIM\PIM_Solution\src\PIM.Intranet\Services\PimNavigation.cs(76,60): error CS0103: The name 'PimAccessCatalog' does not exist in the current context [C:\Users\david\Desktop\PIM\NoviPIM\PIM_Solution\tests\PIM.F10.IntranetLogicTests\PIM.F10.IntranetLogicTests.csproj]
2026-09-22 15:43:24     C:\Users\david\Desktop\PIM\NoviPIM\PIM_Solution\src\PIM.Intranet\Services\PimNavigation.cs(80,140): error CS0103: The name 'PimAccessCatalog' does not exist in the current context [C:\Users\david\Desktop\PIM\NoviPIM\PIM_Solution\tests\PIM.F10.IntranetLogicTests\PIM.F10.IntranetLogicTests.csproj]
2026-09-22 15:43:24     C:\Users\david\Desktop\PIM\NoviPIM\PIM_Solution\src\PIM.Intranet\Services\PimNavigation.cs(88,192): error CS0103: The name 'PimAccessCatalog' does not exist in the current context [C:\Users\david\Desktop\PIM\NoviPIM\PIM_Solution\tests\PIM.F10.IntranetLogicTests\PIM.F10.IntranetLogicTests.csproj]
2026-09-22 15:43:24     C:\Users\david\Desktop\PIM\NoviPIM\PIM_Solution\src\PIM.Intranet\Services\PimNavigation.cs(89,144): error CS0103: The name 'PimAccessCatalog' does not exist in the current context [C:\Users\david\Desktop\PIM\NoviPIM\PIM_Solution\tests\PIM.F10.IntranetLogicTests\PIM.F10.IntranetLogicTests.csproj]
2026-09-22 15:43:24     C:\Users\david\Desktop\PIM\NoviPIM\PIM_Solution\src\PIM.Intranet\Services\PimNavigation.cs(93,164): error CS0103: The name 'PimAccessCatalog' does not exist in the current context [C:\Users\david\Desktop\PIM\NoviPIM\PIM_Solution\tests\PIM.F10.IntranetLogicTests\PIM.F10.IntranetLogicTests.csproj]
2026-09-22 15:43:24     C:\Users\david\Desktop\PIM\NoviPIM\PIM_Solution\src\PIM.Intranet\Services\PimNavigation.cs(94,60): error CS0103: The name 'PimAccessCatalog' does not exist in the current context [C:\Users\david\Desktop\PIM\NoviPIM\PIM_Solution\tests\PIM.F10.IntranetLogicTests\PIM.F10.IntranetLogicTests.csproj]
2026-09-22 15:43:24     C:\Users\david\Desktop\PIM\NoviPIM\PIM_Solution\src\PIM.Intranet\Services\PimNavigation.cs(95,66): error CS0103: The name 'PimAccessCatalog' does not exist in the current context [C:\Users\david\Desktop\PIM\NoviPIM\PIM_Solution\tests\PIM.F10.IntranetLogicTests\PIM.F10.IntranetLogicTests.csproj]
2026-09-22 15:43:24     C:\Users\david\Desktop\PIM\NoviPIM\PIM_Solution\src\PIM.Intranet\Services\PimNavigation.cs(96,142): error CS0103: The name 'PimAccessCatalog' does not exist in the current context [C:\Users\david\Desktop\PIM\NoviPIM\PIM_Solution\tests\PIM.F10.IntranetLogicTests\PIM.F10.IntranetLogicTests.csproj]
2026-09-22 15:43:24     C:\Users\david\Desktop\PIM\NoviPIM\PIM_Solution\src\PIM.Intranet\Services\PimNavigation.cs(100,199): error CS0103: The name 'PimAccessCatalog' does not exist in the current context [C:\Users\david\Desktop\PIM\NoviPIM\PIM_Solution\tests\PIM.F10.IntranetLogicTests\PIM.F10.IntranetLogicTests.csproj]
2026-09-22 15:43:24     C:\Users\david\Desktop\PIM\NoviPIM\PIM_Solution\src\PIM.Intranet\Services\PimNavigation.cs(101,198): error CS0103: The name 'PimAccessCatalog' does not exist in the current context [C:\Users\david\Desktop\PIM\NoviPIM\PIM_Solution\tests\PIM.F10.IntranetLogicTests\PIM.F10.IntranetLogicTests.csproj]
2026-09-22 15:43:24     C:\Users\david\Desktop\PIM\NoviPIM\PIM_Solution\src\PIM.Intranet\Services\PimNavigation.cs(105,161): error CS0103: The name 'PimAccessCatalog' does not exist in the current context [C:\Users\david\Desktop\PIM\NoviPIM\PIM_Solution\tests\PIM.F10.IntranetLogicTests\PIM.F10.IntranetLogicTests.csproj]
2026-09-22 15:43:24     C:\Users\david\Desktop\PIM\NoviPIM\PIM_Solution\src\PIM.Intranet\Services\PimNavigation.cs(108,153): error CS0103: The name 'PimAccessCatalog' does not exist in the current context [C:\Users\david\Desktop\PIM\NoviPIM\PIM_Solution\tests\PIM.F10.IntranetLogicTests\PIM.F10.IntranetLogicTests.csproj]
2026-09-22 15:43:24     C:\Users\david\Desktop\PIM\NoviPIM\PIM_Solution\src\PIM.Intranet\Services\PimNavigation.cs(141,31): error CS0103: The name 'PimAccessCatalog' does not exist in the current context [C:\Users\david\Desktop\PIM\NoviPIM\PIM_Solution\tests\PIM.F10.IntranetLogicTests\PIM.F10.IntranetLogicTests.csproj]
2026-09-22 15:43:24     C:\Users\david\Desktop\PIM\NoviPIM\PIM_Solution\src\PIM.Intranet\Services\PimNavigation.cs(146,15): error CS0103: The name 'PimAccessCatalog' does not exist in the current context [C:\Users\david\Desktop\PIM\NoviPIM\PIM_Solution\tests\PIM.F10.IntranetLogicTests\PIM.F10.IntranetLogicTests.csproj]
2026-09-22 15:43:24         0 Warning(s)
2026-09-22 15:43:24         17 Error(s)
2026-09-22 15:43:24     
2026-09-22 15:43:24     Time Elapsed 00:00:59.90
2026-09-22 15:43:25  NAPAKA: gradnja je padla. Nocojsnji zagon se ne nadaljuje.
