20:35:39  === ZAČETEK: Cene iz SAOP | posel PRICE_IMPORT | sprožil: Scheduler | gostitelj DESKTOP-TONVQHJ:2216:AutomationHost:console | 2026-09-22 20:35:39
20:35:39  Podjetja: 2, 3, 4 · prevzem: C:\Users\david\Desktop\PIM\NoviPIM\PIM_Solution\data\prevzem · izvoz: ob korenu (register EXPORT_ROOT ni nastavljen) · izvorna koda: C:\Users\david\Desktop\PIM\NoviPIM\PIM_Solution · časovna meja: 900 s
20:35:39  == Cene iz SAOP (podjetje 2) ==
20:35:40     Živ SAOP zajem: podjetij=1, končnih točk=1, delta zajem, razpored=SAOP_PRICES.
20:35:40     [2] IQLighting (SAOP_IQLIGHTING)
20:36:06       GetPrices: strani=2 zapisov=122 — MEJNIK STOJI (SAOP je vrnil 122 zapisov, a so bili enaki že zajetim (dedup po hashu) — ta zagon nima česa preslikati); zapisi ostanejo v raw.Inbox in jih bo naslednji zagon zajel znova
20:36:06       SKUPAJ strani=2 zapisov=122 RunId=75481c1a-a75c-41f3-9b36-b5ebe4ed1337
20:36:06       OPOZORILO: v raw.Inbox ležijo nepreslikane vrstice iz prejšnjih zagonov: GetPrices=3. Preslikaj jih z --map-run <RunId tistega zagona>; poizvedba: SELECT DISTINCT RunId, EntityType FROM raw.Inbox WHERE Status=N'Pending';
20:36:06       OPOZORILO: pri 1 končnih točkah mejnik stoji. Zajeti podatek leži v raw.Inbox in ga bo naslednji zagon zajel znova; če ga hočeš preslikati brez ponovnega klica, uporabi --map-run 75481c1a-a75c-41f3-9b36-b5ebe4ed1337.
20:36:06     konec: Cene iz SAOP (podjetje 2) (26 s)
20:36:06  == Cene iz SAOP (podjetje 3) ==
20:36:07     Živ SAOP zajem: podjetij=1, končnih točk=1, delta zajem, razpored=SAOP_PRICES.
20:36:07     [3] Vidadria (SAOP_VIDADRIA)
20:36:32       GetPrices: strani=5 zapisov=275 — MEJNIK STOJI (SAOP je vrnil 275 zapisov, a so bili enaki že zajetim (dedup po hashu) — ta zagon nima česa preslikati); zapisi ostanejo v raw.Inbox in jih bo naslednji zagon zajel znova
20:36:32     [FAZA] Prenos GetPrices (podjetje 3): se je začela.
20:36:32     [FAZA] Prenos GetPrices (podjetje 3): uspelo, brez novih podatkov — prebrano 275, zapisano 275; mejnik stoji: SAOP je vrnil 275 zapisov, a so bili enaki že zajetim (dedup po hashu) — ta zagon nima česa preslikati.
20:36:32       SKUPAJ strani=5 zapisov=275 RunId=b5595938-8d00-4b2e-a80b-3cc7eaf3938e
20:36:32       OPOZORILO: pri 1 končnih točkah mejnik stoji. Zajeti podatek leži v raw.Inbox in ga bo naslednji zagon zajel znova; če ga hočeš preslikati brez ponovnega klica, uporabi --map-run b5595938-8d00-4b2e-a80b-3cc7eaf3938e.
20:36:32     konec: Cene iz SAOP (podjetje 3) (26 s)
20:36:32  == Cene iz SAOP (podjetje 4) ==
20:36:33     Živ SAOP zajem: podjetij=1, končnih točk=1, delta zajem, razpored=SAOP_PRICES.
20:36:33     [4] Ediito (SAOP_EDIITO)
20:36:42       GetPrices: strani=1 zapisov=14 — MEJNIK STOJI (SAOP je vrnil 14 zapisov, a so bili enaki že zajetim (dedup po hashu) — ta zagon nima česa preslikati); zapisi ostanejo v raw.Inbox in jih bo naslednji zagon zajel znova
20:36:42     [FAZA] Prenos GetPrices (podjetje 4): se je začela.
20:36:42     [FAZA] Prenos GetPrices (podjetje 4): uspelo, brez novih podatkov — prebrano 14, zapisano 14; mejnik stoji: SAOP je vrnil 14 zapisov, a so bili enaki že zajetim (dedup po hashu) — ta zagon nima česa preslikati.
20:36:42       SKUPAJ strani=1 zapisov=14 RunId=9c0abdc7-e6d1-43fe-9deb-7923456a9e99
20:36:42       OPOZORILO: pri 1 končnih točkah mejnik stoji. Zajeti podatek leži v raw.Inbox in ga bo naslednji zagon zajel znova; če ga hočeš preslikati brez ponovnega klica, uporabi --map-run 9c0abdc7-e6d1-43fe-9deb-7923456a9e99.
20:36:42     konec: Cene iz SAOP (podjetje 4) (9 s)
20:36:42  Cene iz SAOP končan: Succeeded; padlih skupin: 0, blokiranih: 0.
20:36:42  === KONEC: izhod 0, trajanje 00:01:02
