19:37:53  === ZAČETEK: Cene iz SAOP | posel PRICE_IMPORT | sprožil: Scheduler | gostitelj DESKTOP-TONVQHJ:2216:AutomationHost:console | 2026-09-22 19:37:53
19:37:53  Podjetja: 2, 3, 4 · prevzem: C:\Users\david\Desktop\PIM\NoviPIM\PIM_Solution\data\prevzem · izvoz: ob korenu (register EXPORT_ROOT ni nastavljen) · izvorna koda: C:\Users\david\Desktop\PIM\NoviPIM\PIM_Solution · časovna meja: 900 s
19:37:53  == Cene iz SAOP (podjetje 2) ==
19:37:54     Živ SAOP zajem: podjetij=1, končnih točk=1, delta zajem, razpored=SAOP_PRICES.
19:37:54     [2] IQLighting (SAOP_IQLIGHTING)
19:38:20       GetPrices: strani=2 zapisov=122 — MEJNIK STOJI (SAOP je vrnil 122 zapisov, a so bili enaki že zajetim (dedup po hashu) — ta zagon nima česa preslikati); zapisi ostanejo v raw.Inbox in jih bo naslednji zagon zajel znova
19:38:20       SKUPAJ strani=2 zapisov=122 RunId=2cb3f1cc-c7b5-4215-bb31-284c60f74410
19:38:20       OPOZORILO: v raw.Inbox ležijo nepreslikane vrstice iz prejšnjih zagonov: GetPrices=3. Preslikaj jih z --map-run <RunId tistega zagona>; poizvedba: SELECT DISTINCT RunId, EntityType FROM raw.Inbox WHERE Status=N'Pending';
19:38:20       OPOZORILO: pri 1 končnih točkah mejnik stoji. Zajeti podatek leži v raw.Inbox in ga bo naslednji zagon zajel znova; če ga hočeš preslikati brez ponovnega klica, uporabi --map-run 2cb3f1cc-c7b5-4215-bb31-284c60f74410.
19:38:20     konec: Cene iz SAOP (podjetje 2) (26 s)
19:38:20  == Cene iz SAOP (podjetje 3) ==
19:38:21     Živ SAOP zajem: podjetij=1, končnih točk=1, delta zajem, razpored=SAOP_PRICES.
19:38:21     [3] Vidadria (SAOP_VIDADRIA)
19:38:45       GetPrices: strani=5 zapisov=275 — MEJNIK STOJI (SAOP je vrnil 275 zapisov, a so bili enaki že zajetim (dedup po hashu) — ta zagon nima česa preslikati); zapisi ostanejo v raw.Inbox in jih bo naslednji zagon zajel znova
19:38:46       SKUPAJ strani=5 zapisov=275 RunId=81e713e4-9588-456e-97c5-9a45baa09041
19:38:46       OPOZORILO: pri 1 končnih točkah mejnik stoji. Zajeti podatek leži v raw.Inbox in ga bo naslednji zagon zajel znova; če ga hočeš preslikati brez ponovnega klica, uporabi --map-run 81e713e4-9588-456e-97c5-9a45baa09041.
19:38:46     konec: Cene iz SAOP (podjetje 3) (25 s)
19:38:46  == Cene iz SAOP (podjetje 4) ==
19:38:46     Živ SAOP zajem: podjetij=1, končnih točk=1, delta zajem, razpored=SAOP_PRICES.
19:38:46     [4] Ediito (SAOP_EDIITO)
19:38:55       GetPrices: strani=1 zapisov=14 — MEJNIK STOJI (SAOP je vrnil 14 zapisov, a so bili enaki že zajetim (dedup po hashu) — ta zagon nima česa preslikati); zapisi ostanejo v raw.Inbox in jih bo naslednji zagon zajel znova
19:38:55       SKUPAJ strani=1 zapisov=14 RunId=25f01db7-c9bf-46f0-aadc-a252cfe0a930
19:38:55       OPOZORILO: pri 1 končnih točkah mejnik stoji. Zajeti podatek leži v raw.Inbox in ga bo naslednji zagon zajel znova; če ga hočeš preslikati brez ponovnega klica, uporabi --map-run 25f01db7-c9bf-46f0-aadc-a252cfe0a930.
19:38:55     konec: Cene iz SAOP (podjetje 4) (9 s)
19:38:55  Cene iz SAOP končan: Succeeded; padlih skupin: 0, blokiranih: 0.
19:38:55  === KONEC: izhod 0, trajanje 00:01:01
