21:55:41  === ZAČETEK: Cene iz SAOP | posel PRICE_IMPORT | sprožil: Scheduler | gostitelj DESKTOP-TONVQHJ:41644:AutomationHost:console | 2026-09-22 21:55:41
21:55:41  Podjetja: 2, 3, 4 · prevzem: C:\Users\david\Desktop\PIM\NoviPIM\PIM_Solution\data\prevzem · izvoz: ob korenu (register EXPORT_ROOT ni nastavljen) · izvorna koda: C:\Users\david\Desktop\PIM\NoviPIM\PIM_Solution · časovna meja: 900 s
21:55:41  == Cene iz SAOP (podjetje 2) ==
21:55:41     Živ SAOP zajem: podjetij=1, končnih točk=1, delta zajem, razpored=SAOP_PRICES.
21:55:41     [2] IQLighting (SAOP_IQLIGHTING)
21:56:10       GetPrices: strani=2 zapisov=122 — MEJNIK STOJI (SAOP je vrnil 122 zapisov, a so bili enaki že zajetim (dedup po hashu) — ta zagon nima česa preslikati); zapisi ostanejo v raw.Inbox in jih bo naslednji zagon zajel znova
21:56:10     [FAZA] Prenos GetPrices (podjetje 2): se je začela.
21:56:10     [FAZA] Prenos GetPrices (podjetje 2): uspelo, brez novih podatkov — prebrano 122, zapisano 122; mejnik stoji: SAOP je vrnil 122 zapisov, a so bili enaki že zajetim (dedup po hashu) — ta zagon nima česa preslikati.
21:56:10     [FAZA] Preslikava SAOP_IQLIGHTING (podjetje 2): se je začela.
21:56:10     [FAZA] Preslikava SAOP_IQLIGHTING (podjetje 2): preskočeno; ta zagon ni zapisal nobene strani v raw.Inbox (vse je že zajeto ali je bil odgovor prazen); ni bilo česa preslikati.
21:56:10     [FAZA] Mejnik SAOP_IQLIGHTING (podjetje 2): se je začela.
21:56:10     [FAZA] Mejnik SAOP_IQLIGHTING (podjetje 2): preskočeno; noben mejnik ni bil upravičen do premika (končnih točk z napako ali brez česa preslikati: 1).
21:56:10       SKUPAJ strani=2 zapisov=122 RunId=13d562b1-3f08-4ba2-a91a-7b27b0035a51
21:56:10       OPOZORILO: v raw.Inbox ležijo nepreslikane vrstice iz prejšnjih zagonov: GetPrices=3. Preslikaj jih z --map-run <RunId tistega zagona>; poizvedba: SELECT DISTINCT RunId, EntityType FROM raw.Inbox WHERE Status=N'Pending';
21:56:10       OPOZORILO: pri 1 končnih točkah mejnik stoji. Zajeti podatek leži v raw.Inbox in ga bo naslednji zagon zajel znova; če ga hočeš preslikati brez ponovnega klica, uporabi --map-run 13d562b1-3f08-4ba2-a91a-7b27b0035a51.
21:56:10     konec: Cene iz SAOP (podjetje 2) (29 s)
21:56:10  == Cene iz SAOP (podjetje 3) ==
21:56:11     Živ SAOP zajem: podjetij=1, končnih točk=1, delta zajem, razpored=SAOP_PRICES.
21:56:11     [3] Vidadria (SAOP_VIDADRIA)
21:56:55       GetPrices: strani=5 zapisov=275 — MEJNIK STOJI (SAOP je vrnil 275 zapisov, a so bili enaki že zajetim (dedup po hashu) — ta zagon nima česa preslikati); zapisi ostanejo v raw.Inbox in jih bo naslednji zagon zajel znova
21:56:55     [FAZA] Prenos GetPrices (podjetje 3): se je začela.
21:56:55     [FAZA] Prenos GetPrices (podjetje 3): uspelo, brez novih podatkov — prebrano 275, zapisano 275; mejnik stoji: SAOP je vrnil 275 zapisov, a so bili enaki že zajetim (dedup po hashu) — ta zagon nima česa preslikati.
21:56:56     [FAZA] Preslikava SAOP_VIDADRIA (podjetje 3): se je začela.
21:56:56     [FAZA] Preslikava SAOP_VIDADRIA (podjetje 3): preskočeno; ta zagon ni zapisal nobene strani v raw.Inbox (vse je že zajeto ali je bil odgovor prazen); ni bilo česa preslikati.
21:56:56     [FAZA] Mejnik SAOP_VIDADRIA (podjetje 3): se je začela.
21:56:56     [FAZA] Mejnik SAOP_VIDADRIA (podjetje 3): preskočeno; noben mejnik ni bil upravičen do premika (končnih točk z napako ali brez česa preslikati: 1).
21:56:56       SKUPAJ strani=5 zapisov=275 RunId=9143f789-5101-41ec-8bf4-afab56f73637
21:56:56       OPOZORILO: pri 1 končnih točkah mejnik stoji. Zajeti podatek leži v raw.Inbox in ga bo naslednji zagon zajel znova; če ga hočeš preslikati brez ponovnega klica, uporabi --map-run 9143f789-5101-41ec-8bf4-afab56f73637.
21:56:56     konec: Cene iz SAOP (podjetje 3) (45 s)
21:56:56  == Cene iz SAOP (podjetje 4) ==
21:56:56     Živ SAOP zajem: podjetij=1, končnih točk=1, delta zajem, razpored=SAOP_PRICES.
21:56:56     [4] Ediito (SAOP_EDIITO)
21:57:08       GetPrices: strani=1 zapisov=14 — MEJNIK STOJI (SAOP je vrnil 14 zapisov, a so bili enaki že zajetim (dedup po hashu) — ta zagon nima česa preslikati); zapisi ostanejo v raw.Inbox in jih bo naslednji zagon zajel znova
21:57:08     [FAZA] Prenos GetPrices (podjetje 4): se je začela.
21:57:09     [FAZA] Prenos GetPrices (podjetje 4): uspelo, brez novih podatkov — prebrano 14, zapisano 14; mejnik stoji: SAOP je vrnil 14 zapisov, a so bili enaki že zajetim (dedup po hashu) — ta zagon nima česa preslikati.
21:57:09     [FAZA] Preslikava SAOP_EDIITO (podjetje 4): se je začela.
21:57:09     [FAZA] Preslikava SAOP_EDIITO (podjetje 4): preskočeno; ta zagon ni zapisal nobene strani v raw.Inbox (vse je že zajeto ali je bil odgovor prazen); ni bilo česa preslikati.
21:57:09     [FAZA] Mejnik SAOP_EDIITO (podjetje 4): se je začela.
21:57:09     [FAZA] Mejnik SAOP_EDIITO (podjetje 4): preskočeno; noben mejnik ni bil upravičen do premika (končnih točk z napako ali brez česa preslikati: 1).
21:57:09       SKUPAJ strani=1 zapisov=14 RunId=0d4f36a2-0833-4634-ab2d-1f639990d69c
21:57:09       OPOZORILO: pri 1 končnih točkah mejnik stoji. Zajeti podatek leži v raw.Inbox in ga bo naslednji zagon zajel znova; če ga hočeš preslikati brez ponovnega klica, uporabi --map-run 0d4f36a2-0833-4634-ab2d-1f639990d69c.
21:57:09     konec: Cene iz SAOP (podjetje 4) (13 s)
21:57:09  Cene iz SAOP končan: Succeeded; padlih skupin: 0, blokiranih: 0.
21:57:09  === KONEC: izhod 0, trajanje 00:01:28
