20:00:23  === ZAČETEK: Cene iz SAOP | posel PRICE_IMPORT | sprožil: Scheduler | gostitelj DESKTOP-TONVQHJ:2216:AutomationHost:console | 2026-09-22 20:00:23
20:00:23  Podjetja: 2, 3, 4 · prevzem: C:\Users\david\Desktop\PIM\NoviPIM\PIM_Solution\data\prevzem · izvoz: ob korenu (register EXPORT_ROOT ni nastavljen) · izvorna koda: C:\Users\david\Desktop\PIM\NoviPIM\PIM_Solution · časovna meja: 900 s
20:00:23  == Cene iz SAOP (podjetje 2) ==
20:00:24     Živ SAOP zajem: podjetij=1, končnih točk=1, delta zajem, razpored=SAOP_PRICES.
20:00:24     [2] IQLighting (SAOP_IQLIGHTING)
20:00:50       GetPrices: strani=2 zapisov=122 — MEJNIK STOJI (SAOP je vrnil 122 zapisov, a so bili enaki že zajetim (dedup po hashu) — ta zagon nima česa preslikati); zapisi ostanejo v raw.Inbox in jih bo naslednji zagon zajel znova
20:00:50       SKUPAJ strani=2 zapisov=122 RunId=507ac346-4b7a-4818-9522-97cd2eb02e30
20:00:50       OPOZORILO: v raw.Inbox ležijo nepreslikane vrstice iz prejšnjih zagonov: GetPrices=3. Preslikaj jih z --map-run <RunId tistega zagona>; poizvedba: SELECT DISTINCT RunId, EntityType FROM raw.Inbox WHERE Status=N'Pending';
20:00:50       OPOZORILO: pri 1 končnih točkah mejnik stoji. Zajeti podatek leži v raw.Inbox in ga bo naslednji zagon zajel znova; če ga hočeš preslikati brez ponovnega klica, uporabi --map-run 507ac346-4b7a-4818-9522-97cd2eb02e30.
20:00:50     konec: Cene iz SAOP (podjetje 2) (27 s)
20:00:50  == Cene iz SAOP (podjetje 3) ==
20:00:51     Živ SAOP zajem: podjetij=1, končnih točk=1, delta zajem, razpored=SAOP_PRICES.
20:00:51     [3] Vidadria (SAOP_VIDADRIA)
20:01:20       GetPrices: strani=5 zapisov=275 — MEJNIK STOJI (SAOP je vrnil 275 zapisov, a so bili enaki že zajetim (dedup po hashu) — ta zagon nima česa preslikati); zapisi ostanejo v raw.Inbox in jih bo naslednji zagon zajel znova
20:01:20       SKUPAJ strani=5 zapisov=275 RunId=09581677-e759-4c72-9e44-046a43b2ac51
20:01:20       OPOZORILO: pri 1 končnih točkah mejnik stoji. Zajeti podatek leži v raw.Inbox in ga bo naslednji zagon zajel znova; če ga hočeš preslikati brez ponovnega klica, uporabi --map-run 09581677-e759-4c72-9e44-046a43b2ac51.
20:01:20     konec: Cene iz SAOP (podjetje 3) (29 s)
20:01:20  == Cene iz SAOP (podjetje 4) ==
20:01:21     Živ SAOP zajem: podjetij=1, končnih točk=1, delta zajem, razpored=SAOP_PRICES.
20:01:21     [4] Ediito (SAOP_EDIITO)
20:01:35       GetPrices: strani=1 zapisov=14 — MEJNIK STOJI (SAOP je vrnil 14 zapisov, a so bili enaki že zajetim (dedup po hashu) — ta zagon nima česa preslikati); zapisi ostanejo v raw.Inbox in jih bo naslednji zagon zajel znova
20:01:35       SKUPAJ strani=1 zapisov=14 RunId=8ca4ab41-b002-4a85-85b4-ba5636792a26
20:01:35       OPOZORILO: pri 1 končnih točkah mejnik stoji. Zajeti podatek leži v raw.Inbox in ga bo naslednji zagon zajel znova; če ga hočeš preslikati brez ponovnega klica, uporabi --map-run 8ca4ab41-b002-4a85-85b4-ba5636792a26.
20:01:35     konec: Cene iz SAOP (podjetje 4) (15 s)
20:01:35  Cene iz SAOP končan: Succeeded; padlih skupin: 0, blokiranih: 0.
20:01:35  === KONEC: izhod 0, trajanje 00:01:12
