21:20:55  === ZAČETEK: Cene iz SAOP | posel PRICE_IMPORT | sprožil: Scheduler | gostitelj DESKTOP-TONVQHJ:2216:AutomationHost:console | 2026-09-22 21:20:55
21:20:55  Podjetja: 2, 3, 4 · prevzem: C:\Users\david\Desktop\PIM\NoviPIM\PIM_Solution\data\prevzem · izvoz: ob korenu (register EXPORT_ROOT ni nastavljen) · izvorna koda: C:\Users\david\Desktop\PIM\NoviPIM\PIM_Solution · časovna meja: 900 s
21:20:55  == Cene iz SAOP (podjetje 2) ==
21:21:03     Živ SAOP zajem: podjetij=1, končnih točk=1, delta zajem, razpored=SAOP_PRICES.
21:21:03     [2] IQLighting (SAOP_IQLIGHTING)
21:21:33       GetPrices: strani=2 zapisov=122 — MEJNIK STOJI (SAOP je vrnil 122 zapisov, a so bili enaki že zajetim (dedup po hashu) — ta zagon nima česa preslikati); zapisi ostanejo v raw.Inbox in jih bo naslednji zagon zajel znova
21:21:33     [FAZA] Prenos GetPrices (podjetje 2): se je začela.
21:21:33     [FAZA] Prenos GetPrices (podjetje 2): uspelo, brez novih podatkov — prebrano 122, zapisano 122; mejnik stoji: SAOP je vrnil 122 zapisov, a so bili enaki že zajetim (dedup po hashu) — ta zagon nima česa preslikati.
21:21:34       SKUPAJ strani=2 zapisov=122 RunId=62dd8e56-8c15-41a4-92a5-827dfe61bbaa
21:21:34       OPOZORILO: v raw.Inbox ležijo nepreslikane vrstice iz prejšnjih zagonov: GetPrices=3. Preslikaj jih z --map-run <RunId tistega zagona>; poizvedba: SELECT DISTINCT RunId, EntityType FROM raw.Inbox WHERE Status=N'Pending';
21:21:34       OPOZORILO: pri 1 končnih točkah mejnik stoji. Zajeti podatek leži v raw.Inbox in ga bo naslednji zagon zajel znova; če ga hočeš preslikati brez ponovnega klica, uporabi --map-run 62dd8e56-8c15-41a4-92a5-827dfe61bbaa.
21:21:34     konec: Cene iz SAOP (podjetje 2) (38 s)
21:21:34  == Cene iz SAOP (podjetje 3) ==
21:21:34     Živ SAOP zajem: podjetij=1, končnih točk=1, delta zajem, razpored=SAOP_PRICES.
21:21:34     [3] Vidadria (SAOP_VIDADRIA)
21:22:00       GetPrices: strani=5 zapisov=275 — MEJNIK STOJI (SAOP je vrnil 275 zapisov, a so bili enaki že zajetim (dedup po hashu) — ta zagon nima česa preslikati); zapisi ostanejo v raw.Inbox in jih bo naslednji zagon zajel znova
21:22:00     [FAZA] Prenos GetPrices (podjetje 3): se je začela.
21:22:00     [FAZA] Prenos GetPrices (podjetje 3): uspelo, brez novih podatkov — prebrano 275, zapisano 275; mejnik stoji: SAOP je vrnil 275 zapisov, a so bili enaki že zajetim (dedup po hashu) — ta zagon nima česa preslikati.
21:22:00       SKUPAJ strani=5 zapisov=275 RunId=d0b32a9b-c342-498c-aa14-1ec83db46814
21:22:00       OPOZORILO: pri 1 končnih točkah mejnik stoji. Zajeti podatek leži v raw.Inbox in ga bo naslednji zagon zajel znova; če ga hočeš preslikati brez ponovnega klica, uporabi --map-run d0b32a9b-c342-498c-aa14-1ec83db46814.
21:22:00     konec: Cene iz SAOP (podjetje 3) (26 s)
21:22:00  == Cene iz SAOP (podjetje 4) ==
21:22:01     Živ SAOP zajem: podjetij=1, končnih točk=1, delta zajem, razpored=SAOP_PRICES.
21:22:01     [4] Ediito (SAOP_EDIITO)
21:22:09       GetPrices: strani=1 zapisov=14 — MEJNIK STOJI (SAOP je vrnil 14 zapisov, a so bili enaki že zajetim (dedup po hashu) — ta zagon nima česa preslikati); zapisi ostanejo v raw.Inbox in jih bo naslednji zagon zajel znova
21:22:09     [FAZA] Prenos GetPrices (podjetje 4): se je začela.
21:22:09     [FAZA] Prenos GetPrices (podjetje 4): uspelo, brez novih podatkov — prebrano 14, zapisano 14; mejnik stoji: SAOP je vrnil 14 zapisov, a so bili enaki že zajetim (dedup po hashu) — ta zagon nima česa preslikati.
21:22:09       SKUPAJ strani=1 zapisov=14 RunId=e6affb05-6013-4b00-acab-a4e599254119
21:22:09       OPOZORILO: pri 1 končnih točkah mejnik stoji. Zajeti podatek leži v raw.Inbox in ga bo naslednji zagon zajel znova; če ga hočeš preslikati brez ponovnega klica, uporabi --map-run e6affb05-6013-4b00-acab-a4e599254119.
21:22:09     konec: Cene iz SAOP (podjetje 4) (9 s)
21:22:09  Cene iz SAOP končan: Succeeded; padlih skupin: 0, blokiranih: 0.
21:22:09  === KONEC: izhod 0, trajanje 00:01:14
