20:11:38  === ZAČETEK: Cene iz SAOP | posel PRICE_IMPORT | sprožil: Scheduler | gostitelj DESKTOP-TONVQHJ:2216:AutomationHost:console | 2026-09-22 20:11:38
20:11:38  Podjetja: 2, 3, 4 · prevzem: C:\Users\david\Desktop\PIM\NoviPIM\PIM_Solution\data\prevzem · izvoz: ob korenu (register EXPORT_ROOT ni nastavljen) · izvorna koda: C:\Users\david\Desktop\PIM\NoviPIM\PIM_Solution · časovna meja: 900 s
20:11:38  == Cene iz SAOP (podjetje 2) ==
20:11:39     Živ SAOP zajem: podjetij=1, končnih točk=1, delta zajem, razpored=SAOP_PRICES.
20:11:39     [2] IQLighting (SAOP_IQLIGHTING)
20:12:03       GetPrices: strani=2 zapisov=122 — MEJNIK STOJI (SAOP je vrnil 122 zapisov, a so bili enaki že zajetim (dedup po hashu) — ta zagon nima česa preslikati); zapisi ostanejo v raw.Inbox in jih bo naslednji zagon zajel znova
20:12:03       SKUPAJ strani=2 zapisov=122 RunId=88e0f5ec-dd39-4fc2-8cbb-765c861e7036
20:12:03       OPOZORILO: v raw.Inbox ležijo nepreslikane vrstice iz prejšnjih zagonov: GetPrices=3. Preslikaj jih z --map-run <RunId tistega zagona>; poizvedba: SELECT DISTINCT RunId, EntityType FROM raw.Inbox WHERE Status=N'Pending';
20:12:03       OPOZORILO: pri 1 končnih točkah mejnik stoji. Zajeti podatek leži v raw.Inbox in ga bo naslednji zagon zajel znova; če ga hočeš preslikati brez ponovnega klica, uporabi --map-run 88e0f5ec-dd39-4fc2-8cbb-765c861e7036.
20:12:03     konec: Cene iz SAOP (podjetje 2) (25 s)
20:12:03  == Cene iz SAOP (podjetje 3) ==
20:12:04     Živ SAOP zajem: podjetij=1, končnih točk=1, delta zajem, razpored=SAOP_PRICES.
20:12:04     [3] Vidadria (SAOP_VIDADRIA)
20:12:29       GetPrices: strani=5 zapisov=275 — MEJNIK STOJI (SAOP je vrnil 275 zapisov, a so bili enaki že zajetim (dedup po hashu) — ta zagon nima česa preslikati); zapisi ostanejo v raw.Inbox in jih bo naslednji zagon zajel znova
20:12:29       SKUPAJ strani=5 zapisov=275 RunId=29b080bf-f352-43cb-98d1-f01564c84c9e
20:12:29       OPOZORILO: pri 1 končnih točkah mejnik stoji. Zajeti podatek leži v raw.Inbox in ga bo naslednji zagon zajel znova; če ga hočeš preslikati brez ponovnega klica, uporabi --map-run 29b080bf-f352-43cb-98d1-f01564c84c9e.
20:12:29     konec: Cene iz SAOP (podjetje 3) (25 s)
20:12:29  == Cene iz SAOP (podjetje 4) ==
20:12:30     Živ SAOP zajem: podjetij=1, končnih točk=1, delta zajem, razpored=SAOP_PRICES.
20:12:30     [4] Ediito (SAOP_EDIITO)
20:12:38       GetPrices: strani=1 zapisov=14 — MEJNIK STOJI (SAOP je vrnil 14 zapisov, a so bili enaki že zajetim (dedup po hashu) — ta zagon nima česa preslikati); zapisi ostanejo v raw.Inbox in jih bo naslednji zagon zajel znova
20:12:38       SKUPAJ strani=1 zapisov=14 RunId=960374af-126c-4d20-924e-fa2bf72a77c1
20:12:38       OPOZORILO: pri 1 končnih točkah mejnik stoji. Zajeti podatek leži v raw.Inbox in ga bo naslednji zagon zajel znova; če ga hočeš preslikati brez ponovnega klica, uporabi --map-run 960374af-126c-4d20-924e-fa2bf72a77c1.
20:12:38     konec: Cene iz SAOP (podjetje 4) (9 s)
20:12:38  Cene iz SAOP končan: Succeeded; padlih skupin: 0, blokiranih: 0.
20:12:38  === KONEC: izhod 0, trajanje 00:01:00
