21:09:54  === ZAČETEK: Cene iz SAOP | posel PRICE_IMPORT | sprožil: Scheduler | gostitelj DESKTOP-TONVQHJ:2216:AutomationHost:console | 2026-09-22 21:09:54
21:09:54  Podjetja: 2, 3, 4 · prevzem: C:\Users\david\Desktop\PIM\NoviPIM\PIM_Solution\data\prevzem · izvoz: ob korenu (register EXPORT_ROOT ni nastavljen) · izvorna koda: C:\Users\david\Desktop\PIM\NoviPIM\PIM_Solution · časovna meja: 900 s
21:09:54  == Cene iz SAOP (podjetje 2) ==
21:09:55     Živ SAOP zajem: podjetij=1, končnih točk=1, delta zajem, razpored=SAOP_PRICES.
21:09:55     [2] IQLighting (SAOP_IQLIGHTING)
21:10:20       GetPrices: strani=2 zapisov=122 — MEJNIK STOJI (SAOP je vrnil 122 zapisov, a so bili enaki že zajetim (dedup po hashu) — ta zagon nima česa preslikati); zapisi ostanejo v raw.Inbox in jih bo naslednji zagon zajel znova
21:10:20     [FAZA] Prenos GetPrices (podjetje 2): se je začela.
21:10:20     [FAZA] Prenos GetPrices (podjetje 2): uspelo, brez novih podatkov — prebrano 122, zapisano 122; mejnik stoji: SAOP je vrnil 122 zapisov, a so bili enaki že zajetim (dedup po hashu) — ta zagon nima česa preslikati.
21:10:20       SKUPAJ strani=2 zapisov=122 RunId=859e06cc-f3b9-433b-bb13-2d5fdaa7ed7d
21:10:20       OPOZORILO: v raw.Inbox ležijo nepreslikane vrstice iz prejšnjih zagonov: GetPrices=3. Preslikaj jih z --map-run <RunId tistega zagona>; poizvedba: SELECT DISTINCT RunId, EntityType FROM raw.Inbox WHERE Status=N'Pending';
21:10:20       OPOZORILO: pri 1 končnih točkah mejnik stoji. Zajeti podatek leži v raw.Inbox in ga bo naslednji zagon zajel znova; če ga hočeš preslikati brez ponovnega klica, uporabi --map-run 859e06cc-f3b9-433b-bb13-2d5fdaa7ed7d.
21:10:20     konec: Cene iz SAOP (podjetje 2) (25 s)
21:10:20  == Cene iz SAOP (podjetje 3) ==
21:10:21     Živ SAOP zajem: podjetij=1, končnih točk=1, delta zajem, razpored=SAOP_PRICES.
21:10:21     [3] Vidadria (SAOP_VIDADRIA)
21:10:45       GetPrices: strani=5 zapisov=275 — MEJNIK STOJI (SAOP je vrnil 275 zapisov, a so bili enaki že zajetim (dedup po hashu) — ta zagon nima česa preslikati); zapisi ostanejo v raw.Inbox in jih bo naslednji zagon zajel znova
21:10:45     [FAZA] Prenos GetPrices (podjetje 3): se je začela.
21:10:45     [FAZA] Prenos GetPrices (podjetje 3): uspelo, brez novih podatkov — prebrano 275, zapisano 275; mejnik stoji: SAOP je vrnil 275 zapisov, a so bili enaki že zajetim (dedup po hashu) — ta zagon nima česa preslikati.
21:10:45       SKUPAJ strani=5 zapisov=275 RunId=516140c3-9ff7-4d22-9a3f-da859ad1f793
21:10:45       OPOZORILO: pri 1 končnih točkah mejnik stoji. Zajeti podatek leži v raw.Inbox in ga bo naslednji zagon zajel znova; če ga hočeš preslikati brez ponovnega klica, uporabi --map-run 516140c3-9ff7-4d22-9a3f-da859ad1f793.
21:10:45     konec: Cene iz SAOP (podjetje 3) (25 s)
21:10:45  == Cene iz SAOP (podjetje 4) ==
21:10:46     Živ SAOP zajem: podjetij=1, končnih točk=1, delta zajem, razpored=SAOP_PRICES.
21:10:46     [4] Ediito (SAOP_EDIITO)
21:10:54       GetPrices: strani=1 zapisov=14 — MEJNIK STOJI (SAOP je vrnil 14 zapisov, a so bili enaki že zajetim (dedup po hashu) — ta zagon nima česa preslikati); zapisi ostanejo v raw.Inbox in jih bo naslednji zagon zajel znova
21:10:54     [FAZA] Prenos GetPrices (podjetje 4): se je začela.
21:10:54     [FAZA] Prenos GetPrices (podjetje 4): uspelo, brez novih podatkov — prebrano 14, zapisano 14; mejnik stoji: SAOP je vrnil 14 zapisov, a so bili enaki že zajetim (dedup po hashu) — ta zagon nima česa preslikati.
21:10:54       SKUPAJ strani=1 zapisov=14 RunId=9e329b47-ba55-4ff7-a519-df7f1b5a4a09
21:10:54       OPOZORILO: pri 1 končnih točkah mejnik stoji. Zajeti podatek leži v raw.Inbox in ga bo naslednji zagon zajel znova; če ga hočeš preslikati brez ponovnega klica, uporabi --map-run 9e329b47-ba55-4ff7-a519-df7f1b5a4a09.
21:10:54     konec: Cene iz SAOP (podjetje 4) (9 s)
21:10:54  Cene iz SAOP končan: Succeeded; padlih skupin: 0, blokiranih: 0.
21:10:54  === KONEC: izhod 0, trajanje 00:00:59
