20:22:53  === ZAČETEK: Cene iz SAOP | posel PRICE_IMPORT | sprožil: Scheduler | gostitelj DESKTOP-TONVQHJ:2216:AutomationHost:console | 2026-09-22 20:22:53
20:22:53  Podjetja: 2, 3, 4 · prevzem: C:\Users\david\Desktop\PIM\NoviPIM\PIM_Solution\data\prevzem · izvoz: ob korenu (register EXPORT_ROOT ni nastavljen) · izvorna koda: C:\Users\david\Desktop\PIM\NoviPIM\PIM_Solution · časovna meja: 900 s
20:22:53  == Cene iz SAOP (podjetje 2) ==
20:22:54     Živ SAOP zajem: podjetij=1, končnih točk=1, delta zajem, razpored=SAOP_PRICES.
20:22:54     [2] IQLighting (SAOP_IQLIGHTING)
20:23:19       GetPrices: strani=2 zapisov=122 — MEJNIK STOJI (SAOP je vrnil 122 zapisov, a so bili enaki že zajetim (dedup po hashu) — ta zagon nima česa preslikati); zapisi ostanejo v raw.Inbox in jih bo naslednji zagon zajel znova
20:23:19       SKUPAJ strani=2 zapisov=122 RunId=d4bc1393-253a-4df2-a3f7-55b919b7789f
20:23:19       OPOZORILO: v raw.Inbox ležijo nepreslikane vrstice iz prejšnjih zagonov: GetPrices=3. Preslikaj jih z --map-run <RunId tistega zagona>; poizvedba: SELECT DISTINCT RunId, EntityType FROM raw.Inbox WHERE Status=N'Pending';
20:23:19       OPOZORILO: pri 1 končnih točkah mejnik stoji. Zajeti podatek leži v raw.Inbox in ga bo naslednji zagon zajel znova; če ga hočeš preslikati brez ponovnega klica, uporabi --map-run d4bc1393-253a-4df2-a3f7-55b919b7789f.
20:23:19     konec: Cene iz SAOP (podjetje 2) (26 s)
20:23:19  == Cene iz SAOP (podjetje 3) ==
20:23:20     Živ SAOP zajem: podjetij=1, končnih točk=1, delta zajem, razpored=SAOP_PRICES.
20:23:20     [3] Vidadria (SAOP_VIDADRIA)
20:23:45       GetPrices: strani=5 zapisov=275 — MEJNIK STOJI (SAOP je vrnil 275 zapisov, a so bili enaki že zajetim (dedup po hashu) — ta zagon nima česa preslikati); zapisi ostanejo v raw.Inbox in jih bo naslednji zagon zajel znova
20:23:45       SKUPAJ strani=5 zapisov=275 RunId=1f784801-2c18-44dd-88a2-3813fef917f5
20:23:45       OPOZORILO: pri 1 končnih točkah mejnik stoji. Zajeti podatek leži v raw.Inbox in ga bo naslednji zagon zajel znova; če ga hočeš preslikati brez ponovnega klica, uporabi --map-run 1f784801-2c18-44dd-88a2-3813fef917f5.
20:23:45     konec: Cene iz SAOP (podjetje 3) (25 s)
20:23:45  == Cene iz SAOP (podjetje 4) ==
20:23:46     Živ SAOP zajem: podjetij=1, končnih točk=1, delta zajem, razpored=SAOP_PRICES.
20:23:46     [4] Ediito (SAOP_EDIITO)
20:23:54       GetPrices: strani=1 zapisov=14 — MEJNIK STOJI (SAOP je vrnil 14 zapisov, a so bili enaki že zajetim (dedup po hashu) — ta zagon nima česa preslikati); zapisi ostanejo v raw.Inbox in jih bo naslednji zagon zajel znova
20:23:54       SKUPAJ strani=1 zapisov=14 RunId=c763b022-7562-43b0-afaa-060666461ef8
20:23:54       OPOZORILO: pri 1 končnih točkah mejnik stoji. Zajeti podatek leži v raw.Inbox in ga bo naslednji zagon zajel znova; če ga hočeš preslikati brez ponovnega klica, uporabi --map-run c763b022-7562-43b0-afaa-060666461ef8.
20:23:54     konec: Cene iz SAOP (podjetje 4) (9 s)
20:23:54  Cene iz SAOP končan: Succeeded; padlih skupin: 0, blokiranih: 0.
20:23:54  === KONEC: izhod 0, trajanje 00:01:01
