21:33:11  === ZAČETEK: Cene iz SAOP | posel PRICE_IMPORT | sprožil: Scheduler | gostitelj DESKTOP-TONVQHJ:41644:AutomationHost:console | 2026-09-22 21:33:11
21:33:11  Podjetja: 2, 3, 4 · prevzem: C:\Users\david\Desktop\PIM\NoviPIM\PIM_Solution\data\prevzem · izvoz: ob korenu (register EXPORT_ROOT ni nastavljen) · izvorna koda: C:\Users\david\Desktop\PIM\NoviPIM\PIM_Solution · časovna meja: 900 s
21:33:11  == Cene iz SAOP (podjetje 2) ==
21:33:12     Živ SAOP zajem: podjetij=1, končnih točk=1, delta zajem, razpored=SAOP_PRICES.
21:33:12     [2] IQLighting (SAOP_IQLIGHTING)
21:33:39       GetPrices: strani=2 zapisov=122 — MEJNIK STOJI (SAOP je vrnil 122 zapisov, a so bili enaki že zajetim (dedup po hashu) — ta zagon nima česa preslikati); zapisi ostanejo v raw.Inbox in jih bo naslednji zagon zajel znova
21:33:39     [FAZA] Prenos GetPrices (podjetje 2): se je začela.
21:33:39     [FAZA] Prenos GetPrices (podjetje 2): uspelo, brez novih podatkov — prebrano 122, zapisano 122; mejnik stoji: SAOP je vrnil 122 zapisov, a so bili enaki že zajetim (dedup po hashu) — ta zagon nima česa preslikati.
21:33:39     [FAZA] Preslikava SAOP_IQLIGHTING (podjetje 2): se je začela.
21:33:39     [FAZA] Preslikava SAOP_IQLIGHTING (podjetje 2): preskočeno; ta zagon ni zapisal nobene strani v raw.Inbox (vse je že zajeto ali je bil odgovor prazen); ni bilo česa preslikati.
21:33:39     [FAZA] Mejnik SAOP_IQLIGHTING (podjetje 2): se je začela.
21:33:39     [FAZA] Mejnik SAOP_IQLIGHTING (podjetje 2): preskočeno; noben mejnik ni bil upravičen do premika (končnih točk z napako ali brez česa preslikati: 1).
21:33:39       SKUPAJ strani=2 zapisov=122 RunId=96d6f565-81b0-4c91-9ebd-af2d724728cd
21:33:39       OPOZORILO: v raw.Inbox ležijo nepreslikane vrstice iz prejšnjih zagonov: GetPrices=3. Preslikaj jih z --map-run <RunId tistega zagona>; poizvedba: SELECT DISTINCT RunId, EntityType FROM raw.Inbox WHERE Status=N'Pending';
21:33:39       OPOZORILO: pri 1 končnih točkah mejnik stoji. Zajeti podatek leži v raw.Inbox in ga bo naslednji zagon zajel znova; če ga hočeš preslikati brez ponovnega klica, uporabi --map-run 96d6f565-81b0-4c91-9ebd-af2d724728cd.
21:33:39     konec: Cene iz SAOP (podjetje 2) (28 s)
21:33:39  == Cene iz SAOP (podjetje 3) ==
21:33:40     Živ SAOP zajem: podjetij=1, končnih točk=1, delta zajem, razpored=SAOP_PRICES.
21:33:40     [3] Vidadria (SAOP_VIDADRIA)
21:34:05       GetPrices: strani=5 zapisov=275 — MEJNIK STOJI (SAOP je vrnil 275 zapisov, a so bili enaki že zajetim (dedup po hashu) — ta zagon nima česa preslikati); zapisi ostanejo v raw.Inbox in jih bo naslednji zagon zajel znova
21:34:05     [FAZA] Prenos GetPrices (podjetje 3): se je začela.
21:34:05     [FAZA] Prenos GetPrices (podjetje 3): uspelo, brez novih podatkov — prebrano 275, zapisano 275; mejnik stoji: SAOP je vrnil 275 zapisov, a so bili enaki že zajetim (dedup po hashu) — ta zagon nima česa preslikati.
21:34:05     [FAZA] Preslikava SAOP_VIDADRIA (podjetje 3): se je začela.
21:34:05     [FAZA] Preslikava SAOP_VIDADRIA (podjetje 3): preskočeno; ta zagon ni zapisal nobene strani v raw.Inbox (vse je že zajeto ali je bil odgovor prazen); ni bilo česa preslikati.
21:34:05     [FAZA] Mejnik SAOP_VIDADRIA (podjetje 3): se je začela.
21:34:05     [FAZA] Mejnik SAOP_VIDADRIA (podjetje 3): preskočeno; noben mejnik ni bil upravičen do premika (končnih točk z napako ali brez česa preslikati: 1).
21:34:05       SKUPAJ strani=5 zapisov=275 RunId=c9115aab-ae85-46ae-b09f-acaaf7119f2d
21:34:05       OPOZORILO: pri 1 končnih točkah mejnik stoji. Zajeti podatek leži v raw.Inbox in ga bo naslednji zagon zajel znova; če ga hočeš preslikati brez ponovnega klica, uporabi --map-run c9115aab-ae85-46ae-b09f-acaaf7119f2d.
21:34:05     konec: Cene iz SAOP (podjetje 3) (26 s)
21:34:05  == Cene iz SAOP (podjetje 4) ==
21:34:06     Živ SAOP zajem: podjetij=1, končnih točk=1, delta zajem, razpored=SAOP_PRICES.
21:34:06     [4] Ediito (SAOP_EDIITO)
21:34:15       GetPrices: strani=1 zapisov=14 — MEJNIK STOJI (SAOP je vrnil 14 zapisov, a so bili enaki že zajetim (dedup po hashu) — ta zagon nima česa preslikati); zapisi ostanejo v raw.Inbox in jih bo naslednji zagon zajel znova
21:34:15     [FAZA] Prenos GetPrices (podjetje 4): se je začela.
21:34:15     [FAZA] Prenos GetPrices (podjetje 4): uspelo, brez novih podatkov — prebrano 14, zapisano 14; mejnik stoji: SAOP je vrnil 14 zapisov, a so bili enaki že zajetim (dedup po hashu) — ta zagon nima česa preslikati.
21:34:15     [FAZA] Preslikava SAOP_EDIITO (podjetje 4): se je začela.
21:34:15     [FAZA] Preslikava SAOP_EDIITO (podjetje 4): preskočeno; ta zagon ni zapisal nobene strani v raw.Inbox (vse je že zajeto ali je bil odgovor prazen); ni bilo česa preslikati.
21:34:15     [FAZA] Mejnik SAOP_EDIITO (podjetje 4): se je začela.
21:34:15     [FAZA] Mejnik SAOP_EDIITO (podjetje 4): preskočeno; noben mejnik ni bil upravičen do premika (končnih točk z napako ali brez česa preslikati: 1).
21:34:15       SKUPAJ strani=1 zapisov=14 RunId=a1919084-5cd2-42dc-938e-15cbd8f20b51
21:34:15       OPOZORILO: pri 1 končnih točkah mejnik stoji. Zajeti podatek leži v raw.Inbox in ga bo naslednji zagon zajel znova; če ga hočeš preslikati brez ponovnega klica, uporabi --map-run a1919084-5cd2-42dc-938e-15cbd8f20b51.
21:34:15     konec: Cene iz SAOP (podjetje 4) (9 s)
21:34:15  Cene iz SAOP končan: Succeeded; padlih skupin: 0, blokiranih: 0.
21:34:15  === KONEC: izhod 0, trajanje 00:01:04
