21:38:41  === ZAČETEK: Zaloga iz SAOP | posel STOCK_IMPORT | sprožil: Scheduler | gostitelj DESKTOP-TONVQHJ:41644:AutomationHost:console | 2026-09-22 21:38:41
21:38:41  Podjetja: 2, 3, 4 · prevzem: C:\Users\david\Desktop\PIM\NoviPIM\PIM_Solution\data\prevzem · izvoz: ob korenu (register EXPORT_ROOT ni nastavljen) · izvorna koda: C:\Users\david\Desktop\PIM\NoviPIM\PIM_Solution · časovna meja: 900 s
21:38:41  == Zaloga iz SAOP (podjetje 2) ==
21:38:42     [FAZA] Zapis SAOP_STOCK (podjetje 2): se je začela.
21:38:46     [2] SAOP_GETSTOCKS (GetStocks): skladišč=1, zapisov=8775, uporabljenih=8775, v karanteni=0, RunId=af0fcaaa-609f-438c-824f-4b2b0ba31a2f.
21:38:46     [FAZA] Zapis SAOP_STOCK (podjetje 2): uspelo — prebrano 8.775, zapisano 8.775; SAOP_GETSTOCKS, skladišč 1.
21:38:46     [FAZA] Ujemanje SAOP_STOCK (podjetje 2): se je začela.
21:38:46     [FAZA] Ujemanje SAOP_STOCK (podjetje 2): uspelo — prebrano 8.775, zapisano 8.765, zavrnjeno 10; 10 vrstic brez artikla v PIM.
21:38:47     konec: Zaloga iz SAOP (podjetje 2) (5 s)
21:38:47  == Zaloga iz SAOP (podjetje 3) ==
21:38:48     [FAZA] Zapis SAOP_STOCK (podjetje 3): se je začela.
21:38:51     [3] SAOP_REGISTERED_VIEW (RegisteredViewData): skladišč=0, zapisov=3034, uporabljenih=3034, v karanteni=0, RunId=8252a5dc-1468-4775-9599-47ca6252e87d.
21:38:51     [FAZA] Zapis SAOP_STOCK (podjetje 3): uspelo — prebrano 3.034, zapisano 3.034; SAOP_REGISTERED_VIEW, skladišč 0.
21:38:51     [FAZA] Ujemanje SAOP_STOCK (podjetje 3): se je začela.
21:38:51     [FAZA] Ujemanje SAOP_STOCK (podjetje 3): uspelo — prebrano 3.034, zapisano 3.014, zavrnjeno 20; 20 vrstic brez artikla v PIM.
21:38:51     konec: Zaloga iz SAOP (podjetje 3) (4 s)
21:38:51  == Zaloga iz SAOP (podjetje 4) ==
21:38:52     [FAZA] Zapis SAOP_STOCK (podjetje 4): se je začela.
21:38:54     [4] SAOP_GETSTOCKS (GetStocks): skladišč=14, zapisov=3125, uporabljenih=3125, v karanteni=0, RunId=7ca66a86-9c49-4b4b-870f-f8daa7ec9ba7.
21:38:54     [FAZA] Zapis SAOP_STOCK (podjetje 4): uspelo — prebrano 3.125, zapisano 3.125; SAOP_GETSTOCKS, skladišč 14.
21:38:54     [FAZA] Ujemanje SAOP_STOCK (podjetje 4): se je začela.
21:38:54     [FAZA] Ujemanje SAOP_STOCK (podjetje 4): uspelo — prebrano 3.125, zapisano 3.124, zavrnjeno 1; 1 vrstic brez artikla v PIM.
21:38:54     konec: Zaloga iz SAOP (podjetje 4) (3 s)
21:38:54  Zaloga iz SAOP končan: Succeeded; padlih skupin: 0, blokiranih: 0.
21:38:54  === KONEC: izhod 0, trajanje 00:00:13
