23:18:11  === ZAČETEK: Zaloga iz SAOP | posel STOCK_IMPORT | sprožil: Scheduler | gostitelj DESKTOP-TONVQHJ:5552:AutomationHost:console | 2026-09-22 23:18:11
23:18:11  Podjetja: 2, 3, 4 · prevzem: C:\Users\david\Desktop\PIM\NoviPIM\PIM_Solution\data\prevzem · izvoz: ob korenu (register EXPORT_ROOT ni nastavljen) · izvorna koda: C:\Users\david\Desktop\PIM\NoviPIM\PIM_Solution · časovna meja: 900 s
23:18:11  == Zaloga iz SAOP (podjetje 2) ==
23:18:12     [FAZA] Zapis SAOP_STOCK (podjetje 2): se je začela.
23:18:17     [2] SAOP_GETSTOCKS (GetStocks): skladišč=1, zapisov=8775, uporabljenih=8775, v karanteni=0, RunId=a3cdfd0f-b05e-4bd3-8731-173f4b2be9e7.
23:18:17     [FAZA] Zapis SAOP_STOCK (podjetje 2): uspelo — prebrano 8.775, zapisano 8.775; SAOP_GETSTOCKS, skladišč 1.
23:18:17     [FAZA] Ujemanje SAOP_STOCK (podjetje 2): se je začela.
23:18:17     [FAZA] Ujemanje SAOP_STOCK (podjetje 2): uspelo — prebrano 8.775, zapisano 8.765, zavrnjeno 10; 10 vrstic brez artikla v PIM.
23:18:17     konec: Zaloga iz SAOP (podjetje 2) (5 s)
23:18:17  == Zaloga iz SAOP (podjetje 3) ==
23:18:18     [FAZA] Zapis SAOP_STOCK (podjetje 3): se je začela.
23:18:22     [3] SAOP_REGISTERED_VIEW (RegisteredViewData): skladišč=0, zapisov=3034, uporabljenih=3034, v karanteni=0, RunId=1be70142-5a1d-481d-8d57-6bf1a03cdcf7.
23:18:22     [FAZA] Zapis SAOP_STOCK (podjetje 3): uspelo — prebrano 3.034, zapisano 3.034; SAOP_REGISTERED_VIEW, skladišč 0.
23:18:22     [FAZA] Ujemanje SAOP_STOCK (podjetje 3): se je začela.
23:18:22     [FAZA] Ujemanje SAOP_STOCK (podjetje 3): uspelo — prebrano 3.034, zapisano 3.014, zavrnjeno 20; 20 vrstic brez artikla v PIM.
23:18:22     konec: Zaloga iz SAOP (podjetje 3) (4 s)
23:18:22  == Zaloga iz SAOP (podjetje 4) ==
23:18:23     [FAZA] Zapis SAOP_STOCK (podjetje 4): se je začela.
23:18:25     [4] SAOP_GETSTOCKS (GetStocks): skladišč=14, zapisov=3125, uporabljenih=3125, v karanteni=0, RunId=5dba7514-daee-43da-9f7a-406917d813aa.
23:18:25     [FAZA] Zapis SAOP_STOCK (podjetje 4): uspelo — prebrano 3.125, zapisano 3.125; SAOP_GETSTOCKS, skladišč 14.
23:18:25     [FAZA] Ujemanje SAOP_STOCK (podjetje 4): se je začela.
23:18:25     [FAZA] Ujemanje SAOP_STOCK (podjetje 4): uspelo — prebrano 3.125, zapisano 3.124, zavrnjeno 1; 1 vrstic brez artikla v PIM.
23:18:25     konec: Zaloga iz SAOP (podjetje 4) (3 s)
23:18:25  Zaloga iz SAOP končan: Succeeded; padlih skupin: 0, blokiranih: 0.
23:18:25  === KONEC: izhod 0, trajanje 00:00:13
