21:13:09  === ZAČETEK: Zaloga iz SAOP | posel STOCK_IMPORT | sprožil: Scheduler | gostitelj DESKTOP-TONVQHJ:2216:AutomationHost:console | 2026-09-22 21:13:09
21:13:09  Podjetja: 2, 3, 4 · prevzem: C:\Users\david\Desktop\PIM\NoviPIM\PIM_Solution\data\prevzem · izvoz: ob korenu (register EXPORT_ROOT ni nastavljen) · izvorna koda: C:\Users\david\Desktop\PIM\NoviPIM\PIM_Solution · časovna meja: 900 s
21:13:09  == Zaloga iz SAOP (podjetje 2) ==
21:13:11     [FAZA] Zapis SAOP_STOCK (podjetje 2): se je začela.
21:13:17     [2] SAOP_GETSTOCKS (GetStocks): skladišč=1, zapisov=8775, uporabljenih=8775, v karanteni=0, RunId=48642825-d267-415b-a0ea-4f6df93d72de.
21:13:17     [FAZA] Zapis SAOP_STOCK (podjetje 2): uspelo — prebrano 8.775, zapisano 8.775; SAOP_GETSTOCKS, skladišč 1.
21:13:17     [FAZA] Ujemanje SAOP_STOCK (podjetje 2): se je začela.
21:13:17     [FAZA] Ujemanje SAOP_STOCK (podjetje 2): uspelo — prebrano 8.775, zapisano 8.765, zavrnjeno 10; 10 vrstic brez artikla v PIM.
21:13:17     konec: Zaloga iz SAOP (podjetje 2) (7 s)
21:13:17  == Zaloga iz SAOP (podjetje 3) ==
21:13:19     [FAZA] Zapis SAOP_STOCK (podjetje 3): se je začela.
21:13:22     [3] SAOP_REGISTERED_VIEW (RegisteredViewData): skladišč=0, zapisov=3034, uporabljenih=3034, v karanteni=0, RunId=415d4b7b-4297-479d-93a0-4bab2b01ae4a.
21:13:22     [FAZA] Zapis SAOP_STOCK (podjetje 3): uspelo — prebrano 3.034, zapisano 3.034; SAOP_REGISTERED_VIEW, skladišč 0.
21:13:22     [FAZA] Ujemanje SAOP_STOCK (podjetje 3): se je začela.
21:13:22     [FAZA] Ujemanje SAOP_STOCK (podjetje 3): uspelo — prebrano 3.034, zapisano 3.014, zavrnjeno 20; 20 vrstic brez artikla v PIM.
21:13:22     konec: Zaloga iz SAOP (podjetje 3) (5 s)
21:13:22  == Zaloga iz SAOP (podjetje 4) ==
21:13:24     [FAZA] Zapis SAOP_STOCK (podjetje 4): se je začela.
21:13:27     [4] SAOP_GETSTOCKS (GetStocks): skladišč=14, zapisov=3125, uporabljenih=3125, v karanteni=0, RunId=0220514d-464f-45a5-b72a-1058801d888e.
21:13:27     [FAZA] Zapis SAOP_STOCK (podjetje 4): uspelo — prebrano 3.125, zapisano 3.125; SAOP_GETSTOCKS, skladišč 14.
21:13:27     [FAZA] Ujemanje SAOP_STOCK (podjetje 4): se je začela.
21:13:27     [FAZA] Ujemanje SAOP_STOCK (podjetje 4): uspelo — prebrano 3.125, zapisano 3.124, zavrnjeno 1; 1 vrstic brez artikla v PIM.
21:13:27     konec: Zaloga iz SAOP (podjetje 4) (4 s)
21:13:27  Zaloga iz SAOP končan: Succeeded; padlih skupin: 0, blokiranih: 0.
21:13:27  === KONEC: izhod 0, trajanje 00:00:17
