23:28:26  === ZAČETEK: Zaloga iz SAOP | posel STOCK_IMPORT | sprožil: Scheduler | gostitelj DESKTOP-TONVQHJ:5552:AutomationHost:console | 2026-09-22 23:28:26
23:28:26  Podjetja: 2, 3, 4 · prevzem: C:\Users\david\Desktop\PIM\NoviPIM\PIM_Solution\data\prevzem · izvoz: ob korenu (register EXPORT_ROOT ni nastavljen) · izvorna koda: C:\Users\david\Desktop\PIM\NoviPIM\PIM_Solution · časovna meja: 900 s
23:28:26  == Zaloga iz SAOP (podjetje 2) ==
23:28:27     [FAZA] Zapis SAOP_STOCK (podjetje 2): se je začela.
23:28:32     [2] SAOP_GETSTOCKS (GetStocks): skladišč=1, zapisov=8775, uporabljenih=8775, v karanteni=0, RunId=71059496-5adc-4547-a102-9579b2de4014.
23:28:32     [FAZA] Zapis SAOP_STOCK (podjetje 2): uspelo — prebrano 8.775, zapisano 8.775; SAOP_GETSTOCKS, skladišč 1.
23:28:32     [FAZA] Ujemanje SAOP_STOCK (podjetje 2): se je začela.
23:28:32     [FAZA] Ujemanje SAOP_STOCK (podjetje 2): uspelo — prebrano 8.775, zapisano 8.765, zavrnjeno 10; 10 vrstic brez artikla v PIM.
23:28:32     konec: Zaloga iz SAOP (podjetje 2) (5 s)
23:28:32  == Zaloga iz SAOP (podjetje 3) ==
23:28:33     [FAZA] Zapis SAOP_STOCK (podjetje 3): se je začela.
23:28:36     [3] SAOP_REGISTERED_VIEW (RegisteredViewData): skladišč=0, zapisov=3034, uporabljenih=3034, v karanteni=0, RunId=ed04e588-ecb4-4eac-b46d-dbd45da6606f.
23:28:36     [FAZA] Zapis SAOP_STOCK (podjetje 3): uspelo — prebrano 3.034, zapisano 3.034; SAOP_REGISTERED_VIEW, skladišč 0.
23:28:36     [FAZA] Ujemanje SAOP_STOCK (podjetje 3): se je začela.
23:28:36     [FAZA] Ujemanje SAOP_STOCK (podjetje 3): uspelo — prebrano 3.034, zapisano 3.014, zavrnjeno 20; 20 vrstic brez artikla v PIM.
23:28:36     konec: Zaloga iz SAOP (podjetje 3) (4 s)
23:28:36  == Zaloga iz SAOP (podjetje 4) ==
23:28:37     [FAZA] Zapis SAOP_STOCK (podjetje 4): se je začela.
23:28:39     [4] SAOP_GETSTOCKS (GetStocks): skladišč=14, zapisov=3125, uporabljenih=3125, v karanteni=0, RunId=5ade5adb-cd75-4de2-b29d-fce78f57f3c9.
23:28:39     [FAZA] Zapis SAOP_STOCK (podjetje 4): uspelo — prebrano 3.125, zapisano 3.125; SAOP_GETSTOCKS, skladišč 14.
23:28:39     [FAZA] Ujemanje SAOP_STOCK (podjetje 4): se je začela.
23:28:39     [FAZA] Ujemanje SAOP_STOCK (podjetje 4): uspelo — prebrano 3.125, zapisano 3.124, zavrnjeno 1; 1 vrstic brez artikla v PIM.
23:28:39     konec: Zaloga iz SAOP (podjetje 4) (2 s)
23:28:39  Zaloga iz SAOP končan: Succeeded; padlih skupin: 0, blokiranih: 0.
23:28:39  === KONEC: izhod 0, trajanje 00:00:12
