23:07:56  === ZAČETEK: Zaloga iz SAOP | posel STOCK_IMPORT | sprožil: Scheduler | gostitelj DESKTOP-TONVQHJ:5552:AutomationHost:console | 2026-09-22 23:07:56
23:07:56  Podjetja: 2, 3, 4 · prevzem: C:\Users\david\Desktop\PIM\NoviPIM\PIM_Solution\data\prevzem · izvoz: ob korenu (register EXPORT_ROOT ni nastavljen) · izvorna koda: C:\Users\david\Desktop\PIM\NoviPIM\PIM_Solution · časovna meja: 900 s
23:07:56  == Zaloga iz SAOP (podjetje 2) ==
23:07:57     [FAZA] Zapis SAOP_STOCK (podjetje 2): se je začela.
23:08:02     [2] SAOP_GETSTOCKS (GetStocks): skladišč=1, zapisov=8775, uporabljenih=8775, v karanteni=0, RunId=db568ba7-2012-48cc-a9f8-d45dd1e7a8f4.
23:08:02     [FAZA] Zapis SAOP_STOCK (podjetje 2): uspelo — prebrano 8.775, zapisano 8.775; SAOP_GETSTOCKS, skladišč 1.
23:08:02     [FAZA] Ujemanje SAOP_STOCK (podjetje 2): se je začela.
23:08:02     [FAZA] Ujemanje SAOP_STOCK (podjetje 2): uspelo — prebrano 8.775, zapisano 8.765, zavrnjeno 10; 10 vrstic brez artikla v PIM.
23:08:02     konec: Zaloga iz SAOP (podjetje 2) (5 s)
23:08:02  == Zaloga iz SAOP (podjetje 3) ==
23:08:03     [FAZA] Zapis SAOP_STOCK (podjetje 3): se je začela.
23:08:07     [3] SAOP_REGISTERED_VIEW (RegisteredViewData): skladišč=0, zapisov=3034, uporabljenih=3034, v karanteni=0, RunId=942e985d-a1eb-40b8-9218-d15c94d37e44.
23:08:07     [FAZA] Zapis SAOP_STOCK (podjetje 3): uspelo — prebrano 3.034, zapisano 3.034; SAOP_REGISTERED_VIEW, skladišč 0.
23:08:07     [FAZA] Ujemanje SAOP_STOCK (podjetje 3): se je začela.
23:08:07     [FAZA] Ujemanje SAOP_STOCK (podjetje 3): uspelo — prebrano 3.034, zapisano 3.014, zavrnjeno 20; 20 vrstic brez artikla v PIM.
23:08:07     konec: Zaloga iz SAOP (podjetje 3) (5 s)
23:08:07  == Zaloga iz SAOP (podjetje 4) ==
23:08:08     [FAZA] Zapis SAOP_STOCK (podjetje 4): se je začela.
23:08:10     [4] SAOP_GETSTOCKS (GetStocks): skladišč=14, zapisov=3125, uporabljenih=3125, v karanteni=0, RunId=0cb071d5-337d-4e7a-91ba-fb1baeb2bd43.
23:08:10     [FAZA] Zapis SAOP_STOCK (podjetje 4): uspelo — prebrano 3.125, zapisano 3.125; SAOP_GETSTOCKS, skladišč 14.
23:08:10     [FAZA] Ujemanje SAOP_STOCK (podjetje 4): se je začela.
23:08:10     [FAZA] Ujemanje SAOP_STOCK (podjetje 4): uspelo — prebrano 3.125, zapisano 3.124, zavrnjeno 1; 1 vrstic brez artikla v PIM.
23:08:10     konec: Zaloga iz SAOP (podjetje 4) (3 s)
23:08:10  Zaloga iz SAOP končan: Succeeded; padlih skupin: 0, blokiranih: 0.
23:08:10  === KONEC: izhod 0, trajanje 00:00:14
