21:49:11  === ZAČETEK: Cene in zaloga za splet | posel WEB_STOCK_EXPORT | sprožil: Dependency | gostitelj DESKTOP-TONVQHJ:41644:AutomationHost:console | 2026-09-22 21:49:11
21:49:11  Podjetja: 2, 3, 4 · prevzem: C:\Users\david\Desktop\PIM\NoviPIM\PIM_Solution\data\prevzem · izvoz: ob korenu (register EXPORT_ROOT ni nastavljen) · izvorna koda: C:\Users\david\Desktop\PIM\NoviPIM\PIM_Solution · časovna meja: 1800 s
21:49:11  == Cene in zaloga (podjetje 2) ==
21:49:17     Izvoz profila MAGENTO_STOCK_PRICES končan: 2176 vrstic v C:\Users\david\Desktop\PIM\NoviPIM\izvoz\magento\2
21:49:17     [FAZA] Datoteka MAGENTO_STOCK_PRICES (podjetje 2): se je začela.
21:49:17     [FAZA] Datoteka MAGENTO_STOCK_PRICES (podjetje 2): uspelo — zapisano 2.176, 188,6 kB; magento-stock-prices.csv, stolpcev 17.
21:49:17     konec: Cene in zaloga (podjetje 2) (6 s)
21:49:17  == Cene in zaloga (podjetje 3) ==
21:49:23     Izvoz profila MAGENTO_STOCK_PRICES končan: 2418 vrstic v C:\Users\david\Desktop\PIM\NoviPIM\izvoz\magento\3
21:49:23     [FAZA] Datoteka MAGENTO_STOCK_PRICES (podjetje 3): se je začela.
21:49:23     [FAZA] Datoteka MAGENTO_STOCK_PRICES (podjetje 3): uspelo — zapisano 2.418, 169,5 kB; magento-stock-prices.csv, stolpcev 17.
21:49:23     konec: Cene in zaloga (podjetje 3) (5 s)
21:49:23  == Cene in zaloga (podjetje 4) ==
21:49:25     Izvoz profila MAGENTO_STOCK_PRICES končan: 0 vrstic v C:\Users\david\Desktop\PIM\NoviPIM\izvoz\magento\4
21:49:25     [FAZA] Datoteka MAGENTO_STOCK_PRICES (podjetje 4): se je začela.
21:49:25     [FAZA] Datoteka MAGENTO_STOCK_PRICES (podjetje 4): uspelo, brez novih podatkov — zapisano 0, 314 B; magento-stock-prices.csv je prazna (0 vrstic), stolpcev 17.
21:49:25     konec: Cene in zaloga (podjetje 4) (1 s)
21:49:25  Cene in zaloga za splet končan: Succeeded; padlih skupin: 0, blokiranih: 0.
21:49:25     Artefakt MAGENTO_STOCK_PRICES (podjetje 2): magento-stock-prices.csv je nespremenjen (isti hash kot zadnjič).
21:49:25     Artefakt MAGENTO_STOCK_PRICES (podjetje 3): magento-stock-prices.csv je nespremenjen (isti hash kot zadnjič).
21:49:25     Artefakt MAGENTO_STOCK_PRICES (podjetje 4): magento-stock-prices.csv je nespremenjen (isti hash kot zadnjič).
21:49:25  === KONEC: izhod 0, trajanje 00:00:14
